beginning training
See web UI at http://localhost:9000/train/overview
Validation Stats for Epoch 0: 
Column    MSE            MAE            RMSE           RSE            PC             R^2            
col_0     1.02101e+00    1.00314e+00    1.01045e+00    1.02325e+00    1.60763e-02    -2.32460e-02   

Validation Stats for Epoch 2: 
Column    MSE            MAE            RMSE           RSE            PC             R^2            
col_0     1.00599e+00    9.91985e-01    1.00299e+00    1.00819e+00    2.71434e-02    -8.19288e-03   

Validation Stats for Epoch 4: 
Column    MSE            MAE            RMSE           RSE            PC             R^2            
col_0     1.00173e+00    9.92371e-01    1.00086e+00    1.00392e+00    3.80836e-02    -3.92011e-03   

Validation Stats for Epoch 6: 
Column    MSE            MAE            RMSE           RSE            PC             R^2            
col_0     9.95998e-01    9.94708e-01    9.97997e-01    9.98180e-01    4.73912e-02    1.81984e-03    

Validation Stats for Epoch 8: 
Column    MSE            MAE            RMSE           RSE            PC             R^2            
col_0     9.95412e-01    9.96604e-01    9.97703e-01    9.97593e-01    5.59225e-02    2.40679e-03    

Validation Stats for Epoch 10: 
Column    MSE            MAE            RMSE           RSE            PC             R^2            
col_0     9.96835e-01    9.97760e-01    9.98416e-01    9.99019e-01    6.57179e-02    9.81116e-04    

Validation Stats for Epoch 12: 
Column    MSE            MAE            RMSE           RSE            PC             R^2            
col_0     9.98105e-01    9.98245e-01    9.99052e-01    1.00029e+00    7.77316e-02    -2.91665e-04   

Validation Stats for Epoch 14: 
Column    MSE            MAE            RMSE           RSE            PC             R^2            
col_0     9.98406e-01    9.98211e-01    9.99203e-01    1.00059e+00    9.03349e-02    -5.93631e-04   

Validation Stats for Epoch 16: 
Column    MSE            MAE            RMSE           RSE            PC             R^2            
col_0     9.97576e-01    9.97761e-01    9.98787e-01    9.99762e-01    1.01697e-01    2.37902e-04    

Validation Stats for Epoch 18: 
Column    MSE            MAE            RMSE           RSE            PC             R^2            
col_0     9.95779e-01    9.96950e-01    9.97887e-01    9.97961e-01    1.10506e-01    2.03921e-03    

Validation Stats for Epoch 20: 
Column    MSE            MAE            RMSE           RSE            PC             R^2            
col_0     9.93503e-01    9.95876e-01    9.96746e-01    9.95681e-01    1.16031e-01    4.31973e-03    

Validation Stats for Epoch 22: 
Column    MSE            MAE            RMSE           RSE            PC             R^2            
col_0     9.91117e-01    9.94571e-01    9.95549e-01    9.93288e-01    1.20879e-01    6.71136e-03    

Validation Stats for Epoch 24: 
Column    MSE            MAE            RMSE           RSE            PC             R^2            
col_0     9.88899e-01    9.93195e-01    9.94434e-01    9.91066e-01    1.28756e-01    8.93416e-03    

Validation Stats for Epoch 26: 
Column    MSE            MAE            RMSE           RSE            PC             R^2            
col_0     9.86906e-01    9.91957e-01    9.93431e-01    9.89069e-01    1.39970e-01    1.09315e-02    

Validation Stats for Epoch 28: 
Column    MSE            MAE            RMSE           RSE            PC             R^2            
col_0     9.85082e-01    9.90870e-01    9.92513e-01    9.87240e-01    1.53038e-01    1.27599e-02    

Validation Stats for Epoch 30: 
Column    MSE            MAE            RMSE           RSE            PC             R^2            
col_0     9.83205e-01    9.89640e-01    9.91567e-01    9.85359e-01    1.66132e-01    1.46407e-02    

Validation Stats for Epoch 32: 
Column    MSE            MAE            RMSE           RSE            PC             R^2            
col_0     9.80501e-01    9.87746e-01    9.90202e-01    9.82649e-01    1.77493e-01    1.73508e-02    

Validation Stats for Epoch 34: 
Column    MSE            MAE            RMSE           RSE            PC             R^2            
col_0     9.76220e-01    9.84794e-01    9.88039e-01    9.78360e-01    1.86935e-01    2.16406e-02    

Validation Stats for Epoch 36: 
Column    MSE            MAE            RMSE           RSE            PC             R^2            
col_0     9.70699e-01    9.80797e-01    9.85240e-01    9.72826e-01    1.97087e-01    2.71744e-02    

Validation Stats for Epoch 38: 
Column    MSE            MAE            RMSE           RSE            PC             R^2            
col_0     9.64949e-01    9.76490e-01    9.82318e-01    9.67063e-01    2.10546e-01    3.29367e-02    

Validation Stats for Epoch 40: 
Column    MSE            MAE            RMSE           RSE            PC             R^2            
col_0     9.59517e-01    9.72289e-01    9.79549e-01    9.61619e-01    2.25353e-01    3.83809e-02    

Validation Stats for Epoch 42: 
Column    MSE            MAE            RMSE           RSE            PC             R^2            
col_0     9.52422e-01    9.66548e-01    9.75921e-01    9.54509e-01    2.39864e-01    4.54909e-02    

Validation Stats for Epoch 44: 
Column    MSE            MAE            RMSE           RSE            PC             R^2            
col_0     9.43006e-01    9.58728e-01    9.71085e-01    9.45073e-01    2.54882e-01    5.49274e-02    

Validation Stats for Epoch 46: 
Column    MSE            MAE            RMSE           RSE            PC             R^2            
col_0     9.34688e-01    9.51138e-01    9.66793e-01    9.36737e-01    2.69841e-01    6.32635e-02    

Validation Stats for Epoch 48: 
Column    MSE            MAE            RMSE           RSE            PC             R^2            
col_0     9.24541e-01    9.41644e-01    9.61530e-01    9.26567e-01    2.85883e-01    7.34333e-02    

Validation Stats for Epoch 50: 
Column    MSE            MAE            RMSE           RSE            PC             R^2            
col_0     9.13414e-01    9.30985e-01    9.55727e-01    9.15415e-01    3.02750e-01    8.45847e-02    

Validation Stats for Epoch 52: 
Column    MSE            MAE            RMSE           RSE            PC             R^2            
col_0     9.01730e-01    9.19991e-01    9.49595e-01    9.03706e-01    3.21058e-01    9.62944e-02    

Validation Stats for Epoch 54: 
Column    MSE            MAE            RMSE           RSE            PC             R^2            
col_0     8.89200e-01    9.08574e-01    9.42974e-01    8.91148e-01    3.40819e-01    1.08852e-01    

Validation Stats for Epoch 56: 
Column    MSE            MAE            RMSE           RSE            PC             R^2            
col_0     8.73238e-01    8.94586e-01    9.34472e-01    8.75151e-01    3.61570e-01    1.24849e-01    

Validation Stats for Epoch 58: 
Column    MSE            MAE            RMSE           RSE            PC             R^2            
col_0     8.56490e-01    8.79963e-01    9.25468e-01    8.58367e-01    3.83647e-01    1.41633e-01    

Validation Stats for Epoch 60: 
Column    MSE            MAE            RMSE           RSE            PC             R^2            
col_0     8.38430e-01    8.64314e-01    9.15658e-01    8.40267e-01    4.06035e-01    1.59733e-01    

Validation Stats for Epoch 62: 
Column    MSE            MAE            RMSE           RSE            PC             R^2            
col_0     8.20318e-01    8.47441e-01    9.05714e-01    8.22115e-01    4.27563e-01    1.77885e-01    

Validation Stats for Epoch 64: 
Column    MSE            MAE            RMSE           RSE            PC             R^2            
col_0     8.03389e-01    8.34892e-01    8.96320e-01    8.05149e-01    4.47111e-01    1.94851e-01    

Validation Stats for Epoch 66: 
Column    MSE            MAE            RMSE           RSE            PC             R^2            
col_0     7.94597e-01    8.26634e-01    8.91402e-01    7.96338e-01    4.65632e-01    2.03662e-01    

Validation Stats for Epoch 68: 
Column    MSE            MAE            RMSE           RSE            PC             R^2            
col_0     7.74367e-01    8.11245e-01    8.79981e-01    7.76063e-01    4.81759e-01    2.23936e-01    

Validation Stats for Epoch 70: 
Column    MSE            MAE            RMSE           RSE            PC             R^2            
col_0     7.55928e-01    7.93746e-01    8.69441e-01    7.57584e-01    4.96353e-01    2.42416e-01    

Validation Stats for Epoch 72: 
Column    MSE            MAE            RMSE           RSE            PC             R^2            
col_0     7.41133e-01    7.81238e-01    8.60891e-01    7.42757e-01    5.10788e-01    2.57243e-01    

Validation Stats for Epoch 74: 
Column    MSE            MAE            RMSE           RSE            PC             R^2            
col_0     7.29437e-01    7.72869e-01    8.54071e-01    7.31035e-01    5.25241e-01    2.68965e-01    

Validation Stats for Epoch 76: 
Column    MSE            MAE            RMSE           RSE            PC             R^2            
col_0     7.22344e-01    7.63646e-01    8.49908e-01    7.23927e-01    5.38592e-01    2.76073e-01    

Validation Stats for Epoch 78: 
Column    MSE            MAE            RMSE           RSE            PC             R^2            
col_0     6.99621e-01    7.48923e-01    8.36433e-01    7.01154e-01    5.50910e-01    2.98846e-01    

Validation Stats for Epoch 80: 
Column    MSE            MAE            RMSE           RSE            PC             R^2            
col_0     6.85548e-01    7.35372e-01    8.27978e-01    6.87050e-01    5.61973e-01    3.12950e-01    

Validation Stats for Epoch 82: 
Column    MSE            MAE            RMSE           RSE            PC             R^2            
col_0     6.73273e-01    7.25183e-01    8.20532e-01    6.74748e-01    5.72566e-01    3.25251e-01    

Validation Stats for Epoch 84: 
Column    MSE            MAE            RMSE           RSE            PC             R^2            
col_0     6.62377e-01    7.17739e-01    8.13865e-01    6.63828e-01    5.82939e-01    3.36172e-01    

Validation Stats for Epoch 86: 
Column    MSE            MAE            RMSE           RSE            PC             R^2            
col_0     6.59735e-01    7.11850e-01    8.12241e-01    6.61181e-01    5.92596e-01    3.38819e-01    

Validation Stats for Epoch 88: 
Column    MSE            MAE            RMSE           RSE            PC             R^2            
col_0     6.44031e-01    7.01172e-01    8.02515e-01    6.45442e-01    6.01961e-01    3.54558e-01    

Validation Stats for Epoch 90: 
Column    MSE            MAE            RMSE           RSE            PC             R^2            
col_0     6.26586e-01    6.89265e-01    7.91572e-01    6.27959e-01    6.10674e-01    3.72041e-01    

Validation Stats for Epoch 92: 
Column    MSE            MAE            RMSE           RSE            PC             R^2            
col_0     6.18321e-01    6.81282e-01    7.86334e-01    6.19676e-01    6.18719e-01    3.80324e-01    

Validation Stats for Epoch 94: 
Column    MSE            MAE            RMSE           RSE            PC             R^2            
col_0     6.06740e-01    6.74141e-01    7.78935e-01    6.08070e-01    6.26527e-01    3.91930e-01    

Validation Stats for Epoch 96: 
Column    MSE            MAE            RMSE           RSE            PC             R^2            
col_0     6.02513e-01    6.69829e-01    7.76217e-01    6.03833e-01    6.33849e-01    3.96167e-01    

overfitting detected
training MSE=0.521706216864236

Column    MSE            MAE            RMSE           RSE            PC             R^2            
col_0     6.02513e-01    6.69829e-01    7.76217e-01    6.03833e-01    6.33849e-01    3.96167e-01    

TestDataLabels: 
[[-1.0000], 
 [1.0000], 
 [-1.0000], 
  ..., 
 [-1.0000], 
 [1.0000], 
 [1.0000]]
Actual labels: 
[[-0.3833], 
 [0.2513], 
 [-0.5372], 
  ..., 
 [-0.4527], 
 [0.1350], 
 [0.7511]]
Trained for: 97epochs
Trained on dataset: C:\Users\Caleb\IdeaProjects\UltimateTickTacToe\data\series1DataCombinedValue.bin
Saving model
Model Saved


Configuration



{
  "backpropType" : "Standard",
  "cacheMode" : "NONE",
  "confs" : [ {
    "cacheMode" : "NONE",
    "dataType" : "FLOAT",
    "epochCount" : 0,
    "iterationCount" : 0,
    "layer" : {
      "@class" : "org.deeplearning4j.nn.conf.layers.Convolution3D",
      "activationFn" : {
        "@class" : "org.nd4j.linalg.activations.impl.ActivationIdentity"
      },
      "biasInit" : 0.0,
      "biasUpdater" : null,
      "cnn2dDataFormat" : "NCHW",
      "constraints" : null,
      "convolutionMode" : "Truncate",
      "cudnnAlgoMode" : "PREFER_FASTEST",
      "cudnnAllowFallback" : true,
      "cudnnBwdDataAlgo" : null,
      "cudnnBwdFilterAlgo" : null,
      "cudnnFwdAlgo" : null,
      "dataFormat" : "NDHWC",
      "dilation" : [ 1, 1, 1 ],
      "gainInit" : 1.0,
      "gradientNormalization" : "None",
      "gradientNormalizationThreshold" : 1.0,
      "hasBias" : true,
      "idropout" : null,
      "iupdater" : {
        "@class" : "org.nd4j.linalg.learning.config.Adam",
        "beta1" : 0.9,
        "beta2" : 0.999,
        "epsilon" : 1.0E-8,
        "learningRate" : 0.001
      },
      "kernelSize" : [ 3, 3, 3 ],
      "layerName" : "layer0",
      "mode" : "Same",
      "nin" : 4,
      "nout" : 4,
      "padding" : [ 1, 1, 1 ],
      "regularization" : [ ],
      "regularizationBias" : [ ],
      "stride" : [ 1, 1, 1 ],
      "timeDistributedFormat" : null,
      "weightInitFn" : {
        "@class" : "org.deeplearning4j.nn.weights.WeightInitXavier"
      },
      "weightNoise" : null
    },
    "maxNumLineSearchIterations" : 5,
    "miniBatch" : true,
    "minimize" : true,
    "optimizationAlgo" : "STOCHASTIC_GRADIENT_DESCENT",
    "seed" : 2039402,
    "stepFunction" : null,
    "variables" : [ "W", "b" ]
  }, {
    "cacheMode" : "NONE",
    "dataType" : "FLOAT",
    "epochCount" : 0,
    "iterationCount" : 0,
    "layer" : {
      "@class" : "org.deeplearning4j.nn.conf.layers.Convolution3D",
      "activationFn" : {
        "@class" : "org.nd4j.linalg.activations.impl.ActivationReLU",
        "max" : null,
        "negativeSlope" : null,
        "threshold" : null
      },
      "biasInit" : 0.0,
      "biasUpdater" : null,
      "cnn2dDataFormat" : "NCHW",
      "constraints" : null,
      "convolutionMode" : "Truncate",
      "cudnnAlgoMode" : "PREFER_FASTEST",
      "cudnnAllowFallback" : true,
      "cudnnBwdDataAlgo" : null,
      "cudnnBwdFilterAlgo" : null,
      "cudnnFwdAlgo" : null,
      "dataFormat" : "NDHWC",
      "dilation" : [ 1, 1, 1 ],
      "gainInit" : 1.0,
      "gradientNormalization" : "None",
      "gradientNormalizationThreshold" : 1.0,
      "hasBias" : true,
      "idropout" : null,
      "iupdater" : {
        "@class" : "org.nd4j.linalg.learning.config.Adam",
        "beta1" : 0.9,
        "beta2" : 0.999,
        "epsilon" : 1.0E-8,
        "learningRate" : 0.001
      },
      "kernelSize" : [ 3, 3, 3 ],
      "layerName" : "layer1",
      "mode" : "Same",
      "nin" : 4,
      "nout" : 4,
      "padding" : [ 1, 1, 1 ],
      "regularization" : [ ],
      "regularizationBias" : [ ],
      "stride" : [ 1, 1, 1 ],
      "timeDistributedFormat" : null,
      "weightInitFn" : {
        "@class" : "org.deeplearning4j.nn.weights.WeightInitXavier"
      },
      "weightNoise" : null
    },
    "maxNumLineSearchIterations" : 5,
    "miniBatch" : true,
    "minimize" : true,
    "optimizationAlgo" : "STOCHASTIC_GRADIENT_DESCENT",
    "seed" : 2039402,
    "stepFunction" : null,
    "variables" : [ "W", "b" ]
  }, {
    "cacheMode" : "NONE",
    "dataType" : "FLOAT",
    "epochCount" : 0,
    "iterationCount" : 0,
    "layer" : {
      "@class" : "org.deeplearning4j.nn.conf.layers.DenseLayer",
      "activationFn" : {
        "@class" : "org.nd4j.linalg.activations.impl.ActivationReLU",
        "max" : null,
        "negativeSlope" : null,
        "threshold" : null
      },
      "biasInit" : 0.0,
      "biasUpdater" : null,
      "constraints" : null,
      "gainInit" : 1.0,
      "gradientNormalization" : "None",
      "gradientNormalizationThreshold" : 1.0,
      "hasBias" : true,
      "hasLayerNorm" : false,
      "idropout" : null,
      "iupdater" : {
        "@class" : "org.nd4j.linalg.learning.config.Adam",
        "beta1" : 0.9,
        "beta2" : 0.999,
        "epsilon" : 1.0E-8,
        "learningRate" : 0.001
      },
      "layerName" : "layer2",
      "nin" : 324,
      "nout" : 75,
      "regularization" : [ ],
      "regularizationBias" : [ ],
      "timeDistributedFormat" : null,
      "weightInitFn" : {
        "@class" : "org.deeplearning4j.nn.weights.WeightInitXavier"
      },
      "weightNoise" : null
    },
    "maxNumLineSearchIterations" : 5,
    "miniBatch" : true,
    "minimize" : true,
    "optimizationAlgo" : "STOCHASTIC_GRADIENT_DESCENT",
    "seed" : 2039402,
    "stepFunction" : null,
    "variables" : [ "W", "b" ]
  }, {
    "cacheMode" : "NONE",
    "dataType" : "FLOAT",
    "epochCount" : 0,
    "iterationCount" : 0,
    "layer" : {
      "@class" : "org.deeplearning4j.nn.conf.layers.DenseLayer",
      "activationFn" : {
        "@class" : "org.nd4j.linalg.activations.impl.ActivationReLU",
        "max" : null,
        "negativeSlope" : null,
        "threshold" : null
      },
      "biasInit" : 0.0,
      "biasUpdater" : null,
      "constraints" : null,
      "gainInit" : 1.0,
      "gradientNormalization" : "None",
      "gradientNormalizationThreshold" : 1.0,
      "hasBias" : true,
      "hasLayerNorm" : false,
      "idropout" : null,
      "iupdater" : {
        "@class" : "org.nd4j.linalg.learning.config.Adam",
        "beta1" : 0.9,
        "beta2" : 0.999,
        "epsilon" : 1.0E-8,
        "learningRate" : 0.001
      },
      "layerName" : "layer3",
      "nin" : 75,
      "nout" : 75,
      "regularization" : [ ],
      "regularizationBias" : [ ],
      "timeDistributedFormat" : null,
      "weightInitFn" : {
        "@class" : "org.deeplearning4j.nn.weights.WeightInitXavier"
      },
      "weightNoise" : null
    },
    "maxNumLineSearchIterations" : 5,
    "miniBatch" : true,
    "minimize" : true,
    "optimizationAlgo" : "STOCHASTIC_GRADIENT_DESCENT",
    "seed" : 2039402,
    "stepFunction" : null,
    "variables" : [ "W", "b" ]
  }, {
    "cacheMode" : "NONE",
    "dataType" : "FLOAT",
    "epochCount" : 0,
    "iterationCount" : 0,
    "layer" : {
      "@class" : "org.deeplearning4j.nn.conf.layers.OutputLayer",
      "activationFn" : {
        "@class" : "org.nd4j.linalg.activations.impl.ActivationIdentity"
      },
      "biasInit" : 0.0,
      "biasUpdater" : null,
      "constraints" : null,
      "gainInit" : 1.0,
      "gradientNormalization" : "None",
      "gradientNormalizationThreshold" : 1.0,
      "hasBias" : true,
      "idropout" : null,
      "iupdater" : {
        "@class" : "org.nd4j.linalg.learning.config.Adam",
        "beta1" : 0.9,
        "beta2" : 0.999,
        "epsilon" : 1.0E-8,
        "learningRate" : 0.001
      },
      "layerName" : "layer4",
      "lossFn" : {
        "@class" : "org.nd4j.linalg.lossfunctions.impl.LossMSE"
      },
      "nin" : 75,
      "nout" : 1,
      "regularization" : [ ],
      "regularizationBias" : [ ],
      "timeDistributedFormat" : null,
      "weightInitFn" : {
        "@class" : "org.deeplearning4j.nn.weights.WeightInitXavier"
      },
      "weightNoise" : null
    },
    "maxNumLineSearchIterations" : 5,
    "miniBatch" : true,
    "minimize" : true,
    "optimizationAlgo" : "STOCHASTIC_GRADIENT_DESCENT",
    "seed" : 2039402,
    "stepFunction" : null,
    "variables" : [ "W", "b" ]
  } ],
  "dataType" : "FLOAT",
  "epochCount" : 0,
  "inferenceWorkspaceMode" : "ENABLED",
  "inputPreProcessors" : {
    "2" : {
      "@class" : "org.deeplearning4j.nn.conf.preprocessor.Cnn3DToFeedForwardPreProcessor",
      "inputDepth" : 9,
      "inputHeight" : 3,
      "inputWidth" : 3,
      "numChannels" : 4,
      "ncdhw" : false
    }
  },
  "iterationCount" : 97,
  "tbpttBackLength" : 20,
  "tbpttFwdLength" : 20,
  "trainingWorkspaceMode" : "ENABLED",
  "validateOutputLayerConfig" : true
}
