Saving data to: W:\Labs\ME\ME187-Fall2024\StudentFiles\CALEBHOTTES\UTTTstuff\data\series1
Begin custom message: 
DataSeries: series1 game number: 47 

Description: During Me Club 4+GHz Processior. 

Evaluator config=EvaluatorConfiguration{cValue=2.0, maxRolloutDepth=1000, computeTime=30, threads=1, stupidity=0, allowForcePlay=false, maxMyCPU=false}
End custom message
Inital State: 

|* 0. |* 0. |* 0. ||* 0. |* 0. |* 0. ||* 0. |* 0. |* 0. |
|* 0. |* 0. |* 0. ||* 0. |* 0. |* 0. ||* 0. |* 0. |* 0. |
|* 0. |* 0. |* 0. ||* 0. |* 0. |* 0. ||* 0. |* 0. |* 0. |
|=====+=====+=====||=====+=====+=====||=====+=====+=====|
|* 0. |* 0. |* 0. ||* 0. |* 0. |* 0. ||* 0. |* 0. |* 0. |
|* 0. |* 0. |* 0. ||* 0. |* 0. |* 0. ||* 0. |* 0. |* 0. |
|* 0. |* 0. |* 0. ||* 0. |* 0. |* 0. ||* 0. |* 0. |* 0. |
|=====+=====+=====||=====+=====+=====||=====+=====+=====|
|* 0. |* 0. |* 0. ||* 0. |* 0. |* 0. ||* 0. |* 0. |* 0. |
|* 0. |* 0. |* 0. ||* 0. |* 0. |* 0. ||* 0. |* 0. |* 0. |
|* 0. |* 0. |* 0. ||* 0. |* 0. |* 0. ||* 0. |* 0. |* 0. |


state to eval, currenty is playerone turn=true

|* 0. |* 0. |* 0. ||* 0. |* 0. |* 0. ||* 0. |* 0. |* 0. |
|* 0. |* 0. |* 0. ||* 0. |* 0. |* 0. ||* 0. |* 0. |* 0. |
|* 0. |* 0. |* 0. ||* 0. |* 0. |* 0. ||* 0. |* 0. |* 0. |
|=====+=====+=====||=====+=====+=====||=====+=====+=====|
|* 0. |* 0. |* 0. ||* 0. |* 0. |* 0. ||* 0. |* 0. |* 0. |
|* 0. |* 0. |* 0. ||* 0. |* 0. |* 0. ||* 0. |* 0. |* 0. |
|* 0. |* 0. |* 0. ||* 0. |* 0. |* 0. ||* 0. |* 0. |* 0. |
|=====+=====+=====||=====+=====+=====||=====+=====+=====|
|* 0. |* 0. |* 0. ||* 0. |* 0. |* 0. ||* 0. |* 0. |* 0. |
|* 0. |* 0. |* 0. ||* 0. |* 0. |* 0. ||* 0. |* 0. |* 0. |
|* 0. |* 0. |* 0. ||* 0. |* 0. |* 0. ||* 0. |* 0. |* 0. |


Determined best move using: 70696Iterations
current State

|  0. |  0. |  0. ||  0. |  0. |  0. ||  0. |  0. |  0. |
|  0. |  0. |  0. ||  0. |  0. |  0. ||  0. |  0. |  0. |
|  0. |  0. |  0. ||  0. |  0. |  0. ||  0. |  0. |  0. |
|=====+=====+=====||=====+=====+=====||=====+=====+=====|
|  0. |  0. |  0. ||* 0. |* 0. |* 0. ||  0. |  0. |  0. |
|  0. |  0. |  0. ||* 0. |* 0. |* 0. ||  0. |  0. |  0. |
|  0. |  0. |  0. ||* 0. |* 0. |* 0. ||  0. |  0. |  0. |
|=====+=====+=====||=====+=====+=====||=====+=====+=====|
|  0. |  0. |  0. ||  0. |  0. |  0. ||  0. |  0. |  0. |
|  0. |  0. |  0. ||  0. |  0. |  0. ||  0. |  1. |  0. |
|  0. |  0. |  0. ||  0. |  0. |  0. ||  0. |  0. |  0. |


state to eval, currenty is playerone turn=false

| -0. | -0. | -0. || -0. | -0. | -0. || -0. | -0. | -0. |
| -0. | -0. | -0. || -0. | -0. | -0. || -0. | -0. | -0. |
| -0. | -0. | -0. || -0. | -0. | -0. || -0. | -0. | -0. |
|=====+=====+=====||=====+=====+=====||=====+=====+=====|
| -0. | -0. | -0. ||*-0. |*-0. |*-0. || -0. | -0. | -0. |
| -0. | -0. | -0. ||*-0. |*-0. |*-0. || -0. | -0. | -0. |
| -0. | -0. | -0. ||*-0. |*-0. |*-0. || -0. | -0. | -0. |
|=====+=====+=====||=====+=====+=====||=====+=====+=====|
| -0. | -0. | -0. || -0. | -0. | -0. || -0. | -0. | -0. |
| -0. | -0. | -0. || -0. | -0. | -0. || -0. | -1. | -0. |
| -0. | -0. | -0. || -0. | -0. | -0. || -0. | -0. | -0. |


Determined best move using: 73614Iterations
current State

|  0. |  0. |  0. ||  0. |  0. |  0. ||  0. |  0. |  0. |
|  0. |  0. |  0. ||  0. |  0. |  0. ||  0. |  0. |  0. |
|  0. |  0. |  0. ||  0. |  0. |  0. ||  0. |  0. |  0. |
|=====+=====+=====||=====+=====+=====||=====+=====+=====|
|  0. |  0. |  0. ||* 0. |* 0. |* 0. ||  0. |  0. |  0. |
|  0. |  0. |  0. ||* 0. |*-1. |* 0. ||  0. |  0. |  0. |
|  0. |  0. |  0. ||* 0. |* 0. |* 0. ||  0. |  0. |  0. |
|=====+=====+=====||=====+=====+=====||=====+=====+=====|
|  0. |  0. |  0. ||  0. |  0. |  0. ||  0. |  0. |  0. |
|  0. |  0. |  0. ||  0. |  0. |  0. ||  0. |  1. |  0. |
|  0. |  0. |  0. ||  0. |  0. |  0. ||  0. |  0. |  0. |


state to eval, currenty is playerone turn=true

|  0. |  0. |  0. ||  0. |  0. |  0. ||  0. |  0. |  0. |
|  0. |  0. |  0. ||  0. |  0. |  0. ||  0. |  0. |  0. |
|  0. |  0. |  0. ||  0. |  0. |  0. ||  0. |  0. |  0. |
|=====+=====+=====||=====+=====+=====||=====+=====+=====|
|  0. |  0. |  0. ||* 0. |* 0. |* 0. ||  0. |  0. |  0. |
|  0. |  0. |  0. ||* 0. |*-1. |* 0. ||  0. |  0. |  0. |
|  0. |  0. |  0. ||* 0. |* 0. |* 0. ||  0. |  0. |  0. |
|=====+=====+=====||=====+=====+=====||=====+=====+=====|
|  0. |  0. |  0. ||  0. |  0. |  0. ||  0. |  0. |  0. |
|  0. |  0. |  0. ||  0. |  0. |  0. ||  0. |  1. |  0. |
|  0. |  0. |  0. ||  0. |  0. |  0. ||  0. |  0. |  0. |


Determined best move using: 79273Iterations
current State

|  0. |  0. |  0. ||  0. |  0. |  0. ||* 0. |* 0. |* 0. |
|  0. |  0. |  0. ||  0. |  0. |  0. ||* 0. |* 0. |* 0. |
|  0. |  0. |  0. ||  0. |  0. |  0. ||* 0. |* 0. |* 0. |
|=====+=====+=====||=====+=====+=====||=====+=====+=====|
|  0. |  0. |  0. ||  0. |  0. |  1. ||  0. |  0. |  0. |
|  0. |  0. |  0. ||  0. | -1. |  0. ||  0. |  0. |  0. |
|  0. |  0. |  0. ||  0. |  0. |  0. ||  0. |  0. |  0. |
|=====+=====+=====||=====+=====+=====||=====+=====+=====|
|  0. |  0. |  0. ||  0. |  0. |  0. ||  0. |  0. |  0. |
|  0. |  0. |  0. ||  0. |  0. |  0. ||  0. |  1. |  0. |
|  0. |  0. |  0. ||  0. |  0. |  0. ||  0. |  0. |  0. |


state to eval, currenty is playerone turn=false

| -0. | -0. | -0. || -0. | -0. | -0. ||*-0. |*-0. |*-0. |
| -0. | -0. | -0. || -0. | -0. | -0. ||*-0. |*-0. |*-0. |
| -0. | -0. | -0. || -0. | -0. | -0. ||*-0. |*-0. |*-0. |
|=====+=====+=====||=====+=====+=====||=====+=====+=====|
| -0. | -0. | -0. || -0. | -0. | -1. || -0. | -0. | -0. |
| -0. | -0. | -0. || -0. |  1. | -0. || -0. | -0. | -0. |
| -0. | -0. | -0. || -0. | -0. | -0. || -0. | -0. | -0. |
|=====+=====+=====||=====+=====+=====||=====+=====+=====|
| -0. | -0. | -0. || -0. | -0. | -0. || -0. | -0. | -0. |
| -0. | -0. | -0. || -0. | -0. | -0. || -0. | -1. | -0. |
| -0. | -0. | -0. || -0. | -0. | -0. || -0. | -0. | -0. |


Determined best move using: 77915Iterations
current State

|  0. |  0. |  0. ||  0. |  0. |  0. ||  0. |  0. |  0. |
|  0. |  0. |  0. ||  0. |  0. |  0. ||  0. |  0. |  0. |
|  0. |  0. |  0. ||  0. |  0. |  0. ||  0. |  0. | -1. |
|=====+=====+=====||=====+=====+=====||=====+=====+=====|
|  0. |  0. |  0. ||  0. |  0. |  1. ||  0. |  0. |  0. |
|  0. |  0. |  0. ||  0. | -1. |  0. ||  0. |  0. |  0. |
|  0. |  0. |  0. ||  0. |  0. |  0. ||  0. |  0. |  0. |
|=====+=====+=====||=====+=====+=====||=====+=====+=====|
|  0. |  0. |  0. ||  0. |  0. |  0. ||* 0. |* 0. |* 0. |
|  0. |  0. |  0. ||  0. |  0. |  0. ||* 0. |* 1. |* 0. |
|  0. |  0. |  0. ||  0. |  0. |  0. ||* 0. |* 0. |* 0. |


state to eval, currenty is playerone turn=true

|  0. |  0. |  0. ||  0. |  0. |  0. ||  0. |  0. |  0. |
|  0. |  0. |  0. ||  0. |  0. |  0. ||  0. |  0. |  0. |
|  0. |  0. |  0. ||  0. |  0. |  0. ||  0. |  0. | -1. |
|=====+=====+=====||=====+=====+=====||=====+=====+=====|
|  0. |  0. |  0. ||  0. |  0. |  1. ||  0. |  0. |  0. |
|  0. |  0. |  0. ||  0. | -1. |  0. ||  0. |  0. |  0. |
|  0. |  0. |  0. ||  0. |  0. |  0. ||  0. |  0. |  0. |
|=====+=====+=====||=====+=====+=====||=====+=====+=====|
|  0. |  0. |  0. ||  0. |  0. |  0. ||* 0. |* 0. |* 0. |
|  0. |  0. |  0. ||  0. |  0. |  0. ||* 0. |* 1. |* 0. |
|  0. |  0. |  0. ||  0. |  0. |  0. ||* 0. |* 0. |* 0. |


Determined best move using: 78703Iterations
current State

|  0. |  0. |  0. ||  0. |  0. |  0. ||  0. |  0. |  0. |
|  0. |  0. |  0. ||  0. |  0. |  0. ||  0. |  0. |  0. |
|  0. |  0. |  0. ||  0. |  0. |  0. ||  0. |  0. | -1. |
|=====+=====+=====||=====+=====+=====||=====+=====+=====|
|  0. |  0. |  0. ||  0. |  0. |  1. ||  0. |  0. |  0. |
|  0. |  0. |  0. ||  0. | -1. |  0. ||  0. |  0. |  0. |
|  0. |  0. |  0. ||  0. |  0. |  0. ||  0. |  0. |  0. |
|=====+=====+=====||=====+=====+=====||=====+=====+=====|
|* 0. |* 0. |* 0. ||  0. |  0. |  0. ||  0. |  0. |  0. |
|* 0. |* 0. |* 0. ||  0. |  0. |  0. ||  0. |  1. |  0. |
|* 0. |* 0. |* 0. ||  0. |  0. |  0. ||  1. |  0. |  0. |


state to eval, currenty is playerone turn=false

| -0. | -0. | -0. || -0. | -0. | -0. || -0. | -0. | -0. |
| -0. | -0. | -0. || -0. | -0. | -0. || -0. | -0. | -0. |
| -0. | -0. | -0. || -0. | -0. | -0. || -0. | -0. |  1. |
|=====+=====+=====||=====+=====+=====||=====+=====+=====|
| -0. | -0. | -0. || -0. | -0. | -1. || -0. | -0. | -0. |
| -0. | -0. | -0. || -0. |  1. | -0. || -0. | -0. | -0. |
| -0. | -0. | -0. || -0. | -0. | -0. || -0. | -0. | -0. |
|=====+=====+=====||=====+=====+=====||=====+=====+=====|
|*-0. |*-0. |*-0. || -0. | -0. | -0. || -0. | -0. | -0. |
|*-0. |*-0. |*-0. || -0. | -0. | -0. || -0. | -1. | -0. |
|*-0. |*-0. |*-0. || -0. | -0. | -0. || -1. | -0. | -0. |


Determined best move using: 76830Iterations
current State

|  0. |  0. |  0. ||  0. |  0. |  0. ||  0. |  0. |  0. |
|  0. |  0. |  0. ||  0. |  0. |  0. ||  0. |  0. |  0. |
|  0. |  0. |  0. ||  0. |  0. |  0. ||  0. |  0. | -1. |
|=====+=====+=====||=====+=====+=====||=====+=====+=====|
|  0. |  0. |  0. ||  0. |  0. |  1. ||  0. |  0. |  0. |
|  0. |  0. |  0. ||  0. | -1. |  0. ||  0. |  0. |  0. |
|  0. |  0. |  0. ||  0. |  0. |  0. ||  0. |  0. |  0. |
|=====+=====+=====||=====+=====+=====||=====+=====+=====|
|* 0. |* 0. |* 0. ||  0. |  0. |  0. ||  0. |  0. |  0. |
|* 0. |* 0. |* 0. ||  0. |  0. |  0. ||  0. |  1. |  0. |
|*-1. |* 0. |* 0. ||  0. |  0. |  0. ||  1. |  0. |  0. |


state to eval, currenty is playerone turn=true

|  0. |  0. |  0. ||  0. |  0. |  0. ||  0. |  0. |  0. |
|  0. |  0. |  0. ||  0. |  0. |  0. ||  0. |  0. |  0. |
|  0. |  0. |  0. ||  0. |  0. |  0. ||  0. |  0. | -1. |
|=====+=====+=====||=====+=====+=====||=====+=====+=====|
|  0. |  0. |  0. ||  0. |  0. |  1. ||  0. |  0. |  0. |
|  0. |  0. |  0. ||  0. | -1. |  0. ||  0. |  0. |  0. |
|  0. |  0. |  0. ||  0. |  0. |  0. ||  0. |  0. |  0. |
|=====+=====+=====||=====+=====+=====||=====+=====+=====|
|* 0. |* 0. |* 0. ||  0. |  0. |  0. ||  0. |  0. |  0. |
|* 0. |* 0. |* 0. ||  0. |  0. |  0. ||  0. |  1. |  0. |
|*-1. |* 0. |* 0. ||  0. |  0. |  0. ||  1. |  0. |  0. |


Determined best move using: 80166Iterations
current State

|  0. |  0. |  0. ||  0. |  0. |  0. ||  0. |  0. |  0. |
|  0. |  0. |  0. ||  0. |  0. |  0. ||  0. |  0. |  0. |
|  0. |  0. |  0. ||  0. |  0. |  0. ||  0. |  0. | -1. |
|=====+=====+=====||=====+=====+=====||=====+=====+=====|
|* 0. |* 0. |* 0. ||  0. |  0. |  1. ||  0. |  0. |  0. |
|* 0. |* 0. |* 0. ||  0. | -1. |  0. ||  0. |  0. |  0. |
|* 0. |* 0. |* 0. ||  0. |  0. |  0. ||  0. |  0. |  0. |
|=====+=====+=====||=====+=====+=====||=====+=====+=====|
|  0. |  0. |  0. ||  0. |  0. |  0. ||  0. |  0. |  0. |
|  1. |  0. |  0. ||  0. |  0. |  0. ||  0. |  1. |  0. |
| -1. |  0. |  0. ||  0. |  0. |  0. ||  1. |  0. |  0. |


state to eval, currenty is playerone turn=false

| -0. | -0. | -0. || -0. | -0. | -0. || -0. | -0. | -0. |
| -0. | -0. | -0. || -0. | -0. | -0. || -0. | -0. | -0. |
| -0. | -0. | -0. || -0. | -0. | -0. || -0. | -0. |  1. |
|=====+=====+=====||=====+=====+=====||=====+=====+=====|
|*-0. |*-0. |*-0. || -0. | -0. | -1. || -0. | -0. | -0. |
|*-0. |*-0. |*-0. || -0. |  1. | -0. || -0. | -0. | -0. |
|*-0. |*-0. |*-0. || -0. | -0. | -0. || -0. | -0. | -0. |
|=====+=====+=====||=====+=====+=====||=====+=====+=====|
| -0. | -0. | -0. || -0. | -0. | -0. || -0. | -0. | -0. |
| -1. | -0. | -0. || -0. | -0. | -0. || -0. | -1. | -0. |
|  1. | -0. | -0. || -0. | -0. | -0. || -1. | -0. | -0. |


Determined best move using: 78881Iterations
current State

|  0. |  0. |  0. ||  0. |  0. |  0. ||  0. |  0. |  0. |
|  0. |  0. |  0. ||  0. |  0. |  0. ||  0. |  0. |  0. |
|  0. |  0. |  0. ||  0. |  0. |  0. ||  0. |  0. | -1. |
|=====+=====+=====||=====+=====+=====||=====+=====+=====|
|  0. |  0. |  0. ||  0. |  0. |  1. ||  0. |  0. |  0. |
|  0. |  0. |  0. ||  0. | -1. |  0. ||  0. |  0. |  0. |
| -1. |  0. |  0. ||  0. |  0. |  0. ||  0. |  0. |  0. |
|=====+=====+=====||=====+=====+=====||=====+=====+=====|
|* 0. |* 0. |* 0. ||  0. |  0. |  0. ||  0. |  0. |  0. |
|* 1. |* 0. |* 0. ||  0. |  0. |  0. ||  0. |  1. |  0. |
|*-1. |* 0. |* 0. ||  0. |  0. |  0. ||  1. |  0. |  0. |


state to eval, currenty is playerone turn=true

|  0. |  0. |  0. ||  0. |  0. |  0. ||  0. |  0. |  0. |
|  0. |  0. |  0. ||  0. |  0. |  0. ||  0. |  0. |  0. |
|  0. |  0. |  0. ||  0. |  0. |  0. ||  0. |  0. | -1. |
|=====+=====+=====||=====+=====+=====||=====+=====+=====|
|  0. |  0. |  0. ||  0. |  0. |  1. ||  0. |  0. |  0. |
|  0. |  0. |  0. ||  0. | -1. |  0. ||  0. |  0. |  0. |
| -1. |  0. |  0. ||  0. |  0. |  0. ||  0. |  0. |  0. |
|=====+=====+=====||=====+=====+=====||=====+=====+=====|
|* 0. |* 0. |* 0. ||  0. |  0. |  0. ||  0. |  0. |  0. |
|* 1. |* 0. |* 0. ||  0. |  0. |  0. ||  0. |  1. |  0. |
|*-1. |* 0. |* 0. ||  0. |  0. |  0. ||  1. |  0. |  0. |


Determined best move using: 82928Iterations
current State

|  0. |  0. |  0. ||  0. |  0. |  0. ||  0. |  0. |  0. |
|  0. |  0. |  0. ||  0. |  0. |  0. ||  0. |  0. |  0. |
|  0. |  0. |  0. ||  0. |  0. |  0. ||  0. |  0. | -1. |
|=====+=====+=====||=====+=====+=====||=====+=====+=====|
|  0. |  0. |  0. ||  0. |  0. |  1. ||  0. |  0. |  0. |
|  0. |  0. |  0. ||  0. | -1. |  0. ||  0. |  0. |  0. |
| -1. |  0. |  0. ||  0. |  0. |  0. ||  0. |  0. |  0. |
|=====+=====+=====||=====+=====+=====||=====+=====+=====|
|  0. |  0. |  0. ||* 0. |* 0. |* 0. ||  0. |  0. |  0. |
|  1. |  0. |  0. ||* 0. |* 0. |* 0. ||  0. |  1. |  0. |
| -1. |  1. |  0. ||* 0. |* 0. |* 0. ||  1. |  0. |  0. |


state to eval, currenty is playerone turn=false

| -0. | -0. | -0. || -0. | -0. | -0. || -0. | -0. | -0. |
| -0. | -0. | -0. || -0. | -0. | -0. || -0. | -0. | -0. |
| -0. | -0. | -0. || -0. | -0. | -0. || -0. | -0. |  1. |
|=====+=====+=====||=====+=====+=====||=====+=====+=====|
| -0. | -0. | -0. || -0. | -0. | -1. || -0. | -0. | -0. |
| -0. | -0. | -0. || -0. |  1. | -0. || -0. | -0. | -0. |
|  1. | -0. | -0. || -0. | -0. | -0. || -0. | -0. | -0. |
|=====+=====+=====||=====+=====+=====||=====+=====+=====|
| -0. | -0. | -0. ||*-0. |*-0. |*-0. || -0. | -0. | -0. |
| -1. | -0. | -0. ||*-0. |*-0. |*-0. || -0. | -1. | -0. |
|  1. | -1. | -0. ||*-0. |*-0. |*-0. || -1. | -0. | -0. |


Determined best move using: 83898Iterations
current State

|  0. |  0. |  0. ||  0. |  0. |  0. ||* 0. |* 0. |* 0. |
|  0. |  0. |  0. ||  0. |  0. |  0. ||* 0. |* 0. |* 0. |
|  0. |  0. |  0. ||  0. |  0. |  0. ||* 0. |* 0. |*-1. |
|=====+=====+=====||=====+=====+=====||=====+=====+=====|
|  0. |  0. |  0. ||  0. |  0. |  1. ||  0. |  0. |  0. |
|  0. |  0. |  0. ||  0. | -1. |  0. ||  0. |  0. |  0. |
| -1. |  0. |  0. ||  0. |  0. |  0. ||  0. |  0. |  0. |
|=====+=====+=====||=====+=====+=====||=====+=====+=====|
|  0. |  0. |  0. ||  0. |  0. | -1. ||  0. |  0. |  0. |
|  1. |  0. |  0. ||  0. |  0. |  0. ||  0. |  1. |  0. |
| -1. |  1. |  0. ||  0. |  0. |  0. ||  1. |  0. |  0. |


state to eval, currenty is playerone turn=true

|  0. |  0. |  0. ||  0. |  0. |  0. ||* 0. |* 0. |* 0. |
|  0. |  0. |  0. ||  0. |  0. |  0. ||* 0. |* 0. |* 0. |
|  0. |  0. |  0. ||  0. |  0. |  0. ||* 0. |* 0. |*-1. |
|=====+=====+=====||=====+=====+=====||=====+=====+=====|
|  0. |  0. |  0. ||  0. |  0. |  1. ||  0. |  0. |  0. |
|  0. |  0. |  0. ||  0. | -1. |  0. ||  0. |  0. |  0. |
| -1. |  0. |  0. ||  0. |  0. |  0. ||  0. |  0. |  0. |
|=====+=====+=====||=====+=====+=====||=====+=====+=====|
|  0. |  0. |  0. ||  0. |  0. | -1. ||  0. |  0. |  0. |
|  1. |  0. |  0. ||  0. |  0. |  0. ||  0. |  1. |  0. |
| -1. |  1. |  0. ||  0. |  0. |  0. ||  1. |  0. |  0. |


Determined best move using: 86845Iterations
current State

|  0. |  0. |  0. ||  0. |  0. |  0. ||  0. |  0. |  0. |
|  0. |  0. |  0. ||  0. |  0. |  0. ||  0. |  0. |  0. |
|  0. |  0. |  0. ||  0. |  0. |  0. ||  0. |  1. | -1. |
|=====+=====+=====||=====+=====+=====||=====+=====+=====|
|  0. |  0. |  0. ||  0. |  0. |  1. ||  0. |  0. |  0. |
|  0. |  0. |  0. ||  0. | -1. |  0. ||  0. |  0. |  0. |
| -1. |  0. |  0. ||  0. |  0. |  0. ||  0. |  0. |  0. |
|=====+=====+=====||=====+=====+=====||=====+=====+=====|
|  0. |  0. |  0. ||* 0. |* 0. |*-1. ||  0. |  0. |  0. |
|  1. |  0. |  0. ||* 0. |* 0. |* 0. ||  0. |  1. |  0. |
| -1. |  1. |  0. ||* 0. |* 0. |* 0. ||  1. |  0. |  0. |


state to eval, currenty is playerone turn=false

| -0. | -0. | -0. || -0. | -0. | -0. || -0. | -0. | -0. |
| -0. | -0. | -0. || -0. | -0. | -0. || -0. | -0. | -0. |
| -0. | -0. | -0. || -0. | -0. | -0. || -0. | -1. |  1. |
|=====+=====+=====||=====+=====+=====||=====+=====+=====|
| -0. | -0. | -0. || -0. | -0. | -1. || -0. | -0. | -0. |
| -0. | -0. | -0. || -0. |  1. | -0. || -0. | -0. | -0. |
|  1. | -0. | -0. || -0. | -0. | -0. || -0. | -0. | -0. |
|=====+=====+=====||=====+=====+=====||=====+=====+=====|
| -0. | -0. | -0. ||*-0. |*-0. |* 1. || -0. | -0. | -0. |
| -1. | -0. | -0. ||*-0. |*-0. |*-0. || -0. | -1. | -0. |
|  1. | -1. | -0. ||*-0. |*-0. |*-0. || -1. | -0. | -0. |


Determined best move using: 89293Iterations
current State

|  0. |  0. |  0. ||* 0. |* 0. |* 0. ||  0. |  0. |  0. |
|  0. |  0. |  0. ||* 0. |* 0. |* 0. ||  0. |  0. |  0. |
|  0. |  0. |  0. ||* 0. |* 0. |* 0. ||  0. |  1. | -1. |
|=====+=====+=====||=====+=====+=====||=====+=====+=====|
|  0. |  0. |  0. ||  0. |  0. |  1. ||  0. |  0. |  0. |
|  0. |  0. |  0. ||  0. | -1. |  0. ||  0. |  0. |  0. |
| -1. |  0. |  0. ||  0. |  0. |  0. ||  0. |  0. |  0. |
|=====+=====+=====||=====+=====+=====||=====+=====+=====|
|  0. |  0. |  0. ||  0. | -1. | -1. ||  0. |  0. |  0. |
|  1. |  0. |  0. ||  0. |  0. |  0. ||  0. |  1. |  0. |
| -1. |  1. |  0. ||  0. |  0. |  0. ||  1. |  0. |  0. |


state to eval, currenty is playerone turn=true

|  0. |  0. |  0. ||* 0. |* 0. |* 0. ||  0. |  0. |  0. |
|  0. |  0. |  0. ||* 0. |* 0. |* 0. ||  0. |  0. |  0. |
|  0. |  0. |  0. ||* 0. |* 0. |* 0. ||  0. |  1. | -1. |
|=====+=====+=====||=====+=====+=====||=====+=====+=====|
|  0. |  0. |  0. ||  0. |  0. |  1. ||  0. |  0. |  0. |
|  0. |  0. |  0. ||  0. | -1. |  0. ||  0. |  0. |  0. |
| -1. |  0. |  0. ||  0. |  0. |  0. ||  0. |  0. |  0. |
|=====+=====+=====||=====+=====+=====||=====+=====+=====|
|  0. |  0. |  0. ||  0. | -1. | -1. ||  0. |  0. |  0. |
|  1. |  0. |  0. ||  0. |  0. |  0. ||  0. |  1. |  0. |
| -1. |  1. |  0. ||  0. |  0. |  0. ||  1. |  0. |  0. |


Determined best move using: 90153Iterations
current State

|  0. |  0. |  0. ||  0. |  0. |  1. ||* 0. |* 0. |* 0. |
|  0. |  0. |  0. ||  0. |  0. |  0. ||* 0. |* 0. |* 0. |
|  0. |  0. |  0. ||  0. |  0. |  0. ||* 0. |* 1. |*-1. |
|=====+=====+=====||=====+=====+=====||=====+=====+=====|
|  0. |  0. |  0. ||  0. |  0. |  1. ||  0. |  0. |  0. |
|  0. |  0. |  0. ||  0. | -1. |  0. ||  0. |  0. |  0. |
| -1. |  0. |  0. ||  0. |  0. |  0. ||  0. |  0. |  0. |
|=====+=====+=====||=====+=====+=====||=====+=====+=====|
|  0. |  0. |  0. ||  0. | -1. | -1. ||  0. |  0. |  0. |
|  1. |  0. |  0. ||  0. |  0. |  0. ||  0. |  1. |  0. |
| -1. |  1. |  0. ||  0. |  0. |  0. ||  1. |  0. |  0. |


state to eval, currenty is playerone turn=false

| -0. | -0. | -0. || -0. | -0. | -1. ||*-0. |*-0. |*-0. |
| -0. | -0. | -0. || -0. | -0. | -0. ||*-0. |*-0. |*-0. |
| -0. | -0. | -0. || -0. | -0. | -0. ||*-0. |*-1. |* 1. |
|=====+=====+=====||=====+=====+=====||=====+=====+=====|
| -0. | -0. | -0. || -0. | -0. | -1. || -0. | -0. | -0. |
| -0. | -0. | -0. || -0. |  1. | -0. || -0. | -0. | -0. |
|  1. | -0. | -0. || -0. | -0. | -0. || -0. | -0. | -0. |
|=====+=====+=====||=====+=====+=====||=====+=====+=====|
| -0. | -0. | -0. || -0. |  1. |  1. || -0. | -0. | -0. |
| -1. | -0. | -0. || -0. | -0. | -0. || -0. | -1. | -0. |
|  1. | -1. | -0. || -0. | -0. | -0. || -1. | -0. | -0. |


Determined best move using: 91662Iterations
current State

|  0. |  0. |  0. ||  0. |  0. |  1. ||  0. |  0. |  0. |
|  0. |  0. |  0. ||  0. |  0. |  0. ||  0. |  0. | -1. |
|  0. |  0. |  0. ||  0. |  0. |  0. ||  0. |  1. | -1. |
|=====+=====+=====||=====+=====+=====||=====+=====+=====|
|  0. |  0. |  0. ||  0. |  0. |  1. ||* 0. |* 0. |* 0. |
|  0. |  0. |  0. ||  0. | -1. |  0. ||* 0. |* 0. |* 0. |
| -1. |  0. |  0. ||  0. |  0. |  0. ||* 0. |* 0. |* 0. |
|=====+=====+=====||=====+=====+=====||=====+=====+=====|
|  0. |  0. |  0. ||  0. | -1. | -1. ||  0. |  0. |  0. |
|  1. |  0. |  0. ||  0. |  0. |  0. ||  0. |  1. |  0. |
| -1. |  1. |  0. ||  0. |  0. |  0. ||  1. |  0. |  0. |


state to eval, currenty is playerone turn=true

|  0. |  0. |  0. ||  0. |  0. |  1. ||  0. |  0. |  0. |
|  0. |  0. |  0. ||  0. |  0. |  0. ||  0. |  0. | -1. |
|  0. |  0. |  0. ||  0. |  0. |  0. ||  0. |  1. | -1. |
|=====+=====+=====||=====+=====+=====||=====+=====+=====|
|  0. |  0. |  0. ||  0. |  0. |  1. ||* 0. |* 0. |* 0. |
|  0. |  0. |  0. ||  0. | -1. |  0. ||* 0. |* 0. |* 0. |
| -1. |  0. |  0. ||  0. |  0. |  0. ||* 0. |* 0. |* 0. |
|=====+=====+=====||=====+=====+=====||=====+=====+=====|
|  0. |  0. |  0. ||  0. | -1. | -1. ||  0. |  0. |  0. |
|  1. |  0. |  0. ||  0. |  0. |  0. ||  0. |  1. |  0. |
| -1. |  1. |  0. ||  0. |  0. |  0. ||  1. |  0. |  0. |


Determined best move using: 95457Iterations
current State

|  0. |  0. |  0. ||  0. |  0. |  1. ||  0. |  0. |  0. |
|  0. |  0. |  0. ||  0. |  0. |  0. ||  0. |  0. | -1. |
|  0. |  0. |  0. ||  0. |  0. |  0. ||  0. |  1. | -1. |
|=====+=====+=====||=====+=====+=====||=====+=====+=====|
|  0. |  0. |  0. ||  0. |  0. |  1. ||  0. |  0. |  0. |
|  0. |  0. |  0. ||  0. | -1. |  0. ||  0. |  0. |  0. |
| -1. |  0. |  0. ||  0. |  0. |  0. ||  0. |  0. |  1. |
|=====+=====+=====||=====+=====+=====||=====+=====+=====|
|  0. |  0. |  0. ||  0. | -1. | -1. ||* 0. |* 0. |* 0. |
|  1. |  0. |  0. ||  0. |  0. |  0. ||* 0. |* 1. |* 0. |
| -1. |  1. |  0. ||  0. |  0. |  0. ||* 1. |* 0. |* 0. |


state to eval, currenty is playerone turn=false

| -0. | -0. | -0. || -0. | -0. | -1. || -0. | -0. | -0. |
| -0. | -0. | -0. || -0. | -0. | -0. || -0. | -0. |  1. |
| -0. | -0. | -0. || -0. | -0. | -0. || -0. | -1. |  1. |
|=====+=====+=====||=====+=====+=====||=====+=====+=====|
| -0. | -0. | -0. || -0. | -0. | -1. || -0. | -0. | -0. |
| -0. | -0. | -0. || -0. |  1. | -0. || -0. | -0. | -0. |
|  1. | -0. | -0. || -0. | -0. | -0. || -0. | -0. | -1. |
|=====+=====+=====||=====+=====+=====||=====+=====+=====|
| -0. | -0. | -0. || -0. |  1. |  1. ||*-0. |*-0. |*-0. |
| -1. | -0. | -0. || -0. | -0. | -0. ||*-0. |*-1. |*-0. |
|  1. | -1. | -0. || -0. | -0. | -0. ||*-1. |*-0. |*-0. |


Determined best move using: 98097Iterations
current State

|  0. |  0. |  0. ||  0. |  0. |  1. ||  0. |  0. |  0. |
|  0. |  0. |  0. ||  0. |  0. |  0. ||  0. |  0. | -1. |
|  0. |  0. |  0. ||  0. |  0. |  0. ||  0. |  1. | -1. |
|=====+=====+=====||=====+=====+=====||=====+=====+=====|
|  0. |  0. |  0. ||  0. |  0. |  1. ||* 0. |* 0. |* 0. |
|  0. |  0. |  0. ||  0. | -1. |  0. ||* 0. |* 0. |* 0. |
| -1. |  0. |  0. ||  0. |  0. |  0. ||* 0. |* 0. |* 1. |
|=====+=====+=====||=====+=====+=====||=====+=====+=====|
|  0. |  0. |  0. ||  0. | -1. | -1. ||  0. |  0. |  0. |
|  1. |  0. |  0. ||  0. |  0. |  0. ||  0. |  1. | -1. |
| -1. |  1. |  0. ||  0. |  0. |  0. ||  1. |  0. |  0. |


state to eval, currenty is playerone turn=true

|  0. |  0. |  0. ||  0. |  0. |  1. ||  0. |  0. |  0. |
|  0. |  0. |  0. ||  0. |  0. |  0. ||  0. |  0. | -1. |
|  0. |  0. |  0. ||  0. |  0. |  0. ||  0. |  1. | -1. |
|=====+=====+=====||=====+=====+=====||=====+=====+=====|
|  0. |  0. |  0. ||  0. |  0. |  1. ||* 0. |* 0. |* 0. |
|  0. |  0. |  0. ||  0. | -1. |  0. ||* 0. |* 0. |* 0. |
| -1. |  0. |  0. ||  0. |  0. |  0. ||* 0. |* 0. |* 1. |
|=====+=====+=====||=====+=====+=====||=====+=====+=====|
|  0. |  0. |  0. ||  0. | -1. | -1. ||  0. |  0. |  0. |
|  1. |  0. |  0. ||  0. |  0. |  0. ||  0. |  1. | -1. |
| -1. |  1. |  0. ||  0. |  0. |  0. ||  1. |  0. |  0. |


Determined best move using: 101319Iterations
current State

|  0. |  0. |  0. ||  0. |  0. |  1. ||  0. |  0. |  0. |
|  0. |  0. |  0. ||  0. |  0. |  0. ||  0. |  0. | -1. |
|  0. |  0. |  0. ||  0. |  0. |  0. ||  0. |  1. | -1. |
|=====+=====+=====||=====+=====+=====||=====+=====+=====|
|  0. |  0. |  0. ||* 0. |* 0. |* 1. ||  0. |  0. |  0. |
|  0. |  0. |  0. ||* 0. |*-1. |* 0. ||  0. |  1. |  0. |
| -1. |  0. |  0. ||* 0. |* 0. |* 0. ||  0. |  0. |  1. |
|=====+=====+=====||=====+=====+=====||=====+=====+=====|
|  0. |  0. |  0. ||  0. | -1. | -1. ||  0. |  0. |  0. |
|  1. |  0. |  0. ||  0. |  0. |  0. ||  0. |  1. | -1. |
| -1. |  1. |  0. ||  0. |  0. |  0. ||  1. |  0. |  0. |


state to eval, currenty is playerone turn=false

| -0. | -0. | -0. || -0. | -0. | -1. || -0. | -0. | -0. |
| -0. | -0. | -0. || -0. | -0. | -0. || -0. | -0. |  1. |
| -0. | -0. | -0. || -0. | -0. | -0. || -0. | -1. |  1. |
|=====+=====+=====||=====+=====+=====||=====+=====+=====|
| -0. | -0. | -0. ||*-0. |*-0. |*-1. || -0. | -0. | -0. |
| -0. | -0. | -0. ||*-0. |* 1. |*-0. || -0. | -1. | -0. |
|  1. | -0. | -0. ||*-0. |*-0. |*-0. || -0. | -0. | -1. |
|=====+=====+=====||=====+=====+=====||=====+=====+=====|
| -0. | -0. | -0. || -0. |  1. |  1. || -0. | -0. | -0. |
| -1. | -0. | -0. || -0. | -0. | -0. || -0. | -1. |  1. |
|  1. | -1. | -0. || -0. | -0. | -0. || -1. | -0. | -0. |


Determined best move using: 107910Iterations
current State

|  0. |  0. |  0. ||  0. |  0. |  1. ||  0. |  0. |  0. |
|  0. |  0. |  0. ||  0. |  0. |  0. ||  0. |  0. | -1. |
|  0. |  0. |  0. ||  0. |  0. |  0. ||  0. |  1. | -1. |
|=====+=====+=====||=====+=====+=====||=====+=====+=====|
|  0. |  0. |  0. ||  0. |  0. |  1. ||  0. |  0. |  0. |
|  0. |  0. |  0. ||  0. | -1. |  0. ||  0. |  1. |  0. |
| -1. |  0. |  0. || -1. |  0. |  0. ||  0. |  0. |  1. |
|=====+=====+=====||=====+=====+=====||=====+=====+=====|
|* 0. |* 0. |* 0. ||  0. | -1. | -1. ||  0. |  0. |  0. |
|* 1. |* 0. |* 0. ||  0. |  0. |  0. ||  0. |  1. | -1. |
|*-1. |* 1. |* 0. ||  0. |  0. |  0. ||  1. |  0. |  0. |


state to eval, currenty is playerone turn=true

|  0. |  0. |  0. ||  0. |  0. |  1. ||  0. |  0. |  0. |
|  0. |  0. |  0. ||  0. |  0. |  0. ||  0. |  0. | -1. |
|  0. |  0. |  0. ||  0. |  0. |  0. ||  0. |  1. | -1. |
|=====+=====+=====||=====+=====+=====||=====+=====+=====|
|  0. |  0. |  0. ||  0. |  0. |  1. ||  0. |  0. |  0. |
|  0. |  0. |  0. ||  0. | -1. |  0. ||  0. |  1. |  0. |
| -1. |  0. |  0. || -1. |  0. |  0. ||  0. |  0. |  1. |
|=====+=====+=====||=====+=====+=====||=====+=====+=====|
|* 0. |* 0. |* 0. ||  0. | -1. | -1. ||  0. |  0. |  0. |
|* 1. |* 0. |* 0. ||  0. |  0. |  0. ||  0. |  1. | -1. |
|*-1. |* 1. |* 0. ||  0. |  0. |  0. ||  1. |  0. |  0. |


Determined best move using: 109798Iterations
current State

|* 0. |* 0. |* 0. ||  0. |  0. |  1. ||  0. |  0. |  0. |
|* 0. |* 0. |* 0. ||  0. |  0. |  0. ||  0. |  0. | -1. |
|* 0. |* 0. |* 0. ||  0. |  0. |  0. ||  0. |  1. | -1. |
|=====+=====+=====||=====+=====+=====||=====+=====+=====|
|  0. |  0. |  0. ||  0. |  0. |  1. ||  0. |  0. |  0. |
|  0. |  0. |  0. ||  0. | -1. |  0. ||  0. |  1. |  0. |
| -1. |  0. |  0. || -1. |  0. |  0. ||  0. |  0. |  1. |
|=====+=====+=====||=====+=====+=====||=====+=====+=====|
|  1. |  0. |  0. ||  0. | -1. | -1. ||  0. |  0. |  0. |
|  1. |  0. |  0. ||  0. |  0. |  0. ||  0. |  1. | -1. |
| -1. |  1. |  0. ||  0. |  0. |  0. ||  1. |  0. |  0. |


state to eval, currenty is playerone turn=false

|*-0. |*-0. |*-0. || -0. | -0. | -1. || -0. | -0. | -0. |
|*-0. |*-0. |*-0. || -0. | -0. | -0. || -0. | -0. |  1. |
|*-0. |*-0. |*-0. || -0. | -0. | -0. || -0. | -1. |  1. |
|=====+=====+=====||=====+=====+=====||=====+=====+=====|
| -0. | -0. | -0. || -0. | -0. | -1. || -0. | -0. | -0. |
| -0. | -0. | -0. || -0. |  1. | -0. || -0. | -1. | -0. |
|  1. | -0. | -0. ||  1. | -0. | -0. || -0. | -0. | -1. |
|=====+=====+=====||=====+=====+=====||=====+=====+=====|
| -1. | -0. | -0. || -0. |  1. |  1. || -0. | -0. | -0. |
| -1. | -0. | -0. || -0. | -0. | -0. || -0. | -1. |  1. |
|  1. | -1. | -0. || -0. | -0. | -0. || -1. | -0. | -0. |


Determined best move using: 108338Iterations
current State

|  0. |  0. |  0. ||  0. |  0. |  1. ||  0. |  0. |  0. |
| -1. |  0. |  0. ||  0. |  0. |  0. ||  0. |  0. | -1. |
|  0. |  0. |  0. ||  0. |  0. |  0. ||  0. |  1. | -1. |
|=====+=====+=====||=====+=====+=====||=====+=====+=====|
|* 0. |* 0. |* 0. ||  0. |  0. |  1. ||  0. |  0. |  0. |
|* 0. |* 0. |* 0. ||  0. | -1. |  0. ||  0. |  1. |  0. |
|*-1. |* 0. |* 0. || -1. |  0. |  0. ||  0. |  0. |  1. |
|=====+=====+=====||=====+=====+=====||=====+=====+=====|
|  1. |  0. |  0. ||  0. | -1. | -1. ||  0. |  0. |  0. |
|  1. |  0. |  0. ||  0. |  0. |  0. ||  0. |  1. | -1. |
| -1. |  1. |  0. ||  0. |  0. |  0. ||  1. |  0. |  0. |


state to eval, currenty is playerone turn=true

|  0. |  0. |  0. ||  0. |  0. |  1. ||  0. |  0. |  0. |
| -1. |  0. |  0. ||  0. |  0. |  0. ||  0. |  0. | -1. |
|  0. |  0. |  0. ||  0. |  0. |  0. ||  0. |  1. | -1. |
|=====+=====+=====||=====+=====+=====||=====+=====+=====|
|* 0. |* 0. |* 0. ||  0. |  0. |  1. ||  0. |  0. |  0. |
|* 0. |* 0. |* 0. ||  0. | -1. |  0. ||  0. |  1. |  0. |
|*-1. |* 0. |* 0. || -1. |  0. |  0. ||  0. |  0. |  1. |
|=====+=====+=====||=====+=====+=====||=====+=====+=====|
|  1. |  0. |  0. ||  0. | -1. | -1. ||  0. |  0. |  0. |
|  1. |  0. |  0. ||  0. |  0. |  0. ||  0. |  1. | -1. |
| -1. |  1. |  0. ||  0. |  0. |  0. ||  1. |  0. |  0. |


Determined best move using: 113051Iterations
current State

|  0. |  0. |  0. ||  0. |  0. |  1. ||  0. |  0. |  0. |
| -1. |  0. |  0. ||  0. |  0. |  0. ||  0. |  0. | -1. |
|  0. |  0. |  0. ||  0. |  0. |  0. ||  0. |  1. | -1. |
|=====+=====+=====||=====+=====+=====||=====+=====+=====|
|  0. |  0. |  0. ||* 0. |* 0. |* 1. ||  0. |  0. |  0. |
|  0. |  1. |  0. ||* 0. |*-1. |* 0. ||  0. |  1. |  0. |
| -1. |  0. |  0. ||*-1. |* 0. |* 0. ||  0. |  0. |  1. |
|=====+=====+=====||=====+=====+=====||=====+=====+=====|
|  1. |  0. |  0. ||  0. | -1. | -1. ||  0. |  0. |  0. |
|  1. |  0. |  0. ||  0. |  0. |  0. ||  0. |  1. | -1. |
| -1. |  1. |  0. ||  0. |  0. |  0. ||  1. |  0. |  0. |


state to eval, currenty is playerone turn=false

| -0. | -0. | -0. || -0. | -0. | -1. || -0. | -0. | -0. |
|  1. | -0. | -0. || -0. | -0. | -0. || -0. | -0. |  1. |
| -0. | -0. | -0. || -0. | -0. | -0. || -0. | -1. |  1. |
|=====+=====+=====||=====+=====+=====||=====+=====+=====|
| -0. | -0. | -0. ||*-0. |*-0. |*-1. || -0. | -0. | -0. |
| -0. | -1. | -0. ||*-0. |* 1. |*-0. || -0. | -1. | -0. |
|  1. | -0. | -0. ||* 1. |*-0. |*-0. || -0. | -0. | -1. |
|=====+=====+=====||=====+=====+=====||=====+=====+=====|
| -1. | -0. | -0. || -0. |  1. |  1. || -0. | -0. | -0. |
| -1. | -0. | -0. || -0. | -0. | -0. || -0. | -1. |  1. |
|  1. | -1. | -0. || -0. | -0. | -0. || -1. | -0. | -0. |


Determined best move using: 113795Iterations
current State

|  0. |  0. |  0. ||* 0. |* 0. |* 1. ||  0. |  0. |  0. |
| -1. |  0. |  0. ||* 0. |* 0. |* 0. ||  0. |  0. | -1. |
|  0. |  0. |  0. ||* 0. |* 0. |* 0. ||  0. |  1. | -1. |
|=====+=====+=====||=====+=====+=====||=====+=====+=====|
|  0. |  0. |  0. ||  0. | -1. |  1. ||  0. |  0. |  0. |
|  0. |  1. |  0. ||  0. | -1. |  0. ||  0. |  1. |  0. |
| -1. |  0. |  0. || -1. |  0. |  0. ||  0. |  0. |  1. |
|=====+=====+=====||=====+=====+=====||=====+=====+=====|
|  1. |  0. |  0. ||  0. | -1. | -1. ||  0. |  0. |  0. |
|  1. |  0. |  0. ||  0. |  0. |  0. ||  0. |  1. | -1. |
| -1. |  1. |  0. ||  0. |  0. |  0. ||  1. |  0. |  0. |


state to eval, currenty is playerone turn=true

|  0. |  0. |  0. ||* 0. |* 0. |* 1. ||  0. |  0. |  0. |
| -1. |  0. |  0. ||* 0. |* 0. |* 0. ||  0. |  0. | -1. |
|  0. |  0. |  0. ||* 0. |* 0. |* 0. ||  0. |  1. | -1. |
|=====+=====+=====||=====+=====+=====||=====+=====+=====|
|  0. |  0. |  0. ||  0. | -1. |  1. ||  0. |  0. |  0. |
|  0. |  1. |  0. ||  0. | -1. |  0. ||  0. |  1. |  0. |
| -1. |  0. |  0. || -1. |  0. |  0. ||  0. |  0. |  1. |
|=====+=====+=====||=====+=====+=====||=====+=====+=====|
|  1. |  0. |  0. ||  0. | -1. | -1. ||  0. |  0. |  0. |
|  1. |  0. |  0. ||  0. |  0. |  0. ||  0. |  1. | -1. |
| -1. |  1. |  0. ||  0. |  0. |  0. ||  1. |  0. |  0. |


Determined best move using: 120758Iterations
current State

|  0. |  0. |  0. ||  0. |  0. |  1. ||  0. |  0. |  0. |
| -1. |  0. |  0. ||  0. |  0. |  0. ||  0. |  0. | -1. |
|  0. |  0. |  0. ||  0. |  1. |  0. ||  0. |  1. | -1. |
|=====+=====+=====||=====+=====+=====||=====+=====+=====|
|  0. |  0. |  0. ||  0. | -1. |  1. ||  0. |  0. |  0. |
|  0. |  1. |  0. ||  0. | -1. |  0. ||  0. |  1. |  0. |
| -1. |  0. |  0. || -1. |  0. |  0. ||  0. |  0. |  1. |
|=====+=====+=====||=====+=====+=====||=====+=====+=====|
|  1. |  0. |  0. ||* 0. |*-1. |*-1. ||  0. |  0. |  0. |
|  1. |  0. |  0. ||* 0. |* 0. |* 0. ||  0. |  1. | -1. |
| -1. |  1. |  0. ||* 0. |* 0. |* 0. ||  1. |  0. |  0. |


state to eval, currenty is playerone turn=false

| -0. | -0. | -0. || -0. | -0. | -1. || -0. | -0. | -0. |
|  1. | -0. | -0. || -0. | -0. | -0. || -0. | -0. |  1. |
| -0. | -0. | -0. || -0. | -1. | -0. || -0. | -1. |  1. |
|=====+=====+=====||=====+=====+=====||=====+=====+=====|
| -0. | -0. | -0. || -0. |  1. | -1. || -0. | -0. | -0. |
| -0. | -1. | -0. || -0. |  1. | -0. || -0. | -1. | -0. |
|  1. | -0. | -0. ||  1. | -0. | -0. || -0. | -0. | -1. |
|=====+=====+=====||=====+=====+=====||=====+=====+=====|
| -1. | -0. | -0. ||*-0. |* 1. |* 1. || -0. | -0. | -0. |
| -1. | -0. | -0. ||*-0. |*-0. |*-0. || -0. | -1. |  1. |
|  1. | -1. | -0. ||*-0. |*-0. |*-0. || -1. | -0. | -0. |


Determined best move using: 125173Iterations
current State

|  0. |  0. |  0. ||  0. |  0. |  1. ||  0. |  0. |  0. |
| -1. |  0. |  0. ||  0. |  0. |  0. ||  0. |  0. | -1. |
|  0. |  0. |  0. ||  0. |  1. |  0. ||  0. |  1. | -1. |
|=====+=====+=====||=====+=====+=====||=====+=====+=====|
|* 0. |* 0. |* 0. ||  0. | -1. |  1. ||  0. |  0. |  0. |
|* 0. |* 1. |* 0. ||  0. | -1. |  0. ||  0. |  1. |  0. |
|*-1. |* 0. |* 0. || -1. |  0. |  0. ||  0. |  0. |  1. |
|=====+=====+=====||=====+=====+=====||=====+=====+=====|
|  1. |  0. |  0. ||  0. | -1. | -1. ||  0. |  0. |  0. |
|  1. |  0. |  0. || -1. |  0. |  0. ||  0. |  1. | -1. |
| -1. |  1. |  0. ||  0. |  0. |  0. ||  1. |  0. |  0. |


state to eval, currenty is playerone turn=true

|  0. |  0. |  0. ||  0. |  0. |  1. ||  0. |  0. |  0. |
| -1. |  0. |  0. ||  0. |  0. |  0. ||  0. |  0. | -1. |
|  0. |  0. |  0. ||  0. |  1. |  0. ||  0. |  1. | -1. |
|=====+=====+=====||=====+=====+=====||=====+=====+=====|
|* 0. |* 0. |* 0. ||  0. | -1. |  1. ||  0. |  0. |  0. |
|* 0. |* 1. |* 0. ||  0. | -1. |  0. ||  0. |  1. |  0. |
|*-1. |* 0. |* 0. || -1. |  0. |  0. ||  0. |  0. |  1. |
|=====+=====+=====||=====+=====+=====||=====+=====+=====|
|  1. |  0. |  0. ||  0. | -1. | -1. ||  0. |  0. |  0. |
|  1. |  0. |  0. || -1. |  0. |  0. ||  0. |  1. | -1. |
| -1. |  1. |  0. ||  0. |  0. |  0. ||  1. |  0. |  0. |


Determined best move using: 134494Iterations
current State

|  0. |  0. |  0. ||* 0. |* 0. |* 1. ||  0. |  0. |  0. |
| -1. |  0. |  0. ||* 0. |* 0. |* 0. ||  0. |  0. | -1. |
|  0. |  0. |  0. ||* 0. |* 1. |* 0. ||  0. |  1. | -1. |
|=====+=====+=====||=====+=====+=====||=====+=====+=====|
|  0. |  1. |  0. ||  0. | -1. |  1. ||  0. |  0. |  0. |
|  0. |  1. |  0. ||  0. | -1. |  0. ||  0. |  1. |  0. |
| -1. |  0. |  0. || -1. |  0. |  0. ||  0. |  0. |  1. |
|=====+=====+=====||=====+=====+=====||=====+=====+=====|
|  1. |  0. |  0. ||  0. | -1. | -1. ||  0. |  0. |  0. |
|  1. |  0. |  0. || -1. |  0. |  0. ||  0. |  1. | -1. |
| -1. |  1. |  0. ||  0. |  0. |  0. ||  1. |  0. |  0. |


state to eval, currenty is playerone turn=false

| -0. | -0. | -0. ||*-0. |*-0. |*-1. || -0. | -0. | -0. |
|  1. | -0. | -0. ||*-0. |*-0. |*-0. || -0. | -0. |  1. |
| -0. | -0. | -0. ||*-0. |*-1. |*-0. || -0. | -1. |  1. |
|=====+=====+=====||=====+=====+=====||=====+=====+=====|
| -0. | -1. | -0. || -0. |  1. | -1. || -0. | -0. | -0. |
| -0. | -1. | -0. || -0. |  1. | -0. || -0. | -1. | -0. |
|  1. | -0. | -0. ||  1. | -0. | -0. || -0. | -0. | -1. |
|=====+=====+=====||=====+=====+=====||=====+=====+=====|
| -1. | -0. | -0. || -0. |  1. |  1. || -0. | -0. | -0. |
| -1. | -0. | -0. ||  1. | -0. | -0. || -0. | -1. |  1. |
|  1. | -1. | -0. || -0. | -0. | -0. || -1. | -0. | -0. |


Determined best move using: 129244Iterations
current State

|  0. |  0. |  0. ||  0. |  0. |  1. ||  0. |  0. |  0. |
| -1. |  0. |  0. || -1. |  0. |  0. ||  0. |  0. | -1. |
|  0. |  0. |  0. ||  0. |  1. |  0. ||  0. |  1. | -1. |
|=====+=====+=====||=====+=====+=====||=====+=====+=====|
|* 0. |* 1. |* 0. ||  0. | -1. |  1. ||  0. |  0. |  0. |
|* 0. |* 1. |* 0. ||  0. | -1. |  0. ||  0. |  1. |  0. |
|*-1. |* 0. |* 0. || -1. |  0. |  0. ||  0. |  0. |  1. |
|=====+=====+=====||=====+=====+=====||=====+=====+=====|
|  1. |  0. |  0. ||  0. | -1. | -1. ||  0. |  0. |  0. |
|  1. |  0. |  0. || -1. |  0. |  0. ||  0. |  1. | -1. |
| -1. |  1. |  0. ||  0. |  0. |  0. ||  1. |  0. |  0. |


state to eval, currenty is playerone turn=true

|  0. |  0. |  0. ||  0. |  0. |  1. ||  0. |  0. |  0. |
| -1. |  0. |  0. || -1. |  0. |  0. ||  0. |  0. | -1. |
|  0. |  0. |  0. ||  0. |  1. |  0. ||  0. |  1. | -1. |
|=====+=====+=====||=====+=====+=====||=====+=====+=====|
|* 0. |* 1. |* 0. ||  0. | -1. |  1. ||  0. |  0. |  0. |
|* 0. |* 1. |* 0. ||  0. | -1. |  0. ||  0. |  1. |  0. |
|*-1. |* 0. |* 0. || -1. |  0. |  0. ||  0. |  0. |  1. |
|=====+=====+=====||=====+=====+=====||=====+=====+=====|
|  1. |  0. |  0. ||  0. | -1. | -1. ||  0. |  0. |  0. |
|  1. |  0. |  0. || -1. |  0. |  0. ||  0. |  1. | -1. |
| -1. |  1. |  0. ||  0. |  0. |  0. ||  1. |  0. |  0. |


Determined best move using: 130599Iterations
current State

|  0. |  0. |  0. ||  0. |  0. |  1. ||  0. |  0. |  0. |
| -1. |  0. |  0. || -1. |  0. |  0. ||  0. |  0. | -1. |
|  0. |  0. |  0. ||  0. |  1. |  0. ||  0. |  1. | -1. |
|=====+=====+=====||=====+=====+=====||=====+=====+=====|
|  0. |  1. |  0. ||  0. | -1. |  1. ||  0. |  0. |  0. |
|  0. |  1. |  0. ||  0. | -1. |  0. ||  0. |  1. |  0. |
| -1. |  1. |  0. || -1. |  0. |  0. ||  0. |  0. |  1. |
|=====+=====+=====||=====+=====+=====||=====+=====+=====|
|  1. |  0. |  0. ||* 0. |*-1. |*-1. ||  0. |  0. |  0. |
|  1. |  0. |  0. ||*-1. |* 0. |* 0. ||  0. |  1. | -1. |
| -1. |  1. |  0. ||* 0. |* 0. |* 0. ||  1. |  0. |  0. |


state to eval, currenty is playerone turn=false

| -0. | -0. | -0. || -0. | -0. | -1. || -0. | -0. | -0. |
|  1. | -0. | -0. ||  1. | -0. | -0. || -0. | -0. |  1. |
| -0. | -0. | -0. || -0. | -1. | -0. || -0. | -1. |  1. |
|=====+=====+=====||=====+=====+=====||=====+=====+=====|
| -0. | -1. | -0. || -0. |  1. | -1. || -0. | -0. | -0. |
| -0. | -1. | -0. || -0. |  1. | -0. || -0. | -1. | -0. |
|  1. | -1. | -0. ||  1. | -0. | -0. || -0. | -0. | -1. |
|=====+=====+=====||=====+=====+=====||=====+=====+=====|
| -1. | -0. | -0. ||*-0. |* 1. |* 1. || -0. | -0. | -0. |
| -1. | -0. | -0. ||* 1. |*-0. |*-0. || -0. | -1. |  1. |
|  1. | -1. | -0. ||*-0. |*-0. |*-0. || -1. | -0. | -0. |


Determined best move using: 132309Iterations
current State

|* 0. |* 0. |* 0. ||  0. |  0. |  1. ||  0. |  0. |  0. |
|*-1. |* 0. |* 0. || -1. |  0. |  0. ||  0. |  0. | -1. |
|* 0. |* 0. |* 0. ||  0. |  1. |  0. ||  0. |  1. | -1. |
|=====+=====+=====||=====+=====+=====||=====+=====+=====|
|  0. |  1. |  0. ||  0. | -1. |  1. ||  0. |  0. |  0. |
|  0. |  1. |  0. ||  0. | -1. |  0. ||  0. |  1. |  0. |
| -1. |  1. |  0. || -1. |  0. |  0. ||  0. |  0. |  1. |
|=====+=====+=====||=====+=====+=====||=====+=====+=====|
|  1. |  0. |  0. || -1. | -1. | -1. ||  0. |  0. |  0. |
|  1. |  0. |  0. || -1. |  0. |  0. ||  0. |  1. | -1. |
| -1. |  1. |  0. ||  0. |  0. |  0. ||  1. |  0. |  0. |


state to eval, currenty is playerone turn=true

|* 0. |* 0. |* 0. ||  0. |  0. |  1. ||  0. |  0. |  0. |
|*-1. |* 0. |* 0. || -1. |  0. |  0. ||  0. |  0. | -1. |
|* 0. |* 0. |* 0. ||  0. |  1. |  0. ||  0. |  1. | -1. |
|=====+=====+=====||=====+=====+=====||=====+=====+=====|
|  0. |  1. |  0. ||  0. | -1. |  1. ||  0. |  0. |  0. |
|  0. |  1. |  0. ||  0. | -1. |  0. ||  0. |  1. |  0. |
| -1. |  1. |  0. || -1. |  0. |  0. ||  0. |  0. |  1. |
|=====+=====+=====||=====+=====+=====||=====+=====+=====|
|  1. |  0. |  0. || -1. | -1. | -1. ||  0. |  0. |  0. |
|  1. |  0. |  0. || -1. |  0. |  0. ||  0. |  1. | -1. |
| -1. |  1. |  0. ||  0. |  0. |  0. ||  1. |  0. |  0. |


Determined best move using: 132907Iterations
current State

|  0. |  1. |  0. ||* 0. |* 0. |* 1. ||  0. |  0. |  0. |
| -1. |  0. |  0. ||*-1. |* 0. |* 0. ||  0. |  0. | -1. |
|  0. |  0. |  0. ||* 0. |* 1. |* 0. ||  0. |  1. | -1. |
|=====+=====+=====||=====+=====+=====||=====+=====+=====|
|  0. |  1. |  0. ||  0. | -1. |  1. ||  0. |  0. |  0. |
|  0. |  1. |  0. ||  0. | -1. |  0. ||  0. |  1. |  0. |
| -1. |  1. |  0. || -1. |  0. |  0. ||  0. |  0. |  1. |
|=====+=====+=====||=====+=====+=====||=====+=====+=====|
|  1. |  0. |  0. || -1. | -1. | -1. ||  0. |  0. |  0. |
|  1. |  0. |  0. || -1. |  0. |  0. ||  0. |  1. | -1. |
| -1. |  1. |  0. ||  0. |  0. |  0. ||  1. |  0. |  0. |


state to eval, currenty is playerone turn=false

| -0. | -1. | -0. ||*-0. |*-0. |*-1. || -0. | -0. | -0. |
|  1. | -0. | -0. ||* 1. |*-0. |*-0. || -0. | -0. |  1. |
| -0. | -0. | -0. ||*-0. |*-1. |*-0. || -0. | -1. |  1. |
|=====+=====+=====||=====+=====+=====||=====+=====+=====|
| -0. | -1. | -0. || -0. |  1. | -1. || -0. | -0. | -0. |
| -0. | -1. | -0. || -0. |  1. | -0. || -0. | -1. | -0. |
|  1. | -1. | -0. ||  1. | -0. | -0. || -0. | -0. | -1. |
|=====+=====+=====||=====+=====+=====||=====+=====+=====|
| -1. | -0. | -0. ||  1. |  1. |  1. || -0. | -0. | -0. |
| -1. | -0. | -0. ||  1. | -0. | -0. || -0. | -1. |  1. |
|  1. | -1. | -0. || -0. | -0. | -0. || -1. | -0. | -0. |


Determined best move using: 145155Iterations
current State

|  0. |  1. |  0. ||  0. |  0. |  1. ||  0. |  0. |  0. |
| -1. |  0. |  0. || -1. |  0. |  0. ||  0. |  0. | -1. |
|  0. |  0. |  0. ||  0. |  1. | -1. ||  0. |  1. | -1. |
|=====+=====+=====||=====+=====+=====||=====+=====+=====|
|  0. |  1. |  0. ||  0. | -1. |  1. ||  0. |  0. |  0. |
|  0. |  1. |  0. ||  0. | -1. |  0. ||  0. |  1. |  0. |
| -1. |  1. |  0. || -1. |  0. |  0. ||  0. |  0. |  1. |
|=====+=====+=====||=====+=====+=====||=====+=====+=====|
|  1. |  0. |  0. || -1. | -1. | -1. ||* 0. |* 0. |* 0. |
|  1. |  0. |  0. || -1. |  0. |  0. ||* 0. |* 1. |*-1. |
| -1. |  1. |  0. ||  0. |  0. |  0. ||* 1. |* 0. |* 0. |


state to eval, currenty is playerone turn=true

|  0. |  1. |  0. ||  0. |  0. |  1. ||  0. |  0. |  0. |
| -1. |  0. |  0. || -1. |  0. |  0. ||  0. |  0. | -1. |
|  0. |  0. |  0. ||  0. |  1. | -1. ||  0. |  1. | -1. |
|=====+=====+=====||=====+=====+=====||=====+=====+=====|
|  0. |  1. |  0. ||  0. | -1. |  1. ||  0. |  0. |  0. |
|  0. |  1. |  0. ||  0. | -1. |  0. ||  0. |  1. |  0. |
| -1. |  1. |  0. || -1. |  0. |  0. ||  0. |  0. |  1. |
|=====+=====+=====||=====+=====+=====||=====+=====+=====|
|  1. |  0. |  0. || -1. | -1. | -1. ||* 0. |* 0. |* 0. |
|  1. |  0. |  0. || -1. |  0. |  0. ||* 0. |* 1. |*-1. |
| -1. |  1. |  0. ||  0. |  0. |  0. ||* 1. |* 0. |* 0. |


Determined best move using: 153230Iterations
current State

|* 0. |* 1. |* 0. ||* 0. |* 0. |* 1. ||* 0. |* 0. |* 0. |
|*-1. |* 0. |* 0. ||*-1. |* 0. |* 0. ||* 0. |* 0. |*-1. |
|* 0. |* 0. |* 0. ||* 0. |* 1. |*-1. ||* 0. |* 1. |*-1. |
|=====+=====+=====||=====+=====+=====||=====+=====+=====|
|  0. |  1. |  0. ||* 0. |*-1. |* 1. ||* 0. |* 0. |* 0. |
|  0. |  1. |  0. ||* 0. |*-1. |* 0. ||* 0. |* 1. |* 0. |
| -1. |  1. |  0. ||*-1. |* 0. |* 0. ||* 0. |* 0. |* 1. |
|=====+=====+=====||=====+=====+=====||=====+=====+=====|
|* 1. |* 0. |* 0. || -1. | -1. | -1. ||* 0. |* 0. |* 0. |
|* 1. |* 0. |* 0. || -1. |  0. |  0. ||* 0. |* 1. |*-1. |
|*-1. |* 1. |* 0. ||  0. |  0. |  0. ||* 1. |* 1. |* 0. |


state to eval, currenty is playerone turn=false

|*-0. |*-1. |*-0. ||*-0. |*-0. |*-1. ||*-0. |*-0. |*-0. |
|* 1. |*-0. |*-0. ||* 1. |*-0. |*-0. ||*-0. |*-0. |* 1. |
|*-0. |*-0. |*-0. ||*-0. |*-1. |* 1. ||*-0. |*-1. |* 1. |
|=====+=====+=====||=====+=====+=====||=====+=====+=====|
| -0. | -1. | -0. ||*-0. |* 1. |*-1. ||*-0. |*-0. |*-0. |
| -0. | -1. | -0. ||*-0. |* 1. |*-0. ||*-0. |*-1. |*-0. |
|  1. | -1. | -0. ||* 1. |*-0. |*-0. ||*-0. |*-0. |*-1. |
|=====+=====+=====||=====+=====+=====||=====+=====+=====|
|*-1. |*-0. |*-0. ||  1. |  1. |  1. ||*-0. |*-0. |*-0. |
|*-1. |*-0. |*-0. ||  1. | -0. | -0. ||*-0. |*-1. |* 1. |
|* 1. |*-1. |*-0. || -0. | -0. | -0. ||*-1. |*-1. |*-0. |


Determined best move using: 159978Iterations
current State

|* 0. |* 1. |* 0. ||  0. |  0. |  1. ||  0. |  0. |  0. |
|*-1. |* 0. |* 0. || -1. |  0. |  0. ||  0. |  0. | -1. |
|* 0. |* 0. |* 0. ||  0. |  1. | -1. ||  0. |  1. | -1. |
|=====+=====+=====||=====+=====+=====||=====+=====+=====|
|  0. |  1. |  0. ||  0. | -1. |  1. ||  0. |  0. |  0. |
|  0. |  1. |  0. ||  0. | -1. |  0. ||  0. |  1. |  0. |
| -1. |  1. |  0. || -1. |  0. |  0. ||  0. |  0. |  1. |
|=====+=====+=====||=====+=====+=====||=====+=====+=====|
|  1. |  0. |  0. || -1. | -1. | -1. || -1. |  0. |  0. |
|  1. |  0. |  0. || -1. |  0. |  0. ||  0. |  1. | -1. |
| -1. |  1. |  0. ||  0. |  0. |  0. ||  1. |  1. |  0. |


state to eval, currenty is playerone turn=true

|* 0. |* 1. |* 0. ||  0. |  0. |  1. ||  0. |  0. |  0. |
|*-1. |* 0. |* 0. || -1. |  0. |  0. ||  0. |  0. | -1. |
|* 0. |* 0. |* 0. ||  0. |  1. | -1. ||  0. |  1. | -1. |
|=====+=====+=====||=====+=====+=====||=====+=====+=====|
|  0. |  1. |  0. ||  0. | -1. |  1. ||  0. |  0. |  0. |
|  0. |  1. |  0. ||  0. | -1. |  0. ||  0. |  1. |  0. |
| -1. |  1. |  0. || -1. |  0. |  0. ||  0. |  0. |  1. |
|=====+=====+=====||=====+=====+=====||=====+=====+=====|
|  1. |  0. |  0. || -1. | -1. | -1. || -1. |  0. |  0. |
|  1. |  0. |  0. || -1. |  0. |  0. ||  0. |  1. | -1. |
| -1. |  1. |  0. ||  0. |  0. |  0. ||  1. |  1. |  0. |


Determined best move using: 160281Iterations
current State

|  0. |  1. |  0. ||  0. |  0. |  1. ||  0. |  0. |  0. |
| -1. |  0. |  0. || -1. |  0. |  0. ||  0. |  0. | -1. |
|  0. |  0. |  1. ||  0. |  1. | -1. ||  0. |  1. | -1. |
|=====+=====+=====||=====+=====+=====||=====+=====+=====|
|  0. |  1. |  0. ||  0. | -1. |  1. ||  0. |  0. |  0. |
|  0. |  1. |  0. ||  0. | -1. |  0. ||  0. |  1. |  0. |
| -1. |  1. |  0. || -1. |  0. |  0. ||  0. |  0. |  1. |
|=====+=====+=====||=====+=====+=====||=====+=====+=====|
|  1. |  0. |  0. || -1. | -1. | -1. ||*-1. |* 0. |* 0. |
|  1. |  0. |  0. || -1. |  0. |  0. ||* 0. |* 1. |*-1. |
| -1. |  1. |  0. ||  0. |  0. |  0. ||* 1. |* 1. |* 0. |


state to eval, currenty is playerone turn=false

| -0. | -1. | -0. || -0. | -0. | -1. || -0. | -0. | -0. |
|  1. | -0. | -0. ||  1. | -0. | -0. || -0. | -0. |  1. |
| -0. | -0. | -1. || -0. | -1. |  1. || -0. | -1. |  1. |
|=====+=====+=====||=====+=====+=====||=====+=====+=====|
| -0. | -1. | -0. || -0. |  1. | -1. || -0. | -0. | -0. |
| -0. | -1. | -0. || -0. |  1. | -0. || -0. | -1. | -0. |
|  1. | -1. | -0. ||  1. | -0. | -0. || -0. | -0. | -1. |
|=====+=====+=====||=====+=====+=====||=====+=====+=====|
| -1. | -0. | -0. ||  1. |  1. |  1. ||* 1. |*-0. |*-0. |
| -1. | -0. | -0. ||  1. | -0. | -0. ||*-0. |*-1. |* 1. |
|  1. | -1. | -0. || -0. | -0. | -0. ||*-1. |*-1. |*-0. |


Determined best move using: 214572Iterations
current State

|  0. |  1. |  0. ||  0. |  0. |  1. ||* 0. |* 0. |* 0. |
| -1. |  0. |  0. || -1. |  0. |  0. ||* 0. |* 0. |*-1. |
|  0. |  0. |  1. ||  0. |  1. | -1. ||* 0. |* 1. |*-1. |
|=====+=====+=====||=====+=====+=====||=====+=====+=====|
|  0. |  1. |  0. ||  0. | -1. |  1. ||  0. |  0. |  0. |
|  0. |  1. |  0. ||  0. | -1. |  0. ||  0. |  1. |  0. |
| -1. |  1. |  0. || -1. |  0. |  0. ||  0. |  0. |  1. |
|=====+=====+=====||=====+=====+=====||=====+=====+=====|
|  1. |  0. |  0. || -1. | -1. | -1. || -1. |  0. | -1. |
|  1. |  0. |  0. || -1. |  0. |  0. ||  0. |  1. | -1. |
| -1. |  1. |  0. ||  0. |  0. |  0. ||  1. |  1. |  0. |


state to eval, currenty is playerone turn=true

|  0. |  1. |  0. ||  0. |  0. |  1. ||* 0. |* 0. |* 0. |
| -1. |  0. |  0. || -1. |  0. |  0. ||* 0. |* 0. |*-1. |
|  0. |  0. |  1. ||  0. |  1. | -1. ||* 0. |* 1. |*-1. |
|=====+=====+=====||=====+=====+=====||=====+=====+=====|
|  0. |  1. |  0. ||  0. | -1. |  1. ||  0. |  0. |  0. |
|  0. |  1. |  0. ||  0. | -1. |  0. ||  0. |  1. |  0. |
| -1. |  1. |  0. || -1. |  0. |  0. ||  0. |  0. |  1. |
|=====+=====+=====||=====+=====+=====||=====+=====+=====|
|  1. |  0. |  0. || -1. | -1. | -1. || -1. |  0. | -1. |
|  1. |  0. |  0. || -1. |  0. |  0. ||  0. |  1. | -1. |
| -1. |  1. |  0. ||  0. |  0. |  0. ||  1. |  1. |  0. |


Determined best move using: 1385235Iterations
current State

|  0. |  1. |  0. ||  0. |  0. |  1. ||  0. |  0. |  0. |
| -1. |  0. |  0. || -1. |  0. |  0. ||  0. |  0. | -1. |
|  0. |  0. |  1. ||  0. |  1. | -1. ||  1. |  1. | -1. |
|=====+=====+=====||=====+=====+=====||=====+=====+=====|
|  0. |  1. |  0. ||  0. | -1. |  1. ||  0. |  0. |  0. |
|  0. |  1. |  0. ||  0. | -1. |  0. ||  0. |  1. |  0. |
| -1. |  1. |  0. || -1. |  0. |  0. ||  0. |  0. |  1. |
|=====+=====+=====||=====+=====+=====||=====+=====+=====|
|* 1. |* 0. |* 0. || -1. | -1. | -1. || -1. |  0. | -1. |
|* 1. |* 0. |* 0. || -1. |  0. |  0. ||  0. |  1. | -1. |
|*-1. |* 1. |* 0. ||  0. |  0. |  0. ||  1. |  1. |  0. |


state to eval, currenty is playerone turn=false

| -0. | -1. | -0. || -0. | -0. | -1. || -0. | -0. | -0. |
|  1. | -0. | -0. ||  1. | -0. | -0. || -0. | -0. |  1. |
| -0. | -0. | -1. || -0. | -1. |  1. || -1. | -1. |  1. |
|=====+=====+=====||=====+=====+=====||=====+=====+=====|
| -0. | -1. | -0. || -0. |  1. | -1. || -0. | -0. | -0. |
| -0. | -1. | -0. || -0. |  1. | -0. || -0. | -1. | -0. |
|  1. | -1. | -0. ||  1. | -0. | -0. || -0. | -0. | -1. |
|=====+=====+=====||=====+=====+=====||=====+=====+=====|
|*-1. |*-0. |*-0. ||  1. |  1. |  1. ||  1. | -0. |  1. |
|*-1. |*-0. |*-0. ||  1. | -0. | -0. || -0. | -1. |  1. |
|* 1. |*-1. |*-0. || -0. | -0. | -0. || -1. | -1. | -0. |


Determined best move using: 473018Iterations
current State

|  0. |  1. |  0. ||  0. |  0. |  1. ||  0. |  0. |  0. |
| -1. |  0. |  0. || -1. |  0. |  0. ||  0. |  0. | -1. |
|  0. |  0. |  1. ||  0. |  1. | -1. ||  1. |  1. | -1. |
|=====+=====+=====||=====+=====+=====||=====+=====+=====|
|  0. |  1. |  0. ||  0. | -1. |  1. ||* 0. |* 0. |* 0. |
|  0. |  1. |  0. ||  0. | -1. |  0. ||* 0. |* 1. |* 0. |
| -1. |  1. |  0. || -1. |  0. |  0. ||* 0. |* 0. |* 1. |
|=====+=====+=====||=====+=====+=====||=====+=====+=====|
|  1. |  0. |  0. || -1. | -1. | -1. || -1. |  0. | -1. |
|  1. |  0. | -1. || -1. |  0. |  0. ||  0. |  1. | -1. |
| -1. |  1. |  0. ||  0. |  0. |  0. ||  1. |  1. |  0. |


state to eval, currenty is playerone turn=true

|  0. |  1. |  0. ||  0. |  0. |  1. ||  0. |  0. |  0. |
| -1. |  0. |  0. || -1. |  0. |  0. ||  0. |  0. | -1. |
|  0. |  0. |  1. ||  0. |  1. | -1. ||  1. |  1. | -1. |
|=====+=====+=====||=====+=====+=====||=====+=====+=====|
|  0. |  1. |  0. ||  0. | -1. |  1. ||* 0. |* 0. |* 0. |
|  0. |  1. |  0. ||  0. | -1. |  0. ||* 0. |* 1. |* 0. |
| -1. |  1. |  0. || -1. |  0. |  0. ||* 0. |* 0. |* 1. |
|=====+=====+=====||=====+=====+=====||=====+=====+=====|
|  1. |  0. |  0. || -1. | -1. | -1. || -1. |  0. | -1. |
|  1. |  0. | -1. || -1. |  0. |  0. ||  0. |  1. | -1. |
| -1. |  1. |  0. ||  0. |  0. |  0. ||  1. |  1. |  0. |


Determined best move using: 2067727Iterations
current State

|* 0. |* 1. |* 0. ||  0. |  0. |  1. ||  0. |  0. |  0. |
|*-1. |* 0. |* 0. || -1. |  0. |  0. ||  0. |  0. | -1. |
|* 0. |* 0. |* 1. ||  0. |  1. | -1. ||  1. |  1. | -1. |
|=====+=====+=====||=====+=====+=====||=====+=====+=====|
|  0. |  1. |  0. ||  0. | -1. |  1. ||  1. |  0. |  0. |
|  0. |  1. |  0. ||  0. | -1. |  0. ||  0. |  1. |  0. |
| -1. |  1. |  0. || -1. |  0. |  0. ||  0. |  0. |  1. |
|=====+=====+=====||=====+=====+=====||=====+=====+=====|
|  1. |  0. |  0. || -1. | -1. | -1. || -1. |  0. | -1. |
|  1. |  0. | -1. || -1. |  0. |  0. ||  0. |  1. | -1. |
| -1. |  1. |  0. ||  0. |  0. |  0. ||  1. |  1. |  0. |


state to eval, currenty is playerone turn=false

|*-0. |*-1. |*-0. || -0. | -0. | -1. || -0. | -0. | -0. |
|* 1. |*-0. |*-0. ||  1. | -0. | -0. || -0. | -0. |  1. |
|*-0. |*-0. |*-1. || -0. | -1. |  1. || -1. | -1. |  1. |
|=====+=====+=====||=====+=====+=====||=====+=====+=====|
| -0. | -1. | -0. || -0. |  1. | -1. || -1. | -0. | -0. |
| -0. | -1. | -0. || -0. |  1. | -0. || -0. | -1. | -0. |
|  1. | -1. | -0. ||  1. | -0. | -0. || -0. | -0. | -1. |
|=====+=====+=====||=====+=====+=====||=====+=====+=====|
| -1. | -0. | -0. ||  1. |  1. |  1. ||  1. | -0. |  1. |
| -1. | -0. |  1. ||  1. | -0. | -0. || -0. | -1. |  1. |
|  1. | -1. | -0. || -0. | -0. | -0. || -1. | -1. | -0. |


Determined best move using: 1555507Iterations
current State

|  0. |  1. |  0. ||  0. |  0. |  1. ||  0. |  0. |  0. |
| -1. |  0. |  0. || -1. |  0. |  0. ||  0. |  0. | -1. |
| -1. |  0. |  1. ||  0. |  1. | -1. ||  1. |  1. | -1. |
|=====+=====+=====||=====+=====+=====||=====+=====+=====|
|  0. |  1. |  0. ||  0. | -1. |  1. ||  1. |  0. |  0. |
|  0. |  1. |  0. ||  0. | -1. |  0. ||  0. |  1. |  0. |
| -1. |  1. |  0. || -1. |  0. |  0. ||  0. |  0. |  1. |
|=====+=====+=====||=====+=====+=====||=====+=====+=====|
|* 1. |* 0. |* 0. || -1. | -1. | -1. || -1. |  0. | -1. |
|* 1. |* 0. |*-1. || -1. |  0. |  0. ||  0. |  1. | -1. |
|*-1. |* 1. |* 0. ||  0. |  0. |  0. ||  1. |  1. |  0. |


state to eval, currenty is playerone turn=true

|  0. |  1. |  0. ||  0. |  0. |  1. ||  0. |  0. |  0. |
| -1. |  0. |  0. || -1. |  0. |  0. ||  0. |  0. | -1. |
| -1. |  0. |  1. ||  0. |  1. | -1. ||  1. |  1. | -1. |
|=====+=====+=====||=====+=====+=====||=====+=====+=====|
|  0. |  1. |  0. ||  0. | -1. |  1. ||  1. |  0. |  0. |
|  0. |  1. |  0. ||  0. | -1. |  0. ||  0. |  1. |  0. |
| -1. |  1. |  0. || -1. |  0. |  0. ||  0. |  0. |  1. |
|=====+=====+=====||=====+=====+=====||=====+=====+=====|
|* 1. |* 0. |* 0. || -1. | -1. | -1. || -1. |  0. | -1. |
|* 1. |* 0. |*-1. || -1. |  0. |  0. ||  0. |  1. | -1. |
|*-1. |* 1. |* 0. ||  0. |  0. |  0. ||  1. |  1. |  0. |


Determined best move using: 2626555Iterations
Determined best move using: 1096760Iterations
current State

|  0. |  1. |  0. ||  0. |  0. |  1. ||* 0. |* 0. |* 0. |
| -1. |  0. |  0. || -1. |  0. |  0. ||* 0. |* 0. |*-1. |
| -1. |  0. |  1. ||  0. |  1. | -1. ||* 1. |* 1. |*-1. |
|=====+=====+=====||=====+=====+=====||=====+=====+=====|
|  0. |  1. |  0. ||  0. | -1. |  1. ||  1. |  0. |  0. |
|  0. |  1. |  0. ||  0. | -1. |  0. ||  0. |  1. |  0. |
| -1. |  1. |  0. || -1. |  0. |  0. ||  0. |  0. |  1. |
|=====+=====+=====||=====+=====+=====||=====+=====+=====|
|  1. |  0. |  1. || -1. | -1. | -1. || -1. |  0. | -1. |
|  1. |  0. | -1. || -1. |  0. |  0. ||  0. |  1. | -1. |
| -1. |  1. |  0. ||  0. |  0. |  0. ||  1. |  1. |  0. |


state to eval, currenty is playerone turn=false

| -0. | -1. | -0. || -0. | -0. | -1. ||*-0. |*-0. |*-0. |
|  1. | -0. | -0. ||  1. | -0. | -0. ||*-0. |*-0. |* 1. |
|  1. | -0. | -1. || -0. | -1. |  1. ||*-1. |*-1. |* 1. |
|=====+=====+=====||=====+=====+=====||=====+=====+=====|
| -0. | -1. | -0. || -0. |  1. | -1. || -1. | -0. | -0. |
| -0. | -1. | -0. || -0. |  1. | -0. || -0. | -1. | -0. |
|  1. | -1. | -0. ||  1. | -0. | -0. || -0. | -0. | -1. |
|=====+=====+=====||=====+=====+=====||=====+=====+=====|
| -1. | -0. | -1. ||  1. |  1. |  1. ||  1. | -0. |  1. |
| -1. | -0. |  1. ||  1. | -0. | -0. || -0. | -1. |  1. |
|  1. | -1. | -0. || -0. | -0. | -0. || -1. | -1. | -0. |


Determined best move using: 1838906Iterations
current State

|* 0. |* 1. |* 0. ||  0. |  0. |  1. || -1. |  0. |  0. |
|*-1. |* 0. |* 0. || -1. |  0. |  0. ||  0. |  0. | -1. |
|*-1. |* 0. |* 1. ||  0. |  1. | -1. ||  1. |  1. | -1. |
|=====+=====+=====||=====+=====+=====||=====+=====+=====|
|  0. |  1. |  0. ||  0. | -1. |  1. ||  1. |  0. |  0. |
|  0. |  1. |  0. ||  0. | -1. |  0. ||  0. |  1. |  0. |
| -1. |  1. |  0. || -1. |  0. |  0. ||  0. |  0. |  1. |
|=====+=====+=====||=====+=====+=====||=====+=====+=====|
|  1. |  0. |  1. || -1. | -1. | -1. || -1. |  0. | -1. |
|  1. |  0. | -1. || -1. |  0. |  0. ||  0. |  1. | -1. |
| -1. |  1. |  0. ||  0. |  0. |  0. ||  1. |  1. |  0. |


state to eval, currenty is playerone turn=true

|* 0. |* 1. |* 0. ||  0. |  0. |  1. || -1. |  0. |  0. |
|*-1. |* 0. |* 0. || -1. |  0. |  0. ||  0. |  0. | -1. |
|*-1. |* 0. |* 1. ||  0. |  1. | -1. ||  1. |  1. | -1. |
|=====+=====+=====||=====+=====+=====||=====+=====+=====|
|  0. |  1. |  0. ||  0. | -1. |  1. ||  1. |  0. |  0. |
|  0. |  1. |  0. ||  0. | -1. |  0. ||  0. |  1. |  0. |
| -1. |  1. |  0. || -1. |  0. |  0. ||  0. |  0. |  1. |
|=====+=====+=====||=====+=====+=====||=====+=====+=====|
|  1. |  0. |  1. || -1. | -1. | -1. || -1. |  0. | -1. |
|  1. |  0. | -1. || -1. |  0. |  0. ||  0. |  1. | -1. |
| -1. |  1. |  0. ||  0. |  0. |  0. ||  1. |  1. |  0. |


Determined best move using: 2140015Iterations
current State

|  0. |  1. |  1. ||  0. |  0. |  1. ||*-1. |* 0. |* 0. |
| -1. |  0. |  0. || -1. |  0. |  0. ||* 0. |* 0. |*-1. |
| -1. |  0. |  1. ||  0. |  1. | -1. ||* 1. |* 1. |*-1. |
|=====+=====+=====||=====+=====+=====||=====+=====+=====|
|  0. |  1. |  0. ||  0. | -1. |  1. ||  1. |  0. |  0. |
|  0. |  1. |  0. ||  0. | -1. |  0. ||  0. |  1. |  0. |
| -1. |  1. |  0. || -1. |  0. |  0. ||  0. |  0. |  1. |
|=====+=====+=====||=====+=====+=====||=====+=====+=====|
|  1. |  0. |  1. || -1. | -1. | -1. || -1. |  0. | -1. |
|  1. |  0. | -1. || -1. |  0. |  0. ||  0. |  1. | -1. |
| -1. |  1. |  0. ||  0. |  0. |  0. ||  1. |  1. |  0. |


state to eval, currenty is playerone turn=false

| -0. | -1. | -1. || -0. | -0. | -1. ||* 1. |*-0. |*-0. |
|  1. | -0. | -0. ||  1. | -0. | -0. ||*-0. |*-0. |* 1. |
|  1. | -0. | -1. || -0. | -1. |  1. ||*-1. |*-1. |* 1. |
|=====+=====+=====||=====+=====+=====||=====+=====+=====|
| -0. | -1. | -0. || -0. |  1. | -1. || -1. | -0. | -0. |
| -0. | -1. | -0. || -0. |  1. | -0. || -0. | -1. | -0. |
|  1. | -1. | -0. ||  1. | -0. | -0. || -0. | -0. | -1. |
|=====+=====+=====||=====+=====+=====||=====+=====+=====|
| -1. | -0. | -1. ||  1. |  1. |  1. ||  1. | -0. |  1. |
| -1. | -0. |  1. ||  1. | -0. | -0. || -0. | -1. |  1. |
|  1. | -1. | -0. || -0. | -0. | -0. || -1. | -1. | -0. |


Determined best move using: 2419199Iterations
current State

|  0. |  1. |  1. ||  0. |  0. |  1. || -1. |  0. |  0. |
| -1. |  0. |  0. || -1. |  0. |  0. ||  0. | -1. | -1. |
| -1. |  0. |  1. ||  0. |  1. | -1. ||  1. |  1. | -1. |
|=====+=====+=====||=====+=====+=====||=====+=====+=====|
|  0. |  1. |  0. ||* 0. |*-1. |* 1. ||  1. |  0. |  0. |
|  0. |  1. |  0. ||* 0. |*-1. |* 0. ||  0. |  1. |  0. |
| -1. |  1. |  0. ||*-1. |* 0. |* 0. ||  0. |  0. |  1. |
|=====+=====+=====||=====+=====+=====||=====+=====+=====|
|  1. |  0. |  1. || -1. | -1. | -1. || -1. |  0. | -1. |
|  1. |  0. | -1. || -1. |  0. |  0. ||  0. |  1. | -1. |
| -1. |  1. |  0. ||  0. |  0. |  0. ||  1. |  1. |  0. |


state to eval, currenty is playerone turn=true

|  0. |  1. |  1. ||  0. |  0. |  1. || -1. |  0. |  0. |
| -1. |  0. |  0. || -1. |  0. |  0. ||  0. | -1. | -1. |
| -1. |  0. |  1. ||  0. |  1. | -1. ||  1. |  1. | -1. |
|=====+=====+=====||=====+=====+=====||=====+=====+=====|
|  0. |  1. |  0. ||* 0. |*-1. |* 1. ||  1. |  0. |  0. |
|  0. |  1. |  0. ||* 0. |*-1. |* 0. ||  0. |  1. |  0. |
| -1. |  1. |  0. ||*-1. |* 0. |* 0. ||  0. |  0. |  1. |
|=====+=====+=====||=====+=====+=====||=====+=====+=====|
|  1. |  0. |  1. || -1. | -1. | -1. || -1. |  0. | -1. |
|  1. |  0. | -1. || -1. |  0. |  0. ||  0. |  1. | -1. |
| -1. |  1. |  0. ||  0. |  0. |  0. ||  1. |  1. |  0. |


Determined best move using: 2627099Iterations
current State

|  0. |  1. |  1. ||  0. |  0. |  1. || -1. |  0. |  0. |
| -1. |  0. |  0. || -1. |  0. |  0. ||  0. | -1. | -1. |
| -1. |  0. |  1. ||  0. |  1. | -1. ||  1. |  1. | -1. |
|=====+=====+=====||=====+=====+=====||=====+=====+=====|
|  0. |  1. |  0. ||  0. | -1. |  1. ||  1. |  0. |  0. |
|  0. |  1. |  0. ||  0. | -1. |  0. ||  0. |  1. |  0. |
| -1. |  1. |  0. || -1. |  0. |  1. ||  0. |  0. |  1. |
|=====+=====+=====||=====+=====+=====||=====+=====+=====|
|  1. |  0. |  1. || -1. | -1. | -1. ||*-1. |* 0. |*-1. |
|  1. |  0. | -1. || -1. |  0. |  0. ||* 0. |* 1. |*-1. |
| -1. |  1. |  0. ||  0. |  0. |  0. ||* 1. |* 1. |* 0. |


state to eval, currenty is playerone turn=false

| -0. | -1. | -1. || -0. | -0. | -1. ||  1. | -0. | -0. |
|  1. | -0. | -0. ||  1. | -0. | -0. || -0. |  1. |  1. |
|  1. | -0. | -1. || -0. | -1. |  1. || -1. | -1. |  1. |
|=====+=====+=====||=====+=====+=====||=====+=====+=====|
| -0. | -1. | -0. || -0. |  1. | -1. || -1. | -0. | -0. |
| -0. | -1. | -0. || -0. |  1. | -0. || -0. | -1. | -0. |
|  1. | -1. | -0. ||  1. | -0. | -1. || -0. | -0. | -1. |
|=====+=====+=====||=====+=====+=====||=====+=====+=====|
| -1. | -0. | -1. ||  1. |  1. |  1. ||* 1. |*-0. |* 1. |
| -1. | -0. |  1. ||  1. | -0. | -0. ||*-0. |*-1. |* 1. |
|  1. | -1. | -0. || -0. | -0. | -0. ||*-1. |*-1. |*-0. |


Determined best move using: 2965714Iterations
Determined best move using: 155762Iterations
current State

|  0. |  1. |  1. ||* 0. |* 0. |* 1. || -1. |  0. |  0. |
| -1. |  0. |  0. ||*-1. |* 0. |* 0. ||  0. | -1. | -1. |
| -1. |  0. |  1. ||* 0. |* 1. |*-1. ||  1. |  1. | -1. |
|=====+=====+=====||=====+=====+=====||=====+=====+=====|
|  0. |  1. |  0. ||  0. | -1. |  1. ||  1. |  0. |  0. |
|  0. |  1. |  0. ||  0. | -1. |  0. ||  0. |  1. |  0. |
| -1. |  1. |  0. || -1. |  0. |  1. ||  0. |  0. |  1. |
|=====+=====+=====||=====+=====+=====||=====+=====+=====|
|  1. |  0. |  1. || -1. | -1. | -1. || -1. | -1. | -1. |
|  1. |  0. | -1. || -1. |  0. |  0. ||  0. |  1. | -1. |
| -1. |  1. |  0. ||  0. |  0. |  0. ||  1. |  1. |  0. |


state to eval, currenty is playerone turn=true

|  0. |  1. |  1. ||* 0. |* 0. |* 1. || -1. |  0. |  0. |
| -1. |  0. |  0. ||*-1. |* 0. |* 0. ||  0. | -1. | -1. |
| -1. |  0. |  1. ||* 0. |* 1. |*-1. ||  1. |  1. | -1. |
|=====+=====+=====||=====+=====+=====||=====+=====+=====|
|  0. |  1. |  0. ||  0. | -1. |  1. ||  1. |  0. |  0. |
|  0. |  1. |  0. ||  0. | -1. |  0. ||  0. |  1. |  0. |
| -1. |  1. |  0. || -1. |  0. |  1. ||  0. |  0. |  1. |
|=====+=====+=====||=====+=====+=====||=====+=====+=====|
|  1. |  0. |  1. || -1. | -1. | -1. || -1. | -1. | -1. |
|  1. |  0. | -1. || -1. |  0. |  0. ||  0. |  1. | -1. |
| -1. |  1. |  0. ||  0. |  0. |  0. ||  1. |  1. |  0. |


Determined best move using: 187474Iterations
current State

|* 0. |* 1. |* 1. ||  1. |  0. |  1. || -1. |  0. |  0. |
|*-1. |* 0. |* 0. || -1. |  0. |  0. ||  0. | -1. | -1. |
|*-1. |* 0. |* 1. ||  0. |  1. | -1. ||  1. |  1. | -1. |
|=====+=====+=====||=====+=====+=====||=====+=====+=====|
|  0. |  1. |  0. ||  0. | -1. |  1. ||  1. |  0. |  0. |
|  0. |  1. |  0. ||  0. | -1. |  0. ||  0. |  1. |  0. |
| -1. |  1. |  0. || -1. |  0. |  1. ||  0. |  0. |  1. |
|=====+=====+=====||=====+=====+=====||=====+=====+=====|
|  1. |  0. |  1. || -1. | -1. | -1. || -1. | -1. | -1. |
|  1. |  0. | -1. || -1. |  0. |  0. ||  0. |  1. | -1. |
| -1. |  1. |  0. ||  0. |  0. |  0. ||  1. |  1. |  0. |


state to eval, currenty is playerone turn=false

|*-0. |*-1. |*-1. || -1. | -0. | -1. ||  1. | -0. | -0. |
|* 1. |*-0. |*-0. ||  1. | -0. | -0. || -0. |  1. |  1. |
|* 1. |*-0. |*-1. || -0. | -1. |  1. || -1. | -1. |  1. |
|=====+=====+=====||=====+=====+=====||=====+=====+=====|
| -0. | -1. | -0. || -0. |  1. | -1. || -1. | -0. | -0. |
| -0. | -1. | -0. || -0. |  1. | -0. || -0. | -1. | -0. |
|  1. | -1. | -0. ||  1. | -0. | -1. || -0. | -0. | -1. |
|=====+=====+=====||=====+=====+=====||=====+=====+=====|
| -1. | -0. | -1. ||  1. |  1. |  1. ||  1. |  1. |  1. |
| -1. | -0. |  1. ||  1. | -0. | -0. || -0. | -1. |  1. |
|  1. | -1. | -0. || -0. | -0. | -0. || -1. | -1. | -0. |


Determined best move using: 195079Iterations
current State

| -1. |  1. |  1. ||* 1. |* 0. |* 1. || -1. |  0. |  0. |
| -1. |  0. |  0. ||*-1. |* 0. |* 0. ||  0. | -1. | -1. |
| -1. |  0. |  1. ||* 0. |* 1. |*-1. ||  1. |  1. | -1. |
|=====+=====+=====||=====+=====+=====||=====+=====+=====|
|  0. |  1. |  0. ||* 0. |*-1. |* 1. ||  1. |  0. |  0. |
|  0. |  1. |  0. ||* 0. |*-1. |* 0. ||  0. |  1. |  0. |
| -1. |  1. |  0. ||*-1. |* 0. |* 1. ||  0. |  0. |  1. |
|=====+=====+=====||=====+=====+=====||=====+=====+=====|
|* 1. |* 0. |* 1. || -1. | -1. | -1. || -1. | -1. | -1. |
|* 1. |* 0. |*-1. || -1. |  0. |  0. ||  0. |  1. | -1. |
|*-1. |* 1. |* 0. ||  0. |  0. |  0. ||  1. |  1. |  0. |


state to eval, currenty is playerone turn=true

| -1. |  1. |  1. ||* 1. |* 0. |* 1. || -1. |  0. |  0. |
| -1. |  0. |  0. ||*-1. |* 0. |* 0. ||  0. | -1. | -1. |
| -1. |  0. |  1. ||* 0. |* 1. |*-1. ||  1. |  1. | -1. |
|=====+=====+=====||=====+=====+=====||=====+=====+=====|
|  0. |  1. |  0. ||* 0. |*-1. |* 1. ||  1. |  0. |  0. |
|  0. |  1. |  0. ||* 0. |*-1. |* 0. ||  0. |  1. |  0. |
| -1. |  1. |  0. ||*-1. |* 0. |* 1. ||  0. |  0. |  1. |
|=====+=====+=====||=====+=====+=====||=====+=====+=====|
|* 1. |* 0. |* 1. || -1. | -1. | -1. || -1. | -1. | -1. |
|* 1. |* 0. |*-1. || -1. |  0. |  0. ||  0. |  1. | -1. |
|*-1. |* 1. |* 0. ||  0. |  0. |  0. ||  1. |  1. |  0. |


Determined best move using: 207038Iterations
