Saving data to: W:\Labs\ME\ME187-Fall2024\StudentFiles\CALEBHOTTES\UTTTstuff\data\series1
Begin custom message: 
DataSeries: series1 game number: 173 

Description: making data during matlab class 238. 

Evaluator config=EvaluatorConfiguration{cValue=2.0, maxRolloutDepth=1000, computeTime=35, threads=1, stupidity=0, allowForcePlay=false, maxMyCPU=false}
End custom message
Inital State: 

|* 0. |* 0. |* 0. ||* 0. |* 0. |* 0. ||* 0. |* 0. |* 0. |
|* 0. |* 0. |* 0. ||* 0. |* 0. |* 0. ||* 0. |* 0. |* 0. |
|* 0. |* 0. |* 0. ||* 0. |* 0. |* 0. ||* 0. |* 0. |* 0. |
|=====+=====+=====||=====+=====+=====||=====+=====+=====|
|* 0. |* 0. |* 0. ||* 0. |* 0. |* 0. ||* 0. |* 0. |* 0. |
|* 0. |* 0. |* 0. ||* 0. |* 0. |* 0. ||* 0. |* 0. |* 0. |
|* 0. |* 0. |* 0. ||* 0. |* 0. |* 0. ||* 0. |* 0. |* 0. |
|=====+=====+=====||=====+=====+=====||=====+=====+=====|
|* 0. |* 0. |* 0. ||* 0. |* 0. |* 0. ||* 0. |* 0. |* 0. |
|* 0. |* 0. |* 0. ||* 0. |* 0. |* 0. ||* 0. |* 0. |* 0. |
|* 0. |* 0. |* 0. ||* 0. |* 0. |* 0. ||* 0. |* 0. |* 0. |


state to eval, currenty is playerone turn=true

|* 0. |* 0. |* 0. ||* 0. |* 0. |* 0. ||* 0. |* 0. |* 0. |
|* 0. |* 0. |* 0. ||* 0. |* 0. |* 0. ||* 0. |* 0. |* 0. |
|* 0. |* 0. |* 0. ||* 0. |* 0. |* 0. ||* 0. |* 0. |* 0. |
|=====+=====+=====||=====+=====+=====||=====+=====+=====|
|* 0. |* 0. |* 0. ||* 0. |* 0. |* 0. ||* 0. |* 0. |* 0. |
|* 0. |* 0. |* 0. ||* 0. |* 0. |* 0. ||* 0. |* 0. |* 0. |
|* 0. |* 0. |* 0. ||* 0. |* 0. |* 0. ||* 0. |* 0. |* 0. |
|=====+=====+=====||=====+=====+=====||=====+=====+=====|
|* 0. |* 0. |* 0. ||* 0. |* 0. |* 0. ||* 0. |* 0. |* 0. |
|* 0. |* 0. |* 0. ||* 0. |* 0. |* 0. ||* 0. |* 0. |* 0. |
|* 0. |* 0. |* 0. ||* 0. |* 0. |* 0. ||* 0. |* 0. |* 0. |


Determined best move using: 72461Iterations
current State

|  0. |  0. |  0. ||  0. |  0. |  0. ||* 0. |* 0. |* 0. |
|  0. |  0. |  0. ||  0. |  0. |  0. ||* 0. |* 0. |* 0. |
|  0. |  0. |  0. ||  0. |  0. |  0. ||* 0. |* 0. |* 0. |
|=====+=====+=====||=====+=====+=====||=====+=====+=====|
|  0. |  0. |  0. ||  0. |  0. |  0. ||  0. |  0. |  0. |
|  0. |  0. |  0. ||  0. |  0. |  0. ||  0. |  0. |  0. |
|  0. |  0. |  0. ||  0. |  0. |  0. ||  0. |  0. |  0. |
|=====+=====+=====||=====+=====+=====||=====+=====+=====|
|  0. |  0. |  0. ||  0. |  0. |  0. ||  0. |  0. |  1. |
|  0. |  0. |  0. ||  0. |  0. |  0. ||  0. |  0. |  0. |
|  0. |  0. |  0. ||  0. |  0. |  0. ||  0. |  0. |  0. |


state to eval, currenty is playerone turn=false

| -0. | -0. | -0. || -0. | -0. | -0. ||*-0. |*-0. |*-0. |
| -0. | -0. | -0. || -0. | -0. | -0. ||*-0. |*-0. |*-0. |
| -0. | -0. | -0. || -0. | -0. | -0. ||*-0. |*-0. |*-0. |
|=====+=====+=====||=====+=====+=====||=====+=====+=====|
| -0. | -0. | -0. || -0. | -0. | -0. || -0. | -0. | -0. |
| -0. | -0. | -0. || -0. | -0. | -0. || -0. | -0. | -0. |
| -0. | -0. | -0. || -0. | -0. | -0. || -0. | -0. | -0. |
|=====+=====+=====||=====+=====+=====||=====+=====+=====|
| -0. | -0. | -0. || -0. | -0. | -0. || -0. | -0. | -1. |
| -0. | -0. | -0. || -0. | -0. | -0. || -0. | -0. | -0. |
| -0. | -0. | -0. || -0. | -0. | -0. || -0. | -0. | -0. |


Determined best move using: 75903Iterations
current State

|  0. |  0. |  0. ||  0. |  0. |  0. ||  0. |  0. |  0. |
|  0. |  0. |  0. ||  0. |  0. |  0. ||  0. |  0. |  0. |
|  0. |  0. |  0. ||  0. |  0. |  0. ||  0. |  0. | -1. |
|=====+=====+=====||=====+=====+=====||=====+=====+=====|
|  0. |  0. |  0. ||  0. |  0. |  0. ||  0. |  0. |  0. |
|  0. |  0. |  0. ||  0. |  0. |  0. ||  0. |  0. |  0. |
|  0. |  0. |  0. ||  0. |  0. |  0. ||  0. |  0. |  0. |
|=====+=====+=====||=====+=====+=====||=====+=====+=====|
|  0. |  0. |  0. ||  0. |  0. |  0. ||* 0. |* 0. |* 1. |
|  0. |  0. |  0. ||  0. |  0. |  0. ||* 0. |* 0. |* 0. |
|  0. |  0. |  0. ||  0. |  0. |  0. ||* 0. |* 0. |* 0. |


state to eval, currenty is playerone turn=true

|  0. |  0. |  0. ||  0. |  0. |  0. ||  0. |  0. |  0. |
|  0. |  0. |  0. ||  0. |  0. |  0. ||  0. |  0. |  0. |
|  0. |  0. |  0. ||  0. |  0. |  0. ||  0. |  0. | -1. |
|=====+=====+=====||=====+=====+=====||=====+=====+=====|
|  0. |  0. |  0. ||  0. |  0. |  0. ||  0. |  0. |  0. |
|  0. |  0. |  0. ||  0. |  0. |  0. ||  0. |  0. |  0. |
|  0. |  0. |  0. ||  0. |  0. |  0. ||  0. |  0. |  0. |
|=====+=====+=====||=====+=====+=====||=====+=====+=====|
|  0. |  0. |  0. ||  0. |  0. |  0. ||* 0. |* 0. |* 1. |
|  0. |  0. |  0. ||  0. |  0. |  0. ||* 0. |* 0. |* 0. |
|  0. |  0. |  0. ||  0. |  0. |  0. ||* 0. |* 0. |* 0. |


Determined best move using: 76646Iterations
current State

|  0. |  0. |  0. ||  0. |  0. |  0. ||  0. |  0. |  0. |
|  0. |  0. |  0. ||  0. |  0. |  0. ||  0. |  0. |  0. |
|  0. |  0. |  0. ||  0. |  0. |  0. ||  0. |  0. | -1. |
|=====+=====+=====||=====+=====+=====||=====+=====+=====|
|* 0. |* 0. |* 0. ||  0. |  0. |  0. ||  0. |  0. |  0. |
|* 0. |* 0. |* 0. ||  0. |  0. |  0. ||  0. |  0. |  0. |
|* 0. |* 0. |* 0. ||  0. |  0. |  0. ||  0. |  0. |  0. |
|=====+=====+=====||=====+=====+=====||=====+=====+=====|
|  0. |  0. |  0. ||  0. |  0. |  0. ||  0. |  0. |  1. |
|  0. |  0. |  0. ||  0. |  0. |  0. ||  1. |  0. |  0. |
|  0. |  0. |  0. ||  0. |  0. |  0. ||  0. |  0. |  0. |


state to eval, currenty is playerone turn=false

| -0. | -0. | -0. || -0. | -0. | -0. || -0. | -0. | -0. |
| -0. | -0. | -0. || -0. | -0. | -0. || -0. | -0. | -0. |
| -0. | -0. | -0. || -0. | -0. | -0. || -0. | -0. |  1. |
|=====+=====+=====||=====+=====+=====||=====+=====+=====|
|*-0. |*-0. |*-0. || -0. | -0. | -0. || -0. | -0. | -0. |
|*-0. |*-0. |*-0. || -0. | -0. | -0. || -0. | -0. | -0. |
|*-0. |*-0. |*-0. || -0. | -0. | -0. || -0. | -0. | -0. |
|=====+=====+=====||=====+=====+=====||=====+=====+=====|
| -0. | -0. | -0. || -0. | -0. | -0. || -0. | -0. | -1. |
| -0. | -0. | -0. || -0. | -0. | -0. || -1. | -0. | -0. |
| -0. | -0. | -0. || -0. | -0. | -0. || -0. | -0. | -0. |


Determined best move using: 79567Iterations
current State

|  0. |  0. |  0. ||  0. |  0. |  0. ||  0. |  0. |  0. |
|  0. |  0. |  0. ||  0. |  0. |  0. ||  0. |  0. |  0. |
|  0. |  0. |  0. ||  0. |  0. |  0. ||  0. |  0. | -1. |
|=====+=====+=====||=====+=====+=====||=====+=====+=====|
|  0. |  0. |  0. ||  0. |  0. |  0. ||  0. |  0. |  0. |
|  0. |  0. |  0. ||  0. |  0. |  0. ||  0. |  0. |  0. |
|  0. | -1. |  0. ||  0. |  0. |  0. ||  0. |  0. |  0. |
|=====+=====+=====||=====+=====+=====||=====+=====+=====|
|  0. |  0. |  0. ||* 0. |* 0. |* 0. ||  0. |  0. |  1. |
|  0. |  0. |  0. ||* 0. |* 0. |* 0. ||  1. |  0. |  0. |
|  0. |  0. |  0. ||* 0. |* 0. |* 0. ||  0. |  0. |  0. |


state to eval, currenty is playerone turn=true

|  0. |  0. |  0. ||  0. |  0. |  0. ||  0. |  0. |  0. |
|  0. |  0. |  0. ||  0. |  0. |  0. ||  0. |  0. |  0. |
|  0. |  0. |  0. ||  0. |  0. |  0. ||  0. |  0. | -1. |
|=====+=====+=====||=====+=====+=====||=====+=====+=====|
|  0. |  0. |  0. ||  0. |  0. |  0. ||  0. |  0. |  0. |
|  0. |  0. |  0. ||  0. |  0. |  0. ||  0. |  0. |  0. |
|  0. | -1. |  0. ||  0. |  0. |  0. ||  0. |  0. |  0. |
|=====+=====+=====||=====+=====+=====||=====+=====+=====|
|  0. |  0. |  0. ||* 0. |* 0. |* 0. ||  0. |  0. |  1. |
|  0. |  0. |  0. ||* 0. |* 0. |* 0. ||  1. |  0. |  0. |
|  0. |  0. |  0. ||* 0. |* 0. |* 0. ||  0. |  0. |  0. |


Determined best move using: 80327Iterations
current State

|  0. |  0. |  0. ||  0. |  0. |  0. ||  0. |  0. |  0. |
|  0. |  0. |  0. ||  0. |  0. |  0. ||  0. |  0. |  0. |
|  0. |  0. |  0. ||  0. |  0. |  0. ||  0. |  0. | -1. |
|=====+=====+=====||=====+=====+=====||=====+=====+=====|
|  0. |  0. |  0. ||  0. |  0. |  0. ||  0. |  0. |  0. |
|  0. |  0. |  0. ||  0. |  0. |  0. ||  0. |  0. |  0. |
|  0. | -1. |  0. ||  0. |  0. |  0. ||  0. |  0. |  0. |
|=====+=====+=====||=====+=====+=====||=====+=====+=====|
|  0. |  0. |  0. ||* 0. |* 0. |* 0. ||  0. |  0. |  1. |
|  0. |  0. |  0. ||* 0. |* 0. |* 0. ||  1. |  0. |  0. |
|  0. |  0. |  0. ||* 0. |* 1. |* 0. ||  0. |  0. |  0. |


state to eval, currenty is playerone turn=false

| -0. | -0. | -0. || -0. | -0. | -0. || -0. | -0. | -0. |
| -0. | -0. | -0. || -0. | -0. | -0. || -0. | -0. | -0. |
| -0. | -0. | -0. || -0. | -0. | -0. || -0. | -0. |  1. |
|=====+=====+=====||=====+=====+=====||=====+=====+=====|
| -0. | -0. | -0. || -0. | -0. | -0. || -0. | -0. | -0. |
| -0. | -0. | -0. || -0. | -0. | -0. || -0. | -0. | -0. |
| -0. |  1. | -0. || -0. | -0. | -0. || -0. | -0. | -0. |
|=====+=====+=====||=====+=====+=====||=====+=====+=====|
| -0. | -0. | -0. ||*-0. |*-0. |*-0. || -0. | -0. | -1. |
| -0. | -0. | -0. ||*-0. |*-0. |*-0. || -1. | -0. | -0. |
| -0. | -0. | -0. ||*-0. |*-1. |*-0. || -0. | -0. | -0. |


Determined best move using: 80410Iterations
current State

|  0. |  0. |  0. ||  0. |  0. |  0. ||  0. |  0. |  0. |
|  0. |  0. |  0. ||  0. |  0. |  0. ||  0. |  0. |  0. |
|  0. |  0. |  0. ||  0. |  0. |  0. ||  0. |  0. | -1. |
|=====+=====+=====||=====+=====+=====||=====+=====+=====|
|* 0. |* 0. |* 0. ||  0. |  0. |  0. ||  0. |  0. |  0. |
|* 0. |* 0. |* 0. ||  0. |  0. |  0. ||  0. |  0. |  0. |
|* 0. |*-1. |* 0. ||  0. |  0. |  0. ||  0. |  0. |  0. |
|=====+=====+=====||=====+=====+=====||=====+=====+=====|
|  0. |  0. |  0. ||  0. |  0. |  0. ||  0. |  0. |  1. |
|  0. |  0. |  0. || -1. |  0. |  0. ||  1. |  0. |  0. |
|  0. |  0. |  0. ||  0. |  1. |  0. ||  0. |  0. |  0. |


state to eval, currenty is playerone turn=true

|  0. |  0. |  0. ||  0. |  0. |  0. ||  0. |  0. |  0. |
|  0. |  0. |  0. ||  0. |  0. |  0. ||  0. |  0. |  0. |
|  0. |  0. |  0. ||  0. |  0. |  0. ||  0. |  0. | -1. |
|=====+=====+=====||=====+=====+=====||=====+=====+=====|
|* 0. |* 0. |* 0. ||  0. |  0. |  0. ||  0. |  0. |  0. |
|* 0. |* 0. |* 0. ||  0. |  0. |  0. ||  0. |  0. |  0. |
|* 0. |*-1. |* 0. ||  0. |  0. |  0. ||  0. |  0. |  0. |
|=====+=====+=====||=====+=====+=====||=====+=====+=====|
|  0. |  0. |  0. ||  0. |  0. |  0. ||  0. |  0. |  1. |
|  0. |  0. |  0. || -1. |  0. |  0. ||  1. |  0. |  0. |
|  0. |  0. |  0. ||  0. |  1. |  0. ||  0. |  0. |  0. |


Determined best move using: 79672Iterations
current State

|  0. |  0. |  0. ||  0. |  0. |  0. ||  0. |  0. |  0. |
|  0. |  0. |  0. ||  0. |  0. |  0. ||  0. |  0. |  0. |
|  0. |  0. |  0. ||  0. |  0. |  0. ||  0. |  0. | -1. |
|=====+=====+=====||=====+=====+=====||=====+=====+=====|
|* 0. |* 0. |* 0. ||  0. |  0. |  0. ||  0. |  0. |  0. |
|* 1. |* 0. |* 0. ||  0. |  0. |  0. ||  0. |  0. |  0. |
|* 0. |*-1. |* 0. ||  0. |  0. |  0. ||  0. |  0. |  0. |
|=====+=====+=====||=====+=====+=====||=====+=====+=====|
|  0. |  0. |  0. ||  0. |  0. |  0. ||  0. |  0. |  1. |
|  0. |  0. |  0. || -1. |  0. |  0. ||  1. |  0. |  0. |
|  0. |  0. |  0. ||  0. |  1. |  0. ||  0. |  0. |  0. |


state to eval, currenty is playerone turn=false

| -0. | -0. | -0. || -0. | -0. | -0. || -0. | -0. | -0. |
| -0. | -0. | -0. || -0. | -0. | -0. || -0. | -0. | -0. |
| -0. | -0. | -0. || -0. | -0. | -0. || -0. | -0. |  1. |
|=====+=====+=====||=====+=====+=====||=====+=====+=====|
|*-0. |*-0. |*-0. || -0. | -0. | -0. || -0. | -0. | -0. |
|*-1. |*-0. |*-0. || -0. | -0. | -0. || -0. | -0. | -0. |
|*-0. |* 1. |*-0. || -0. | -0. | -0. || -0. | -0. | -0. |
|=====+=====+=====||=====+=====+=====||=====+=====+=====|
| -0. | -0. | -0. || -0. | -0. | -0. || -0. | -0. | -1. |
| -0. | -0. | -0. ||  1. | -0. | -0. || -1. | -0. | -0. |
| -0. | -0. | -0. || -0. | -1. | -0. || -0. | -0. | -0. |


Determined best move using: 82725Iterations
current State

|  0. |  0. |  0. ||  0. |  0. |  0. ||  0. |  0. |  0. |
|  0. |  0. |  0. ||  0. |  0. |  0. ||  0. |  0. |  0. |
|  0. |  0. |  0. ||  0. |  0. |  0. ||  0. |  0. | -1. |
|=====+=====+=====||=====+=====+=====||=====+=====+=====|
|  0. |  0. |  0. ||  0. |  0. |  0. ||* 0. |* 0. |* 0. |
|  1. |  0. | -1. ||  0. |  0. |  0. ||* 0. |* 0. |* 0. |
|  0. | -1. |  0. ||  0. |  0. |  0. ||* 0. |* 0. |* 0. |
|=====+=====+=====||=====+=====+=====||=====+=====+=====|
|  0. |  0. |  0. ||  0. |  0. |  0. ||  0. |  0. |  1. |
|  0. |  0. |  0. || -1. |  0. |  0. ||  1. |  0. |  0. |
|  0. |  0. |  0. ||  0. |  1. |  0. ||  0. |  0. |  0. |


state to eval, currenty is playerone turn=true

|  0. |  0. |  0. ||  0. |  0. |  0. ||  0. |  0. |  0. |
|  0. |  0. |  0. ||  0. |  0. |  0. ||  0. |  0. |  0. |
|  0. |  0. |  0. ||  0. |  0. |  0. ||  0. |  0. | -1. |
|=====+=====+=====||=====+=====+=====||=====+=====+=====|
|  0. |  0. |  0. ||  0. |  0. |  0. ||* 0. |* 0. |* 0. |
|  1. |  0. | -1. ||  0. |  0. |  0. ||* 0. |* 0. |* 0. |
|  0. | -1. |  0. ||  0. |  0. |  0. ||* 0. |* 0. |* 0. |
|=====+=====+=====||=====+=====+=====||=====+=====+=====|
|  0. |  0. |  0. ||  0. |  0. |  0. ||  0. |  0. |  1. |
|  0. |  0. |  0. || -1. |  0. |  0. ||  1. |  0. |  0. |
|  0. |  0. |  0. ||  0. |  1. |  0. ||  0. |  0. |  0. |


Determined best move using: 82758Iterations
current State

|  0. |  0. |  0. ||  0. |  0. |  0. ||  0. |  0. |  0. |
|  0. |  0. |  0. ||  0. |  0. |  0. ||  0. |  0. |  0. |
|  0. |  0. |  0. ||  0. |  0. |  0. ||  0. |  0. | -1. |
|=====+=====+=====||=====+=====+=====||=====+=====+=====|
|  0. |  0. |  0. ||  0. |  0. |  0. ||* 0. |* 0. |* 0. |
|  1. |  0. | -1. ||  0. |  0. |  0. ||* 0. |* 0. |* 1. |
|  0. | -1. |  0. ||  0. |  0. |  0. ||* 0. |* 0. |* 0. |
|=====+=====+=====||=====+=====+=====||=====+=====+=====|
|  0. |  0. |  0. ||  0. |  0. |  0. ||  0. |  0. |  1. |
|  0. |  0. |  0. || -1. |  0. |  0. ||  1. |  0. |  0. |
|  0. |  0. |  0. ||  0. |  1. |  0. ||  0. |  0. |  0. |


state to eval, currenty is playerone turn=false

| -0. | -0. | -0. || -0. | -0. | -0. || -0. | -0. | -0. |
| -0. | -0. | -0. || -0. | -0. | -0. || -0. | -0. | -0. |
| -0. | -0. | -0. || -0. | -0. | -0. || -0. | -0. |  1. |
|=====+=====+=====||=====+=====+=====||=====+=====+=====|
| -0. | -0. | -0. || -0. | -0. | -0. ||*-0. |*-0. |*-0. |
| -1. | -0. |  1. || -0. | -0. | -0. ||*-0. |*-0. |*-1. |
| -0. |  1. | -0. || -0. | -0. | -0. ||*-0. |*-0. |*-0. |
|=====+=====+=====||=====+=====+=====||=====+=====+=====|
| -0. | -0. | -0. || -0. | -0. | -0. || -0. | -0. | -1. |
| -0. | -0. | -0. ||  1. | -0. | -0. || -1. | -0. | -0. |
| -0. | -0. | -0. || -0. | -1. | -0. || -0. | -0. | -0. |


Determined best move using: 87421Iterations
current State

|  0. |  0. |  0. ||  0. |  0. |  0. ||  0. |  0. |  0. |
|  0. |  0. |  0. ||  0. |  0. |  0. ||  0. |  0. |  0. |
|  0. |  0. |  0. ||  0. |  0. |  0. ||  0. |  0. | -1. |
|=====+=====+=====||=====+=====+=====||=====+=====+=====|
|  0. |  0. |  0. ||  0. |  0. |  0. ||  0. |  0. |  0. |
|  1. |  0. | -1. ||  0. |  0. |  0. ||  0. |  0. |  1. |
|  0. | -1. |  0. ||  0. |  0. |  0. ||  0. | -1. |  0. |
|=====+=====+=====||=====+=====+=====||=====+=====+=====|
|  0. |  0. |  0. ||* 0. |* 0. |* 0. ||  0. |  0. |  1. |
|  0. |  0. |  0. ||*-1. |* 0. |* 0. ||  1. |  0. |  0. |
|  0. |  0. |  0. ||* 0. |* 1. |* 0. ||  0. |  0. |  0. |


state to eval, currenty is playerone turn=true

|  0. |  0. |  0. ||  0. |  0. |  0. ||  0. |  0. |  0. |
|  0. |  0. |  0. ||  0. |  0. |  0. ||  0. |  0. |  0. |
|  0. |  0. |  0. ||  0. |  0. |  0. ||  0. |  0. | -1. |
|=====+=====+=====||=====+=====+=====||=====+=====+=====|
|  0. |  0. |  0. ||  0. |  0. |  0. ||  0. |  0. |  0. |
|  1. |  0. | -1. ||  0. |  0. |  0. ||  0. |  0. |  1. |
|  0. | -1. |  0. ||  0. |  0. |  0. ||  0. | -1. |  0. |
|=====+=====+=====||=====+=====+=====||=====+=====+=====|
|  0. |  0. |  0. ||* 0. |* 0. |* 0. ||  0. |  0. |  1. |
|  0. |  0. |  0. ||*-1. |* 0. |* 0. ||  1. |  0. |  0. |
|  0. |  0. |  0. ||* 0. |* 1. |* 0. ||  0. |  0. |  0. |


Determined best move using: 87321Iterations
current State

|  0. |  0. |  0. ||  0. |  0. |  0. ||  0. |  0. |  0. |
|  0. |  0. |  0. ||  0. |  0. |  0. ||  0. |  0. |  0. |
|  0. |  0. |  0. ||  0. |  0. |  0. ||  0. |  0. | -1. |
|=====+=====+=====||=====+=====+=====||=====+=====+=====|
|  0. |  0. |  0. ||* 0. |* 0. |* 0. ||  0. |  0. |  0. |
|  1. |  0. | -1. ||* 0. |* 0. |* 0. ||  0. |  0. |  1. |
|  0. | -1. |  0. ||* 0. |* 0. |* 0. ||  0. | -1. |  0. |
|=====+=====+=====||=====+=====+=====||=====+=====+=====|
|  0. |  0. |  0. ||  0. |  0. |  0. ||  0. |  0. |  1. |
|  0. |  0. |  0. || -1. |  1. |  0. ||  1. |  0. |  0. |
|  0. |  0. |  0. ||  0. |  1. |  0. ||  0. |  0. |  0. |


state to eval, currenty is playerone turn=false

| -0. | -0. | -0. || -0. | -0. | -0. || -0. | -0. | -0. |
| -0. | -0. | -0. || -0. | -0. | -0. || -0. | -0. | -0. |
| -0. | -0. | -0. || -0. | -0. | -0. || -0. | -0. |  1. |
|=====+=====+=====||=====+=====+=====||=====+=====+=====|
| -0. | -0. | -0. ||*-0. |*-0. |*-0. || -0. | -0. | -0. |
| -1. | -0. |  1. ||*-0. |*-0. |*-0. || -0. | -0. | -1. |
| -0. |  1. | -0. ||*-0. |*-0. |*-0. || -0. |  1. | -0. |
|=====+=====+=====||=====+=====+=====||=====+=====+=====|
| -0. | -0. | -0. || -0. | -0. | -0. || -0. | -0. | -1. |
| -0. | -0. | -0. ||  1. | -1. | -0. || -1. | -0. | -0. |
| -0. | -0. | -0. || -0. | -1. | -0. || -0. | -0. | -0. |


Determined best move using: 87707Iterations
current State

|  0. |  0. |  0. ||  0. |  0. |  0. ||  0. |  0. |  0. |
|  0. |  0. |  0. ||  0. |  0. |  0. ||  0. |  0. |  0. |
|  0. |  0. |  0. ||  0. |  0. |  0. ||  0. |  0. | -1. |
|=====+=====+=====||=====+=====+=====||=====+=====+=====|
|  0. |  0. |  0. ||  0. |  0. |  0. ||  0. |  0. |  0. |
|  1. |  0. | -1. ||  0. |  0. |  0. ||  0. |  0. |  1. |
|  0. | -1. |  0. ||  0. |  0. | -1. ||  0. | -1. |  0. |
|=====+=====+=====||=====+=====+=====||=====+=====+=====|
|  0. |  0. |  0. ||  0. |  0. |  0. ||* 0. |* 0. |* 1. |
|  0. |  0. |  0. || -1. |  1. |  0. ||* 1. |* 0. |* 0. |
|  0. |  0. |  0. ||  0. |  1. |  0. ||* 0. |* 0. |* 0. |


state to eval, currenty is playerone turn=true

|  0. |  0. |  0. ||  0. |  0. |  0. ||  0. |  0. |  0. |
|  0. |  0. |  0. ||  0. |  0. |  0. ||  0. |  0. |  0. |
|  0. |  0. |  0. ||  0. |  0. |  0. ||  0. |  0. | -1. |
|=====+=====+=====||=====+=====+=====||=====+=====+=====|
|  0. |  0. |  0. ||  0. |  0. |  0. ||  0. |  0. |  0. |
|  1. |  0. | -1. ||  0. |  0. |  0. ||  0. |  0. |  1. |
|  0. | -1. |  0. ||  0. |  0. | -1. ||  0. | -1. |  0. |
|=====+=====+=====||=====+=====+=====||=====+=====+=====|
|  0. |  0. |  0. ||  0. |  0. |  0. ||* 0. |* 0. |* 1. |
|  0. |  0. |  0. || -1. |  1. |  0. ||* 1. |* 0. |* 0. |
|  0. |  0. |  0. ||  0. |  1. |  0. ||* 0. |* 0. |* 0. |


Determined best move using: 90236Iterations
current State

|  0. |  0. |  0. ||  0. |  0. |  0. ||  0. |  0. |  0. |
|  0. |  0. |  0. ||  0. |  0. |  0. ||  0. |  0. |  0. |
|  0. |  0. |  0. ||  0. |  0. |  0. ||  0. |  0. | -1. |
|=====+=====+=====||=====+=====+=====||=====+=====+=====|
|  0. |  0. |  0. ||  0. |  0. |  0. ||  0. |  0. |  0. |
|  1. |  0. | -1. ||  0. |  0. |  0. ||  0. |  0. |  1. |
|  0. | -1. |  0. ||  0. |  0. | -1. ||  0. | -1. |  0. |
|=====+=====+=====||=====+=====+=====||=====+=====+=====|
|  0. |  0. |  0. ||  0. |  0. |  0. ||* 0. |* 0. |* 1. |
|  0. |  0. |  0. || -1. |  1. |  0. ||* 1. |* 0. |* 0. |
|  0. |  0. |  0. ||  0. |  1. |  0. ||* 0. |* 0. |* 1. |


state to eval, currenty is playerone turn=false

| -0. | -0. | -0. || -0. | -0. | -0. || -0. | -0. | -0. |
| -0. | -0. | -0. || -0. | -0. | -0. || -0. | -0. | -0. |
| -0. | -0. | -0. || -0. | -0. | -0. || -0. | -0. |  1. |
|=====+=====+=====||=====+=====+=====||=====+=====+=====|
| -0. | -0. | -0. || -0. | -0. | -0. || -0. | -0. | -0. |
| -1. | -0. |  1. || -0. | -0. | -0. || -0. | -0. | -1. |
| -0. |  1. | -0. || -0. | -0. |  1. || -0. |  1. | -0. |
|=====+=====+=====||=====+=====+=====||=====+=====+=====|
| -0. | -0. | -0. || -0. | -0. | -0. ||*-0. |*-0. |*-1. |
| -0. | -0. | -0. ||  1. | -1. | -0. ||*-1. |*-0. |*-0. |
| -0. | -0. | -0. || -0. | -1. | -0. ||*-0. |*-0. |*-1. |


Determined best move using: 93289Iterations
current State

|  0. |  0. |  0. ||* 0. |* 0. |* 0. ||  0. |  0. |  0. |
|  0. |  0. |  0. ||* 0. |* 0. |* 0. ||  0. |  0. |  0. |
|  0. |  0. |  0. ||* 0. |* 0. |* 0. ||  0. |  0. | -1. |
|=====+=====+=====||=====+=====+=====||=====+=====+=====|
|  0. |  0. |  0. ||  0. |  0. |  0. ||  0. |  0. |  0. |
|  1. |  0. | -1. ||  0. |  0. |  0. ||  0. |  0. |  1. |
|  0. | -1. |  0. ||  0. |  0. | -1. ||  0. | -1. |  0. |
|=====+=====+=====||=====+=====+=====||=====+=====+=====|
|  0. |  0. |  0. ||  0. |  0. |  0. ||  0. | -1. |  1. |
|  0. |  0. |  0. || -1. |  1. |  0. ||  1. |  0. |  0. |
|  0. |  0. |  0. ||  0. |  1. |  0. ||  0. |  0. |  1. |


state to eval, currenty is playerone turn=true

|  0. |  0. |  0. ||* 0. |* 0. |* 0. ||  0. |  0. |  0. |
|  0. |  0. |  0. ||* 0. |* 0. |* 0. ||  0. |  0. |  0. |
|  0. |  0. |  0. ||* 0. |* 0. |* 0. ||  0. |  0. | -1. |
|=====+=====+=====||=====+=====+=====||=====+=====+=====|
|  0. |  0. |  0. ||  0. |  0. |  0. ||  0. |  0. |  0. |
|  1. |  0. | -1. ||  0. |  0. |  0. ||  0. |  0. |  1. |
|  0. | -1. |  0. ||  0. |  0. | -1. ||  0. | -1. |  0. |
|=====+=====+=====||=====+=====+=====||=====+=====+=====|
|  0. |  0. |  0. ||  0. |  0. |  0. ||  0. | -1. |  1. |
|  0. |  0. |  0. || -1. |  1. |  0. ||  1. |  0. |  0. |
|  0. |  0. |  0. ||  0. |  1. |  0. ||  0. |  0. |  1. |


Determined best move using: 93623Iterations
current State

|  0. |  0. |  0. ||  0. |  0. |  0. ||  0. |  0. |  0. |
|  0. |  0. |  0. ||  0. |  0. |  0. ||  0. |  0. |  0. |
|  0. |  0. |  0. ||  0. |  0. |  1. ||  0. |  0. | -1. |
|=====+=====+=====||=====+=====+=====||=====+=====+=====|
|  0. |  0. |  0. ||  0. |  0. |  0. ||  0. |  0. |  0. |
|  1. |  0. | -1. ||  0. |  0. |  0. ||  0. |  0. |  1. |
|  0. | -1. |  0. ||  0. |  0. | -1. ||  0. | -1. |  0. |
|=====+=====+=====||=====+=====+=====||=====+=====+=====|
|  0. |  0. |  0. ||  0. |  0. |  0. ||* 0. |*-1. |* 1. |
|  0. |  0. |  0. || -1. |  1. |  0. ||* 1. |* 0. |* 0. |
|  0. |  0. |  0. ||  0. |  1. |  0. ||* 0. |* 0. |* 1. |


state to eval, currenty is playerone turn=false

| -0. | -0. | -0. || -0. | -0. | -0. || -0. | -0. | -0. |
| -0. | -0. | -0. || -0. | -0. | -0. || -0. | -0. | -0. |
| -0. | -0. | -0. || -0. | -0. | -1. || -0. | -0. |  1. |
|=====+=====+=====||=====+=====+=====||=====+=====+=====|
| -0. | -0. | -0. || -0. | -0. | -0. || -0. | -0. | -0. |
| -1. | -0. |  1. || -0. | -0. | -0. || -0. | -0. | -1. |
| -0. |  1. | -0. || -0. | -0. |  1. || -0. |  1. | -0. |
|=====+=====+=====||=====+=====+=====||=====+=====+=====|
| -0. | -0. | -0. || -0. | -0. | -0. ||*-0. |* 1. |*-1. |
| -0. | -0. | -0. ||  1. | -1. | -0. ||*-1. |*-0. |*-0. |
| -0. | -0. | -0. || -0. | -1. | -0. ||*-0. |*-0. |*-1. |


Determined best move using: 97768Iterations
current State

|  0. |  0. |  0. ||  0. |  0. |  0. ||  0. |  0. |  0. |
|  0. |  0. |  0. ||  0. |  0. |  0. ||  0. |  0. |  0. |
|  0. |  0. |  0. ||  0. |  0. |  1. ||  0. |  0. | -1. |
|=====+=====+=====||=====+=====+=====||=====+=====+=====|
|  0. |  0. |  0. ||  0. |  0. |  0. ||  0. |  0. |  0. |
|  1. |  0. | -1. ||  0. |  0. |  0. ||  0. |  0. |  1. |
|  0. | -1. |  0. ||  0. |  0. | -1. ||  0. | -1. |  0. |
|=====+=====+=====||=====+=====+=====||=====+=====+=====|
|* 0. |* 0. |* 0. ||  0. |  0. |  0. ||  0. | -1. |  1. |
|* 0. |* 0. |* 0. || -1. |  1. |  0. ||  1. |  0. |  0. |
|* 0. |* 0. |* 0. ||  0. |  1. |  0. || -1. |  0. |  1. |


state to eval, currenty is playerone turn=true

|  0. |  0. |  0. ||  0. |  0. |  0. ||  0. |  0. |  0. |
|  0. |  0. |  0. ||  0. |  0. |  0. ||  0. |  0. |  0. |
|  0. |  0. |  0. ||  0. |  0. |  1. ||  0. |  0. | -1. |
|=====+=====+=====||=====+=====+=====||=====+=====+=====|
|  0. |  0. |  0. ||  0. |  0. |  0. ||  0. |  0. |  0. |
|  1. |  0. | -1. ||  0. |  0. |  0. ||  0. |  0. |  1. |
|  0. | -1. |  0. ||  0. |  0. | -1. ||  0. | -1. |  0. |
|=====+=====+=====||=====+=====+=====||=====+=====+=====|
|* 0. |* 0. |* 0. ||  0. |  0. |  0. ||  0. | -1. |  1. |
|* 0. |* 0. |* 0. || -1. |  1. |  0. ||  1. |  0. |  0. |
|* 0. |* 0. |* 0. ||  0. |  1. |  0. || -1. |  0. |  1. |


Determined best move using: 99173Iterations
current State

|  0. |  0. |  0. ||  0. |  0. |  0. ||  0. |  0. |  0. |
|  0. |  0. |  0. ||  0. |  0. |  0. ||  0. |  0. |  0. |
|  0. |  0. |  0. ||  0. |  0. |  1. ||  0. |  0. | -1. |
|=====+=====+=====||=====+=====+=====||=====+=====+=====|
|  0. |  0. |  0. ||  0. |  0. |  0. ||* 0. |* 0. |* 0. |
|  1. |  0. | -1. ||  0. |  0. |  0. ||* 0. |* 0. |* 1. |
|  0. | -1. |  0. ||  0. |  0. | -1. ||* 0. |*-1. |* 0. |
|=====+=====+=====||=====+=====+=====||=====+=====+=====|
|  0. |  0. |  0. ||  0. |  0. |  0. ||  0. | -1. |  1. |
|  0. |  0. |  1. || -1. |  1. |  0. ||  1. |  0. |  0. |
|  0. |  0. |  0. ||  0. |  1. |  0. || -1. |  0. |  1. |


state to eval, currenty is playerone turn=false

| -0. | -0. | -0. || -0. | -0. | -0. || -0. | -0. | -0. |
| -0. | -0. | -0. || -0. | -0. | -0. || -0. | -0. | -0. |
| -0. | -0. | -0. || -0. | -0. | -1. || -0. | -0. |  1. |
|=====+=====+=====||=====+=====+=====||=====+=====+=====|
| -0. | -0. | -0. || -0. | -0. | -0. ||*-0. |*-0. |*-0. |
| -1. | -0. |  1. || -0. | -0. | -0. ||*-0. |*-0. |*-1. |
| -0. |  1. | -0. || -0. | -0. |  1. ||*-0. |* 1. |*-0. |
|=====+=====+=====||=====+=====+=====||=====+=====+=====|
| -0. | -0. | -0. || -0. | -0. | -0. || -0. |  1. | -1. |
| -0. | -0. | -1. ||  1. | -1. | -0. || -1. | -0. | -0. |
| -0. | -0. | -0. || -0. | -1. | -0. ||  1. | -0. | -1. |


Determined best move using: 101507Iterations
current State

|  0. |  0. |  0. ||* 0. |* 0. |* 0. ||  0. |  0. |  0. |
|  0. |  0. |  0. ||* 0. |* 0. |* 0. ||  0. |  0. |  0. |
|  0. |  0. |  0. ||* 0. |* 0. |* 1. ||  0. |  0. | -1. |
|=====+=====+=====||=====+=====+=====||=====+=====+=====|
|  0. |  0. |  0. ||  0. |  0. |  0. ||  0. | -1. |  0. |
|  1. |  0. | -1. ||  0. |  0. |  0. ||  0. |  0. |  1. |
|  0. | -1. |  0. ||  0. |  0. | -1. ||  0. | -1. |  0. |
|=====+=====+=====||=====+=====+=====||=====+=====+=====|
|  0. |  0. |  0. ||  0. |  0. |  0. ||  0. | -1. |  1. |
|  0. |  0. |  1. || -1. |  1. |  0. ||  1. |  0. |  0. |
|  0. |  0. |  0. ||  0. |  1. |  0. || -1. |  0. |  1. |


state to eval, currenty is playerone turn=true

|  0. |  0. |  0. ||* 0. |* 0. |* 0. ||  0. |  0. |  0. |
|  0. |  0. |  0. ||* 0. |* 0. |* 0. ||  0. |  0. |  0. |
|  0. |  0. |  0. ||* 0. |* 0. |* 1. ||  0. |  0. | -1. |
|=====+=====+=====||=====+=====+=====||=====+=====+=====|
|  0. |  0. |  0. ||  0. |  0. |  0. ||  0. | -1. |  0. |
|  1. |  0. | -1. ||  0. |  0. |  0. ||  0. |  0. |  1. |
|  0. | -1. |  0. ||  0. |  0. | -1. ||  0. | -1. |  0. |
|=====+=====+=====||=====+=====+=====||=====+=====+=====|
|  0. |  0. |  0. ||  0. |  0. |  0. ||  0. | -1. |  1. |
|  0. |  0. |  1. || -1. |  1. |  0. ||  1. |  0. |  0. |
|  0. |  0. |  0. ||  0. |  1. |  0. || -1. |  0. |  1. |


Determined best move using: 104379Iterations
current State

|  0. |  0. |  0. ||  0. |  0. |  0. ||  0. |  0. |  0. |
|  0. |  0. |  0. ||  0. |  1. |  0. ||  0. |  0. |  0. |
|  0. |  0. |  0. ||  0. |  0. |  1. ||  0. |  0. | -1. |
|=====+=====+=====||=====+=====+=====||=====+=====+=====|
|  0. |  0. |  0. ||* 0. |* 0. |* 0. ||  0. | -1. |  0. |
|  1. |  0. | -1. ||* 0. |* 0. |* 0. ||  0. |  0. |  1. |
|  0. | -1. |  0. ||* 0. |* 0. |*-1. ||  0. | -1. |  0. |
|=====+=====+=====||=====+=====+=====||=====+=====+=====|
|  0. |  0. |  0. ||  0. |  0. |  0. ||  0. | -1. |  1. |
|  0. |  0. |  1. || -1. |  1. |  0. ||  1. |  0. |  0. |
|  0. |  0. |  0. ||  0. |  1. |  0. || -1. |  0. |  1. |


state to eval, currenty is playerone turn=false

| -0. | -0. | -0. || -0. | -0. | -0. || -0. | -0. | -0. |
| -0. | -0. | -0. || -0. | -1. | -0. || -0. | -0. | -0. |
| -0. | -0. | -0. || -0. | -0. | -1. || -0. | -0. |  1. |
|=====+=====+=====||=====+=====+=====||=====+=====+=====|
| -0. | -0. | -0. ||*-0. |*-0. |*-0. || -0. |  1. | -0. |
| -1. | -0. |  1. ||*-0. |*-0. |*-0. || -0. | -0. | -1. |
| -0. |  1. | -0. ||*-0. |*-0. |* 1. || -0. |  1. | -0. |
|=====+=====+=====||=====+=====+=====||=====+=====+=====|
| -0. | -0. | -0. || -0. | -0. | -0. || -0. |  1. | -1. |
| -0. | -0. | -1. ||  1. | -1. | -0. || -1. | -0. | -0. |
| -0. | -0. | -0. || -0. | -1. | -0. ||  1. | -0. | -1. |


Determined best move using: 105501Iterations
current State

|  0. |  0. |  0. ||  0. |  0. |  0. ||  0. |  0. |  0. |
|  0. |  0. |  0. ||  0. |  1. |  0. ||  0. |  0. |  0. |
|  0. |  0. |  0. ||  0. |  0. |  1. ||  0. |  0. | -1. |
|=====+=====+=====||=====+=====+=====||=====+=====+=====|
|  0. |  0. |  0. ||* 0. |* 0. |* 0. ||  0. | -1. |  0. |
|  1. |  0. | -1. ||* 0. |*-1. |* 0. ||  0. |  0. |  1. |
|  0. | -1. |  0. ||* 0. |* 0. |*-1. ||  0. | -1. |  0. |
|=====+=====+=====||=====+=====+=====||=====+=====+=====|
|  0. |  0. |  0. ||  0. |  0. |  0. ||  0. | -1. |  1. |
|  0. |  0. |  1. || -1. |  1. |  0. ||  1. |  0. |  0. |
|  0. |  0. |  0. ||  0. |  1. |  0. || -1. |  0. |  1. |


state to eval, currenty is playerone turn=true

|  0. |  0. |  0. ||  0. |  0. |  0. ||  0. |  0. |  0. |
|  0. |  0. |  0. ||  0. |  1. |  0. ||  0. |  0. |  0. |
|  0. |  0. |  0. ||  0. |  0. |  1. ||  0. |  0. | -1. |
|=====+=====+=====||=====+=====+=====||=====+=====+=====|
|  0. |  0. |  0. ||* 0. |* 0. |* 0. ||  0. | -1. |  0. |
|  1. |  0. | -1. ||* 0. |*-1. |* 0. ||  0. |  0. |  1. |
|  0. | -1. |  0. ||* 0. |* 0. |*-1. ||  0. | -1. |  0. |
|=====+=====+=====||=====+=====+=====||=====+=====+=====|
|  0. |  0. |  0. ||  0. |  0. |  0. ||  0. | -1. |  1. |
|  0. |  0. |  1. || -1. |  1. |  0. ||  1. |  0. |  0. |
|  0. |  0. |  0. ||  0. |  1. |  0. || -1. |  0. |  1. |


Determined best move using: 109171Iterations
current State

|  0. |  0. |  0. ||  0. |  0. |  0. ||* 0. |* 0. |* 0. |
|  0. |  0. |  0. ||  0. |  1. |  0. ||* 0. |* 0. |* 0. |
|  0. |  0. |  0. ||  0. |  0. |  1. ||* 0. |* 0. |*-1. |
|=====+=====+=====||=====+=====+=====||=====+=====+=====|
|  0. |  0. |  0. ||  0. |  0. |  1. ||  0. | -1. |  0. |
|  1. |  0. | -1. ||  0. | -1. |  0. ||  0. |  0. |  1. |
|  0. | -1. |  0. ||  0. |  0. | -1. ||  0. | -1. |  0. |
|=====+=====+=====||=====+=====+=====||=====+=====+=====|
|  0. |  0. |  0. ||  0. |  0. |  0. ||  0. | -1. |  1. |
|  0. |  0. |  1. || -1. |  1. |  0. ||  1. |  0. |  0. |
|  0. |  0. |  0. ||  0. |  1. |  0. || -1. |  0. |  1. |


state to eval, currenty is playerone turn=false

| -0. | -0. | -0. || -0. | -0. | -0. ||*-0. |*-0. |*-0. |
| -0. | -0. | -0. || -0. | -1. | -0. ||*-0. |*-0. |*-0. |
| -0. | -0. | -0. || -0. | -0. | -1. ||*-0. |*-0. |* 1. |
|=====+=====+=====||=====+=====+=====||=====+=====+=====|
| -0. | -0. | -0. || -0. | -0. | -1. || -0. |  1. | -0. |
| -1. | -0. |  1. || -0. |  1. | -0. || -0. | -0. | -1. |
| -0. |  1. | -0. || -0. | -0. |  1. || -0. |  1. | -0. |
|=====+=====+=====||=====+=====+=====||=====+=====+=====|
| -0. | -0. | -0. || -0. | -0. | -0. || -0. |  1. | -1. |
| -0. | -0. | -1. ||  1. | -1. | -0. || -1. | -0. | -0. |
| -0. | -0. | -0. || -0. | -1. | -0. ||  1. | -0. | -1. |


Determined best move using: 108549Iterations
current State

|* 0. |* 0. |* 0. ||  0. |  0. |  0. || -1. |  0. |  0. |
|* 0. |* 0. |* 0. ||  0. |  1. |  0. ||  0. |  0. |  0. |
|* 0. |* 0. |* 0. ||  0. |  0. |  1. ||  0. |  0. | -1. |
|=====+=====+=====||=====+=====+=====||=====+=====+=====|
|  0. |  0. |  0. ||  0. |  0. |  1. ||  0. | -1. |  0. |
|  1. |  0. | -1. ||  0. | -1. |  0. ||  0. |  0. |  1. |
|  0. | -1. |  0. ||  0. |  0. | -1. ||  0. | -1. |  0. |
|=====+=====+=====||=====+=====+=====||=====+=====+=====|
|  0. |  0. |  0. ||  0. |  0. |  0. ||  0. | -1. |  1. |
|  0. |  0. |  1. || -1. |  1. |  0. ||  1. |  0. |  0. |
|  0. |  0. |  0. ||  0. |  1. |  0. || -1. |  0. |  1. |


state to eval, currenty is playerone turn=true

|* 0. |* 0. |* 0. ||  0. |  0. |  0. || -1. |  0. |  0. |
|* 0. |* 0. |* 0. ||  0. |  1. |  0. ||  0. |  0. |  0. |
|* 0. |* 0. |* 0. ||  0. |  0. |  1. ||  0. |  0. | -1. |
|=====+=====+=====||=====+=====+=====||=====+=====+=====|
|  0. |  0. |  0. ||  0. |  0. |  1. ||  0. | -1. |  0. |
|  1. |  0. | -1. ||  0. | -1. |  0. ||  0. |  0. |  1. |
|  0. | -1. |  0. ||  0. |  0. | -1. ||  0. | -1. |  0. |
|=====+=====+=====||=====+=====+=====||=====+=====+=====|
|  0. |  0. |  0. ||  0. |  0. |  0. ||  0. | -1. |  1. |
|  0. |  0. |  1. || -1. |  1. |  0. ||  1. |  0. |  0. |
|  0. |  0. |  0. ||  0. |  1. |  0. || -1. |  0. |  1. |


Determined best move using: 112060Iterations
current State

|  0. |  0. |  0. ||  0. |  0. |  0. || -1. |  0. |  0. |
|  0. |  0. |  0. ||  0. |  1. |  0. ||  0. |  0. |  0. |
|  1. |  0. |  0. ||  0. |  0. |  1. ||  0. |  0. | -1. |
|=====+=====+=====||=====+=====+=====||=====+=====+=====|
|  0. |  0. |  0. ||  0. |  0. |  1. ||  0. | -1. |  0. |
|  1. |  0. | -1. ||  0. | -1. |  0. ||  0. |  0. |  1. |
|  0. | -1. |  0. ||  0. |  0. | -1. ||  0. | -1. |  0. |
|=====+=====+=====||=====+=====+=====||=====+=====+=====|
|* 0. |* 0. |* 0. ||  0. |  0. |  0. ||  0. | -1. |  1. |
|* 0. |* 0. |* 1. || -1. |  1. |  0. ||  1. |  0. |  0. |
|* 0. |* 0. |* 0. ||  0. |  1. |  0. || -1. |  0. |  1. |


state to eval, currenty is playerone turn=false

| -0. | -0. | -0. || -0. | -0. | -0. ||  1. | -0. | -0. |
| -0. | -0. | -0. || -0. | -1. | -0. || -0. | -0. | -0. |
| -1. | -0. | -0. || -0. | -0. | -1. || -0. | -0. |  1. |
|=====+=====+=====||=====+=====+=====||=====+=====+=====|
| -0. | -0. | -0. || -0. | -0. | -1. || -0. |  1. | -0. |
| -1. | -0. |  1. || -0. |  1. | -0. || -0. | -0. | -1. |
| -0. |  1. | -0. || -0. | -0. |  1. || -0. |  1. | -0. |
|=====+=====+=====||=====+=====+=====||=====+=====+=====|
|*-0. |*-0. |*-0. || -0. | -0. | -0. || -0. |  1. | -1. |
|*-0. |*-0. |*-1. ||  1. | -1. | -0. || -1. | -0. | -0. |
|*-0. |*-0. |*-0. || -0. | -1. | -0. ||  1. | -0. | -1. |


Determined best move using: 112232Iterations
current State

|  0. |  0. |  0. ||  0. |  0. |  0. || -1. |  0. |  0. |
|  0. |  0. |  0. ||  0. |  1. |  0. ||  0. |  0. |  0. |
|  1. |  0. |  0. ||  0. |  0. |  1. ||  0. |  0. | -1. |
|=====+=====+=====||=====+=====+=====||=====+=====+=====|
|  0. |  0. |  0. ||  0. |  0. |  1. ||  0. | -1. |  0. |
|  1. |  0. | -1. ||  0. | -1. |  0. ||  0. |  0. |  1. |
|  0. | -1. |  0. ||  0. |  0. | -1. ||  0. | -1. |  0. |
|=====+=====+=====||=====+=====+=====||=====+=====+=====|
|  0. |  0. |  0. ||* 0. |* 0. |* 0. ||  0. | -1. |  1. |
|  0. |  0. |  1. ||*-1. |* 1. |* 0. ||  1. |  0. |  0. |
|  0. | -1. |  0. ||* 0. |* 1. |* 0. || -1. |  0. |  1. |


state to eval, currenty is playerone turn=true

|  0. |  0. |  0. ||  0. |  0. |  0. || -1. |  0. |  0. |
|  0. |  0. |  0. ||  0. |  1. |  0. ||  0. |  0. |  0. |
|  1. |  0. |  0. ||  0. |  0. |  1. ||  0. |  0. | -1. |
|=====+=====+=====||=====+=====+=====||=====+=====+=====|
|  0. |  0. |  0. ||  0. |  0. |  1. ||  0. | -1. |  0. |
|  1. |  0. | -1. ||  0. | -1. |  0. ||  0. |  0. |  1. |
|  0. | -1. |  0. ||  0. |  0. | -1. ||  0. | -1. |  0. |
|=====+=====+=====||=====+=====+=====||=====+=====+=====|
|  0. |  0. |  0. ||* 0. |* 0. |* 0. ||  0. | -1. |  1. |
|  0. |  0. |  1. ||*-1. |* 1. |* 0. ||  1. |  0. |  0. |
|  0. | -1. |  0. ||* 0. |* 1. |* 0. || -1. |  0. |  1. |


Determined best move using: 117956Iterations
current State

|  0. |  0. |  0. ||* 0. |* 0. |* 0. || -1. |  0. |  0. |
|  0. |  0. |  0. ||* 0. |* 1. |* 0. ||  0. |  0. |  0. |
|  1. |  0. |  0. ||* 0. |* 0. |* 1. ||  0. |  0. | -1. |
|=====+=====+=====||=====+=====+=====||=====+=====+=====|
|  0. |  0. |  0. ||  0. |  0. |  1. ||  0. | -1. |  0. |
|  1. |  0. | -1. ||  0. | -1. |  0. ||  0. |  0. |  1. |
|  0. | -1. |  0. ||  0. |  0. | -1. ||  0. | -1. |  0. |
|=====+=====+=====||=====+=====+=====||=====+=====+=====|
|  0. |  0. |  0. ||  0. |  1. |  0. ||  0. | -1. |  1. |
|  0. |  0. |  1. || -1. |  1. |  0. ||  1. |  0. |  0. |
|  0. | -1. |  0. ||  0. |  1. |  0. || -1. |  0. |  1. |


state to eval, currenty is playerone turn=false

| -0. | -0. | -0. ||*-0. |*-0. |*-0. ||  1. | -0. | -0. |
| -0. | -0. | -0. ||*-0. |*-1. |*-0. || -0. | -0. | -0. |
| -1. | -0. | -0. ||*-0. |*-0. |*-1. || -0. | -0. |  1. |
|=====+=====+=====||=====+=====+=====||=====+=====+=====|
| -0. | -0. | -0. || -0. | -0. | -1. || -0. |  1. | -0. |
| -1. | -0. |  1. || -0. |  1. | -0. || -0. | -0. | -1. |
| -0. |  1. | -0. || -0. | -0. |  1. || -0. |  1. | -0. |
|=====+=====+=====||=====+=====+=====||=====+=====+=====|
| -0. | -0. | -0. || -0. | -1. | -0. || -0. |  1. | -1. |
| -0. | -0. | -1. ||  1. | -1. | -0. || -1. | -0. | -0. |
| -0. |  1. | -0. || -0. | -1. | -0. ||  1. | -0. | -1. |


Determined best move using: 121859Iterations
current State

|  0. |  0. |  0. ||  0. |  0. |  0. || -1. |  0. |  0. |
|  0. |  0. |  0. ||  0. |  1. |  0. ||  0. |  0. |  0. |
|  1. |  0. |  0. || -1. |  0. |  1. ||  0. |  0. | -1. |
|=====+=====+=====||=====+=====+=====||=====+=====+=====|
|  0. |  0. |  0. ||  0. |  0. |  1. ||  0. | -1. |  0. |
|  1. |  0. | -1. ||  0. | -1. |  0. ||  0. |  0. |  1. |
|  0. | -1. |  0. ||  0. |  0. | -1. ||  0. | -1. |  0. |
|=====+=====+=====||=====+=====+=====||=====+=====+=====|
|* 0. |* 0. |* 0. ||  0. |  1. |  0. ||  0. | -1. |  1. |
|* 0. |* 0. |* 1. || -1. |  1. |  0. ||  1. |  0. |  0. |
|* 0. |*-1. |* 0. ||  0. |  1. |  0. || -1. |  0. |  1. |


state to eval, currenty is playerone turn=true

|  0. |  0. |  0. ||  0. |  0. |  0. || -1. |  0. |  0. |
|  0. |  0. |  0. ||  0. |  1. |  0. ||  0. |  0. |  0. |
|  1. |  0. |  0. || -1. |  0. |  1. ||  0. |  0. | -1. |
|=====+=====+=====||=====+=====+=====||=====+=====+=====|
|  0. |  0. |  0. ||  0. |  0. |  1. ||  0. | -1. |  0. |
|  1. |  0. | -1. ||  0. | -1. |  0. ||  0. |  0. |  1. |
|  0. | -1. |  0. ||  0. |  0. | -1. ||  0. | -1. |  0. |
|=====+=====+=====||=====+=====+=====||=====+=====+=====|
|* 0. |* 0. |* 0. ||  0. |  1. |  0. ||  0. | -1. |  1. |
|* 0. |* 0. |* 1. || -1. |  1. |  0. ||  1. |  0. |  0. |
|* 0. |*-1. |* 0. ||  0. |  1. |  0. || -1. |  0. |  1. |


Determined best move using: 127160Iterations
current State

|  0. |  0. |  0. ||  0. |  0. |  0. || -1. |  0. |  0. |
|  0. |  0. |  0. ||  0. |  1. |  0. ||  0. |  0. |  0. |
|  1. |  0. |  0. || -1. |  0. |  1. ||  0. |  0. | -1. |
|=====+=====+=====||=====+=====+=====||=====+=====+=====|
|* 0. |* 0. |* 0. ||  0. |  0. |  1. ||  0. | -1. |  0. |
|* 1. |* 0. |*-1. ||  0. | -1. |  0. ||  0. |  0. |  1. |
|* 0. |*-1. |* 0. ||  0. |  0. | -1. ||  0. | -1. |  0. |
|=====+=====+=====||=====+=====+=====||=====+=====+=====|
|  0. |  0. |  0. ||  0. |  1. |  0. ||  0. | -1. |  1. |
|  1. |  0. |  1. || -1. |  1. |  0. ||  1. |  0. |  0. |
|  0. | -1. |  0. ||  0. |  1. |  0. || -1. |  0. |  1. |


state to eval, currenty is playerone turn=false

| -0. | -0. | -0. || -0. | -0. | -0. ||  1. | -0. | -0. |
| -0. | -0. | -0. || -0. | -1. | -0. || -0. | -0. | -0. |
| -1. | -0. | -0. ||  1. | -0. | -1. || -0. | -0. |  1. |
|=====+=====+=====||=====+=====+=====||=====+=====+=====|
|*-0. |*-0. |*-0. || -0. | -0. | -1. || -0. |  1. | -0. |
|*-1. |*-0. |* 1. || -0. |  1. | -0. || -0. | -0. | -1. |
|*-0. |* 1. |*-0. || -0. | -0. |  1. || -0. |  1. | -0. |
|=====+=====+=====||=====+=====+=====||=====+=====+=====|
| -0. | -0. | -0. || -0. | -1. | -0. || -0. |  1. | -1. |
| -1. | -0. | -1. ||  1. | -1. | -0. || -1. | -0. | -0. |
| -0. |  1. | -0. || -0. | -1. | -0. ||  1. | -0. | -1. |


Determined best move using: 129271Iterations
current State

|  0. |  0. |  0. ||* 0. |* 0. |* 0. || -1. |  0. |  0. |
|  0. |  0. |  0. ||* 0. |* 1. |* 0. ||  0. |  0. |  0. |
|  1. |  0. |  0. ||*-1. |* 0. |* 1. ||  0. |  0. | -1. |
|=====+=====+=====||=====+=====+=====||=====+=====+=====|
|  0. | -1. |  0. ||  0. |  0. |  1. ||  0. | -1. |  0. |
|  1. |  0. | -1. ||  0. | -1. |  0. ||  0. |  0. |  1. |
|  0. | -1. |  0. ||  0. |  0. | -1. ||  0. | -1. |  0. |
|=====+=====+=====||=====+=====+=====||=====+=====+=====|
|  0. |  0. |  0. ||  0. |  1. |  0. ||  0. | -1. |  1. |
|  1. |  0. |  1. || -1. |  1. |  0. ||  1. |  0. |  0. |
|  0. | -1. |  0. ||  0. |  1. |  0. || -1. |  0. |  1. |


state to eval, currenty is playerone turn=true

|  0. |  0. |  0. ||* 0. |* 0. |* 0. || -1. |  0. |  0. |
|  0. |  0. |  0. ||* 0. |* 1. |* 0. ||  0. |  0. |  0. |
|  1. |  0. |  0. ||*-1. |* 0. |* 1. ||  0. |  0. | -1. |
|=====+=====+=====||=====+=====+=====||=====+=====+=====|
|  0. | -1. |  0. ||  0. |  0. |  1. ||  0. | -1. |  0. |
|  1. |  0. | -1. ||  0. | -1. |  0. ||  0. |  0. |  1. |
|  0. | -1. |  0. ||  0. |  0. | -1. ||  0. | -1. |  0. |
|=====+=====+=====||=====+=====+=====||=====+=====+=====|
|  0. |  0. |  0. ||  0. |  1. |  0. ||  0. | -1. |  1. |
|  1. |  0. |  1. || -1. |  1. |  0. ||  1. |  0. |  0. |
|  0. | -1. |  0. ||  0. |  1. |  0. || -1. |  0. |  1. |


Determined best move using: 133776Iterations
current State

|  0. |  0. |  0. ||  0. |  0. |  0. || -1. |  0. |  0. |
|  0. |  0. |  0. ||  1. |  1. |  0. ||  0. |  0. |  0. |
|  1. |  0. |  0. || -1. |  0. |  1. ||  0. |  0. | -1. |
|=====+=====+=====||=====+=====+=====||=====+=====+=====|
|* 0. |*-1. |* 0. ||  0. |  0. |  1. ||  0. | -1. |  0. |
|* 1. |* 0. |*-1. ||  0. | -1. |  0. ||  0. |  0. |  1. |
|* 0. |*-1. |* 0. ||  0. |  0. | -1. ||  0. | -1. |  0. |
|=====+=====+=====||=====+=====+=====||=====+=====+=====|
|  0. |  0. |  0. ||  0. |  1. |  0. ||  0. | -1. |  1. |
|  1. |  0. |  1. || -1. |  1. |  0. ||  1. |  0. |  0. |
|  0. | -1. |  0. ||  0. |  1. |  0. || -1. |  0. |  1. |


state to eval, currenty is playerone turn=false

| -0. | -0. | -0. || -0. | -0. | -0. ||  1. | -0. | -0. |
| -0. | -0. | -0. || -1. | -1. | -0. || -0. | -0. | -0. |
| -1. | -0. | -0. ||  1. | -0. | -1. || -0. | -0. |  1. |
|=====+=====+=====||=====+=====+=====||=====+=====+=====|
|*-0. |* 1. |*-0. || -0. | -0. | -1. || -0. |  1. | -0. |
|*-1. |*-0. |* 1. || -0. |  1. | -0. || -0. | -0. | -1. |
|*-0. |* 1. |*-0. || -0. | -0. |  1. || -0. |  1. | -0. |
|=====+=====+=====||=====+=====+=====||=====+=====+=====|
| -0. | -0. | -0. || -0. | -1. | -0. || -0. |  1. | -1. |
| -1. | -0. | -1. ||  1. | -1. | -0. || -1. | -0. | -0. |
| -0. |  1. | -0. || -0. | -1. | -0. ||  1. | -0. | -1. |


Determined best move using: 145879Iterations
current State

|  0. |  0. |  0. ||  0. |  0. |  0. || -1. |  0. |  0. |
|  0. |  0. |  0. ||  1. |  1. |  0. ||  0. |  0. |  0. |
|  1. |  0. |  0. || -1. |  0. |  1. ||  0. |  0. | -1. |
|=====+=====+=====||=====+=====+=====||=====+=====+=====|
|  0. | -1. |  0. ||* 0. |* 0. |* 1. ||  0. | -1. |  0. |
|  1. | -1. | -1. ||* 0. |*-1. |* 0. ||  0. |  0. |  1. |
|  0. | -1. |  0. ||* 0. |* 0. |*-1. ||  0. | -1. |  0. |
|=====+=====+=====||=====+=====+=====||=====+=====+=====|
|  0. |  0. |  0. ||  0. |  1. |  0. ||  0. | -1. |  1. |
|  1. |  0. |  1. || -1. |  1. |  0. ||  1. |  0. |  0. |
|  0. | -1. |  0. ||  0. |  1. |  0. || -1. |  0. |  1. |


state to eval, currenty is playerone turn=true

|  0. |  0. |  0. ||  0. |  0. |  0. || -1. |  0. |  0. |
|  0. |  0. |  0. ||  1. |  1. |  0. ||  0. |  0. |  0. |
|  1. |  0. |  0. || -1. |  0. |  1. ||  0. |  0. | -1. |
|=====+=====+=====||=====+=====+=====||=====+=====+=====|
|  0. | -1. |  0. ||* 0. |* 0. |* 1. ||  0. | -1. |  0. |
|  1. | -1. | -1. ||* 0. |*-1. |* 0. ||  0. |  0. |  1. |
|  0. | -1. |  0. ||* 0. |* 0. |*-1. ||  0. | -1. |  0. |
|=====+=====+=====||=====+=====+=====||=====+=====+=====|
|  0. |  0. |  0. ||  0. |  1. |  0. ||  0. | -1. |  1. |
|  1. |  0. |  1. || -1. |  1. |  0. ||  1. |  0. |  0. |
|  0. | -1. |  0. ||  0. |  1. |  0. || -1. |  0. |  1. |


Determined best move using: 152943Iterations
current State

|  0. |  0. |  0. ||  0. |  0. |  0. || -1. |  0. |  0. |
|  0. |  0. |  0. ||  1. |  1. |  0. ||  0. |  0. |  0. |
|  1. |  0. |  0. || -1. |  0. |  1. ||  0. |  0. | -1. |
|=====+=====+=====||=====+=====+=====||=====+=====+=====|
|  0. | -1. |  0. ||  0. |  0. |  1. ||* 0. |*-1. |* 0. |
|  1. | -1. | -1. ||  0. | -1. |  1. ||* 0. |* 0. |* 1. |
|  0. | -1. |  0. ||  0. |  0. | -1. ||* 0. |*-1. |* 0. |
|=====+=====+=====||=====+=====+=====||=====+=====+=====|
|  0. |  0. |  0. ||  0. |  1. |  0. ||  0. | -1. |  1. |
|  1. |  0. |  1. || -1. |  1. |  0. ||  1. |  0. |  0. |
|  0. | -1. |  0. ||  0. |  1. |  0. || -1. |  0. |  1. |


state to eval, currenty is playerone turn=false

| -0. | -0. | -0. || -0. | -0. | -0. ||  1. | -0. | -0. |
| -0. | -0. | -0. || -1. | -1. | -0. || -0. | -0. | -0. |
| -1. | -0. | -0. ||  1. | -0. | -1. || -0. | -0. |  1. |
|=====+=====+=====||=====+=====+=====||=====+=====+=====|
| -0. |  1. | -0. || -0. | -0. | -1. ||*-0. |* 1. |*-0. |
| -1. |  1. |  1. || -0. |  1. | -1. ||*-0. |*-0. |*-1. |
| -0. |  1. | -0. || -0. | -0. |  1. ||*-0. |* 1. |*-0. |
|=====+=====+=====||=====+=====+=====||=====+=====+=====|
| -0. | -0. | -0. || -0. | -1. | -0. || -0. |  1. | -1. |
| -1. | -0. | -1. ||  1. | -1. | -0. || -1. | -0. | -0. |
| -0. |  1. | -0. || -0. | -1. | -0. ||  1. | -0. | -1. |


Determined best move using: 148143Iterations
current State

|* 0. |* 0. |* 0. ||  0. |  0. |  0. || -1. |  0. |  0. |
|* 0. |* 0. |* 0. ||  1. |  1. |  0. ||  0. |  0. |  0. |
|* 1. |* 0. |* 0. || -1. |  0. |  1. ||  0. |  0. | -1. |
|=====+=====+=====||=====+=====+=====||=====+=====+=====|
|  0. | -1. |  0. ||  0. |  0. |  1. || -1. | -1. |  0. |
|  1. | -1. | -1. ||  0. | -1. |  1. ||  0. |  0. |  1. |
|  0. | -1. |  0. ||  0. |  0. | -1. ||  0. | -1. |  0. |
|=====+=====+=====||=====+=====+=====||=====+=====+=====|
|  0. |  0. |  0. ||  0. |  1. |  0. ||  0. | -1. |  1. |
|  1. |  0. |  1. || -1. |  1. |  0. ||  1. |  0. |  0. |
|  0. | -1. |  0. ||  0. |  1. |  0. || -1. |  0. |  1. |


state to eval, currenty is playerone turn=true

|* 0. |* 0. |* 0. ||  0. |  0. |  0. || -1. |  0. |  0. |
|* 0. |* 0. |* 0. ||  1. |  1. |  0. ||  0. |  0. |  0. |
|* 1. |* 0. |* 0. || -1. |  0. |  1. ||  0. |  0. | -1. |
|=====+=====+=====||=====+=====+=====||=====+=====+=====|
|  0. | -1. |  0. ||  0. |  0. |  1. || -1. | -1. |  0. |
|  1. | -1. | -1. ||  0. | -1. |  1. ||  0. |  0. |  1. |
|  0. | -1. |  0. ||  0. |  0. | -1. ||  0. | -1. |  0. |
|=====+=====+=====||=====+=====+=====||=====+=====+=====|
|  0. |  0. |  0. ||  0. |  1. |  0. ||  0. | -1. |  1. |
|  1. |  0. |  1. || -1. |  1. |  0. ||  1. |  0. |  0. |
|  0. | -1. |  0. ||  0. |  1. |  0. || -1. |  0. |  1. |


Determined best move using: 165742Iterations
Determined best move using: 1101888Iterations
current State

|* 1. |* 0. |* 0. ||  0. |  0. |  0. || -1. |  0. |  0. |
|* 0. |* 0. |* 0. ||  1. |  1. |  0. ||  0. |  0. |  0. |
|* 1. |* 0. |* 0. || -1. |  0. |  1. ||  0. |  0. | -1. |
|=====+=====+=====||=====+=====+=====||=====+=====+=====|
|  0. | -1. |  0. ||  0. |  0. |  1. || -1. | -1. |  0. |
|  1. | -1. | -1. ||  0. | -1. |  1. ||  0. |  0. |  1. |
|  0. | -1. |  0. ||  0. |  0. | -1. ||  0. | -1. |  0. |
|=====+=====+=====||=====+=====+=====||=====+=====+=====|
|  0. |  0. |  0. ||  0. |  1. |  0. ||  0. | -1. |  1. |
|  1. |  0. |  1. || -1. |  1. |  0. ||  1. |  0. |  0. |
|  0. | -1. |  0. ||  0. |  1. |  0. || -1. |  0. |  1. |


state to eval, currenty is playerone turn=false

|*-1. |*-0. |*-0. || -0. | -0. | -0. ||  1. | -0. | -0. |
|*-0. |*-0. |*-0. || -1. | -1. | -0. || -0. | -0. | -0. |
|*-1. |*-0. |*-0. ||  1. | -0. | -1. || -0. | -0. |  1. |
|=====+=====+=====||=====+=====+=====||=====+=====+=====|
| -0. |  1. | -0. || -0. | -0. | -1. ||  1. |  1. | -0. |
| -1. |  1. |  1. || -0. |  1. | -1. || -0. | -0. | -1. |
| -0. |  1. | -0. || -0. | -0. |  1. || -0. |  1. | -0. |
|=====+=====+=====||=====+=====+=====||=====+=====+=====|
| -0. | -0. | -0. || -0. | -1. | -0. || -0. |  1. | -1. |
| -1. | -0. | -1. ||  1. | -1. | -0. || -1. | -0. | -0. |
| -0. |  1. | -0. || -0. | -1. | -0. ||  1. | -0. | -1. |


Determined best move using: 177298Iterations
Determined best move using: 2452709Iterations
current State

|  1. |  0. |  0. ||  0. |  0. |  0. || -1. |  0. |  0. |
|  0. |  0. |  0. ||  1. |  1. |  0. ||  0. |  0. |  0. |
|  1. |  0. | -1. || -1. |  0. |  1. ||  0. |  0. | -1. |
|=====+=====+=====||=====+=====+=====||=====+=====+=====|
|  0. | -1. |  0. ||  0. |  0. |  1. || -1. | -1. |  0. |
|  1. | -1. | -1. ||  0. | -1. |  1. ||  0. |  0. |  1. |
|  0. | -1. |  0. ||  0. |  0. | -1. ||  0. | -1. |  0. |
|=====+=====+=====||=====+=====+=====||=====+=====+=====|
|  0. |  0. |  0. ||  0. |  1. |  0. ||* 0. |*-1. |* 1. |
|  1. |  0. |  1. || -1. |  1. |  0. ||* 1. |* 0. |* 0. |
|  0. | -1. |  0. ||  0. |  1. |  0. ||*-1. |* 0. |* 1. |


state to eval, currenty is playerone turn=true

|  1. |  0. |  0. ||  0. |  0. |  0. || -1. |  0. |  0. |
|  0. |  0. |  0. ||  1. |  1. |  0. ||  0. |  0. |  0. |
|  1. |  0. | -1. || -1. |  0. |  1. ||  0. |  0. | -1. |
|=====+=====+=====||=====+=====+=====||=====+=====+=====|
|  0. | -1. |  0. ||  0. |  0. |  1. || -1. | -1. |  0. |
|  1. | -1. | -1. ||  0. | -1. |  1. ||  0. |  0. |  1. |
|  0. | -1. |  0. ||  0. |  0. | -1. ||  0. | -1. |  0. |
|=====+=====+=====||=====+=====+=====||=====+=====+=====|
|  0. |  0. |  0. ||  0. |  1. |  0. ||* 0. |*-1. |* 1. |
|  1. |  0. |  1. || -1. |  1. |  0. ||* 1. |* 0. |* 0. |
|  0. | -1. |  0. ||  0. |  1. |  0. ||*-1. |* 0. |* 1. |


Determined best move using: 1101297Iterations
current State

|  1. |  0. |  0. ||  0. |  0. |  0. || -1. |  0. |  0. |
|  0. |  0. |  0. ||  1. |  1. |  0. ||  0. |  0. |  0. |
|  1. |  0. | -1. || -1. |  0. |  1. ||  0. |  0. | -1. |
|=====+=====+=====||=====+=====+=====||=====+=====+=====|
|  0. | -1. |  0. ||  0. |  0. |  1. ||*-1. |*-1. |* 0. |
|  1. | -1. | -1. ||  0. | -1. |  1. ||* 0. |* 0. |* 1. |
|  0. | -1. |  0. ||  0. |  0. | -1. ||* 0. |*-1. |* 0. |
|=====+=====+=====||=====+=====+=====||=====+=====+=====|
|  0. |  0. |  0. ||  0. |  1. |  0. ||  0. | -1. |  1. |
|  1. |  0. |  1. || -1. |  1. |  0. ||  1. |  0. |  1. |
|  0. | -1. |  0. ||  0. |  1. |  0. || -1. |  0. |  1. |


state to eval, currenty is playerone turn=false

| -1. | -0. | -0. || -0. | -0. | -0. ||  1. | -0. | -0. |
| -0. | -0. | -0. || -1. | -1. | -0. || -0. | -0. | -0. |
| -1. | -0. |  1. ||  1. | -0. | -1. || -0. | -0. |  1. |
|=====+=====+=====||=====+=====+=====||=====+=====+=====|
| -0. |  1. | -0. || -0. | -0. | -1. ||* 1. |* 1. |*-0. |
| -1. |  1. |  1. || -0. |  1. | -1. ||*-0. |*-0. |*-1. |
| -0. |  1. | -0. || -0. | -0. |  1. ||*-0. |* 1. |*-0. |
|=====+=====+=====||=====+=====+=====||=====+=====+=====|
| -0. | -0. | -0. || -0. | -1. | -0. || -0. |  1. | -1. |
| -1. | -0. | -1. ||  1. | -1. | -0. || -1. | -0. | -1. |
| -0. |  1. | -0. || -0. | -1. | -0. ||  1. | -0. | -1. |


Determined best move using: 1356978Iterations
current State

|  1. |  0. |  0. ||  0. |  0. |  0. ||*-1. |* 0. |* 0. |
|  0. |  0. |  0. ||  1. |  1. |  0. ||* 0. |* 0. |* 0. |
|  1. |  0. | -1. || -1. |  0. |  1. ||* 0. |* 0. |*-1. |
|=====+=====+=====||=====+=====+=====||=====+=====+=====|
|  0. | -1. |  0. ||  0. |  0. |  1. || -1. | -1. | -1. |
|  1. | -1. | -1. ||  0. | -1. |  1. ||  0. |  0. |  1. |
|  0. | -1. |  0. ||  0. |  0. | -1. ||  0. | -1. |  0. |
|=====+=====+=====||=====+=====+=====||=====+=====+=====|
|  0. |  0. |  0. ||  0. |  1. |  0. ||  0. | -1. |  1. |
|  1. |  0. |  1. || -1. |  1. |  0. ||  1. |  0. |  1. |
|  0. | -1. |  0. ||  0. |  1. |  0. || -1. |  0. |  1. |


state to eval, currenty is playerone turn=true

|  1. |  0. |  0. ||  0. |  0. |  0. ||*-1. |* 0. |* 0. |
|  0. |  0. |  0. ||  1. |  1. |  0. ||* 0. |* 0. |* 0. |
|  1. |  0. | -1. || -1. |  0. |  1. ||* 0. |* 0. |*-1. |
|=====+=====+=====||=====+=====+=====||=====+=====+=====|
|  0. | -1. |  0. ||  0. |  0. |  1. || -1. | -1. | -1. |
|  1. | -1. | -1. ||  0. | -1. |  1. ||  0. |  0. |  1. |
|  0. | -1. |  0. ||  0. |  0. | -1. ||  0. | -1. |  0. |
|=====+=====+=====||=====+=====+=====||=====+=====+=====|
|  0. |  0. |  0. ||  0. |  1. |  0. ||  0. | -1. |  1. |
|  1. |  0. |  1. || -1. |  1. |  0. ||  1. |  0. |  1. |
|  0. | -1. |  0. ||  0. |  1. |  0. || -1. |  0. |  1. |


Determined best move using: 2286802Iterations
Determined best move using: 73511Iterations
current State

|  1. |  0. |  0. ||  0. |  0. |  0. ||*-1. |* 0. |* 1. |
|  0. |  0. |  0. ||  1. |  1. |  0. ||* 0. |* 0. |* 0. |
|  1. |  0. | -1. || -1. |  0. |  1. ||* 0. |* 0. |*-1. |
|=====+=====+=====||=====+=====+=====||=====+=====+=====|
|  0. | -1. |  0. ||  0. |  0. |  1. || -1. | -1. | -1. |
|  1. | -1. | -1. ||  0. | -1. |  1. ||  0. |  0. |  1. |
|  0. | -1. |  0. ||  0. |  0. | -1. ||  0. | -1. |  0. |
|=====+=====+=====||=====+=====+=====||=====+=====+=====|
|  0. |  0. |  0. ||  0. |  1. |  0. ||  0. | -1. |  1. |
|  1. |  0. |  1. || -1. |  1. |  0. ||  1. |  0. |  1. |
|  0. | -1. |  0. ||  0. |  1. |  0. || -1. |  0. |  1. |


state to eval, currenty is playerone turn=false

| -1. | -0. | -0. || -0. | -0. | -0. ||* 1. |*-0. |*-1. |
| -0. | -0. | -0. || -1. | -1. | -0. ||*-0. |*-0. |*-0. |
| -1. | -0. |  1. ||  1. | -0. | -1. ||*-0. |*-0. |* 1. |
|=====+=====+=====||=====+=====+=====||=====+=====+=====|
| -0. |  1. | -0. || -0. | -0. | -1. ||  1. |  1. |  1. |
| -1. |  1. |  1. || -0. |  1. | -1. || -0. | -0. | -1. |
| -0. |  1. | -0. || -0. | -0. |  1. || -0. |  1. | -0. |
|=====+=====+=====||=====+=====+=====||=====+=====+=====|
| -0. | -0. | -0. || -0. | -1. | -0. || -0. |  1. | -1. |
| -1. | -0. | -1. ||  1. | -1. | -0. || -1. | -0. | -1. |
| -0. |  1. | -0. || -0. | -1. | -0. ||  1. | -0. | -1. |


Determined best move using: 67408Iterations
current State

|  1. |  0. |  0. ||  0. |  0. |  0. || -1. |  0. |  1. |
|  0. |  0. |  0. ||  1. |  1. |  0. ||  0. | -1. |  0. |
|  1. |  0. | -1. || -1. |  0. |  1. ||  0. |  0. | -1. |
|=====+=====+=====||=====+=====+=====||=====+=====+=====|
|  0. | -1. |  0. ||* 0. |* 0. |* 1. || -1. | -1. | -1. |
|  1. | -1. | -1. ||* 0. |*-1. |* 1. ||  0. |  0. |  1. |
|  0. | -1. |  0. ||* 0. |* 0. |*-1. ||  0. | -1. |  0. |
|=====+=====+=====||=====+=====+=====||=====+=====+=====|
|  0. |  0. |  0. ||  0. |  1. |  0. ||  0. | -1. |  1. |
|  1. |  0. |  1. || -1. |  1. |  0. ||  1. |  0. |  1. |
|  0. | -1. |  0. ||  0. |  1. |  0. || -1. |  0. |  1. |


state to eval, currenty is playerone turn=true

|  1. |  0. |  0. ||  0. |  0. |  0. || -1. |  0. |  1. |
|  0. |  0. |  0. ||  1. |  1. |  0. ||  0. | -1. |  0. |
|  1. |  0. | -1. || -1. |  0. |  1. ||  0. |  0. | -1. |
|=====+=====+=====||=====+=====+=====||=====+=====+=====|
|  0. | -1. |  0. ||* 0. |* 0. |* 1. || -1. | -1. | -1. |
|  1. | -1. | -1. ||* 0. |*-1. |* 1. ||  0. |  0. |  1. |
|  0. | -1. |  0. ||* 0. |* 0. |*-1. ||  0. | -1. |  0. |
|=====+=====+=====||=====+=====+=====||=====+=====+=====|
|  0. |  0. |  0. ||  0. |  1. |  0. ||  0. | -1. |  1. |
|  1. |  0. |  1. || -1. |  1. |  0. ||  1. |  0. |  1. |
|  0. | -1. |  0. ||  0. |  1. |  0. || -1. |  0. |  1. |


Determined best move using: 69501Iterations
current State

|* 1. |* 0. |* 0. ||  0. |  0. |  0. || -1. |  0. |  1. |
|* 0. |* 0. |* 0. ||  1. |  1. |  0. ||  0. | -1. |  0. |
|* 1. |* 0. |*-1. || -1. |  0. |  1. ||  0. |  0. | -1. |
|=====+=====+=====||=====+=====+=====||=====+=====+=====|
|  0. | -1. |  0. ||  1. |  0. |  1. || -1. | -1. | -1. |
|  1. | -1. | -1. ||  0. | -1. |  1. ||  0. |  0. |  1. |
|  0. | -1. |  0. ||  0. |  0. | -1. ||  0. | -1. |  0. |
|=====+=====+=====||=====+=====+=====||=====+=====+=====|
|  0. |  0. |  0. ||  0. |  1. |  0. ||  0. | -1. |  1. |
|  1. |  0. |  1. || -1. |  1. |  0. ||  1. |  0. |  1. |
|  0. | -1. |  0. ||  0. |  1. |  0. || -1. |  0. |  1. |


state to eval, currenty is playerone turn=false

|*-1. |*-0. |*-0. || -0. | -0. | -0. ||  1. | -0. | -1. |
|*-0. |*-0. |*-0. || -1. | -1. | -0. || -0. |  1. | -0. |
|*-1. |*-0. |* 1. ||  1. | -0. | -1. || -0. | -0. |  1. |
|=====+=====+=====||=====+=====+=====||=====+=====+=====|
| -0. |  1. | -0. || -1. | -0. | -1. ||  1. |  1. |  1. |
| -1. |  1. |  1. || -0. |  1. | -1. || -0. | -0. | -1. |
| -0. |  1. | -0. || -0. | -0. |  1. || -0. |  1. | -0. |
|=====+=====+=====||=====+=====+=====||=====+=====+=====|
| -0. | -0. | -0. || -0. | -1. | -0. || -0. |  1. | -1. |
| -1. | -0. | -1. ||  1. | -1. | -0. || -1. | -0. | -1. |
| -0. |  1. | -0. || -0. | -1. | -0. ||  1. | -0. | -1. |


Determined best move using: 69268Iterations
current State

|  1. |  0. |  0. ||  0. |  0. |  0. || -1. |  0. |  1. |
|  0. | -1. |  0. ||  1. |  1. |  0. ||  0. | -1. |  0. |
|  1. |  0. | -1. || -1. |  0. |  1. ||  0. |  0. | -1. |
|=====+=====+=====||=====+=====+=====||=====+=====+=====|
|  0. | -1. |  0. ||* 1. |* 0. |* 1. || -1. | -1. | -1. |
|  1. | -1. | -1. ||* 0. |*-1. |* 1. ||  0. |  0. |  1. |
|  0. | -1. |  0. ||* 0. |* 0. |*-1. ||  0. | -1. |  0. |
|=====+=====+=====||=====+=====+=====||=====+=====+=====|
|  0. |  0. |  0. ||  0. |  1. |  0. ||  0. | -1. |  1. |
|  1. |  0. |  1. || -1. |  1. |  0. ||  1. |  0. |  1. |
|  0. | -1. |  0. ||  0. |  1. |  0. || -1. |  0. |  1. |


state to eval, currenty is playerone turn=true

|  1. |  0. |  0. ||  0. |  0. |  0. || -1. |  0. |  1. |
|  0. | -1. |  0. ||  1. |  1. |  0. ||  0. | -1. |  0. |
|  1. |  0. | -1. || -1. |  0. |  1. ||  0. |  0. | -1. |
|=====+=====+=====||=====+=====+=====||=====+=====+=====|
|  0. | -1. |  0. ||* 1. |* 0. |* 1. || -1. | -1. | -1. |
|  1. | -1. | -1. ||* 0. |*-1. |* 1. ||  0. |  0. |  1. |
|  0. | -1. |  0. ||* 0. |* 0. |*-1. ||  0. | -1. |  0. |
|=====+=====+=====||=====+=====+=====||=====+=====+=====|
|  0. |  0. |  0. ||  0. |  1. |  0. ||  0. | -1. |  1. |
|  1. |  0. |  1. || -1. |  1. |  0. ||  1. |  0. |  1. |
|  0. | -1. |  0. ||  0. |  1. |  0. || -1. |  0. |  1. |


Determined best move using: 72995Iterations
current State

|  1. |  0. |  0. ||* 0. |* 0. |* 0. || -1. |  0. |  1. |
|  0. | -1. |  0. ||* 1. |* 1. |* 0. ||  0. | -1. |  0. |
|  1. |  0. | -1. ||*-1. |* 0. |* 1. ||  0. |  0. | -1. |
|=====+=====+=====||=====+=====+=====||=====+=====+=====|
|  0. | -1. |  0. ||  1. |  1. |  1. || -1. | -1. | -1. |
|  1. | -1. | -1. ||  0. | -1. |  1. ||  0. |  0. |  1. |
|  0. | -1. |  0. ||  0. |  0. | -1. ||  0. | -1. |  0. |
|=====+=====+=====||=====+=====+=====||=====+=====+=====|
|  0. |  0. |  0. ||  0. |  1. |  0. ||  0. | -1. |  1. |
|  1. |  0. |  1. || -1. |  1. |  0. ||  1. |  0. |  1. |
|  0. | -1. |  0. ||  0. |  1. |  0. || -1. |  0. |  1. |


state to eval, currenty is playerone turn=false

| -1. | -0. | -0. ||*-0. |*-0. |*-0. ||  1. | -0. | -1. |
| -0. |  1. | -0. ||*-1. |*-1. |*-0. || -0. |  1. | -0. |
| -1. | -0. |  1. ||* 1. |*-0. |*-1. || -0. | -0. |  1. |
|=====+=====+=====||=====+=====+=====||=====+=====+=====|
| -0. |  1. | -0. || -1. | -1. | -1. ||  1. |  1. |  1. |
| -1. |  1. |  1. || -0. |  1. | -1. || -0. | -0. | -1. |
| -0. |  1. | -0. || -0. | -0. |  1. || -0. |  1. | -0. |
|=====+=====+=====||=====+=====+=====||=====+=====+=====|
| -0. | -0. | -0. || -0. | -1. | -0. || -0. |  1. | -1. |
| -1. | -0. | -1. ||  1. | -1. | -0. || -1. | -0. | -1. |
| -0. |  1. | -0. || -0. | -1. | -0. ||  1. | -0. | -1. |


Determined best move using: 73457Iterations
current State

|  1. |  0. |  0. ||* 0. |*-1. |* 0. || -1. |  0. |  1. |
|  0. | -1. |  0. ||* 1. |* 1. |* 0. ||  0. | -1. |  0. |
|  1. |  0. | -1. ||*-1. |* 0. |* 1. ||  0. |  0. | -1. |
|=====+=====+=====||=====+=====+=====||=====+=====+=====|
|  0. | -1. |  0. ||  1. |  1. |  1. || -1. | -1. | -1. |
|  1. | -1. | -1. ||  0. | -1. |  1. ||  0. |  0. |  1. |
|  0. | -1. |  0. ||  0. |  0. | -1. ||  0. | -1. |  0. |
|=====+=====+=====||=====+=====+=====||=====+=====+=====|
|  0. |  0. |  0. ||  0. |  1. |  0. ||  0. | -1. |  1. |
|  1. |  0. |  1. || -1. |  1. |  0. ||  1. |  0. |  1. |
|  0. | -1. |  0. ||  0. |  1. |  0. || -1. |  0. |  1. |


state to eval, currenty is playerone turn=true

|  1. |  0. |  0. ||* 0. |*-1. |* 0. || -1. |  0. |  1. |
|  0. | -1. |  0. ||* 1. |* 1. |* 0. ||  0. | -1. |  0. |
|  1. |  0. | -1. ||*-1. |* 0. |* 1. ||  0. |  0. | -1. |
|=====+=====+=====||=====+=====+=====||=====+=====+=====|
|  0. | -1. |  0. ||  1. |  1. |  1. || -1. | -1. | -1. |
|  1. | -1. | -1. ||  0. | -1. |  1. ||  0. |  0. |  1. |
|  0. | -1. |  0. ||  0. |  0. | -1. ||  0. | -1. |  0. |
|=====+=====+=====||=====+=====+=====||=====+=====+=====|
|  0. |  0. |  0. ||  0. |  1. |  0. ||  0. | -1. |  1. |
|  1. |  0. |  1. || -1. |  1. |  0. ||  1. |  0. |  1. |
|  0. | -1. |  0. ||  0. |  1. |  0. || -1. |  0. |  1. |


Determined best move using: 73473Iterations
