Saving data to: W:\Labs\ME\ME187-Fall2024\StudentFiles\CALEBHOTTES\UTTTstuff\data\series1
Begin custom message: 
DataSeries: series1 game number: 50 

Description: During Me Club 4+GHz Processior. 

Evaluator config=EvaluatorConfiguration{cValue=2.0, maxRolloutDepth=1000, computeTime=30, threads=1, stupidity=0, allowForcePlay=false, maxMyCPU=false}
End custom message
Inital State: 

|* 0. |* 0. |* 0. ||* 0. |* 0. |* 0. ||* 0. |* 0. |* 0. |
|* 0. |* 0. |* 0. ||* 0. |* 0. |* 0. ||* 0. |* 0. |* 0. |
|* 0. |* 0. |* 0. ||* 0. |* 0. |* 0. ||* 0. |* 0. |* 0. |
|=====+=====+=====||=====+=====+=====||=====+=====+=====|
|* 0. |* 0. |* 0. ||* 0. |* 0. |* 0. ||* 0. |* 0. |* 0. |
|* 0. |* 0. |* 0. ||* 0. |* 0. |* 0. ||* 0. |* 0. |* 0. |
|* 0. |* 0. |* 0. ||* 0. |* 0. |* 0. ||* 0. |* 0. |* 0. |
|=====+=====+=====||=====+=====+=====||=====+=====+=====|
|* 0. |* 0. |* 0. ||* 0. |* 0. |* 0. ||* 0. |* 0. |* 0. |
|* 0. |* 0. |* 0. ||* 0. |* 0. |* 0. ||* 0. |* 0. |* 0. |
|* 0. |* 0. |* 0. ||* 0. |* 0. |* 0. ||* 0. |* 0. |* 0. |


state to eval, currenty is playerone turn=true

|* 0. |* 0. |* 0. ||* 0. |* 0. |* 0. ||* 0. |* 0. |* 0. |
|* 0. |* 0. |* 0. ||* 0. |* 0. |* 0. ||* 0. |* 0. |* 0. |
|* 0. |* 0. |* 0. ||* 0. |* 0. |* 0. ||* 0. |* 0. |* 0. |
|=====+=====+=====||=====+=====+=====||=====+=====+=====|
|* 0. |* 0. |* 0. ||* 0. |* 0. |* 0. ||* 0. |* 0. |* 0. |
|* 0. |* 0. |* 0. ||* 0. |* 0. |* 0. ||* 0. |* 0. |* 0. |
|* 0. |* 0. |* 0. ||* 0. |* 0. |* 0. ||* 0. |* 0. |* 0. |
|=====+=====+=====||=====+=====+=====||=====+=====+=====|
|* 0. |* 0. |* 0. ||* 0. |* 0. |* 0. ||* 0. |* 0. |* 0. |
|* 0. |* 0. |* 0. ||* 0. |* 0. |* 0. ||* 0. |* 0. |* 0. |
|* 0. |* 0. |* 0. ||* 0. |* 0. |* 0. ||* 0. |* 0. |* 0. |


Determined best move using: 130988Iterations
current State

|  0. |  0. |  0. ||  0. |  0. |  1. ||* 0. |* 0. |* 0. |
|  0. |  0. |  0. ||  0. |  0. |  0. ||* 0. |* 0. |* 0. |
|  0. |  0. |  0. ||  0. |  0. |  0. ||* 0. |* 0. |* 0. |
|=====+=====+=====||=====+=====+=====||=====+=====+=====|
|  0. |  0. |  0. ||  0. |  0. |  0. ||  0. |  0. |  0. |
|  0. |  0. |  0. ||  0. |  0. |  0. ||  0. |  0. |  0. |
|  0. |  0. |  0. ||  0. |  0. |  0. ||  0. |  0. |  0. |
|=====+=====+=====||=====+=====+=====||=====+=====+=====|
|  0. |  0. |  0. ||  0. |  0. |  0. ||  0. |  0. |  0. |
|  0. |  0. |  0. ||  0. |  0. |  0. ||  0. |  0. |  0. |
|  0. |  0. |  0. ||  0. |  0. |  0. ||  0. |  0. |  0. |


state to eval, currenty is playerone turn=false

| -0. | -0. | -0. || -0. | -0. | -1. ||*-0. |*-0. |*-0. |
| -0. | -0. | -0. || -0. | -0. | -0. ||*-0. |*-0. |*-0. |
| -0. | -0. | -0. || -0. | -0. | -0. ||*-0. |*-0. |*-0. |
|=====+=====+=====||=====+=====+=====||=====+=====+=====|
| -0. | -0. | -0. || -0. | -0. | -0. || -0. | -0. | -0. |
| -0. | -0. | -0. || -0. | -0. | -0. || -0. | -0. | -0. |
| -0. | -0. | -0. || -0. | -0. | -0. || -0. | -0. | -0. |
|=====+=====+=====||=====+=====+=====||=====+=====+=====|
| -0. | -0. | -0. || -0. | -0. | -0. || -0. | -0. | -0. |
| -0. | -0. | -0. || -0. | -0. | -0. || -0. | -0. | -0. |
| -0. | -0. | -0. || -0. | -0. | -0. || -0. | -0. | -0. |


Determined best move using: 136175Iterations
current State

|  0. |  0. |  0. ||* 0. |* 0. |* 1. ||  0. | -1. |  0. |
|  0. |  0. |  0. ||* 0. |* 0. |* 0. ||  0. |  0. |  0. |
|  0. |  0. |  0. ||* 0. |* 0. |* 0. ||  0. |  0. |  0. |
|=====+=====+=====||=====+=====+=====||=====+=====+=====|
|  0. |  0. |  0. ||  0. |  0. |  0. ||  0. |  0. |  0. |
|  0. |  0. |  0. ||  0. |  0. |  0. ||  0. |  0. |  0. |
|  0. |  0. |  0. ||  0. |  0. |  0. ||  0. |  0. |  0. |
|=====+=====+=====||=====+=====+=====||=====+=====+=====|
|  0. |  0. |  0. ||  0. |  0. |  0. ||  0. |  0. |  0. |
|  0. |  0. |  0. ||  0. |  0. |  0. ||  0. |  0. |  0. |
|  0. |  0. |  0. ||  0. |  0. |  0. ||  0. |  0. |  0. |


state to eval, currenty is playerone turn=true

|  0. |  0. |  0. ||* 0. |* 0. |* 1. ||  0. | -1. |  0. |
|  0. |  0. |  0. ||* 0. |* 0. |* 0. ||  0. |  0. |  0. |
|  0. |  0. |  0. ||* 0. |* 0. |* 0. ||  0. |  0. |  0. |
|=====+=====+=====||=====+=====+=====||=====+=====+=====|
|  0. |  0. |  0. ||  0. |  0. |  0. ||  0. |  0. |  0. |
|  0. |  0. |  0. ||  0. |  0. |  0. ||  0. |  0. |  0. |
|  0. |  0. |  0. ||  0. |  0. |  0. ||  0. |  0. |  0. |
|=====+=====+=====||=====+=====+=====||=====+=====+=====|
|  0. |  0. |  0. ||  0. |  0. |  0. ||  0. |  0. |  0. |
|  0. |  0. |  0. ||  0. |  0. |  0. ||  0. |  0. |  0. |
|  0. |  0. |  0. ||  0. |  0. |  0. ||  0. |  0. |  0. |


Determined best move using: 140283Iterations
current State

|  0. |  0. |  0. ||  0. |  0. |  1. ||  0. | -1. |  0. |
|  0. |  0. |  0. ||  0. |  0. |  0. ||  0. |  0. |  0. |
|  0. |  0. |  0. ||  1. |  0. |  0. ||  0. |  0. |  0. |
|=====+=====+=====||=====+=====+=====||=====+=====+=====|
|  0. |  0. |  0. ||  0. |  0. |  0. ||  0. |  0. |  0. |
|  0. |  0. |  0. ||  0. |  0. |  0. ||  0. |  0. |  0. |
|  0. |  0. |  0. ||  0. |  0. |  0. ||  0. |  0. |  0. |
|=====+=====+=====||=====+=====+=====||=====+=====+=====|
|* 0. |* 0. |* 0. ||  0. |  0. |  0. ||  0. |  0. |  0. |
|* 0. |* 0. |* 0. ||  0. |  0. |  0. ||  0. |  0. |  0. |
|* 0. |* 0. |* 0. ||  0. |  0. |  0. ||  0. |  0. |  0. |


state to eval, currenty is playerone turn=false

| -0. | -0. | -0. || -0. | -0. | -1. || -0. |  1. | -0. |
| -0. | -0. | -0. || -0. | -0. | -0. || -0. | -0. | -0. |
| -0. | -0. | -0. || -1. | -0. | -0. || -0. | -0. | -0. |
|=====+=====+=====||=====+=====+=====||=====+=====+=====|
| -0. | -0. | -0. || -0. | -0. | -0. || -0. | -0. | -0. |
| -0. | -0. | -0. || -0. | -0. | -0. || -0. | -0. | -0. |
| -0. | -0. | -0. || -0. | -0. | -0. || -0. | -0. | -0. |
|=====+=====+=====||=====+=====+=====||=====+=====+=====|
|*-0. |*-0. |*-0. || -0. | -0. | -0. || -0. | -0. | -0. |
|*-0. |*-0. |*-0. || -0. | -0. | -0. || -0. | -0. | -0. |
|*-0. |*-0. |*-0. || -0. | -0. | -0. || -0. | -0. | -0. |


Determined best move using: 185287Iterations
current State

|  0. |  0. |  0. ||  0. |  0. |  1. ||  0. | -1. |  0. |
|  0. |  0. |  0. ||  0. |  0. |  0. ||  0. |  0. |  0. |
|  0. |  0. |  0. ||  1. |  0. |  0. ||  0. |  0. |  0. |
|=====+=====+=====||=====+=====+=====||=====+=====+=====|
|  0. |  0. |  0. ||  0. |  0. |  0. ||  0. |  0. |  0. |
|  0. |  0. |  0. ||  0. |  0. |  0. ||  0. |  0. |  0. |
|  0. |  0. |  0. ||  0. |  0. |  0. ||  0. |  0. |  0. |
|=====+=====+=====||=====+=====+=====||=====+=====+=====|
|  0. |  0. |  0. ||  0. |  0. |  0. ||* 0. |* 0. |* 0. |
|  0. |  0. |  0. ||  0. |  0. |  0. ||* 0. |* 0. |* 0. |
|  0. |  0. | -1. ||  0. |  0. |  0. ||* 0. |* 0. |* 0. |


state to eval, currenty is playerone turn=true

|  0. |  0. |  0. ||  0. |  0. |  1. ||  0. | -1. |  0. |
|  0. |  0. |  0. ||  0. |  0. |  0. ||  0. |  0. |  0. |
|  0. |  0. |  0. ||  1. |  0. |  0. ||  0. |  0. |  0. |
|=====+=====+=====||=====+=====+=====||=====+=====+=====|
|  0. |  0. |  0. ||  0. |  0. |  0. ||  0. |  0. |  0. |
|  0. |  0. |  0. ||  0. |  0. |  0. ||  0. |  0. |  0. |
|  0. |  0. |  0. ||  0. |  0. |  0. ||  0. |  0. |  0. |
|=====+=====+=====||=====+=====+=====||=====+=====+=====|
|  0. |  0. |  0. ||  0. |  0. |  0. ||* 0. |* 0. |* 0. |
|  0. |  0. |  0. ||  0. |  0. |  0. ||* 0. |* 0. |* 0. |
|  0. |  0. | -1. ||  0. |  0. |  0. ||* 0. |* 0. |* 0. |


Determined best move using: 159542Iterations
current State

|  0. |  0. |  0. ||  0. |  0. |  1. ||  0. | -1. |  0. |
|  0. |  0. |  0. ||  0. |  0. |  0. ||  0. |  0. |  0. |
|  0. |  0. |  0. ||  1. |  0. |  0. ||  0. |  0. |  0. |
|=====+=====+=====||=====+=====+=====||=====+=====+=====|
|  0. |  0. |  0. ||  0. |  0. |  0. ||  0. |  0. |  0. |
|  0. |  0. |  0. ||  0. |  0. |  0. ||  0. |  0. |  0. |
|  0. |  0. |  0. ||  0. |  0. |  0. ||  0. |  0. |  0. |
|=====+=====+=====||=====+=====+=====||=====+=====+=====|
|  0. |  0. |  0. ||  0. |  0. |  0. ||* 0. |* 0. |* 0. |
|  0. |  0. |  0. ||  0. |  0. |  0. ||* 0. |* 0. |* 0. |
|  0. |  0. | -1. ||  0. |  0. |  0. ||* 0. |* 0. |* 1. |


state to eval, currenty is playerone turn=false

| -0. | -0. | -0. || -0. | -0. | -1. || -0. |  1. | -0. |
| -0. | -0. | -0. || -0. | -0. | -0. || -0. | -0. | -0. |
| -0. | -0. | -0. || -1. | -0. | -0. || -0. | -0. | -0. |
|=====+=====+=====||=====+=====+=====||=====+=====+=====|
| -0. | -0. | -0. || -0. | -0. | -0. || -0. | -0. | -0. |
| -0. | -0. | -0. || -0. | -0. | -0. || -0. | -0. | -0. |
| -0. | -0. | -0. || -0. | -0. | -0. || -0. | -0. | -0. |
|=====+=====+=====||=====+=====+=====||=====+=====+=====|
| -0. | -0. | -0. || -0. | -0. | -0. ||*-0. |*-0. |*-0. |
| -0. | -0. | -0. || -0. | -0. | -0. ||*-0. |*-0. |*-0. |
| -0. | -0. |  1. || -0. | -0. | -0. ||*-0. |*-0. |*-1. |


Determined best move using: 707711Iterations
current State

|  0. |  0. |  0. ||  0. |  0. |  1. ||  0. | -1. |  0. |
|  0. |  0. |  0. ||  0. |  0. |  0. ||  0. |  0. |  0. |
|  0. |  0. |  0. ||  1. |  0. |  0. ||  0. |  0. |  0. |
|=====+=====+=====||=====+=====+=====||=====+=====+=====|
|  0. |  0. |  0. ||  0. |  0. |  0. ||* 0. |* 0. |* 0. |
|  0. |  0. |  0. ||  0. |  0. |  0. ||* 0. |* 0. |* 0. |
|  0. |  0. |  0. ||  0. |  0. |  0. ||* 0. |* 0. |* 0. |
|=====+=====+=====||=====+=====+=====||=====+=====+=====|
|  0. |  0. |  0. ||  0. |  0. |  0. ||  0. |  0. |  0. |
|  0. |  0. |  0. ||  0. |  0. |  0. ||  0. |  0. | -1. |
|  0. |  0. | -1. ||  0. |  0. |  0. ||  0. |  0. |  1. |


state to eval, currenty is playerone turn=true

|  0. |  0. |  0. ||  0. |  0. |  1. ||  0. | -1. |  0. |
|  0. |  0. |  0. ||  0. |  0. |  0. ||  0. |  0. |  0. |
|  0. |  0. |  0. ||  1. |  0. |  0. ||  0. |  0. |  0. |
|=====+=====+=====||=====+=====+=====||=====+=====+=====|
|  0. |  0. |  0. ||  0. |  0. |  0. ||* 0. |* 0. |* 0. |
|  0. |  0. |  0. ||  0. |  0. |  0. ||* 0. |* 0. |* 0. |
|  0. |  0. |  0. ||  0. |  0. |  0. ||* 0. |* 0. |* 0. |
|=====+=====+=====||=====+=====+=====||=====+=====+=====|
|  0. |  0. |  0. ||  0. |  0. |  0. ||  0. |  0. |  0. |
|  0. |  0. |  0. ||  0. |  0. |  0. ||  0. |  0. | -1. |
|  0. |  0. | -1. ||  0. |  0. |  0. ||  0. |  0. |  1. |


Determined best move using: 240818Iterations
current State

|  0. |  0. |  0. ||  0. |  0. |  1. ||* 0. |*-1. |* 0. |
|  0. |  0. |  0. ||  0. |  0. |  0. ||* 0. |* 0. |* 0. |
|  0. |  0. |  0. ||  1. |  0. |  0. ||* 0. |* 0. |* 0. |
|=====+=====+=====||=====+=====+=====||=====+=====+=====|
|  0. |  0. |  0. ||  0. |  0. |  0. ||  0. |  0. |  1. |
|  0. |  0. |  0. ||  0. |  0. |  0. ||  0. |  0. |  0. |
|  0. |  0. |  0. ||  0. |  0. |  0. ||  0. |  0. |  0. |
|=====+=====+=====||=====+=====+=====||=====+=====+=====|
|  0. |  0. |  0. ||  0. |  0. |  0. ||  0. |  0. |  0. |
|  0. |  0. |  0. ||  0. |  0. |  0. ||  0. |  0. | -1. |
|  0. |  0. | -1. ||  0. |  0. |  0. ||  0. |  0. |  1. |


state to eval, currenty is playerone turn=false

| -0. | -0. | -0. || -0. | -0. | -1. ||*-0. |* 1. |*-0. |
| -0. | -0. | -0. || -0. | -0. | -0. ||*-0. |*-0. |*-0. |
| -0. | -0. | -0. || -1. | -0. | -0. ||*-0. |*-0. |*-0. |
|=====+=====+=====||=====+=====+=====||=====+=====+=====|
| -0. | -0. | -0. || -0. | -0. | -0. || -0. | -0. | -1. |
| -0. | -0. | -0. || -0. | -0. | -0. || -0. | -0. | -0. |
| -0. | -0. | -0. || -0. | -0. | -0. || -0. | -0. | -0. |
|=====+=====+=====||=====+=====+=====||=====+=====+=====|
| -0. | -0. | -0. || -0. | -0. | -0. || -0. | -0. | -0. |
| -0. | -0. | -0. || -0. | -0. | -0. || -0. | -0. |  1. |
| -0. | -0. |  1. || -0. | -0. | -0. || -0. | -0. | -1. |


Determined best move using: 516753Iterations
current State

|  0. |  0. |  0. ||  0. |  0. |  1. ||  0. | -1. |  0. |
|  0. |  0. |  0. ||  0. |  0. |  0. ||  0. |  0. |  0. |
|  0. |  0. |  0. ||  1. |  0. |  0. || -1. |  0. |  0. |
|=====+=====+=====||=====+=====+=====||=====+=====+=====|
|  0. |  0. |  0. ||  0. |  0. |  0. ||  0. |  0. |  1. |
|  0. |  0. |  0. ||  0. |  0. |  0. ||  0. |  0. |  0. |
|  0. |  0. |  0. ||  0. |  0. |  0. ||  0. |  0. |  0. |
|=====+=====+=====||=====+=====+=====||=====+=====+=====|
|* 0. |* 0. |* 0. ||  0. |  0. |  0. ||  0. |  0. |  0. |
|* 0. |* 0. |* 0. ||  0. |  0. |  0. ||  0. |  0. | -1. |
|* 0. |* 0. |*-1. ||  0. |  0. |  0. ||  0. |  0. |  1. |


state to eval, currenty is playerone turn=true

|  0. |  0. |  0. ||  0. |  0. |  1. ||  0. | -1. |  0. |
|  0. |  0. |  0. ||  0. |  0. |  0. ||  0. |  0. |  0. |
|  0. |  0. |  0. ||  1. |  0. |  0. || -1. |  0. |  0. |
|=====+=====+=====||=====+=====+=====||=====+=====+=====|
|  0. |  0. |  0. ||  0. |  0. |  0. ||  0. |  0. |  1. |
|  0. |  0. |  0. ||  0. |  0. |  0. ||  0. |  0. |  0. |
|  0. |  0. |  0. ||  0. |  0. |  0. ||  0. |  0. |  0. |
|=====+=====+=====||=====+=====+=====||=====+=====+=====|
|* 0. |* 0. |* 0. ||  0. |  0. |  0. ||  0. |  0. |  0. |
|* 0. |* 0. |* 0. ||  0. |  0. |  0. ||  0. |  0. | -1. |
|* 0. |* 0. |*-1. ||  0. |  0. |  0. ||  0. |  0. |  1. |


Determined best move using: 365738Iterations
current State

|  0. |  0. |  0. ||  0. |  0. |  1. ||  0. | -1. |  0. |
|  0. |  0. |  0. ||  0. |  0. |  0. ||  0. |  0. |  0. |
|  0. |  0. |  0. ||  1. |  0. |  0. || -1. |  0. |  0. |
|=====+=====+=====||=====+=====+=====||=====+=====+=====|
|  0. |  0. |  0. ||  0. |  0. |  0. ||* 0. |* 0. |* 1. |
|  0. |  0. |  0. ||  0. |  0. |  0. ||* 0. |* 0. |* 0. |
|  0. |  0. |  0. ||  0. |  0. |  0. ||* 0. |* 0. |* 0. |
|=====+=====+=====||=====+=====+=====||=====+=====+=====|
|  0. |  0. |  0. ||  0. |  0. |  0. ||  0. |  0. |  0. |
|  0. |  0. |  1. ||  0. |  0. |  0. ||  0. |  0. | -1. |
|  0. |  0. | -1. ||  0. |  0. |  0. ||  0. |  0. |  1. |


state to eval, currenty is playerone turn=false

| -0. | -0. | -0. || -0. | -0. | -1. || -0. |  1. | -0. |
| -0. | -0. | -0. || -0. | -0. | -0. || -0. | -0. | -0. |
| -0. | -0. | -0. || -1. | -0. | -0. ||  1. | -0. | -0. |
|=====+=====+=====||=====+=====+=====||=====+=====+=====|
| -0. | -0. | -0. || -0. | -0. | -0. ||*-0. |*-0. |*-1. |
| -0. | -0. | -0. || -0. | -0. | -0. ||*-0. |*-0. |*-0. |
| -0. | -0. | -0. || -0. | -0. | -0. ||*-0. |*-0. |*-0. |
|=====+=====+=====||=====+=====+=====||=====+=====+=====|
| -0. | -0. | -0. || -0. | -0. | -0. || -0. | -0. | -0. |
| -0. | -0. | -1. || -0. | -0. | -0. || -0. | -0. |  1. |
| -0. | -0. |  1. || -0. | -0. | -0. || -0. | -0. | -1. |


Determined best move using: 1999056Iterations
current State

|  0. |  0. |  0. ||* 0. |* 0. |* 1. ||  0. | -1. |  0. |
|  0. |  0. |  0. ||* 0. |* 0. |* 0. ||  0. |  0. |  0. |
|  0. |  0. |  0. ||* 1. |* 0. |* 0. || -1. |  0. |  0. |
|=====+=====+=====||=====+=====+=====||=====+=====+=====|
|  0. |  0. |  0. ||  0. |  0. |  0. ||  0. | -1. |  1. |
|  0. |  0. |  0. ||  0. |  0. |  0. ||  0. |  0. |  0. |
|  0. |  0. |  0. ||  0. |  0. |  0. ||  0. |  0. |  0. |
|=====+=====+=====||=====+=====+=====||=====+=====+=====|
|  0. |  0. |  0. ||  0. |  0. |  0. ||  0. |  0. |  0. |
|  0. |  0. |  1. ||  0. |  0. |  0. ||  0. |  0. | -1. |
|  0. |  0. | -1. ||  0. |  0. |  0. ||  0. |  0. |  1. |


state to eval, currenty is playerone turn=true

|  0. |  0. |  0. ||* 0. |* 0. |* 1. ||  0. | -1. |  0. |
|  0. |  0. |  0. ||* 0. |* 0. |* 0. ||  0. |  0. |  0. |
|  0. |  0. |  0. ||* 1. |* 0. |* 0. || -1. |  0. |  0. |
|=====+=====+=====||=====+=====+=====||=====+=====+=====|
|  0. |  0. |  0. ||  0. |  0. |  0. ||  0. | -1. |  1. |
|  0. |  0. |  0. ||  0. |  0. |  0. ||  0. |  0. |  0. |
|  0. |  0. |  0. ||  0. |  0. |  0. ||  0. |  0. |  0. |
|=====+=====+=====||=====+=====+=====||=====+=====+=====|
|  0. |  0. |  0. ||  0. |  0. |  0. ||  0. |  0. |  0. |
|  0. |  0. |  1. ||  0. |  0. |  0. ||  0. |  0. | -1. |
|  0. |  0. | -1. ||  0. |  0. |  0. ||  0. |  0. |  1. |


Determined best move using: 62136Iterations
current State

|  0. |  0. |  0. ||  0. |  0. |  1. ||  0. | -1. |  0. |
|  0. |  0. |  0. ||  0. |  0. |  0. ||  0. |  0. |  0. |
|  0. |  0. |  0. ||  1. |  1. |  0. || -1. |  0. |  0. |
|=====+=====+=====||=====+=====+=====||=====+=====+=====|
|  0. |  0. |  0. ||  0. |  0. |  0. ||  0. | -1. |  1. |
|  0. |  0. |  0. ||  0. |  0. |  0. ||  0. |  0. |  0. |
|  0. |  0. |  0. ||  0. |  0. |  0. ||  0. |  0. |  0. |
|=====+=====+=====||=====+=====+=====||=====+=====+=====|
|  0. |  0. |  0. ||* 0. |* 0. |* 0. ||  0. |  0. |  0. |
|  0. |  0. |  1. ||* 0. |* 0. |* 0. ||  0. |  0. | -1. |
|  0. |  0. | -1. ||* 0. |* 0. |* 0. ||  0. |  0. |  1. |


state to eval, currenty is playerone turn=false

| -0. | -0. | -0. || -0. | -0. | -1. || -0. |  1. | -0. |
| -0. | -0. | -0. || -0. | -0. | -0. || -0. | -0. | -0. |
| -0. | -0. | -0. || -1. | -1. | -0. ||  1. | -0. | -0. |
|=====+=====+=====||=====+=====+=====||=====+=====+=====|
| -0. | -0. | -0. || -0. | -0. | -0. || -0. |  1. | -1. |
| -0. | -0. | -0. || -0. | -0. | -0. || -0. | -0. | -0. |
| -0. | -0. | -0. || -0. | -0. | -0. || -0. | -0. | -0. |
|=====+=====+=====||=====+=====+=====||=====+=====+=====|
| -0. | -0. | -0. ||*-0. |*-0. |*-0. || -0. | -0. | -0. |
| -0. | -0. | -1. ||*-0. |*-0. |*-0. || -0. | -0. |  1. |
| -0. | -0. |  1. ||*-0. |*-0. |*-0. || -0. | -0. | -1. |


Determined best move using: 64512Iterations
current State

|* 0. |* 0. |* 0. ||  0. |  0. |  1. ||  0. | -1. |  0. |
|* 0. |* 0. |* 0. ||  0. |  0. |  0. ||  0. |  0. |  0. |
|* 0. |* 0. |* 0. ||  1. |  1. |  0. || -1. |  0. |  0. |
|=====+=====+=====||=====+=====+=====||=====+=====+=====|
|  0. |  0. |  0. ||  0. |  0. |  0. ||  0. | -1. |  1. |
|  0. |  0. |  0. ||  0. |  0. |  0. ||  0. |  0. |  0. |
|  0. |  0. |  0. ||  0. |  0. |  0. ||  0. |  0. |  0. |
|=====+=====+=====||=====+=====+=====||=====+=====+=====|
|  0. |  0. |  0. || -1. |  0. |  0. ||  0. |  0. |  0. |
|  0. |  0. |  1. ||  0. |  0. |  0. ||  0. |  0. | -1. |
|  0. |  0. | -1. ||  0. |  0. |  0. ||  0. |  0. |  1. |


state to eval, currenty is playerone turn=true

|* 0. |* 0. |* 0. ||  0. |  0. |  1. ||  0. | -1. |  0. |
|* 0. |* 0. |* 0. ||  0. |  0. |  0. ||  0. |  0. |  0. |
|* 0. |* 0. |* 0. ||  1. |  1. |  0. || -1. |  0. |  0. |
|=====+=====+=====||=====+=====+=====||=====+=====+=====|
|  0. |  0. |  0. ||  0. |  0. |  0. ||  0. | -1. |  1. |
|  0. |  0. |  0. ||  0. |  0. |  0. ||  0. |  0. |  0. |
|  0. |  0. |  0. ||  0. |  0. |  0. ||  0. |  0. |  0. |
|=====+=====+=====||=====+=====+=====||=====+=====+=====|
|  0. |  0. |  0. || -1. |  0. |  0. ||  0. |  0. |  0. |
|  0. |  0. |  1. ||  0. |  0. |  0. ||  0. |  0. | -1. |
|  0. |  0. | -1. ||  0. |  0. |  0. ||  0. |  0. |  1. |


Determined best move using: 68530Iterations
current State

|  0. |  0. |  1. ||  0. |  0. |  1. ||* 0. |*-1. |* 0. |
|  0. |  0. |  0. ||  0. |  0. |  0. ||* 0. |* 0. |* 0. |
|  0. |  0. |  0. ||  1. |  1. |  0. ||*-1. |* 0. |* 0. |
|=====+=====+=====||=====+=====+=====||=====+=====+=====|
|  0. |  0. |  0. ||  0. |  0. |  0. ||  0. | -1. |  1. |
|  0. |  0. |  0. ||  0. |  0. |  0. ||  0. |  0. |  0. |
|  0. |  0. |  0. ||  0. |  0. |  0. ||  0. |  0. |  0. |
|=====+=====+=====||=====+=====+=====||=====+=====+=====|
|  0. |  0. |  0. || -1. |  0. |  0. ||  0. |  0. |  0. |
|  0. |  0. |  1. ||  0. |  0. |  0. ||  0. |  0. | -1. |
|  0. |  0. | -1. ||  0. |  0. |  0. ||  0. |  0. |  1. |


state to eval, currenty is playerone turn=false

| -0. | -0. | -1. || -0. | -0. | -1. ||*-0. |* 1. |*-0. |
| -0. | -0. | -0. || -0. | -0. | -0. ||*-0. |*-0. |*-0. |
| -0. | -0. | -0. || -1. | -1. | -0. ||* 1. |*-0. |*-0. |
|=====+=====+=====||=====+=====+=====||=====+=====+=====|
| -0. | -0. | -0. || -0. | -0. | -0. || -0. |  1. | -1. |
| -0. | -0. | -0. || -0. | -0. | -0. || -0. | -0. | -0. |
| -0. | -0. | -0. || -0. | -0. | -0. || -0. | -0. | -0. |
|=====+=====+=====||=====+=====+=====||=====+=====+=====|
| -0. | -0. | -0. ||  1. | -0. | -0. || -0. | -0. | -0. |
| -0. | -0. | -1. || -0. | -0. | -0. || -0. | -0. |  1. |
| -0. | -0. |  1. || -0. | -0. | -0. || -0. | -0. | -1. |


Determined best move using: 67012Iterations
current State

|  0. |  0. |  1. ||  0. |  0. |  1. ||  0. | -1. |  0. |
|  0. |  0. |  0. ||  0. |  0. |  0. ||  0. | -1. |  0. |
|  0. |  0. |  0. ||  1. |  1. |  0. || -1. |  0. |  0. |
|=====+=====+=====||=====+=====+=====||=====+=====+=====|
|  0. |  0. |  0. ||* 0. |* 0. |* 0. ||  0. | -1. |  1. |
|  0. |  0. |  0. ||* 0. |* 0. |* 0. ||  0. |  0. |  0. |
|  0. |  0. |  0. ||* 0. |* 0. |* 0. ||  0. |  0. |  0. |
|=====+=====+=====||=====+=====+=====||=====+=====+=====|
|  0. |  0. |  0. || -1. |  0. |  0. ||  0. |  0. |  0. |
|  0. |  0. |  1. ||  0. |  0. |  0. ||  0. |  0. | -1. |
|  0. |  0. | -1. ||  0. |  0. |  0. ||  0. |  0. |  1. |


state to eval, currenty is playerone turn=true

|  0. |  0. |  1. ||  0. |  0. |  1. ||  0. | -1. |  0. |
|  0. |  0. |  0. ||  0. |  0. |  0. ||  0. | -1. |  0. |
|  0. |  0. |  0. ||  1. |  1. |  0. || -1. |  0. |  0. |
|=====+=====+=====||=====+=====+=====||=====+=====+=====|
|  0. |  0. |  0. ||* 0. |* 0. |* 0. ||  0. | -1. |  1. |
|  0. |  0. |  0. ||* 0. |* 0. |* 0. ||  0. |  0. |  0. |
|  0. |  0. |  0. ||* 0. |* 0. |* 0. ||  0. |  0. |  0. |
|=====+=====+=====||=====+=====+=====||=====+=====+=====|
|  0. |  0. |  0. || -1. |  0. |  0. ||  0. |  0. |  0. |
|  0. |  0. |  1. ||  0. |  0. |  0. ||  0. |  0. | -1. |
|  0. |  0. | -1. ||  0. |  0. |  0. ||  0. |  0. |  1. |


Determined best move using: 67667Iterations
current State

|  0. |  0. |  1. ||  0. |  0. |  1. ||  0. | -1. |  0. |
|  0. |  0. |  0. ||  0. |  0. |  0. ||  0. | -1. |  0. |
|  0. |  0. |  0. ||  1. |  1. |  0. || -1. |  0. |  0. |
|=====+=====+=====||=====+=====+=====||=====+=====+=====|
|  0. |  0. |  0. ||  0. |  0. |  0. ||  0. | -1. |  1. |
|  0. |  0. |  0. ||  0. |  0. |  0. ||  0. |  0. |  0. |
|  0. |  0. |  0. ||  1. |  0. |  0. ||  0. |  0. |  0. |
|=====+=====+=====||=====+=====+=====||=====+=====+=====|
|* 0. |* 0. |* 0. || -1. |  0. |  0. ||  0. |  0. |  0. |
|* 0. |* 0. |* 1. ||  0. |  0. |  0. ||  0. |  0. | -1. |
|* 0. |* 0. |*-1. ||  0. |  0. |  0. ||  0. |  0. |  1. |


state to eval, currenty is playerone turn=false

| -0. | -0. | -1. || -0. | -0. | -1. || -0. |  1. | -0. |
| -0. | -0. | -0. || -0. | -0. | -0. || -0. |  1. | -0. |
| -0. | -0. | -0. || -1. | -1. | -0. ||  1. | -0. | -0. |
|=====+=====+=====||=====+=====+=====||=====+=====+=====|
| -0. | -0. | -0. || -0. | -0. | -0. || -0. |  1. | -1. |
| -0. | -0. | -0. || -0. | -0. | -0. || -0. | -0. | -0. |
| -0. | -0. | -0. || -1. | -0. | -0. || -0. | -0. | -0. |
|=====+=====+=====||=====+=====+=====||=====+=====+=====|
|*-0. |*-0. |*-0. ||  1. | -0. | -0. || -0. | -0. | -0. |
|*-0. |*-0. |*-1. || -0. | -0. | -0. || -0. | -0. |  1. |
|*-0. |*-0. |* 1. || -0. | -0. | -0. || -0. | -0. | -1. |


Determined best move using: 70043Iterations
current State

|  0. |  0. |  1. ||  0. |  0. |  1. ||* 0. |*-1. |* 0. |
|  0. |  0. |  0. ||  0. |  0. |  0. ||* 0. |*-1. |* 0. |
|  0. |  0. |  0. ||  1. |  1. |  0. ||*-1. |* 0. |* 0. |
|=====+=====+=====||=====+=====+=====||=====+=====+=====|
|  0. |  0. |  0. ||  0. |  0. |  0. ||  0. | -1. |  1. |
|  0. |  0. |  0. ||  0. |  0. |  0. ||  0. |  0. |  0. |
|  0. |  0. |  0. ||  1. |  0. |  0. ||  0. |  0. |  0. |
|=====+=====+=====||=====+=====+=====||=====+=====+=====|
|  0. |  0. | -1. || -1. |  0. |  0. ||  0. |  0. |  0. |
|  0. |  0. |  1. ||  0. |  0. |  0. ||  0. |  0. | -1. |
|  0. |  0. | -1. ||  0. |  0. |  0. ||  0. |  0. |  1. |


state to eval, currenty is playerone turn=true

|  0. |  0. |  1. ||  0. |  0. |  1. ||* 0. |*-1. |* 0. |
|  0. |  0. |  0. ||  0. |  0. |  0. ||* 0. |*-1. |* 0. |
|  0. |  0. |  0. ||  1. |  1. |  0. ||*-1. |* 0. |* 0. |
|=====+=====+=====||=====+=====+=====||=====+=====+=====|
|  0. |  0. |  0. ||  0. |  0. |  0. ||  0. | -1. |  1. |
|  0. |  0. |  0. ||  0. |  0. |  0. ||  0. |  0. |  0. |
|  0. |  0. |  0. ||  1. |  0. |  0. ||  0. |  0. |  0. |
|=====+=====+=====||=====+=====+=====||=====+=====+=====|
|  0. |  0. | -1. || -1. |  0. |  0. ||  0. |  0. |  0. |
|  0. |  0. |  1. ||  0. |  0. |  0. ||  0. |  0. | -1. |
|  0. |  0. | -1. ||  0. |  0. |  0. ||  0. |  0. |  1. |


Determined best move using: 73815Iterations
current State

|  0. |  0. |  1. ||  0. |  0. |  1. ||  0. | -1. |  0. |
|  0. |  0. |  0. ||  0. |  0. |  0. ||  0. | -1. |  0. |
|  0. |  0. |  0. ||  1. |  1. |  0. || -1. |  0. |  1. |
|=====+=====+=====||=====+=====+=====||=====+=====+=====|
|  0. |  0. |  0. ||  0. |  0. |  0. ||  0. | -1. |  1. |
|  0. |  0. |  0. ||  0. |  0. |  0. ||  0. |  0. |  0. |
|  0. |  0. |  0. ||  1. |  0. |  0. ||  0. |  0. |  0. |
|=====+=====+=====||=====+=====+=====||=====+=====+=====|
|  0. |  0. | -1. || -1. |  0. |  0. ||* 0. |* 0. |* 0. |
|  0. |  0. |  1. ||  0. |  0. |  0. ||* 0. |* 0. |*-1. |
|  0. |  0. | -1. ||  0. |  0. |  0. ||* 0. |* 0. |* 1. |


state to eval, currenty is playerone turn=false

| -0. | -0. | -1. || -0. | -0. | -1. || -0. |  1. | -0. |
| -0. | -0. | -0. || -0. | -0. | -0. || -0. |  1. | -0. |
| -0. | -0. | -0. || -1. | -1. | -0. ||  1. | -0. | -1. |
|=====+=====+=====||=====+=====+=====||=====+=====+=====|
| -0. | -0. | -0. || -0. | -0. | -0. || -0. |  1. | -1. |
| -0. | -0. | -0. || -0. | -0. | -0. || -0. | -0. | -0. |
| -0. | -0. | -0. || -1. | -0. | -0. || -0. | -0. | -0. |
|=====+=====+=====||=====+=====+=====||=====+=====+=====|
| -0. | -0. |  1. ||  1. | -0. | -0. ||*-0. |*-0. |*-0. |
| -0. | -0. | -1. || -0. | -0. | -0. ||*-0. |*-0. |* 1. |
| -0. | -0. |  1. || -0. | -0. | -0. ||*-0. |*-0. |*-1. |


Determined best move using: 70992Iterations
current State

|  0. |  0. |  1. ||  0. |  0. |  1. ||* 0. |*-1. |* 0. |
|  0. |  0. |  0. ||  0. |  0. |  0. ||* 0. |*-1. |* 0. |
|  0. |  0. |  0. ||  1. |  1. |  0. ||*-1. |* 0. |* 1. |
|=====+=====+=====||=====+=====+=====||=====+=====+=====|
|  0. |  0. |  0. ||  0. |  0. |  0. ||  0. | -1. |  1. |
|  0. |  0. |  0. ||  0. |  0. |  0. ||  0. |  0. |  0. |
|  0. |  0. |  0. ||  1. |  0. |  0. ||  0. |  0. |  0. |
|=====+=====+=====||=====+=====+=====||=====+=====+=====|
|  0. |  0. | -1. || -1. |  0. |  0. ||  0. |  0. | -1. |
|  0. |  0. |  1. ||  0. |  0. |  0. ||  0. |  0. | -1. |
|  0. |  0. | -1. ||  0. |  0. |  0. ||  0. |  0. |  1. |


state to eval, currenty is playerone turn=true

|  0. |  0. |  1. ||  0. |  0. |  1. ||* 0. |*-1. |* 0. |
|  0. |  0. |  0. ||  0. |  0. |  0. ||* 0. |*-1. |* 0. |
|  0. |  0. |  0. ||  1. |  1. |  0. ||*-1. |* 0. |* 1. |
|=====+=====+=====||=====+=====+=====||=====+=====+=====|
|  0. |  0. |  0. ||  0. |  0. |  0. ||  0. | -1. |  1. |
|  0. |  0. |  0. ||  0. |  0. |  0. ||  0. |  0. |  0. |
|  0. |  0. |  0. ||  1. |  0. |  0. ||  0. |  0. |  0. |
|=====+=====+=====||=====+=====+=====||=====+=====+=====|
|  0. |  0. | -1. || -1. |  0. |  0. ||  0. |  0. | -1. |
|  0. |  0. |  1. ||  0. |  0. |  0. ||  0. |  0. | -1. |
|  0. |  0. | -1. ||  0. |  0. |  0. ||  0. |  0. |  1. |


Determined best move using: 71667Iterations
current State

|* 0. |* 0. |* 1. ||  0. |  0. |  1. ||  1. | -1. |  0. |
|* 0. |* 0. |* 0. ||  0. |  0. |  0. ||  0. | -1. |  0. |
|* 0. |* 0. |* 0. ||  1. |  1. |  0. || -1. |  0. |  1. |
|=====+=====+=====||=====+=====+=====||=====+=====+=====|
|  0. |  0. |  0. ||  0. |  0. |  0. ||  0. | -1. |  1. |
|  0. |  0. |  0. ||  0. |  0. |  0. ||  0. |  0. |  0. |
|  0. |  0. |  0. ||  1. |  0. |  0. ||  0. |  0. |  0. |
|=====+=====+=====||=====+=====+=====||=====+=====+=====|
|  0. |  0. | -1. || -1. |  0. |  0. ||  0. |  0. | -1. |
|  0. |  0. |  1. ||  0. |  0. |  0. ||  0. |  0. | -1. |
|  0. |  0. | -1. ||  0. |  0. |  0. ||  0. |  0. |  1. |


state to eval, currenty is playerone turn=false

|*-0. |*-0. |*-1. || -0. | -0. | -1. || -1. |  1. | -0. |
|*-0. |*-0. |*-0. || -0. | -0. | -0. || -0. |  1. | -0. |
|*-0. |*-0. |*-0. || -1. | -1. | -0. ||  1. | -0. | -1. |
|=====+=====+=====||=====+=====+=====||=====+=====+=====|
| -0. | -0. | -0. || -0. | -0. | -0. || -0. |  1. | -1. |
| -0. | -0. | -0. || -0. | -0. | -0. || -0. | -0. | -0. |
| -0. | -0. | -0. || -1. | -0. | -0. || -0. | -0. | -0. |
|=====+=====+=====||=====+=====+=====||=====+=====+=====|
| -0. | -0. |  1. ||  1. | -0. | -0. || -0. | -0. |  1. |
| -0. | -0. | -1. || -0. | -0. | -0. || -0. | -0. |  1. |
| -0. | -0. |  1. || -0. | -0. | -0. || -0. | -0. | -1. |


Determined best move using: 72365Iterations
current State

|  0. |  0. |  1. ||  0. |  0. |  1. ||  1. | -1. |  0. |
|  0. |  0. | -1. ||  0. |  0. |  0. ||  0. | -1. |  0. |
|  0. |  0. |  0. ||  1. |  1. |  0. || -1. |  0. |  1. |
|=====+=====+=====||=====+=====+=====||=====+=====+=====|
|  0. |  0. |  0. ||  0. |  0. |  0. ||* 0. |*-1. |* 1. |
|  0. |  0. |  0. ||  0. |  0. |  0. ||* 0. |* 0. |* 0. |
|  0. |  0. |  0. ||  1. |  0. |  0. ||* 0. |* 0. |* 0. |
|=====+=====+=====||=====+=====+=====||=====+=====+=====|
|  0. |  0. | -1. || -1. |  0. |  0. ||  0. |  0. | -1. |
|  0. |  0. |  1. ||  0. |  0. |  0. ||  0. |  0. | -1. |
|  0. |  0. | -1. ||  0. |  0. |  0. ||  0. |  0. |  1. |


state to eval, currenty is playerone turn=true

|  0. |  0. |  1. ||  0. |  0. |  1. ||  1. | -1. |  0. |
|  0. |  0. | -1. ||  0. |  0. |  0. ||  0. | -1. |  0. |
|  0. |  0. |  0. ||  1. |  1. |  0. || -1. |  0. |  1. |
|=====+=====+=====||=====+=====+=====||=====+=====+=====|
|  0. |  0. |  0. ||  0. |  0. |  0. ||* 0. |*-1. |* 1. |
|  0. |  0. |  0. ||  0. |  0. |  0. ||* 0. |* 0. |* 0. |
|  0. |  0. |  0. ||  1. |  0. |  0. ||* 0. |* 0. |* 0. |
|=====+=====+=====||=====+=====+=====||=====+=====+=====|
|  0. |  0. | -1. || -1. |  0. |  0. ||  0. |  0. | -1. |
|  0. |  0. |  1. ||  0. |  0. |  0. ||  0. |  0. | -1. |
|  0. |  0. | -1. ||  0. |  0. |  0. ||  0. |  0. |  1. |


Determined best move using: 71826Iterations
current State

|  0. |  0. |  1. ||  0. |  0. |  1. ||  1. | -1. |  0. |
|  0. |  0. | -1. ||  0. |  0. |  0. ||  0. | -1. |  0. |
|  0. |  0. |  0. ||  1. |  1. |  0. || -1. |  0. |  1. |
|=====+=====+=====||=====+=====+=====||=====+=====+=====|
|  0. |  0. |  0. ||  0. |  0. |  0. ||  0. | -1. |  1. |
|  0. |  0. |  0. ||  0. |  0. |  0. ||  0. |  0. |  0. |
|  0. |  0. |  0. ||  1. |  0. |  0. ||  0. |  1. |  0. |
|=====+=====+=====||=====+=====+=====||=====+=====+=====|
|  0. |  0. | -1. ||*-1. |* 0. |* 0. ||  0. |  0. | -1. |
|  0. |  0. |  1. ||* 0. |* 0. |* 0. ||  0. |  0. | -1. |
|  0. |  0. | -1. ||* 0. |* 0. |* 0. ||  0. |  0. |  1. |


state to eval, currenty is playerone turn=false

| -0. | -0. | -1. || -0. | -0. | -1. || -1. |  1. | -0. |
| -0. | -0. |  1. || -0. | -0. | -0. || -0. |  1. | -0. |
| -0. | -0. | -0. || -1. | -1. | -0. ||  1. | -0. | -1. |
|=====+=====+=====||=====+=====+=====||=====+=====+=====|
| -0. | -0. | -0. || -0. | -0. | -0. || -0. |  1. | -1. |
| -0. | -0. | -0. || -0. | -0. | -0. || -0. | -0. | -0. |
| -0. | -0. | -0. || -1. | -0. | -0. || -0. | -1. | -0. |
|=====+=====+=====||=====+=====+=====||=====+=====+=====|
| -0. | -0. |  1. ||* 1. |*-0. |*-0. || -0. | -0. |  1. |
| -0. | -0. | -1. ||*-0. |*-0. |*-0. || -0. | -0. |  1. |
| -0. | -0. |  1. ||*-0. |*-0. |*-0. || -0. | -0. | -1. |


Determined best move using: 74640Iterations
current State

|  0. |  0. |  1. ||  0. |  0. |  1. ||  1. | -1. |  0. |
|  0. |  0. | -1. ||  0. |  0. |  0. ||  0. | -1. |  0. |
|  0. |  0. |  0. ||  1. |  1. |  0. || -1. |  0. |  1. |
|=====+=====+=====||=====+=====+=====||=====+=====+=====|
|  0. |  0. |  0. ||  0. |  0. |  0. ||  0. | -1. |  1. |
|  0. |  0. |  0. ||  0. |  0. |  0. ||  0. |  0. |  0. |
|  0. |  0. |  0. ||  1. |  0. |  0. ||  0. |  1. |  0. |
|=====+=====+=====||=====+=====+=====||=====+=====+=====|
|  0. |  0. | -1. ||*-1. |* 0. |* 0. ||  0. |  0. | -1. |
|  0. |  0. |  1. ||* 0. |* 0. |* 0. ||  0. |  0. | -1. |
|  0. |  0. | -1. ||* 0. |*-1. |* 0. ||  0. |  0. |  1. |


state to eval, currenty is playerone turn=true

|  0. |  0. |  1. ||  0. |  0. |  1. ||  1. | -1. |  0. |
|  0. |  0. | -1. ||  0. |  0. |  0. ||  0. | -1. |  0. |
|  0. |  0. |  0. ||  1. |  1. |  0. || -1. |  0. |  1. |
|=====+=====+=====||=====+=====+=====||=====+=====+=====|
|  0. |  0. |  0. ||  0. |  0. |  0. ||  0. | -1. |  1. |
|  0. |  0. |  0. ||  0. |  0. |  0. ||  0. |  0. |  0. |
|  0. |  0. |  0. ||  1. |  0. |  0. ||  0. |  1. |  0. |
|=====+=====+=====||=====+=====+=====||=====+=====+=====|
|  0. |  0. | -1. ||*-1. |* 0. |* 0. ||  0. |  0. | -1. |
|  0. |  0. |  1. ||* 0. |* 0. |* 0. ||  0. |  0. | -1. |
|  0. |  0. | -1. ||* 0. |*-1. |* 0. ||  0. |  0. |  1. |


Determined best move using: 89401Iterations
current State

|  0. |  0. |  1. ||  0. |  0. |  1. ||  1. | -1. |  0. |
|  0. |  0. | -1. ||  0. |  0. |  0. ||  0. | -1. |  0. |
|  0. |  0. |  0. ||  1. |  1. |  0. || -1. |  0. |  1. |
|=====+=====+=====||=====+=====+=====||=====+=====+=====|
|  0. |  0. |  0. ||* 0. |* 0. |* 0. ||  0. | -1. |  1. |
|  0. |  0. |  0. ||* 0. |* 0. |* 0. ||  0. |  0. |  0. |
|  0. |  0. |  0. ||* 1. |* 0. |* 0. ||  0. |  1. |  0. |
|=====+=====+=====||=====+=====+=====||=====+=====+=====|
|  0. |  0. | -1. || -1. |  0. |  0. ||  0. |  0. | -1. |
|  0. |  0. |  1. ||  0. |  1. |  0. ||  0. |  0. | -1. |
|  0. |  0. | -1. ||  0. | -1. |  0. ||  0. |  0. |  1. |


state to eval, currenty is playerone turn=false

| -0. | -0. | -1. || -0. | -0. | -1. || -1. |  1. | -0. |
| -0. | -0. |  1. || -0. | -0. | -0. || -0. |  1. | -0. |
| -0. | -0. | -0. || -1. | -1. | -0. ||  1. | -0. | -1. |
|=====+=====+=====||=====+=====+=====||=====+=====+=====|
| -0. | -0. | -0. ||*-0. |*-0. |*-0. || -0. |  1. | -1. |
| -0. | -0. | -0. ||*-0. |*-0. |*-0. || -0. | -0. | -0. |
| -0. | -0. | -0. ||*-1. |*-0. |*-0. || -0. | -1. | -0. |
|=====+=====+=====||=====+=====+=====||=====+=====+=====|
| -0. | -0. |  1. ||  1. | -0. | -0. || -0. | -0. |  1. |
| -0. | -0. | -1. || -0. | -1. | -0. || -0. | -0. |  1. |
| -0. | -0. |  1. || -0. |  1. | -0. || -0. | -0. | -1. |


Determined best move using: 89436Iterations
current State

|  0. |  0. |  1. ||* 0. |* 0. |* 1. ||  1. | -1. |  0. |
|  0. |  0. | -1. ||* 0. |* 0. |* 0. ||  0. | -1. |  0. |
|  0. |  0. |  0. ||* 1. |* 1. |* 0. || -1. |  0. |  1. |
|=====+=====+=====||=====+=====+=====||=====+=====+=====|
|  0. |  0. |  0. ||  0. | -1. |  0. ||  0. | -1. |  1. |
|  0. |  0. |  0. ||  0. |  0. |  0. ||  0. |  0. |  0. |
|  0. |  0. |  0. ||  1. |  0. |  0. ||  0. |  1. |  0. |
|=====+=====+=====||=====+=====+=====||=====+=====+=====|
|  0. |  0. | -1. || -1. |  0. |  0. ||  0. |  0. | -1. |
|  0. |  0. |  1. ||  0. |  1. |  0. ||  0. |  0. | -1. |
|  0. |  0. | -1. ||  0. | -1. |  0. ||  0. |  0. |  1. |


state to eval, currenty is playerone turn=true

|  0. |  0. |  1. ||* 0. |* 0. |* 1. ||  1. | -1. |  0. |
|  0. |  0. | -1. ||* 0. |* 0. |* 0. ||  0. | -1. |  0. |
|  0. |  0. |  0. ||* 1. |* 1. |* 0. || -1. |  0. |  1. |
|=====+=====+=====||=====+=====+=====||=====+=====+=====|
|  0. |  0. |  0. ||  0. | -1. |  0. ||  0. | -1. |  1. |
|  0. |  0. |  0. ||  0. |  0. |  0. ||  0. |  0. |  0. |
|  0. |  0. |  0. ||  1. |  0. |  0. ||  0. |  1. |  0. |
|=====+=====+=====||=====+=====+=====||=====+=====+=====|
|  0. |  0. | -1. || -1. |  0. |  0. ||  0. |  0. | -1. |
|  0. |  0. |  1. ||  0. |  1. |  0. ||  0. |  0. | -1. |
|  0. |  0. | -1. ||  0. | -1. |  0. ||  0. |  0. |  1. |


Determined best move using: 103258Iterations
current State

|* 0. |* 0. |* 1. ||  1. |  0. |  1. ||  1. | -1. |  0. |
|* 0. |* 0. |*-1. ||  0. |  0. |  0. ||  0. | -1. |  0. |
|* 0. |* 0. |* 0. ||  1. |  1. |  0. || -1. |  0. |  1. |
|=====+=====+=====||=====+=====+=====||=====+=====+=====|
|  0. |  0. |  0. ||  0. | -1. |  0. ||  0. | -1. |  1. |
|  0. |  0. |  0. ||  0. |  0. |  0. ||  0. |  0. |  0. |
|  0. |  0. |  0. ||  1. |  0. |  0. ||  0. |  1. |  0. |
|=====+=====+=====||=====+=====+=====||=====+=====+=====|
|  0. |  0. | -1. || -1. |  0. |  0. ||  0. |  0. | -1. |
|  0. |  0. |  1. ||  0. |  1. |  0. ||  0. |  0. | -1. |
|  0. |  0. | -1. ||  0. | -1. |  0. ||  0. |  0. |  1. |


state to eval, currenty is playerone turn=false

|*-0. |*-0. |*-1. || -1. | -0. | -1. || -1. |  1. | -0. |
|*-0. |*-0. |* 1. || -0. | -0. | -0. || -0. |  1. | -0. |
|*-0. |*-0. |*-0. || -1. | -1. | -0. ||  1. | -0. | -1. |
|=====+=====+=====||=====+=====+=====||=====+=====+=====|
| -0. | -0. | -0. || -0. |  1. | -0. || -0. |  1. | -1. |
| -0. | -0. | -0. || -0. | -0. | -0. || -0. | -0. | -0. |
| -0. | -0. | -0. || -1. | -0. | -0. || -0. | -1. | -0. |
|=====+=====+=====||=====+=====+=====||=====+=====+=====|
| -0. | -0. |  1. ||  1. | -0. | -0. || -0. | -0. |  1. |
| -0. | -0. | -1. || -0. | -1. | -0. || -0. | -0. |  1. |
| -0. | -0. |  1. || -0. |  1. | -0. || -0. | -0. | -1. |


Determined best move using: 105830Iterations
current State

|  0. |  0. |  1. ||  1. |  0. |  1. ||  1. | -1. |  0. |
| -1. |  0. | -1. ||  0. |  0. |  0. ||  0. | -1. |  0. |
|  0. |  0. |  0. ||  1. |  1. |  0. || -1. |  0. |  1. |
|=====+=====+=====||=====+=====+=====||=====+=====+=====|
|* 0. |* 0. |* 0. ||  0. | -1. |  0. ||  0. | -1. |  1. |
|* 0. |* 0. |* 0. ||  0. |  0. |  0. ||  0. |  0. |  0. |
|* 0. |* 0. |* 0. ||  1. |  0. |  0. ||  0. |  1. |  0. |
|=====+=====+=====||=====+=====+=====||=====+=====+=====|
|  0. |  0. | -1. || -1. |  0. |  0. ||  0. |  0. | -1. |
|  0. |  0. |  1. ||  0. |  1. |  0. ||  0. |  0. | -1. |
|  0. |  0. | -1. ||  0. | -1. |  0. ||  0. |  0. |  1. |


state to eval, currenty is playerone turn=true

|  0. |  0. |  1. ||  1. |  0. |  1. ||  1. | -1. |  0. |
| -1. |  0. | -1. ||  0. |  0. |  0. ||  0. | -1. |  0. |
|  0. |  0. |  0. ||  1. |  1. |  0. || -1. |  0. |  1. |
|=====+=====+=====||=====+=====+=====||=====+=====+=====|
|* 0. |* 0. |* 0. ||  0. | -1. |  0. ||  0. | -1. |  1. |
|* 0. |* 0. |* 0. ||  0. |  0. |  0. ||  0. |  0. |  0. |
|* 0. |* 0. |* 0. ||  1. |  0. |  0. ||  0. |  1. |  0. |
|=====+=====+=====||=====+=====+=====||=====+=====+=====|
|  0. |  0. | -1. || -1. |  0. |  0. ||  0. |  0. | -1. |
|  0. |  0. |  1. ||  0. |  1. |  0. ||  0. |  0. | -1. |
|  0. |  0. | -1. ||  0. | -1. |  0. ||  0. |  0. |  1. |


Determined best move using: 112435Iterations
current State

|  0. |  0. |  1. ||  1. |  0. |  1. ||  1. | -1. |  0. |
| -1. |  0. | -1. ||  0. |  0. |  0. ||  0. | -1. |  0. |
|  0. |  0. |  0. ||  1. |  1. |  0. || -1. |  0. |  1. |
|=====+=====+=====||=====+=====+=====||=====+=====+=====|
|  0. |  0. |  0. ||* 0. |*-1. |* 0. ||  0. | -1. |  1. |
|  0. |  1. |  0. ||* 0. |* 0. |* 0. ||  0. |  0. |  0. |
|  0. |  0. |  0. ||* 1. |* 0. |* 0. ||  0. |  1. |  0. |
|=====+=====+=====||=====+=====+=====||=====+=====+=====|
|  0. |  0. | -1. || -1. |  0. |  0. ||  0. |  0. | -1. |
|  0. |  0. |  1. ||  0. |  1. |  0. ||  0. |  0. | -1. |
|  0. |  0. | -1. ||  0. | -1. |  0. ||  0. |  0. |  1. |


state to eval, currenty is playerone turn=false

| -0. | -0. | -1. || -1. | -0. | -1. || -1. |  1. | -0. |
|  1. | -0. |  1. || -0. | -0. | -0. || -0. |  1. | -0. |
| -0. | -0. | -0. || -1. | -1. | -0. ||  1. | -0. | -1. |
|=====+=====+=====||=====+=====+=====||=====+=====+=====|
| -0. | -0. | -0. ||*-0. |* 1. |*-0. || -0. |  1. | -1. |
| -0. | -1. | -0. ||*-0. |*-0. |*-0. || -0. | -0. | -0. |
| -0. | -0. | -0. ||*-1. |*-0. |*-0. || -0. | -1. | -0. |
|=====+=====+=====||=====+=====+=====||=====+=====+=====|
| -0. | -0. |  1. ||  1. | -0. | -0. || -0. | -0. |  1. |
| -0. | -0. | -1. || -0. | -1. | -0. || -0. | -0. |  1. |
| -0. | -0. |  1. || -0. |  1. | -0. || -0. | -0. | -1. |


Determined best move using: 131896Iterations
current State

|* 0. |* 0. |* 1. ||  1. |  0. |  1. ||  1. | -1. |  0. |
|*-1. |* 0. |*-1. ||  0. |  0. |  0. ||  0. | -1. |  0. |
|* 0. |* 0. |* 0. ||  1. |  1. |  0. || -1. |  0. |  1. |
|=====+=====+=====||=====+=====+=====||=====+=====+=====|
|  0. |  0. |  0. || -1. | -1. |  0. ||  0. | -1. |  1. |
|  0. |  1. |  0. ||  0. |  0. |  0. ||  0. |  0. |  0. |
|  0. |  0. |  0. ||  1. |  0. |  0. ||  0. |  1. |  0. |
|=====+=====+=====||=====+=====+=====||=====+=====+=====|
|  0. |  0. | -1. || -1. |  0. |  0. ||  0. |  0. | -1. |
|  0. |  0. |  1. ||  0. |  1. |  0. ||  0. |  0. | -1. |
|  0. |  0. | -1. ||  0. | -1. |  0. ||  0. |  0. |  1. |


state to eval, currenty is playerone turn=true

|* 0. |* 0. |* 1. ||  1. |  0. |  1. ||  1. | -1. |  0. |
|*-1. |* 0. |*-1. ||  0. |  0. |  0. ||  0. | -1. |  0. |
|* 0. |* 0. |* 0. ||  1. |  1. |  0. || -1. |  0. |  1. |
|=====+=====+=====||=====+=====+=====||=====+=====+=====|
|  0. |  0. |  0. || -1. | -1. |  0. ||  0. | -1. |  1. |
|  0. |  1. |  0. ||  0. |  0. |  0. ||  0. |  0. |  0. |
|  0. |  0. |  0. ||  1. |  0. |  0. ||  0. |  1. |  0. |
|=====+=====+=====||=====+=====+=====||=====+=====+=====|
|  0. |  0. | -1. || -1. |  0. |  0. ||  0. |  0. | -1. |
|  0. |  0. |  1. ||  0. |  1. |  0. ||  0. |  0. | -1. |
|  0. |  0. | -1. ||  0. | -1. |  0. ||  0. |  0. |  1. |


Determined best move using: 140270Iterations
current State

|  0. |  0. |  1. ||  1. |  0. |  1. ||  1. | -1. |  0. |
| -1. |  0. | -1. ||  0. |  0. |  0. ||  0. | -1. |  0. |
|  0. |  1. |  0. ||  1. |  1. |  0. || -1. |  0. |  1. |
|=====+=====+=====||=====+=====+=====||=====+=====+=====|
|  0. |  0. |  0. || -1. | -1. |  0. ||  0. | -1. |  1. |
|  0. |  1. |  0. ||  0. |  0. |  0. ||  0. |  0. |  0. |
|  0. |  0. |  0. ||  1. |  0. |  0. ||  0. |  1. |  0. |
|=====+=====+=====||=====+=====+=====||=====+=====+=====|
|  0. |  0. | -1. ||*-1. |* 0. |* 0. ||  0. |  0. | -1. |
|  0. |  0. |  1. ||* 0. |* 1. |* 0. ||  0. |  0. | -1. |
|  0. |  0. | -1. ||* 0. |*-1. |* 0. ||  0. |  0. |  1. |


state to eval, currenty is playerone turn=false

| -0. | -0. | -1. || -1. | -0. | -1. || -1. |  1. | -0. |
|  1. | -0. |  1. || -0. | -0. | -0. || -0. |  1. | -0. |
| -0. | -1. | -0. || -1. | -1. | -0. ||  1. | -0. | -1. |
|=====+=====+=====||=====+=====+=====||=====+=====+=====|
| -0. | -0. | -0. ||  1. |  1. | -0. || -0. |  1. | -1. |
| -0. | -1. | -0. || -0. | -0. | -0. || -0. | -0. | -0. |
| -0. | -0. | -0. || -1. | -0. | -0. || -0. | -1. | -0. |
|=====+=====+=====||=====+=====+=====||=====+=====+=====|
| -0. | -0. |  1. ||* 1. |*-0. |*-0. || -0. | -0. |  1. |
| -0. | -0. | -1. ||*-0. |*-1. |*-0. || -0. | -0. |  1. |
| -0. | -0. |  1. ||*-0. |* 1. |*-0. || -0. | -0. | -1. |


Determined best move using: 138451Iterations
current State

|  0. |  0. |  1. ||  1. |  0. |  1. ||  1. | -1. |  0. |
| -1. |  0. | -1. ||  0. |  0. |  0. ||  0. | -1. |  0. |
|  0. |  1. |  0. ||  1. |  1. |  0. || -1. |  0. |  1. |
|=====+=====+=====||=====+=====+=====||=====+=====+=====|
|* 0. |* 0. |* 0. || -1. | -1. |  0. ||  0. | -1. |  1. |
|* 0. |* 1. |* 0. ||  0. |  0. |  0. ||  0. |  0. |  0. |
|* 0. |* 0. |* 0. ||  1. |  0. |  0. ||  0. |  1. |  0. |
|=====+=====+=====||=====+=====+=====||=====+=====+=====|
|  0. |  0. | -1. || -1. |  0. |  0. ||  0. |  0. | -1. |
|  0. |  0. |  1. || -1. |  1. |  0. ||  0. |  0. | -1. |
|  0. |  0. | -1. ||  0. | -1. |  0. ||  0. |  0. |  1. |


state to eval, currenty is playerone turn=true

|  0. |  0. |  1. ||  1. |  0. |  1. ||  1. | -1. |  0. |
| -1. |  0. | -1. ||  0. |  0. |  0. ||  0. | -1. |  0. |
|  0. |  1. |  0. ||  1. |  1. |  0. || -1. |  0. |  1. |
|=====+=====+=====||=====+=====+=====||=====+=====+=====|
|* 0. |* 0. |* 0. || -1. | -1. |  0. ||  0. | -1. |  1. |
|* 0. |* 1. |* 0. ||  0. |  0. |  0. ||  0. |  0. |  0. |
|* 0. |* 0. |* 0. ||  1. |  0. |  0. ||  0. |  1. |  0. |
|=====+=====+=====||=====+=====+=====||=====+=====+=====|
|  0. |  0. | -1. || -1. |  0. |  0. ||  0. |  0. | -1. |
|  0. |  0. |  1. || -1. |  1. |  0. ||  0. |  0. | -1. |
|  0. |  0. | -1. ||  0. | -1. |  0. ||  0. |  0. |  1. |


Determined best move using: 140764Iterations
current State

|  0. |  0. |  1. ||  1. |  0. |  1. ||* 1. |*-1. |* 0. |
| -1. |  0. | -1. ||  0. |  0. |  0. ||* 0. |*-1. |* 0. |
|  0. |  1. |  0. ||  1. |  1. |  0. ||*-1. |* 0. |* 1. |
|=====+=====+=====||=====+=====+=====||=====+=====+=====|
|  0. |  0. |  1. || -1. | -1. |  0. ||  0. | -1. |  1. |
|  0. |  1. |  0. ||  0. |  0. |  0. ||  0. |  0. |  0. |
|  0. |  0. |  0. ||  1. |  0. |  0. ||  0. |  1. |  0. |
|=====+=====+=====||=====+=====+=====||=====+=====+=====|
|  0. |  0. | -1. || -1. |  0. |  0. ||  0. |  0. | -1. |
|  0. |  0. |  1. || -1. |  1. |  0. ||  0. |  0. | -1. |
|  0. |  0. | -1. ||  0. | -1. |  0. ||  0. |  0. |  1. |


state to eval, currenty is playerone turn=false

| -0. | -0. | -1. || -1. | -0. | -1. ||*-1. |* 1. |*-0. |
|  1. | -0. |  1. || -0. | -0. | -0. ||*-0. |* 1. |*-0. |
| -0. | -1. | -0. || -1. | -1. | -0. ||* 1. |*-0. |*-1. |
|=====+=====+=====||=====+=====+=====||=====+=====+=====|
| -0. | -0. | -1. ||  1. |  1. | -0. || -0. |  1. | -1. |
| -0. | -1. | -0. || -0. | -0. | -0. || -0. | -0. | -0. |
| -0. | -0. | -0. || -1. | -0. | -0. || -0. | -1. | -0. |
|=====+=====+=====||=====+=====+=====||=====+=====+=====|
| -0. | -0. |  1. ||  1. | -0. | -0. || -0. | -0. |  1. |
| -0. | -0. | -1. ||  1. | -1. | -0. || -0. | -0. |  1. |
| -0. | -0. |  1. || -0. |  1. | -0. || -0. | -0. | -1. |


Determined best move using: 144387Iterations
current State

|  0. |  0. |  1. ||  1. |  0. |  1. ||  1. | -1. |  0. |
| -1. |  0. | -1. ||  0. |  0. |  0. ||  0. | -1. | -1. |
|  0. |  1. |  0. ||  1. |  1. |  0. || -1. |  0. |  1. |
|=====+=====+=====||=====+=====+=====||=====+=====+=====|
|  0. |  0. |  1. || -1. | -1. |  0. ||* 0. |*-1. |* 1. |
|  0. |  1. |  0. ||  0. |  0. |  0. ||* 0. |* 0. |* 0. |
|  0. |  0. |  0. ||  1. |  0. |  0. ||* 0. |* 1. |* 0. |
|=====+=====+=====||=====+=====+=====||=====+=====+=====|
|  0. |  0. | -1. || -1. |  0. |  0. ||  0. |  0. | -1. |
|  0. |  0. |  1. || -1. |  1. |  0. ||  0. |  0. | -1. |
|  0. |  0. | -1. ||  0. | -1. |  0. ||  0. |  0. |  1. |


state to eval, currenty is playerone turn=true

|  0. |  0. |  1. ||  1. |  0. |  1. ||  1. | -1. |  0. |
| -1. |  0. | -1. ||  0. |  0. |  0. ||  0. | -1. | -1. |
|  0. |  1. |  0. ||  1. |  1. |  0. || -1. |  0. |  1. |
|=====+=====+=====||=====+=====+=====||=====+=====+=====|
|  0. |  0. |  1. || -1. | -1. |  0. ||* 0. |*-1. |* 1. |
|  0. |  1. |  0. ||  0. |  0. |  0. ||* 0. |* 0. |* 0. |
|  0. |  0. |  0. ||  1. |  0. |  0. ||* 0. |* 1. |* 0. |
|=====+=====+=====||=====+=====+=====||=====+=====+=====|
|  0. |  0. | -1. || -1. |  0. |  0. ||  0. |  0. | -1. |
|  0. |  0. |  1. || -1. |  1. |  0. ||  0. |  0. | -1. |
|  0. |  0. | -1. ||  0. | -1. |  0. ||  0. |  0. |  1. |


Determined best move using: 179091Iterations
current State

|  0. |  0. |  1. ||  1. |  0. |  1. ||  1. | -1. |  0. |
| -1. |  0. | -1. ||  0. |  0. |  0. ||  0. | -1. | -1. |
|  0. |  1. |  0. ||  1. |  1. |  0. || -1. |  0. |  1. |
|=====+=====+=====||=====+=====+=====||=====+=====+=====|
|  0. |  0. |  1. || -1. | -1. |  0. ||  0. | -1. |  1. |
|  0. |  1. |  0. ||  0. |  0. |  0. ||  0. |  0. |  0. |
|  0. |  0. |  0. ||  1. |  0. |  0. ||  1. |  1. |  0. |
|=====+=====+=====||=====+=====+=====||=====+=====+=====|
|* 0. |* 0. |*-1. || -1. |  0. |  0. ||  0. |  0. | -1. |
|* 0. |* 0. |* 1. || -1. |  1. |  0. ||  0. |  0. | -1. |
|* 0. |* 0. |*-1. ||  0. | -1. |  0. ||  0. |  0. |  1. |


state to eval, currenty is playerone turn=false

| -0. | -0. | -1. || -1. | -0. | -1. || -1. |  1. | -0. |
|  1. | -0. |  1. || -0. | -0. | -0. || -0. |  1. |  1. |
| -0. | -1. | -0. || -1. | -1. | -0. ||  1. | -0. | -1. |
|=====+=====+=====||=====+=====+=====||=====+=====+=====|
| -0. | -0. | -1. ||  1. |  1. | -0. || -0. |  1. | -1. |
| -0. | -1. | -0. || -0. | -0. | -0. || -0. | -0. | -0. |
| -0. | -0. | -0. || -1. | -0. | -0. || -1. | -1. | -0. |
|=====+=====+=====||=====+=====+=====||=====+=====+=====|
|*-0. |*-0. |* 1. ||  1. | -0. | -0. || -0. | -0. |  1. |
|*-0. |*-0. |*-1. ||  1. | -1. | -0. || -0. | -0. |  1. |
|*-0. |*-0. |* 1. || -0. |  1. | -0. || -0. | -0. | -1. |


Determined best move using: 183859Iterations
current State

|  0. |  0. |  1. ||* 1. |* 0. |* 1. ||  1. | -1. |  0. |
| -1. |  0. | -1. ||* 0. |* 0. |* 0. ||  0. | -1. | -1. |
|  0. |  1. |  0. ||* 1. |* 1. |* 0. || -1. |  0. |  1. |
|=====+=====+=====||=====+=====+=====||=====+=====+=====|
|  0. |  0. |  1. || -1. | -1. |  0. ||  0. | -1. |  1. |
|  0. |  1. |  0. ||  0. |  0. |  0. ||  0. |  0. |  0. |
|  0. |  0. |  0. ||  1. |  0. |  0. ||  1. |  1. |  0. |
|=====+=====+=====||=====+=====+=====||=====+=====+=====|
|  0. | -1. | -1. || -1. |  0. |  0. ||  0. |  0. | -1. |
|  0. |  0. |  1. || -1. |  1. |  0. ||  0. |  0. | -1. |
|  0. |  0. | -1. ||  0. | -1. |  0. ||  0. |  0. |  1. |


state to eval, currenty is playerone turn=true

|  0. |  0. |  1. ||* 1. |* 0. |* 1. ||  1. | -1. |  0. |
| -1. |  0. | -1. ||* 0. |* 0. |* 0. ||  0. | -1. | -1. |
|  0. |  1. |  0. ||* 1. |* 1. |* 0. || -1. |  0. |  1. |
|=====+=====+=====||=====+=====+=====||=====+=====+=====|
|  0. |  0. |  1. || -1. | -1. |  0. ||  0. | -1. |  1. |
|  0. |  1. |  0. ||  0. |  0. |  0. ||  0. |  0. |  0. |
|  0. |  0. |  0. ||  1. |  0. |  0. ||  1. |  1. |  0. |
|=====+=====+=====||=====+=====+=====||=====+=====+=====|
|  0. | -1. | -1. || -1. |  0. |  0. ||  0. |  0. | -1. |
|  0. |  0. |  1. || -1. |  1. |  0. ||  0. |  0. | -1. |
|  0. |  0. | -1. ||  0. | -1. |  0. ||  0. |  0. |  1. |


Determined best move using: 187881Iterations
