Saving data to: W:\Labs\ME\ME187-Fall2024\StudentFiles\CALEBHOTTES\UTTTstuff\data\series1
Begin custom message: 
DataSeries: series1 game number: 180 

Description: making data during matlab class 238. 

Evaluator config=EvaluatorConfiguration{cValue=2.0, maxRolloutDepth=1000, computeTime=35, threads=1, stupidity=0, allowForcePlay=false, maxMyCPU=false}
End custom message
Inital State: 

|* 0. |* 0. |* 0. ||* 0. |* 0. |* 0. ||* 0. |* 0. |* 0. |
|* 0. |* 0. |* 0. ||* 0. |* 0. |* 0. ||* 0. |* 0. |* 0. |
|* 0. |* 0. |* 0. ||* 0. |* 0. |* 0. ||* 0. |* 0. |* 0. |
|=====+=====+=====||=====+=====+=====||=====+=====+=====|
|* 0. |* 0. |* 0. ||* 0. |* 0. |* 0. ||* 0. |* 0. |* 0. |
|* 0. |* 0. |* 0. ||* 0. |* 0. |* 0. ||* 0. |* 0. |* 0. |
|* 0. |* 0. |* 0. ||* 0. |* 0. |* 0. ||* 0. |* 0. |* 0. |
|=====+=====+=====||=====+=====+=====||=====+=====+=====|
|* 0. |* 0. |* 0. ||* 0. |* 0. |* 0. ||* 0. |* 0. |* 0. |
|* 0. |* 0. |* 0. ||* 0. |* 0. |* 0. ||* 0. |* 0. |* 0. |
|* 0. |* 0. |* 0. ||* 0. |* 0. |* 0. ||* 0. |* 0. |* 0. |


state to eval, currenty is playerone turn=true

|* 0. |* 0. |* 0. ||* 0. |* 0. |* 0. ||* 0. |* 0. |* 0. |
|* 0. |* 0. |* 0. ||* 0. |* 0. |* 0. ||* 0. |* 0. |* 0. |
|* 0. |* 0. |* 0. ||* 0. |* 0. |* 0. ||* 0. |* 0. |* 0. |
|=====+=====+=====||=====+=====+=====||=====+=====+=====|
|* 0. |* 0. |* 0. ||* 0. |* 0. |* 0. ||* 0. |* 0. |* 0. |
|* 0. |* 0. |* 0. ||* 0. |* 0. |* 0. ||* 0. |* 0. |* 0. |
|* 0. |* 0. |* 0. ||* 0. |* 0. |* 0. ||* 0. |* 0. |* 0. |
|=====+=====+=====||=====+=====+=====||=====+=====+=====|
|* 0. |* 0. |* 0. ||* 0. |* 0. |* 0. ||* 0. |* 0. |* 0. |
|* 0. |* 0. |* 0. ||* 0. |* 0. |* 0. ||* 0. |* 0. |* 0. |
|* 0. |* 0. |* 0. ||* 0. |* 0. |* 0. ||* 0. |* 0. |* 0. |


Determined best move using: 84549Iterations
Determined best move using: 108087Iterations
Determined best move using: 98555Iterations
current State

|  0. |  0. |  0. ||  0. |  0. |  0. ||  0. |  0. |  0. |
|  0. |  0. |  0. ||  0. |  0. |  0. ||  0. |  0. |  0. |
|  0. |  0. |  0. ||  0. |  0. |  0. ||  0. |  0. |  0. |
|=====+=====+=====||=====+=====+=====||=====+=====+=====|
|  0. |  0. |  0. ||  0. |  0. |  0. ||  0. |  0. |  0. |
|  0. |  0. |  0. ||  0. |  0. |  0. ||  0. |  0. |  0. |
|  0. |  0. |  1. ||  0. |  0. |  0. ||  0. |  0. |  0. |
|=====+=====+=====||=====+=====+=====||=====+=====+=====|
|  0. |  0. |  0. ||  0. |  0. |  0. ||* 0. |* 0. |* 0. |
|  0. |  0. |  0. ||  0. |  0. |  0. ||* 0. |* 0. |* 0. |
|  0. |  0. |  0. ||  0. |  0. |  0. ||* 0. |* 0. |* 0. |


state to eval, currenty is playerone turn=false

| -0. | -0. | -0. || -0. | -0. | -0. || -0. | -0. | -0. |
| -0. | -0. | -0. || -0. | -0. | -0. || -0. | -0. | -0. |
| -0. | -0. | -0. || -0. | -0. | -0. || -0. | -0. | -0. |
|=====+=====+=====||=====+=====+=====||=====+=====+=====|
| -0. | -0. | -0. || -0. | -0. | -0. || -0. | -0. | -0. |
| -0. | -0. | -0. || -0. | -0. | -0. || -0. | -0. | -0. |
| -0. | -0. | -1. || -0. | -0. | -0. || -0. | -0. | -0. |
|=====+=====+=====||=====+=====+=====||=====+=====+=====|
| -0. | -0. | -0. || -0. | -0. | -0. ||*-0. |*-0. |*-0. |
| -0. | -0. | -0. || -0. | -0. | -0. ||*-0. |*-0. |*-0. |
| -0. | -0. | -0. || -0. | -0. | -0. ||*-0. |*-0. |*-0. |


Determined best move using: 99213Iterations
current State

|  0. |  0. |  0. ||  0. |  0. |  0. ||  0. |  0. |  0. |
|  0. |  0. |  0. ||  0. |  0. |  0. ||  0. |  0. |  0. |
|  0. |  0. |  0. ||  0. |  0. |  0. ||  0. |  0. |  0. |
|=====+=====+=====||=====+=====+=====||=====+=====+=====|
|  0. |  0. |  0. ||  0. |  0. |  0. ||  0. |  0. |  0. |
|  0. |  0. |  0. ||  0. |  0. |  0. ||  0. |  0. |  0. |
|  0. |  0. |  1. ||  0. |  0. |  0. ||  0. |  0. |  0. |
|=====+=====+=====||=====+=====+=====||=====+=====+=====|
|  0. |  0. |  0. ||* 0. |* 0. |* 0. ||  0. |  0. |  0. |
|  0. |  0. |  0. ||* 0. |* 0. |* 0. ||  0. |  0. |  0. |
|  0. |  0. |  0. ||* 0. |* 0. |* 0. ||  0. | -1. |  0. |


state to eval, currenty is playerone turn=true

|  0. |  0. |  0. ||  0. |  0. |  0. ||  0. |  0. |  0. |
|  0. |  0. |  0. ||  0. |  0. |  0. ||  0. |  0. |  0. |
|  0. |  0. |  0. ||  0. |  0. |  0. ||  0. |  0. |  0. |
|=====+=====+=====||=====+=====+=====||=====+=====+=====|
|  0. |  0. |  0. ||  0. |  0. |  0. ||  0. |  0. |  0. |
|  0. |  0. |  0. ||  0. |  0. |  0. ||  0. |  0. |  0. |
|  0. |  0. |  1. ||  0. |  0. |  0. ||  0. |  0. |  0. |
|=====+=====+=====||=====+=====+=====||=====+=====+=====|
|  0. |  0. |  0. ||* 0. |* 0. |* 0. ||  0. |  0. |  0. |
|  0. |  0. |  0. ||* 0. |* 0. |* 0. ||  0. |  0. |  0. |
|  0. |  0. |  0. ||* 0. |* 0. |* 0. ||  0. | -1. |  0. |


current State

|  0. |  0. |  0. ||  0. |  0. |  0. ||  0. |  0. |  0. |
|  0. |  0. |  0. ||  0. |  0. |  0. ||  0. |  0. |  0. |
|  0. |  0. |  0. ||  0. |  0. |  0. ||  0. |  0. |  0. |
|=====+=====+=====||=====+=====+=====||=====+=====+=====|
|  0. |  0. |  0. ||  0. |  0. |  0. ||  0. |  0. |  0. |
|  0. |  0. |  0. ||  0. |  0. |  0. ||  0. |  0. |  0. |
|  0. |  0. |  1. ||  0. |  0. |  0. ||  0. |  0. |  0. |
|=====+=====+=====||=====+=====+=====||=====+=====+=====|
|  0. |  0. |  0. ||* 0. |* 0. |* 0. ||  0. |  0. |  0. |
|  0. |  0. |  0. ||* 0. |* 0. |* 0. ||  0. |  0. |  0. |
|  0. |  0. |  0. ||* 0. |* 1. |* 0. ||  0. | -1. |  0. |


state to eval, currenty is playerone turn=false

| -0. | -0. | -0. || -0. | -0. | -0. || -0. | -0. | -0. |
| -0. | -0. | -0. || -0. | -0. | -0. || -0. | -0. | -0. |
| -0. | -0. | -0. || -0. | -0. | -0. || -0. | -0. | -0. |
|=====+=====+=====||=====+=====+=====||=====+=====+=====|
| -0. | -0. | -0. || -0. | -0. | -0. || -0. | -0. | -0. |
| -0. | -0. | -0. || -0. | -0. | -0. || -0. | -0. | -0. |
| -0. | -0. | -1. || -0. | -0. | -0. || -0. | -0. | -0. |
|=====+=====+=====||=====+=====+=====||=====+=====+=====|
| -0. | -0. | -0. ||*-0. |*-0. |*-0. || -0. | -0. | -0. |
| -0. | -0. | -0. ||*-0. |*-0. |*-0. || -0. | -0. | -0. |
| -0. | -0. | -0. ||*-0. |*-1. |*-0. || -0. |  1. | -0. |


Determined best move using: 97994Iterations
Determined best move using: 106716Iterations
current State

|  0. |  0. |  0. ||  0. |  0. |  0. ||  0. |  0. |  0. |
|  0. |  0. |  0. ||  0. |  0. |  0. ||  0. |  0. |  0. |
|  0. |  0. |  0. ||  0. |  0. |  0. ||  0. |  0. |  0. |
|=====+=====+=====||=====+=====+=====||=====+=====+=====|
|* 0. |* 0. |* 0. ||  0. |  0. |  0. ||  0. |  0. |  0. |
|* 0. |* 0. |* 0. ||  0. |  0. |  0. ||  0. |  0. |  0. |
|* 0. |* 0. |* 1. ||  0. |  0. |  0. ||  0. |  0. |  0. |
|=====+=====+=====||=====+=====+=====||=====+=====+=====|
|  0. |  0. |  0. ||  0. |  0. |  0. ||  0. |  0. |  0. |
|  0. |  0. |  0. || -1. |  0. |  0. ||  0. |  0. |  0. |
|  0. |  0. |  0. ||  0. |  1. |  0. ||  0. | -1. |  0. |


state to eval, currenty is playerone turn=true

|  0. |  0. |  0. ||  0. |  0. |  0. ||  0. |  0. |  0. |
|  0. |  0. |  0. ||  0. |  0. |  0. ||  0. |  0. |  0. |
|  0. |  0. |  0. ||  0. |  0. |  0. ||  0. |  0. |  0. |
|=====+=====+=====||=====+=====+=====||=====+=====+=====|
|* 0. |* 0. |* 0. ||  0. |  0. |  0. ||  0. |  0. |  0. |
|* 0. |* 0. |* 0. ||  0. |  0. |  0. ||  0. |  0. |  0. |
|* 0. |* 0. |* 1. ||  0. |  0. |  0. ||  0. |  0. |  0. |
|=====+=====+=====||=====+=====+=====||=====+=====+=====|
|  0. |  0. |  0. ||  0. |  0. |  0. ||  0. |  0. |  0. |
|  0. |  0. |  0. || -1. |  0. |  0. ||  0. |  0. |  0. |
|  0. |  0. |  0. ||  0. |  1. |  0. ||  0. | -1. |  0. |


Determined best move using: 111882Iterations
current State

|  0. |  0. |  0. ||  0. |  0. |  0. ||* 0. |* 0. |* 0. |
|  0. |  0. |  0. ||  0. |  0. |  0. ||* 0. |* 0. |* 0. |
|  0. |  0. |  0. ||  0. |  0. |  0. ||* 0. |* 0. |* 0. |
|=====+=====+=====||=====+=====+=====||=====+=====+=====|
|  0. |  0. |  1. ||  0. |  0. |  0. ||  0. |  0. |  0. |
|  0. |  0. |  0. ||  0. |  0. |  0. ||  0. |  0. |  0. |
|  0. |  0. |  1. ||  0. |  0. |  0. ||  0. |  0. |  0. |
|=====+=====+=====||=====+=====+=====||=====+=====+=====|
|  0. |  0. |  0. ||  0. |  0. |  0. ||  0. |  0. |  0. |
|  0. |  0. |  0. || -1. |  0. |  0. ||  0. |  0. |  0. |
|  0. |  0. |  0. ||  0. |  1. |  0. ||  0. | -1. |  0. |


state to eval, currenty is playerone turn=false

| -0. | -0. | -0. || -0. | -0. | -0. ||*-0. |*-0. |*-0. |
| -0. | -0. | -0. || -0. | -0. | -0. ||*-0. |*-0. |*-0. |
| -0. | -0. | -0. || -0. | -0. | -0. ||*-0. |*-0. |*-0. |
|=====+=====+=====||=====+=====+=====||=====+=====+=====|
| -0. | -0. | -1. || -0. | -0. | -0. || -0. | -0. | -0. |
| -0. | -0. | -0. || -0. | -0. | -0. || -0. | -0. | -0. |
| -0. | -0. | -1. || -0. | -0. | -0. || -0. | -0. | -0. |
|=====+=====+=====||=====+=====+=====||=====+=====+=====|
| -0. | -0. | -0. || -0. | -0. | -0. || -0. | -0. | -0. |
| -0. | -0. | -0. ||  1. | -0. | -0. || -0. | -0. | -0. |
| -0. | -0. | -0. || -0. | -1. | -0. || -0. |  1. | -0. |


Determined best move using: 111853Iterations
current State

|  0. |  0. |  0. ||  0. |  0. |  0. ||  0. |  0. |  0. |
|  0. |  0. |  0. ||  0. |  0. |  0. || -1. |  0. |  0. |
|  0. |  0. |  0. ||  0. |  0. |  0. ||  0. |  0. |  0. |
|=====+=====+=====||=====+=====+=====||=====+=====+=====|
|* 0. |* 0. |* 1. ||  0. |  0. |  0. ||  0. |  0. |  0. |
|* 0. |* 0. |* 0. ||  0. |  0. |  0. ||  0. |  0. |  0. |
|* 0. |* 0. |* 1. ||  0. |  0. |  0. ||  0. |  0. |  0. |
|=====+=====+=====||=====+=====+=====||=====+=====+=====|
|  0. |  0. |  0. ||  0. |  0. |  0. ||  0. |  0. |  0. |
|  0. |  0. |  0. || -1. |  0. |  0. ||  0. |  0. |  0. |
|  0. |  0. |  0. ||  0. |  1. |  0. ||  0. | -1. |  0. |


state to eval, currenty is playerone turn=true

|  0. |  0. |  0. ||  0. |  0. |  0. ||  0. |  0. |  0. |
|  0. |  0. |  0. ||  0. |  0. |  0. || -1. |  0. |  0. |
|  0. |  0. |  0. ||  0. |  0. |  0. ||  0. |  0. |  0. |
|=====+=====+=====||=====+=====+=====||=====+=====+=====|
|* 0. |* 0. |* 1. ||  0. |  0. |  0. ||  0. |  0. |  0. |
|* 0. |* 0. |* 0. ||  0. |  0. |  0. ||  0. |  0. |  0. |
|* 0. |* 0. |* 1. ||  0. |  0. |  0. ||  0. |  0. |  0. |
|=====+=====+=====||=====+=====+=====||=====+=====+=====|
|  0. |  0. |  0. ||  0. |  0. |  0. ||  0. |  0. |  0. |
|  0. |  0. |  0. || -1. |  0. |  0. ||  0. |  0. |  0. |
|  0. |  0. |  0. ||  0. |  1. |  0. ||  0. | -1. |  0. |


Determined best move using: 114924Iterations
current State

|  0. |  0. |  0. ||  0. |  0. |  0. ||  0. |  0. |  0. |
|  0. |  0. |  0. ||  0. |  0. |  0. || -1. |  0. |  0. |
|  0. |  0. |  0. ||  0. |  0. |  0. ||  0. |  0. |  0. |
|=====+=====+=====||=====+=====+=====||=====+=====+=====|
|  0. |  0. |  1. ||  0. |  0. |  0. ||  0. |  0. |  0. |
|  0. |  0. |  0. ||  0. |  0. |  0. ||  0. |  0. |  0. |
|  1. |  0. |  1. ||  0. |  0. |  0. ||  0. |  0. |  0. |
|=====+=====+=====||=====+=====+=====||=====+=====+=====|
|* 0. |* 0. |* 0. ||  0. |  0. |  0. ||  0. |  0. |  0. |
|* 0. |* 0. |* 0. || -1. |  0. |  0. ||  0. |  0. |  0. |
|* 0. |* 0. |* 0. ||  0. |  1. |  0. ||  0. | -1. |  0. |


state to eval, currenty is playerone turn=false

| -0. | -0. | -0. || -0. | -0. | -0. || -0. | -0. | -0. |
| -0. | -0. | -0. || -0. | -0. | -0. ||  1. | -0. | -0. |
| -0. | -0. | -0. || -0. | -0. | -0. || -0. | -0. | -0. |
|=====+=====+=====||=====+=====+=====||=====+=====+=====|
| -0. | -0. | -1. || -0. | -0. | -0. || -0. | -0. | -0. |
| -0. | -0. | -0. || -0. | -0. | -0. || -0. | -0. | -0. |
| -1. | -0. | -1. || -0. | -0. | -0. || -0. | -0. | -0. |
|=====+=====+=====||=====+=====+=====||=====+=====+=====|
|*-0. |*-0. |*-0. || -0. | -0. | -0. || -0. | -0. | -0. |
|*-0. |*-0. |*-0. ||  1. | -0. | -0. || -0. | -0. | -0. |
|*-0. |*-0. |*-0. || -0. | -1. | -0. || -0. |  1. | -0. |


current State

|  0. |  0. |  0. ||  0. |  0. |  0. ||  0. |  0. |  0. |
|  0. |  0. |  0. ||  0. |  0. |  0. || -1. |  0. |  0. |
|  0. |  0. |  0. ||  0. |  0. |  0. ||  0. |  0. |  0. |
|=====+=====+=====||=====+=====+=====||=====+=====+=====|
|  0. |  0. |  1. ||  0. |  0. |  0. ||  0. |  0. |  0. |
|  0. |  0. |  0. ||  0. |  0. |  0. ||  0. |  0. |  0. |
|  1. |  0. |  1. ||  0. |  0. |  0. ||  0. |  0. |  0. |
|=====+=====+=====||=====+=====+=====||=====+=====+=====|
|  0. |  0. |  0. ||* 0. |* 0. |* 0. ||  0. |  0. |  0. |
|  0. |  0. |  0. ||*-1. |* 0. |* 0. ||  0. |  0. |  0. |
|  0. | -1. |  0. ||* 0. |* 1. |* 0. ||  0. | -1. |  0. |


state to eval, currenty is playerone turn=true

|  0. |  0. |  0. ||  0. |  0. |  0. ||  0. |  0. |  0. |
|  0. |  0. |  0. ||  0. |  0. |  0. || -1. |  0. |  0. |
|  0. |  0. |  0. ||  0. |  0. |  0. ||  0. |  0. |  0. |
|=====+=====+=====||=====+=====+=====||=====+=====+=====|
|  0. |  0. |  1. ||  0. |  0. |  0. ||  0. |  0. |  0. |
|  0. |  0. |  0. ||  0. |  0. |  0. ||  0. |  0. |  0. |
|  1. |  0. |  1. ||  0. |  0. |  0. ||  0. |  0. |  0. |
|=====+=====+=====||=====+=====+=====||=====+=====+=====|
|  0. |  0. |  0. ||* 0. |* 0. |* 0. ||  0. |  0. |  0. |
|  0. |  0. |  0. ||*-1. |* 0. |* 0. ||  0. |  0. |  0. |
|  0. | -1. |  0. ||* 0. |* 1. |* 0. ||  0. | -1. |  0. |


Determined best move using: 119996Iterations
current State

|  0. |  0. |  0. ||  0. |  0. |  0. ||  0. |  0. |  0. |
|  0. |  0. |  0. ||  0. |  0. |  0. || -1. |  0. |  0. |
|  0. |  0. |  0. ||  0. |  0. |  0. ||  0. |  0. |  0. |
|=====+=====+=====||=====+=====+=====||=====+=====+=====|
|  0. |  0. |  1. ||  0. |  0. |  0. ||* 0. |* 0. |* 0. |
|  0. |  0. |  0. ||  0. |  0. |  0. ||* 0. |* 0. |* 0. |
|  1. |  0. |  1. ||  0. |  0. |  0. ||* 0. |* 0. |* 0. |
|=====+=====+=====||=====+=====+=====||=====+=====+=====|
|  0. |  0. |  0. ||  0. |  0. |  0. ||  0. |  0. |  0. |
|  0. |  0. |  0. || -1. |  0. |  1. ||  0. |  0. |  0. |
|  0. | -1. |  0. ||  0. |  1. |  0. ||  0. | -1. |  0. |


state to eval, currenty is playerone turn=false

| -0. | -0. | -0. || -0. | -0. | -0. || -0. | -0. | -0. |
| -0. | -0. | -0. || -0. | -0. | -0. ||  1. | -0. | -0. |
| -0. | -0. | -0. || -0. | -0. | -0. || -0. | -0. | -0. |
|=====+=====+=====||=====+=====+=====||=====+=====+=====|
| -0. | -0. | -1. || -0. | -0. | -0. ||*-0. |*-0. |*-0. |
| -0. | -0. | -0. || -0. | -0. | -0. ||*-0. |*-0. |*-0. |
| -1. | -0. | -1. || -0. | -0. | -0. ||*-0. |*-0. |*-0. |
|=====+=====+=====||=====+=====+=====||=====+=====+=====|
| -0. | -0. | -0. || -0. | -0. | -0. || -0. | -0. | -0. |
| -0. | -0. | -0. ||  1. | -0. | -1. || -0. | -0. | -0. |
| -0. |  1. | -0. || -0. | -1. | -0. || -0. |  1. | -0. |


Determined best move using: 120154Iterations
current State

|  0. |  0. |  0. ||  0. |  0. |  0. ||  0. |  0. |  0. |
|  0. |  0. |  0. ||  0. |  0. |  0. || -1. |  0. |  0. |
|  0. |  0. |  0. ||  0. |  0. |  0. ||  0. |  0. |  0. |
|=====+=====+=====||=====+=====+=====||=====+=====+=====|
|  0. |  0. |  1. ||  0. |  0. |  0. ||  0. |  0. |  0. |
|  0. |  0. |  0. ||  0. |  0. |  0. ||  0. |  0. |  0. |
|  1. |  0. |  1. ||  0. |  0. |  0. ||  0. |  0. | -1. |
|=====+=====+=====||=====+=====+=====||=====+=====+=====|
|  0. |  0. |  0. ||  0. |  0. |  0. ||* 0. |* 0. |* 0. |
|  0. |  0. |  0. || -1. |  0. |  1. ||* 0. |* 0. |* 0. |
|  0. | -1. |  0. ||  0. |  1. |  0. ||* 0. |*-1. |* 0. |


state to eval, currenty is playerone turn=true

|  0. |  0. |  0. ||  0. |  0. |  0. ||  0. |  0. |  0. |
|  0. |  0. |  0. ||  0. |  0. |  0. || -1. |  0. |  0. |
|  0. |  0. |  0. ||  0. |  0. |  0. ||  0. |  0. |  0. |
|=====+=====+=====||=====+=====+=====||=====+=====+=====|
|  0. |  0. |  1. ||  0. |  0. |  0. ||  0. |  0. |  0. |
|  0. |  0. |  0. ||  0. |  0. |  0. ||  0. |  0. |  0. |
|  1. |  0. |  1. ||  0. |  0. |  0. ||  0. |  0. | -1. |
|=====+=====+=====||=====+=====+=====||=====+=====+=====|
|  0. |  0. |  0. ||  0. |  0. |  0. ||* 0. |* 0. |* 0. |
|  0. |  0. |  0. || -1. |  0. |  1. ||* 0. |* 0. |* 0. |
|  0. | -1. |  0. ||  0. |  1. |  0. ||* 0. |*-1. |* 0. |


Determined best move using: 124377Iterations
current State

|  0. |  0. |  0. ||* 0. |* 0. |* 0. ||  0. |  0. |  0. |
|  0. |  0. |  0. ||* 0. |* 0. |* 0. || -1. |  0. |  0. |
|  0. |  0. |  0. ||* 0. |* 0. |* 0. ||  0. |  0. |  0. |
|=====+=====+=====||=====+=====+=====||=====+=====+=====|
|  0. |  0. |  1. ||  0. |  0. |  0. ||  0. |  0. |  0. |
|  0. |  0. |  0. ||  0. |  0. |  0. ||  0. |  0. |  0. |
|  1. |  0. |  1. ||  0. |  0. |  0. ||  0. |  0. | -1. |
|=====+=====+=====||=====+=====+=====||=====+=====+=====|
|  0. |  0. |  0. ||  0. |  0. |  0. ||  0. |  1. |  0. |
|  0. |  0. |  0. || -1. |  0. |  1. ||  0. |  0. |  0. |
|  0. | -1. |  0. ||  0. |  1. |  0. ||  0. | -1. |  0. |


state to eval, currenty is playerone turn=false

| -0. | -0. | -0. ||*-0. |*-0. |*-0. || -0. | -0. | -0. |
| -0. | -0. | -0. ||*-0. |*-0. |*-0. ||  1. | -0. | -0. |
| -0. | -0. | -0. ||*-0. |*-0. |*-0. || -0. | -0. | -0. |
|=====+=====+=====||=====+=====+=====||=====+=====+=====|
| -0. | -0. | -1. || -0. | -0. | -0. || -0. | -0. | -0. |
| -0. | -0. | -0. || -0. | -0. | -0. || -0. | -0. | -0. |
| -1. | -0. | -1. || -0. | -0. | -0. || -0. | -0. |  1. |
|=====+=====+=====||=====+=====+=====||=====+=====+=====|
| -0. | -0. | -0. || -0. | -0. | -0. || -0. | -1. | -0. |
| -0. | -0. | -0. ||  1. | -0. | -1. || -0. | -0. | -0. |
| -0. |  1. | -0. || -0. | -1. | -0. || -0. |  1. | -0. |


Determined best move using: 63271Iterations
current State

|  0. |  0. |  0. ||  0. |  0. |  0. ||  0. |  0. |  0. |
|  0. |  0. |  0. ||  0. |  0. | -1. || -1. |  0. |  0. |
|  0. |  0. |  0. ||  0. |  0. |  0. ||  0. |  0. |  0. |
|=====+=====+=====||=====+=====+=====||=====+=====+=====|
|  0. |  0. |  1. ||  0. |  0. |  0. ||* 0. |* 0. |* 0. |
|  0. |  0. |  0. ||  0. |  0. |  0. ||* 0. |* 0. |* 0. |
|  1. |  0. |  1. ||  0. |  0. |  0. ||* 0. |* 0. |*-1. |
|=====+=====+=====||=====+=====+=====||=====+=====+=====|
|  0. |  0. |  0. ||  0. |  0. |  0. ||  0. |  1. |  0. |
|  0. |  0. |  0. || -1. |  0. |  1. ||  0. |  0. |  0. |
|  0. | -1. |  0. ||  0. |  1. |  0. ||  0. | -1. |  0. |


state to eval, currenty is playerone turn=true

|  0. |  0. |  0. ||  0. |  0. |  0. ||  0. |  0. |  0. |
|  0. |  0. |  0. ||  0. |  0. | -1. || -1. |  0. |  0. |
|  0. |  0. |  0. ||  0. |  0. |  0. ||  0. |  0. |  0. |
|=====+=====+=====||=====+=====+=====||=====+=====+=====|
|  0. |  0. |  1. ||  0. |  0. |  0. ||* 0. |* 0. |* 0. |
|  0. |  0. |  0. ||  0. |  0. |  0. ||* 0. |* 0. |* 0. |
|  1. |  0. |  1. ||  0. |  0. |  0. ||* 0. |* 0. |*-1. |
|=====+=====+=====||=====+=====+=====||=====+=====+=====|
|  0. |  0. |  0. ||  0. |  0. |  0. ||  0. |  1. |  0. |
|  0. |  0. |  0. || -1. |  0. |  1. ||  0. |  0. |  0. |
|  0. | -1. |  0. ||  0. |  1. |  0. ||  0. | -1. |  0. |


current State

|  0. |  0. |  0. ||  0. |  0. |  0. ||  0. |  0. |  0. |
|  0. |  0. |  0. ||  0. |  0. | -1. || -1. |  0. |  0. |
|  0. |  0. |  0. ||  0. |  0. |  0. ||  0. |  0. |  0. |
|=====+=====+=====||=====+=====+=====||=====+=====+=====|
|  0. |  0. |  1. ||  0. |  0. |  0. ||  0. |  0. |  0. |
|  0. |  0. |  0. ||  0. |  0. |  0. ||  0. |  0. |  0. |
|  1. |  0. |  1. ||  0. |  0. |  0. ||  0. |  1. | -1. |
|=====+=====+=====||=====+=====+=====||=====+=====+=====|
|  0. |  0. |  0. ||* 0. |* 0. |* 0. ||  0. |  1. |  0. |
|  0. |  0. |  0. ||*-1. |* 0. |* 1. ||  0. |  0. |  0. |
|  0. | -1. |  0. ||* 0. |* 1. |* 0. ||  0. | -1. |  0. |


state to eval, currenty is playerone turn=false

| -0. | -0. | -0. || -0. | -0. | -0. || -0. | -0. | -0. |
| -0. | -0. | -0. || -0. | -0. |  1. ||  1. | -0. | -0. |
| -0. | -0. | -0. || -0. | -0. | -0. || -0. | -0. | -0. |
|=====+=====+=====||=====+=====+=====||=====+=====+=====|
| -0. | -0. | -1. || -0. | -0. | -0. || -0. | -0. | -0. |
| -0. | -0. | -0. || -0. | -0. | -0. || -0. | -0. | -0. |
| -1. | -0. | -1. || -0. | -0. | -0. || -0. | -1. |  1. |
|=====+=====+=====||=====+=====+=====||=====+=====+=====|
| -0. | -0. | -0. ||*-0. |*-0. |*-0. || -0. | -1. | -0. |
| -0. | -0. | -0. ||* 1. |*-0. |*-1. || -0. | -0. | -0. |
| -0. |  1. | -0. ||*-0. |*-1. |*-0. || -0. |  1. | -0. |


Determined best move using: 69487Iterations
current State

|  0. |  0. |  0. ||  0. |  0. |  0. ||* 0. |* 0. |* 0. |
|  0. |  0. |  0. ||  0. |  0. | -1. ||*-1. |* 0. |* 0. |
|  0. |  0. |  0. ||  0. |  0. |  0. ||* 0. |* 0. |* 0. |
|=====+=====+=====||=====+=====+=====||=====+=====+=====|
|  0. |  0. |  1. ||  0. |  0. |  0. ||  0. |  0. |  0. |
|  0. |  0. |  0. ||  0. |  0. |  0. ||  0. |  0. |  0. |
|  1. |  0. |  1. ||  0. |  0. |  0. ||  0. |  1. | -1. |
|=====+=====+=====||=====+=====+=====||=====+=====+=====|
|  0. |  0. |  0. ||  0. |  0. | -1. ||  0. |  1. |  0. |
|  0. |  0. |  0. || -1. |  0. |  1. ||  0. |  0. |  0. |
|  0. | -1. |  0. ||  0. |  1. |  0. ||  0. | -1. |  0. |


state to eval, currenty is playerone turn=true

|  0. |  0. |  0. ||  0. |  0. |  0. ||* 0. |* 0. |* 0. |
|  0. |  0. |  0. ||  0. |  0. | -1. ||*-1. |* 0. |* 0. |
|  0. |  0. |  0. ||  0. |  0. |  0. ||* 0. |* 0. |* 0. |
|=====+=====+=====||=====+=====+=====||=====+=====+=====|
|  0. |  0. |  1. ||  0. |  0. |  0. ||  0. |  0. |  0. |
|  0. |  0. |  0. ||  0. |  0. |  0. ||  0. |  0. |  0. |
|  1. |  0. |  1. ||  0. |  0. |  0. ||  0. |  1. | -1. |
|=====+=====+=====||=====+=====+=====||=====+=====+=====|
|  0. |  0. |  0. ||  0. |  0. | -1. ||  0. |  1. |  0. |
|  0. |  0. |  0. || -1. |  0. |  1. ||  0. |  0. |  0. |
|  0. | -1. |  0. ||  0. |  1. |  0. ||  0. | -1. |  0. |


current State

|* 0. |* 0. |* 0. ||  0. |  0. |  0. ||  1. |  0. |  0. |
|* 0. |* 0. |* 0. ||  0. |  0. | -1. || -1. |  0. |  0. |
|* 0. |* 0. |* 0. ||  0. |  0. |  0. ||  0. |  0. |  0. |
|=====+=====+=====||=====+=====+=====||=====+=====+=====|
|  0. |  0. |  1. ||  0. |  0. |  0. ||  0. |  0. |  0. |
|  0. |  0. |  0. ||  0. |  0. |  0. ||  0. |  0. |  0. |
|  1. |  0. |  1. ||  0. |  0. |  0. ||  0. |  1. | -1. |
|=====+=====+=====||=====+=====+=====||=====+=====+=====|
|  0. |  0. |  0. ||  0. |  0. | -1. ||  0. |  1. |  0. |
|  0. |  0. |  0. || -1. |  0. |  1. ||  0. |  0. |  0. |
|  0. | -1. |  0. ||  0. |  1. |  0. ||  0. | -1. |  0. |


state to eval, currenty is playerone turn=false

|*-0. |*-0. |*-0. || -0. | -0. | -0. || -1. | -0. | -0. |
|*-0. |*-0. |*-0. || -0. | -0. |  1. ||  1. | -0. | -0. |
|*-0. |*-0. |*-0. || -0. | -0. | -0. || -0. | -0. | -0. |
|=====+=====+=====||=====+=====+=====||=====+=====+=====|
| -0. | -0. | -1. || -0. | -0. | -0. || -0. | -0. | -0. |
| -0. | -0. | -0. || -0. | -0. | -0. || -0. | -0. | -0. |
| -1. | -0. | -1. || -0. | -0. | -0. || -0. | -1. |  1. |
|=====+=====+=====||=====+=====+=====||=====+=====+=====|
| -0. | -0. | -0. || -0. | -0. |  1. || -0. | -1. | -0. |
| -0. | -0. | -0. ||  1. | -0. | -1. || -0. | -0. | -0. |
| -0. |  1. | -0. || -0. | -1. | -0. || -0. |  1. | -0. |


current State

|  0. |  0. |  0. ||  0. |  0. |  0. ||  1. |  0. |  0. |
| -1. |  0. |  0. ||  0. |  0. | -1. || -1. |  0. |  0. |
|  0. |  0. |  0. ||  0. |  0. |  0. ||  0. |  0. |  0. |
|=====+=====+=====||=====+=====+=====||=====+=====+=====|
|* 0. |* 0. |* 1. ||  0. |  0. |  0. ||  0. |  0. |  0. |
|* 0. |* 0. |* 0. ||  0. |  0. |  0. ||  0. |  0. |  0. |
|* 1. |* 0. |* 1. ||  0. |  0. |  0. ||  0. |  1. | -1. |
|=====+=====+=====||=====+=====+=====||=====+=====+=====|
|  0. |  0. |  0. ||  0. |  0. | -1. ||  0. |  1. |  0. |
|  0. |  0. |  0. || -1. |  0. |  1. ||  0. |  0. |  0. |
|  0. | -1. |  0. ||  0. |  1. |  0. ||  0. | -1. |  0. |


state to eval, currenty is playerone turn=true

|  0. |  0. |  0. ||  0. |  0. |  0. ||  1. |  0. |  0. |
| -1. |  0. |  0. ||  0. |  0. | -1. || -1. |  0. |  0. |
|  0. |  0. |  0. ||  0. |  0. |  0. ||  0. |  0. |  0. |
|=====+=====+=====||=====+=====+=====||=====+=====+=====|
|* 0. |* 0. |* 1. ||  0. |  0. |  0. ||  0. |  0. |  0. |
|* 0. |* 0. |* 0. ||  0. |  0. |  0. ||  0. |  0. |  0. |
|* 1. |* 0. |* 1. ||  0. |  0. |  0. ||  0. |  1. | -1. |
|=====+=====+=====||=====+=====+=====||=====+=====+=====|
|  0. |  0. |  0. ||  0. |  0. | -1. ||  0. |  1. |  0. |
|  0. |  0. |  0. || -1. |  0. |  1. ||  0. |  0. |  0. |
|  0. | -1. |  0. ||  0. |  1. |  0. ||  0. | -1. |  0. |


Determined best move using: 68661Iterations
current State

|  0. |  0. |  0. ||* 0. |* 0. |* 0. ||  1. |  0. |  0. |
| -1. |  0. |  0. ||* 0. |* 0. |*-1. || -1. |  0. |  0. |
|  0. |  0. |  0. ||* 0. |* 0. |* 0. ||  0. |  0. |  0. |
|=====+=====+=====||=====+=====+=====||=====+=====+=====|
|  0. |  1. |  1. ||  0. |  0. |  0. ||  0. |  0. |  0. |
|  0. |  0. |  0. ||  0. |  0. |  0. ||  0. |  0. |  0. |
|  1. |  0. |  1. ||  0. |  0. |  0. ||  0. |  1. | -1. |
|=====+=====+=====||=====+=====+=====||=====+=====+=====|
|  0. |  0. |  0. ||  0. |  0. | -1. ||  0. |  1. |  0. |
|  0. |  0. |  0. || -1. |  0. |  1. ||  0. |  0. |  0. |
|  0. | -1. |  0. ||  0. |  1. |  0. ||  0. | -1. |  0. |


state to eval, currenty is playerone turn=false

| -0. | -0. | -0. ||*-0. |*-0. |*-0. || -1. | -0. | -0. |
|  1. | -0. | -0. ||*-0. |*-0. |* 1. ||  1. | -0. | -0. |
| -0. | -0. | -0. ||*-0. |*-0. |*-0. || -0. | -0. | -0. |
|=====+=====+=====||=====+=====+=====||=====+=====+=====|
| -0. | -1. | -1. || -0. | -0. | -0. || -0. | -0. | -0. |
| -0. | -0. | -0. || -0. | -0. | -0. || -0. | -0. | -0. |
| -1. | -0. | -1. || -0. | -0. | -0. || -0. | -1. |  1. |
|=====+=====+=====||=====+=====+=====||=====+=====+=====|
| -0. | -0. | -0. || -0. | -0. |  1. || -0. | -1. | -0. |
| -0. | -0. | -0. ||  1. | -0. | -1. || -0. | -0. | -0. |
| -0. |  1. | -0. || -0. | -1. | -0. || -0. |  1. | -0. |


current State

|  0. |  0. |  0. ||* 0. |*-1. |* 0. ||  1. |  0. |  0. |
| -1. |  0. |  0. ||* 0. |* 0. |*-1. || -1. |  0. |  0. |
|  0. |  0. |  0. ||* 0. |* 0. |* 0. ||  0. |  0. |  0. |
|=====+=====+=====||=====+=====+=====||=====+=====+=====|
|  0. |  1. |  1. ||  0. |  0. |  0. ||  0. |  0. |  0. |
|  0. |  0. |  0. ||  0. |  0. |  0. ||  0. |  0. |  0. |
|  1. |  0. |  1. ||  0. |  0. |  0. ||  0. |  1. | -1. |
|=====+=====+=====||=====+=====+=====||=====+=====+=====|
|  0. |  0. |  0. ||  0. |  0. | -1. ||  0. |  1. |  0. |
|  0. |  0. |  0. || -1. |  0. |  1. ||  0. |  0. |  0. |
|  0. | -1. |  0. ||  0. |  1. |  0. ||  0. | -1. |  0. |


state to eval, currenty is playerone turn=true

|  0. |  0. |  0. ||* 0. |*-1. |* 0. ||  1. |  0. |  0. |
| -1. |  0. |  0. ||* 0. |* 0. |*-1. || -1. |  0. |  0. |
|  0. |  0. |  0. ||* 0. |* 0. |* 0. ||  0. |  0. |  0. |
|=====+=====+=====||=====+=====+=====||=====+=====+=====|
|  0. |  1. |  1. ||  0. |  0. |  0. ||  0. |  0. |  0. |
|  0. |  0. |  0. ||  0. |  0. |  0. ||  0. |  0. |  0. |
|  1. |  0. |  1. ||  0. |  0. |  0. ||  0. |  1. | -1. |
|=====+=====+=====||=====+=====+=====||=====+=====+=====|
|  0. |  0. |  0. ||  0. |  0. | -1. ||  0. |  1. |  0. |
|  0. |  0. |  0. || -1. |  0. |  1. ||  0. |  0. |  0. |
|  0. | -1. |  0. ||  0. |  1. |  0. ||  0. | -1. |  0. |


Determined best move using: 170540Iterations
Determined best move using: 161083Iterations
current State

|  0. |  0. |  0. ||  0. | -1. |  0. ||  1. |  0. |  0. |
| -1. |  0. |  0. ||  0. |  1. | -1. || -1. |  0. |  0. |
|  0. |  0. |  0. ||  0. |  0. |  0. ||  0. |  0. |  0. |
|=====+=====+=====||=====+=====+=====||=====+=====+=====|
|  0. |  1. |  1. ||* 0. |* 0. |* 0. ||  0. |  0. |  0. |
|  0. |  0. |  0. ||* 0. |* 0. |* 0. ||  0. |  0. |  0. |
|  1. |  0. |  1. ||* 0. |* 0. |* 0. ||  0. |  1. | -1. |
|=====+=====+=====||=====+=====+=====||=====+=====+=====|
|  0. |  0. |  0. ||  0. |  0. | -1. ||  0. |  1. |  0. |
|  0. |  0. |  0. || -1. |  0. |  1. ||  0. |  0. |  0. |
|  0. | -1. |  0. ||  0. |  1. |  0. ||  0. | -1. |  0. |


state to eval, currenty is playerone turn=false

| -0. | -0. | -0. || -0. |  1. | -0. || -1. | -0. | -0. |
|  1. | -0. | -0. || -0. | -1. |  1. ||  1. | -0. | -0. |
| -0. | -0. | -0. || -0. | -0. | -0. || -0. | -0. | -0. |
|=====+=====+=====||=====+=====+=====||=====+=====+=====|
| -0. | -1. | -1. ||*-0. |*-0. |*-0. || -0. | -0. | -0. |
| -0. | -0. | -0. ||*-0. |*-0. |*-0. || -0. | -0. | -0. |
| -1. | -0. | -1. ||*-0. |*-0. |*-0. || -0. | -1. |  1. |
|=====+=====+=====||=====+=====+=====||=====+=====+=====|
| -0. | -0. | -0. || -0. | -0. |  1. || -0. | -1. | -0. |
| -0. | -0. | -0. ||  1. | -0. | -1. || -0. | -0. | -0. |
| -0. |  1. | -0. || -0. | -1. | -0. || -0. |  1. | -0. |


Determined best move using: 174654Iterations
Determined best move using: 168558Iterations
current State

|  0. |  0. |  0. ||* 0. |*-1. |* 0. ||  1. |  0. |  0. |
| -1. |  0. |  0. ||* 0. |* 1. |*-1. || -1. |  0. |  0. |
|  0. |  0. |  0. ||* 0. |* 0. |* 0. ||  0. |  0. |  0. |
|=====+=====+=====||=====+=====+=====||=====+=====+=====|
|  0. |  1. |  1. ||  0. | -1. |  0. ||  0. |  0. |  0. |
|  0. |  0. |  0. ||  0. |  0. |  0. ||  0. |  0. |  0. |
|  1. |  0. |  1. ||  0. |  0. |  0. ||  0. |  1. | -1. |
|=====+=====+=====||=====+=====+=====||=====+=====+=====|
|  0. |  0. |  0. ||  0. |  0. | -1. ||  0. |  1. |  0. |
|  0. |  0. |  0. || -1. |  0. |  1. ||  0. |  0. |  0. |
|  0. | -1. |  0. ||  0. |  1. |  0. ||  0. | -1. |  0. |


state to eval, currenty is playerone turn=true

|  0. |  0. |  0. ||* 0. |*-1. |* 0. ||  1. |  0. |  0. |
| -1. |  0. |  0. ||* 0. |* 1. |*-1. || -1. |  0. |  0. |
|  0. |  0. |  0. ||* 0. |* 0. |* 0. ||  0. |  0. |  0. |
|=====+=====+=====||=====+=====+=====||=====+=====+=====|
|  0. |  1. |  1. ||  0. | -1. |  0. ||  0. |  0. |  0. |
|  0. |  0. |  0. ||  0. |  0. |  0. ||  0. |  0. |  0. |
|  1. |  0. |  1. ||  0. |  0. |  0. ||  0. |  1. | -1. |
|=====+=====+=====||=====+=====+=====||=====+=====+=====|
|  0. |  0. |  0. ||  0. |  0. | -1. ||  0. |  1. |  0. |
|  0. |  0. |  0. || -1. |  0. |  1. ||  0. |  0. |  0. |
|  0. | -1. |  0. ||  0. |  1. |  0. ||  0. | -1. |  0. |


Determined best move using: 212661Iterations
current State

|  0. |  0. |  0. ||  0. | -1. |  0. ||  1. |  0. |  0. |
| -1. |  0. |  0. ||  0. |  1. | -1. || -1. |  0. |  0. |
|  0. |  0. |  0. ||  1. |  0. |  0. ||  0. |  0. |  0. |
|=====+=====+=====||=====+=====+=====||=====+=====+=====|
|  0. |  1. |  1. ||  0. | -1. |  0. ||  0. |  0. |  0. |
|  0. |  0. |  0. ||  0. |  0. |  0. ||  0. |  0. |  0. |
|  1. |  0. |  1. ||  0. |  0. |  0. ||  0. |  1. | -1. |
|=====+=====+=====||=====+=====+=====||=====+=====+=====|
|* 0. |* 0. |* 0. ||  0. |  0. | -1. ||  0. |  1. |  0. |
|* 0. |* 0. |* 0. || -1. |  0. |  1. ||  0. |  0. |  0. |
|* 0. |*-1. |* 0. ||  0. |  1. |  0. ||  0. | -1. |  0. |


state to eval, currenty is playerone turn=false

| -0. | -0. | -0. || -0. |  1. | -0. || -1. | -0. | -0. |
|  1. | -0. | -0. || -0. | -1. |  1. ||  1. | -0. | -0. |
| -0. | -0. | -0. || -1. | -0. | -0. || -0. | -0. | -0. |
|=====+=====+=====||=====+=====+=====||=====+=====+=====|
| -0. | -1. | -1. || -0. |  1. | -0. || -0. | -0. | -0. |
| -0. | -0. | -0. || -0. | -0. | -0. || -0. | -0. | -0. |
| -1. | -0. | -1. || -0. | -0. | -0. || -0. | -1. |  1. |
|=====+=====+=====||=====+=====+=====||=====+=====+=====|
|*-0. |*-0. |*-0. || -0. | -0. |  1. || -0. | -1. | -0. |
|*-0. |*-0. |*-0. ||  1. | -0. | -1. || -0. | -0. | -0. |
|*-0. |* 1. |*-0. || -0. | -1. | -0. || -0. |  1. | -0. |


current State

|  0. |  0. |  0. ||  0. | -1. |  0. ||  1. |  0. |  0. |
| -1. |  0. |  0. ||  0. |  1. | -1. || -1. |  0. |  0. |
|  0. |  0. |  0. ||  1. |  0. |  0. ||  0. |  0. |  0. |
|=====+=====+=====||=====+=====+=====||=====+=====+=====|
|  0. |  1. |  1. ||* 0. |*-1. |* 0. ||  0. |  0. |  0. |
|  0. |  0. |  0. ||* 0. |* 0. |* 0. ||  0. |  0. |  0. |
|  1. |  0. |  1. ||* 0. |* 0. |* 0. ||  0. |  1. | -1. |
|=====+=====+=====||=====+=====+=====||=====+=====+=====|
|  0. |  0. |  0. ||  0. |  0. | -1. ||  0. |  1. |  0. |
|  0. | -1. |  0. || -1. |  0. |  1. ||  0. |  0. |  0. |
|  0. | -1. |  0. ||  0. |  1. |  0. ||  0. | -1. |  0. |


state to eval, currenty is playerone turn=true

|  0. |  0. |  0. ||  0. | -1. |  0. ||  1. |  0. |  0. |
| -1. |  0. |  0. ||  0. |  1. | -1. || -1. |  0. |  0. |
|  0. |  0. |  0. ||  1. |  0. |  0. ||  0. |  0. |  0. |
|=====+=====+=====||=====+=====+=====||=====+=====+=====|
|  0. |  1. |  1. ||* 0. |*-1. |* 0. ||  0. |  0. |  0. |
|  0. |  0. |  0. ||* 0. |* 0. |* 0. ||  0. |  0. |  0. |
|  1. |  0. |  1. ||* 0. |* 0. |* 0. ||  0. |  1. | -1. |
|=====+=====+=====||=====+=====+=====||=====+=====+=====|
|  0. |  0. |  0. ||  0. |  0. | -1. ||  0. |  1. |  0. |
|  0. | -1. |  0. || -1. |  0. |  1. ||  0. |  0. |  0. |
|  0. | -1. |  0. ||  0. |  1. |  0. ||  0. | -1. |  0. |


current State

|  0. |  0. |  0. ||  0. | -1. |  0. ||  1. |  0. |  0. |
| -1. |  0. |  0. ||  0. |  1. | -1. || -1. |  0. |  0. |
|  0. |  0. |  0. ||  1. |  0. |  0. ||  0. |  0. |  0. |
|=====+=====+=====||=====+=====+=====||=====+=====+=====|
|  0. |  1. |  1. ||  0. | -1. |  0. ||  0. |  0. |  0. |
|  0. |  0. |  0. ||  0. |  0. |  0. ||  0. |  0. |  0. |
|  1. |  0. |  1. ||  0. |  0. |  1. ||  0. |  1. | -1. |
|=====+=====+=====||=====+=====+=====||=====+=====+=====|
|  0. |  0. |  0. ||  0. |  0. | -1. ||* 0. |* 1. |* 0. |
|  0. | -1. |  0. || -1. |  0. |  1. ||* 0. |* 0. |* 0. |
|  0. | -1. |  0. ||  0. |  1. |  0. ||* 0. |*-1. |* 0. |


state to eval, currenty is playerone turn=false

| -0. | -0. | -0. || -0. |  1. | -0. || -1. | -0. | -0. |
|  1. | -0. | -0. || -0. | -1. |  1. ||  1. | -0. | -0. |
| -0. | -0. | -0. || -1. | -0. | -0. || -0. | -0. | -0. |
|=====+=====+=====||=====+=====+=====||=====+=====+=====|
| -0. | -1. | -1. || -0. |  1. | -0. || -0. | -0. | -0. |
| -0. | -0. | -0. || -0. | -0. | -0. || -0. | -0. | -0. |
| -1. | -0. | -1. || -0. | -0. | -1. || -0. | -1. |  1. |
|=====+=====+=====||=====+=====+=====||=====+=====+=====|
| -0. | -0. | -0. || -0. | -0. |  1. ||*-0. |*-1. |*-0. |
| -0. |  1. | -0. ||  1. | -0. | -1. ||*-0. |*-0. |*-0. |
| -0. |  1. | -0. || -0. | -1. | -0. ||*-0. |* 1. |*-0. |


current State

|  0. |  0. |  0. ||  0. | -1. |  0. ||  1. |  0. |  0. |
| -1. |  0. |  0. ||  0. |  1. | -1. || -1. |  0. |  0. |
|  0. |  0. |  0. ||  1. |  0. |  0. ||  0. |  0. |  0. |
|=====+=====+=====||=====+=====+=====||=====+=====+=====|
|  0. |  1. |  1. ||  0. | -1. |  0. ||  0. |  0. |  0. |
|  0. |  0. |  0. ||  0. |  0. |  0. ||  0. |  0. |  0. |
|  1. |  0. |  1. ||  0. |  0. |  1. ||  0. |  1. | -1. |
|=====+=====+=====||=====+=====+=====||=====+=====+=====|
|  0. |  0. |  0. ||  0. |  0. | -1. ||* 0. |* 1. |* 0. |
|  0. | -1. |  0. || -1. |  0. |  1. ||* 0. |* 0. |* 0. |
|  0. | -1. |  0. ||  0. |  1. |  0. ||* 0. |*-1. |*-1. |


state to eval, currenty is playerone turn=true

|  0. |  0. |  0. ||  0. | -1. |  0. ||  1. |  0. |  0. |
| -1. |  0. |  0. ||  0. |  1. | -1. || -1. |  0. |  0. |
|  0. |  0. |  0. ||  1. |  0. |  0. ||  0. |  0. |  0. |
|=====+=====+=====||=====+=====+=====||=====+=====+=====|
|  0. |  1. |  1. ||  0. | -1. |  0. ||  0. |  0. |  0. |
|  0. |  0. |  0. ||  0. |  0. |  0. ||  0. |  0. |  0. |
|  1. |  0. |  1. ||  0. |  0. |  1. ||  0. |  1. | -1. |
|=====+=====+=====||=====+=====+=====||=====+=====+=====|
|  0. |  0. |  0. ||  0. |  0. | -1. ||* 0. |* 1. |* 0. |
|  0. | -1. |  0. || -1. |  0. |  1. ||* 0. |* 0. |* 0. |
|  0. | -1. |  0. ||  0. |  1. |  0. ||* 0. |*-1. |*-1. |


current State

|  0. |  0. |  0. ||  0. | -1. |  0. ||* 1. |* 0. |* 0. |
| -1. |  0. |  0. ||  0. |  1. | -1. ||*-1. |* 0. |* 0. |
|  0. |  0. |  0. ||  1. |  0. |  0. ||* 0. |* 0. |* 0. |
|=====+=====+=====||=====+=====+=====||=====+=====+=====|
|  0. |  1. |  1. ||  0. | -1. |  0. ||  0. |  0. |  0. |
|  0. |  0. |  0. ||  0. |  0. |  0. ||  0. |  0. |  0. |
|  1. |  0. |  1. ||  0. |  0. |  1. ||  0. |  1. | -1. |
|=====+=====+=====||=====+=====+=====||=====+=====+=====|
|  0. |  0. |  0. ||  0. |  0. | -1. ||  0. |  1. |  1. |
|  0. | -1. |  0. || -1. |  0. |  1. ||  0. |  0. |  0. |
|  0. | -1. |  0. ||  0. |  1. |  0. ||  0. | -1. | -1. |


state to eval, currenty is playerone turn=false

| -0. | -0. | -0. || -0. |  1. | -0. ||*-1. |*-0. |*-0. |
|  1. | -0. | -0. || -0. | -1. |  1. ||* 1. |*-0. |*-0. |
| -0. | -0. | -0. || -1. | -0. | -0. ||*-0. |*-0. |*-0. |
|=====+=====+=====||=====+=====+=====||=====+=====+=====|
| -0. | -1. | -1. || -0. |  1. | -0. || -0. | -0. | -0. |
| -0. | -0. | -0. || -0. | -0. | -0. || -0. | -0. | -0. |
| -1. | -0. | -1. || -0. | -0. | -1. || -0. | -1. |  1. |
|=====+=====+=====||=====+=====+=====||=====+=====+=====|
| -0. | -0. | -0. || -0. | -0. |  1. || -0. | -1. | -1. |
| -0. |  1. | -0. ||  1. | -0. | -1. || -0. | -0. | -0. |
| -0. |  1. | -0. || -0. | -1. | -0. || -0. |  1. |  1. |


current State

|  0. |  0. |  0. ||  0. | -1. |  0. ||  1. |  0. |  0. |
| -1. |  0. |  0. ||  0. |  1. | -1. || -1. |  0. |  0. |
|  0. |  0. |  0. ||  1. |  0. |  0. ||  0. |  0. | -1. |
|=====+=====+=====||=====+=====+=====||=====+=====+=====|
|  0. |  1. |  1. ||  0. | -1. |  0. ||  0. |  0. |  0. |
|  0. |  0. |  0. ||  0. |  0. |  0. ||  0. |  0. |  0. |
|  1. |  0. |  1. ||  0. |  0. |  1. ||  0. |  1. | -1. |
|=====+=====+=====||=====+=====+=====||=====+=====+=====|
|  0. |  0. |  0. ||  0. |  0. | -1. ||* 0. |* 1. |* 1. |
|  0. | -1. |  0. || -1. |  0. |  1. ||* 0. |* 0. |* 0. |
|  0. | -1. |  0. ||  0. |  1. |  0. ||* 0. |*-1. |*-1. |


state to eval, currenty is playerone turn=true

|  0. |  0. |  0. ||  0. | -1. |  0. ||  1. |  0. |  0. |
| -1. |  0. |  0. ||  0. |  1. | -1. || -1. |  0. |  0. |
|  0. |  0. |  0. ||  1. |  0. |  0. ||  0. |  0. | -1. |
|=====+=====+=====||=====+=====+=====||=====+=====+=====|
|  0. |  1. |  1. ||  0. | -1. |  0. ||  0. |  0. |  0. |
|  0. |  0. |  0. ||  0. |  0. |  0. ||  0. |  0. |  0. |
|  1. |  0. |  1. ||  0. |  0. |  1. ||  0. |  1. | -1. |
|=====+=====+=====||=====+=====+=====||=====+=====+=====|
|  0. |  0. |  0. ||  0. |  0. | -1. ||* 0. |* 1. |* 1. |
|  0. | -1. |  0. || -1. |  0. |  1. ||* 0. |* 0. |* 0. |
|  0. | -1. |  0. ||  0. |  1. |  0. ||* 0. |*-1. |*-1. |


current State

|  0. |  0. |  0. ||  0. | -1. |  0. ||  1. |  0. |  0. |
| -1. |  0. |  0. ||  0. |  1. | -1. || -1. |  0. |  0. |
|  0. |  0. |  0. ||  1. |  0. |  0. ||  0. |  0. | -1. |
|=====+=====+=====||=====+=====+=====||=====+=====+=====|
|  0. |  1. |  1. ||  0. | -1. |  0. ||  0. |  0. |  0. |
|  0. |  0. |  0. ||  0. |  0. |  0. ||  0. |  0. |  0. |
|  1. |  0. |  1. ||  0. |  0. |  1. ||  0. |  1. | -1. |
|=====+=====+=====||=====+=====+=====||=====+=====+=====|
|* 0. |* 0. |* 0. ||  0. |  0. | -1. ||  0. |  1. |  1. |
|* 0. |*-1. |* 0. || -1. |  0. |  1. ||  0. |  0. |  0. |
|* 0. |*-1. |* 0. ||  0. |  1. |  0. ||  1. | -1. | -1. |


state to eval, currenty is playerone turn=false

| -0. | -0. | -0. || -0. |  1. | -0. || -1. | -0. | -0. |
|  1. | -0. | -0. || -0. | -1. |  1. ||  1. | -0. | -0. |
| -0. | -0. | -0. || -1. | -0. | -0. || -0. | -0. |  1. |
|=====+=====+=====||=====+=====+=====||=====+=====+=====|
| -0. | -1. | -1. || -0. |  1. | -0. || -0. | -0. | -0. |
| -0. | -0. | -0. || -0. | -0. | -0. || -0. | -0. | -0. |
| -1. | -0. | -1. || -0. | -0. | -1. || -0. | -1. |  1. |
|=====+=====+=====||=====+=====+=====||=====+=====+=====|
|*-0. |*-0. |*-0. || -0. | -0. |  1. || -0. | -1. | -1. |
|*-0. |* 1. |*-0. ||  1. | -0. | -1. || -0. | -0. | -0. |
|*-0. |* 1. |*-0. || -0. | -1. | -0. || -1. |  1. |  1. |


Determined best move using: 62231Iterations
current State

|  0. |  0. |  0. ||  0. | -1. |  0. ||  1. |  0. |  0. |
| -1. |  0. |  0. ||  0. |  1. | -1. || -1. |  0. |  0. |
|  0. |  0. |  0. ||  1. |  0. |  0. ||  0. |  0. | -1. |
|=====+=====+=====||=====+=====+=====||=====+=====+=====|
|* 0. |* 1. |* 1. ||  0. | -1. |  0. ||  0. |  0. |  0. |
|* 0. |* 0. |* 0. ||  0. |  0. |  0. ||  0. |  0. |  0. |
|* 1. |* 0. |* 1. ||  0. |  0. |  1. ||  0. |  1. | -1. |
|=====+=====+=====||=====+=====+=====||=====+=====+=====|
|  0. |  0. |  0. ||  0. |  0. | -1. ||  0. |  1. |  1. |
| -1. | -1. |  0. || -1. |  0. |  1. ||  0. |  0. |  0. |
|  0. | -1. |  0. ||  0. |  1. |  0. ||  1. | -1. | -1. |


state to eval, currenty is playerone turn=true

|  0. |  0. |  0. ||  0. | -1. |  0. ||  1. |  0. |  0. |
| -1. |  0. |  0. ||  0. |  1. | -1. || -1. |  0. |  0. |
|  0. |  0. |  0. ||  1. |  0. |  0. ||  0. |  0. | -1. |
|=====+=====+=====||=====+=====+=====||=====+=====+=====|
|* 0. |* 1. |* 1. ||  0. | -1. |  0. ||  0. |  0. |  0. |
|* 0. |* 0. |* 0. ||  0. |  0. |  0. ||  0. |  0. |  0. |
|* 1. |* 0. |* 1. ||  0. |  0. |  1. ||  0. |  1. | -1. |
|=====+=====+=====||=====+=====+=====||=====+=====+=====|
|  0. |  0. |  0. ||  0. |  0. | -1. ||  0. |  1. |  1. |
| -1. | -1. |  0. || -1. |  0. |  1. ||  0. |  0. |  0. |
|  0. | -1. |  0. ||  0. |  1. |  0. ||  1. | -1. | -1. |


Determined best move using: 66400Iterations
current State

|  0. |  0. |  0. ||  0. | -1. |  0. ||  1. |  0. |  0. |
| -1. |  0. |  0. ||  0. |  1. | -1. || -1. |  0. |  0. |
|  0. |  0. |  0. ||  1. |  0. |  0. ||  0. |  0. | -1. |
|=====+=====+=====||=====+=====+=====||=====+=====+=====|
|  0. |  1. |  1. ||  0. | -1. |  0. ||* 0. |* 0. |* 0. |
|  0. |  0. |  1. ||  0. |  0. |  0. ||* 0. |* 0. |* 0. |
|  1. |  0. |  1. ||  0. |  0. |  1. ||* 0. |* 1. |*-1. |
|=====+=====+=====||=====+=====+=====||=====+=====+=====|
|  0. |  0. |  0. ||  0. |  0. | -1. ||  0. |  1. |  1. |
| -1. | -1. |  0. || -1. |  0. |  1. ||  0. |  0. |  0. |
|  0. | -1. |  0. ||  0. |  1. |  0. ||  1. | -1. | -1. |


state to eval, currenty is playerone turn=false

| -0. | -0. | -0. || -0. |  1. | -0. || -1. | -0. | -0. |
|  1. | -0. | -0. || -0. | -1. |  1. ||  1. | -0. | -0. |
| -0. | -0. | -0. || -1. | -0. | -0. || -0. | -0. |  1. |
|=====+=====+=====||=====+=====+=====||=====+=====+=====|
| -0. | -1. | -1. || -0. |  1. | -0. ||*-0. |*-0. |*-0. |
| -0. | -0. | -1. || -0. | -0. | -0. ||*-0. |*-0. |*-0. |
| -1. | -0. | -1. || -0. | -0. | -1. ||*-0. |*-1. |* 1. |
|=====+=====+=====||=====+=====+=====||=====+=====+=====|
| -0. | -0. | -0. || -0. | -0. |  1. || -0. | -1. | -1. |
|  1. |  1. | -0. ||  1. | -0. | -1. || -0. | -0. | -0. |
| -0. |  1. | -0. || -0. | -1. | -0. || -1. |  1. |  1. |


Determined best move using: 66272Iterations
current State

|  0. |  0. |  0. ||  0. | -1. |  0. ||  1. |  0. |  0. |
| -1. |  0. |  0. ||  0. |  1. | -1. || -1. |  0. |  0. |
|  0. |  0. |  0. ||  1. |  0. |  0. ||  0. |  0. | -1. |
|=====+=====+=====||=====+=====+=====||=====+=====+=====|
|  0. |  1. |  1. ||* 0. |*-1. |* 0. ||  0. |  0. |  0. |
|  0. |  0. |  1. ||* 0. |* 0. |* 0. ||  0. | -1. |  0. |
|  1. |  0. |  1. ||* 0. |* 0. |* 1. ||  0. |  1. | -1. |
|=====+=====+=====||=====+=====+=====||=====+=====+=====|
|  0. |  0. |  0. ||  0. |  0. | -1. ||  0. |  1. |  1. |
| -1. | -1. |  0. || -1. |  0. |  1. ||  0. |  0. |  0. |
|  0. | -1. |  0. ||  0. |  1. |  0. ||  1. | -1. | -1. |


state to eval, currenty is playerone turn=true

|  0. |  0. |  0. ||  0. | -1. |  0. ||  1. |  0. |  0. |
| -1. |  0. |  0. ||  0. |  1. | -1. || -1. |  0. |  0. |
|  0. |  0. |  0. ||  1. |  0. |  0. ||  0. |  0. | -1. |
|=====+=====+=====||=====+=====+=====||=====+=====+=====|
|  0. |  1. |  1. ||* 0. |*-1. |* 0. ||  0. |  0. |  0. |
|  0. |  0. |  1. ||* 0. |* 0. |* 0. ||  0. | -1. |  0. |
|  1. |  0. |  1. ||* 0. |* 0. |* 1. ||  0. |  1. | -1. |
|=====+=====+=====||=====+=====+=====||=====+=====+=====|
|  0. |  0. |  0. ||  0. |  0. | -1. ||  0. |  1. |  1. |
| -1. | -1. |  0. || -1. |  0. |  1. ||  0. |  0. |  0. |
|  0. | -1. |  0. ||  0. |  1. |  0. ||  1. | -1. | -1. |


Determined best move using: 66725Iterations
current State

|  0. |  0. |  0. ||  0. | -1. |  0. ||  1. |  0. |  0. |
| -1. |  0. |  0. ||  0. |  1. | -1. || -1. |  0. |  0. |
|  0. |  0. |  0. ||  1. |  0. |  0. ||  0. |  0. | -1. |
|=====+=====+=====||=====+=====+=====||=====+=====+=====|
|  0. |  1. |  1. ||* 0. |*-1. |* 0. ||  0. |  0. |  0. |
|  0. |  0. |  1. ||* 0. |* 1. |* 0. ||  0. | -1. |  0. |
|  1. |  0. |  1. ||* 0. |* 0. |* 1. ||  0. |  1. | -1. |
|=====+=====+=====||=====+=====+=====||=====+=====+=====|
|  0. |  0. |  0. ||  0. |  0. | -1. ||  0. |  1. |  1. |
| -1. | -1. |  0. || -1. |  0. |  1. ||  0. |  0. |  0. |
|  0. | -1. |  0. ||  0. |  1. |  0. ||  1. | -1. | -1. |


state to eval, currenty is playerone turn=false

| -0. | -0. | -0. || -0. |  1. | -0. || -1. | -0. | -0. |
|  1. | -0. | -0. || -0. | -1. |  1. ||  1. | -0. | -0. |
| -0. | -0. | -0. || -1. | -0. | -0. || -0. | -0. |  1. |
|=====+=====+=====||=====+=====+=====||=====+=====+=====|
| -0. | -1. | -1. ||*-0. |* 1. |*-0. || -0. | -0. | -0. |
| -0. | -0. | -1. ||*-0. |*-1. |*-0. || -0. |  1. | -0. |
| -1. | -0. | -1. ||*-0. |*-0. |*-1. || -0. | -1. |  1. |
|=====+=====+=====||=====+=====+=====||=====+=====+=====|
| -0. | -0. | -0. || -0. | -0. |  1. || -0. | -1. | -1. |
|  1. |  1. | -0. ||  1. | -0. | -1. || -0. | -0. | -0. |
| -0. |  1. | -0. || -0. | -1. | -0. || -1. |  1. |  1. |


Determined best move using: 70916Iterations
current State

|  0. |  0. |  0. ||  0. | -1. |  0. ||  1. |  0. |  0. |
| -1. |  0. |  0. ||  0. |  1. | -1. || -1. |  0. |  0. |
|  0. |  0. |  0. ||  1. |  0. |  0. ||  0. |  0. | -1. |
|=====+=====+=====||=====+=====+=====||=====+=====+=====|
|  0. |  1. |  1. ||  0. | -1. |  0. ||  0. |  0. |  0. |
|  0. |  0. |  1. ||  0. |  1. |  0. ||  0. | -1. |  0. |
|  1. |  0. |  1. || -1. |  0. |  1. ||  0. |  1. | -1. |
|=====+=====+=====||=====+=====+=====||=====+=====+=====|
|* 0. |* 0. |* 0. ||  0. |  0. | -1. ||  0. |  1. |  1. |
|*-1. |*-1. |* 0. || -1. |  0. |  1. ||  0. |  0. |  0. |
|* 0. |*-1. |* 0. ||  0. |  1. |  0. ||  1. | -1. | -1. |


state to eval, currenty is playerone turn=true

|  0. |  0. |  0. ||  0. | -1. |  0. ||  1. |  0. |  0. |
| -1. |  0. |  0. ||  0. |  1. | -1. || -1. |  0. |  0. |
|  0. |  0. |  0. ||  1. |  0. |  0. ||  0. |  0. | -1. |
|=====+=====+=====||=====+=====+=====||=====+=====+=====|
|  0. |  1. |  1. ||  0. | -1. |  0. ||  0. |  0. |  0. |
|  0. |  0. |  1. ||  0. |  1. |  0. ||  0. | -1. |  0. |
|  1. |  0. |  1. || -1. |  0. |  1. ||  0. |  1. | -1. |
|=====+=====+=====||=====+=====+=====||=====+=====+=====|
|* 0. |* 0. |* 0. ||  0. |  0. | -1. ||  0. |  1. |  1. |
|*-1. |*-1. |* 0. || -1. |  0. |  1. ||  0. |  0. |  0. |
|* 0. |*-1. |* 0. ||  0. |  1. |  0. ||  1. | -1. | -1. |


Determined best move using: 76838Iterations
