Saving data to: W:\Labs\ME\ME187-Fall2024\StudentFiles\CALEBHOTTES\UTTTstuff\data\series1
Begin custom message: 
DataSeries: series1 game number: 49 

Description: During Me Club 4+GHz Processior. 

Evaluator config=EvaluatorConfiguration{cValue=2.0, maxRolloutDepth=1000, computeTime=30, threads=1, stupidity=0, allowForcePlay=false, maxMyCPU=false}
End custom message
Inital State: 

|* 0. |* 0. |* 0. ||* 0. |* 0. |* 0. ||* 0. |* 0. |* 0. |
|* 0. |* 0. |* 0. ||* 0. |* 0. |* 0. ||* 0. |* 0. |* 0. |
|* 0. |* 0. |* 0. ||* 0. |* 0. |* 0. ||* 0. |* 0. |* 0. |
|=====+=====+=====||=====+=====+=====||=====+=====+=====|
|* 0. |* 0. |* 0. ||* 0. |* 0. |* 0. ||* 0. |* 0. |* 0. |
|* 0. |* 0. |* 0. ||* 0. |* 0. |* 0. ||* 0. |* 0. |* 0. |
|* 0. |* 0. |* 0. ||* 0. |* 0. |* 0. ||* 0. |* 0. |* 0. |
|=====+=====+=====||=====+=====+=====||=====+=====+=====|
|* 0. |* 0. |* 0. ||* 0. |* 0. |* 0. ||* 0. |* 0. |* 0. |
|* 0. |* 0. |* 0. ||* 0. |* 0. |* 0. ||* 0. |* 0. |* 0. |
|* 0. |* 0. |* 0. ||* 0. |* 0. |* 0. ||* 0. |* 0. |* 0. |


state to eval, currenty is playerone turn=true

|* 0. |* 0. |* 0. ||* 0. |* 0. |* 0. ||* 0. |* 0. |* 0. |
|* 0. |* 0. |* 0. ||* 0. |* 0. |* 0. ||* 0. |* 0. |* 0. |
|* 0. |* 0. |* 0. ||* 0. |* 0. |* 0. ||* 0. |* 0. |* 0. |
|=====+=====+=====||=====+=====+=====||=====+=====+=====|
|* 0. |* 0. |* 0. ||* 0. |* 0. |* 0. ||* 0. |* 0. |* 0. |
|* 0. |* 0. |* 0. ||* 0. |* 0. |* 0. ||* 0. |* 0. |* 0. |
|* 0. |* 0. |* 0. ||* 0. |* 0. |* 0. ||* 0. |* 0. |* 0. |
|=====+=====+=====||=====+=====+=====||=====+=====+=====|
|* 0. |* 0. |* 0. ||* 0. |* 0. |* 0. ||* 0. |* 0. |* 0. |
|* 0. |* 0. |* 0. ||* 0. |* 0. |* 0. ||* 0. |* 0. |* 0. |
|* 0. |* 0. |* 0. ||* 0. |* 0. |* 0. ||* 0. |* 0. |* 0. |


Determined best move using: 85317Iterations
current State

|  0. |  0. |  0. ||  0. |  0. |  0. ||  0. |  0. |  0. |
|  0. |  0. |  0. ||  0. |  0. |  0. ||  0. |  0. |  0. |
|  0. |  0. |  0. ||  0. |  0. |  0. ||  0. |  0. |  0. |
|=====+=====+=====||=====+=====+=====||=====+=====+=====|
|  0. |  0. |  0. ||  0. |  0. |  0. ||  0. |  0. |  0. |
|  0. |  0. |  0. ||  0. |  0. |  0. ||  0. |  0. |  0. |
|  0. |  1. |  0. ||  0. |  0. |  0. ||  0. |  0. |  0. |
|=====+=====+=====||=====+=====+=====||=====+=====+=====|
|  0. |  0. |  0. ||* 0. |* 0. |* 0. ||  0. |  0. |  0. |
|  0. |  0. |  0. ||* 0. |* 0. |* 0. ||  0. |  0. |  0. |
|  0. |  0. |  0. ||* 0. |* 0. |* 0. ||  0. |  0. |  0. |


state to eval, currenty is playerone turn=false

| -0. | -0. | -0. || -0. | -0. | -0. || -0. | -0. | -0. |
| -0. | -0. | -0. || -0. | -0. | -0. || -0. | -0. | -0. |
| -0. | -0. | -0. || -0. | -0. | -0. || -0. | -0. | -0. |
|=====+=====+=====||=====+=====+=====||=====+=====+=====|
| -0. | -0. | -0. || -0. | -0. | -0. || -0. | -0. | -0. |
| -0. | -0. | -0. || -0. | -0. | -0. || -0. | -0. | -0. |
| -0. | -1. | -0. || -0. | -0. | -0. || -0. | -0. | -0. |
|=====+=====+=====||=====+=====+=====||=====+=====+=====|
| -0. | -0. | -0. ||*-0. |*-0. |*-0. || -0. | -0. | -0. |
| -0. | -0. | -0. ||*-0. |*-0. |*-0. || -0. | -0. | -0. |
| -0. | -0. | -0. ||*-0. |*-0. |*-0. || -0. | -0. | -0. |


Determined best move using: 86612Iterations
current State

|  0. |  0. |  0. ||  0. |  0. |  0. ||  0. |  0. |  0. |
|  0. |  0. |  0. ||  0. |  0. |  0. ||  0. |  0. |  0. |
|  0. |  0. |  0. ||  0. |  0. |  0. ||  0. |  0. |  0. |
|=====+=====+=====||=====+=====+=====||=====+=====+=====|
|* 0. |* 0. |* 0. ||  0. |  0. |  0. ||  0. |  0. |  0. |
|* 0. |* 0. |* 0. ||  0. |  0. |  0. ||  0. |  0. |  0. |
|* 0. |* 1. |* 0. ||  0. |  0. |  0. ||  0. |  0. |  0. |
|=====+=====+=====||=====+=====+=====||=====+=====+=====|
|  0. |  0. |  0. ||  0. |  0. |  0. ||  0. |  0. |  0. |
|  0. |  0. |  0. || -1. |  0. |  0. ||  0. |  0. |  0. |
|  0. |  0. |  0. ||  0. |  0. |  0. ||  0. |  0. |  0. |


state to eval, currenty is playerone turn=true

|  0. |  0. |  0. ||  0. |  0. |  0. ||  0. |  0. |  0. |
|  0. |  0. |  0. ||  0. |  0. |  0. ||  0. |  0. |  0. |
|  0. |  0. |  0. ||  0. |  0. |  0. ||  0. |  0. |  0. |
|=====+=====+=====||=====+=====+=====||=====+=====+=====|
|* 0. |* 0. |* 0. ||  0. |  0. |  0. ||  0. |  0. |  0. |
|* 0. |* 0. |* 0. ||  0. |  0. |  0. ||  0. |  0. |  0. |
|* 0. |* 1. |* 0. ||  0. |  0. |  0. ||  0. |  0. |  0. |
|=====+=====+=====||=====+=====+=====||=====+=====+=====|
|  0. |  0. |  0. ||  0. |  0. |  0. ||  0. |  0. |  0. |
|  0. |  0. |  0. || -1. |  0. |  0. ||  0. |  0. |  0. |
|  0. |  0. |  0. ||  0. |  0. |  0. ||  0. |  0. |  0. |


Determined best move using: 89827Iterations
current State

|  0. |  0. |  0. ||  0. |  0. |  0. ||  0. |  0. |  0. |
|  0. |  0. |  0. ||  0. |  0. |  0. ||  0. |  0. |  0. |
|  0. |  0. |  0. ||  0. |  0. |  0. ||  0. |  0. |  0. |
|=====+=====+=====||=====+=====+=====||=====+=====+=====|
|  0. |  0. |  0. ||* 0. |* 0. |* 0. ||  0. |  0. |  0. |
|  0. |  1. |  0. ||* 0. |* 0. |* 0. ||  0. |  0. |  0. |
|  0. |  1. |  0. ||* 0. |* 0. |* 0. ||  0. |  0. |  0. |
|=====+=====+=====||=====+=====+=====||=====+=====+=====|
|  0. |  0. |  0. ||  0. |  0. |  0. ||  0. |  0. |  0. |
|  0. |  0. |  0. || -1. |  0. |  0. ||  0. |  0. |  0. |
|  0. |  0. |  0. ||  0. |  0. |  0. ||  0. |  0. |  0. |


state to eval, currenty is playerone turn=false

| -0. | -0. | -0. || -0. | -0. | -0. || -0. | -0. | -0. |
| -0. | -0. | -0. || -0. | -0. | -0. || -0. | -0. | -0. |
| -0. | -0. | -0. || -0. | -0. | -0. || -0. | -0. | -0. |
|=====+=====+=====||=====+=====+=====||=====+=====+=====|
| -0. | -0. | -0. ||*-0. |*-0. |*-0. || -0. | -0. | -0. |
| -0. | -1. | -0. ||*-0. |*-0. |*-0. || -0. | -0. | -0. |
| -0. | -1. | -0. ||*-0. |*-0. |*-0. || -0. | -0. | -0. |
|=====+=====+=====||=====+=====+=====||=====+=====+=====|
| -0. | -0. | -0. || -0. | -0. | -0. || -0. | -0. | -0. |
| -0. | -0. | -0. ||  1. | -0. | -0. || -0. | -0. | -0. |
| -0. | -0. | -0. || -0. | -0. | -0. || -0. | -0. | -0. |


Determined best move using: 92738Iterations
current State

|  0. |  0. |  0. ||  0. |  0. |  0. ||  0. |  0. |  0. |
|  0. |  0. |  0. ||  0. |  0. |  0. ||  0. |  0. |  0. |
|  0. |  0. |  0. ||  0. |  0. |  0. ||  0. |  0. |  0. |
|=====+=====+=====||=====+=====+=====||=====+=====+=====|
|  0. |  0. |  0. ||  0. |  0. |  0. ||  0. |  0. |  0. |
|  0. |  1. |  0. ||  0. |  0. |  0. ||  0. |  0. |  0. |
|  0. |  1. |  0. ||  0. |  0. | -1. ||  0. |  0. |  0. |
|=====+=====+=====||=====+=====+=====||=====+=====+=====|
|  0. |  0. |  0. ||  0. |  0. |  0. ||* 0. |* 0. |* 0. |
|  0. |  0. |  0. || -1. |  0. |  0. ||* 0. |* 0. |* 0. |
|  0. |  0. |  0. ||  0. |  0. |  0. ||* 0. |* 0. |* 0. |


state to eval, currenty is playerone turn=true

|  0. |  0. |  0. ||  0. |  0. |  0. ||  0. |  0. |  0. |
|  0. |  0. |  0. ||  0. |  0. |  0. ||  0. |  0. |  0. |
|  0. |  0. |  0. ||  0. |  0. |  0. ||  0. |  0. |  0. |
|=====+=====+=====||=====+=====+=====||=====+=====+=====|
|  0. |  0. |  0. ||  0. |  0. |  0. ||  0. |  0. |  0. |
|  0. |  1. |  0. ||  0. |  0. |  0. ||  0. |  0. |  0. |
|  0. |  1. |  0. ||  0. |  0. | -1. ||  0. |  0. |  0. |
|=====+=====+=====||=====+=====+=====||=====+=====+=====|
|  0. |  0. |  0. ||  0. |  0. |  0. ||* 0. |* 0. |* 0. |
|  0. |  0. |  0. || -1. |  0. |  0. ||* 0. |* 0. |* 0. |
|  0. |  0. |  0. ||  0. |  0. |  0. ||* 0. |* 0. |* 0. |


Determined best move using: 89876Iterations
current State

|  0. |  0. |  0. ||  0. |  0. |  0. ||  0. |  0. |  0. |
|  0. |  0. |  0. ||  0. |  0. |  0. ||  0. |  0. |  0. |
|  0. |  0. |  0. ||  0. |  0. |  0. ||  0. |  0. |  0. |
|=====+=====+=====||=====+=====+=====||=====+=====+=====|
|  0. |  0. |  0. ||  0. |  0. |  0. ||  0. |  0. |  0. |
|  0. |  1. |  0. ||  0. |  0. |  0. ||  0. |  0. |  0. |
|  0. |  1. |  0. ||  0. |  0. | -1. ||  0. |  0. |  0. |
|=====+=====+=====||=====+=====+=====||=====+=====+=====|
|  0. |  0. |  0. ||  0. |  0. |  0. ||* 0. |* 0. |* 0. |
|  0. |  0. |  0. || -1. |  0. |  0. ||* 0. |* 0. |* 0. |
|  0. |  0. |  0. ||  0. |  0. |  0. ||* 0. |* 0. |* 1. |


state to eval, currenty is playerone turn=false

| -0. | -0. | -0. || -0. | -0. | -0. || -0. | -0. | -0. |
| -0. | -0. | -0. || -0. | -0. | -0. || -0. | -0. | -0. |
| -0. | -0. | -0. || -0. | -0. | -0. || -0. | -0. | -0. |
|=====+=====+=====||=====+=====+=====||=====+=====+=====|
| -0. | -0. | -0. || -0. | -0. | -0. || -0. | -0. | -0. |
| -0. | -1. | -0. || -0. | -0. | -0. || -0. | -0. | -0. |
| -0. | -1. | -0. || -0. | -0. |  1. || -0. | -0. | -0. |
|=====+=====+=====||=====+=====+=====||=====+=====+=====|
| -0. | -0. | -0. || -0. | -0. | -0. ||*-0. |*-0. |*-0. |
| -0. | -0. | -0. ||  1. | -0. | -0. ||*-0. |*-0. |*-0. |
| -0. | -0. | -0. || -0. | -0. | -0. ||*-0. |*-0. |*-1. |


Determined best move using: 96618Iterations
current State

|* 0. |* 0. |* 0. ||  0. |  0. |  0. ||  0. |  0. |  0. |
|* 0. |* 0. |* 0. ||  0. |  0. |  0. ||  0. |  0. |  0. |
|* 0. |* 0. |* 0. ||  0. |  0. |  0. ||  0. |  0. |  0. |
|=====+=====+=====||=====+=====+=====||=====+=====+=====|
|  0. |  0. |  0. ||  0. |  0. |  0. ||  0. |  0. |  0. |
|  0. |  1. |  0. ||  0. |  0. |  0. ||  0. |  0. |  0. |
|  0. |  1. |  0. ||  0. |  0. | -1. ||  0. |  0. |  0. |
|=====+=====+=====||=====+=====+=====||=====+=====+=====|
|  0. |  0. |  0. ||  0. |  0. |  0. || -1. |  0. |  0. |
|  0. |  0. |  0. || -1. |  0. |  0. ||  0. |  0. |  0. |
|  0. |  0. |  0. ||  0. |  0. |  0. ||  0. |  0. |  1. |


state to eval, currenty is playerone turn=true

|* 0. |* 0. |* 0. ||  0. |  0. |  0. ||  0. |  0. |  0. |
|* 0. |* 0. |* 0. ||  0. |  0. |  0. ||  0. |  0. |  0. |
|* 0. |* 0. |* 0. ||  0. |  0. |  0. ||  0. |  0. |  0. |
|=====+=====+=====||=====+=====+=====||=====+=====+=====|
|  0. |  0. |  0. ||  0. |  0. |  0. ||  0. |  0. |  0. |
|  0. |  1. |  0. ||  0. |  0. |  0. ||  0. |  0. |  0. |
|  0. |  1. |  0. ||  0. |  0. | -1. ||  0. |  0. |  0. |
|=====+=====+=====||=====+=====+=====||=====+=====+=====|
|  0. |  0. |  0. ||  0. |  0. |  0. || -1. |  0. |  0. |
|  0. |  0. |  0. || -1. |  0. |  0. ||  0. |  0. |  0. |
|  0. |  0. |  0. ||  0. |  0. |  0. ||  0. |  0. |  1. |


Determined best move using: 93921Iterations
current State

|* 1. |* 0. |* 0. ||  0. |  0. |  0. ||  0. |  0. |  0. |
|* 0. |* 0. |* 0. ||  0. |  0. |  0. ||  0. |  0. |  0. |
|* 0. |* 0. |* 0. ||  0. |  0. |  0. ||  0. |  0. |  0. |
|=====+=====+=====||=====+=====+=====||=====+=====+=====|
|  0. |  0. |  0. ||  0. |  0. |  0. ||  0. |  0. |  0. |
|  0. |  1. |  0. ||  0. |  0. |  0. ||  0. |  0. |  0. |
|  0. |  1. |  0. ||  0. |  0. | -1. ||  0. |  0. |  0. |
|=====+=====+=====||=====+=====+=====||=====+=====+=====|
|  0. |  0. |  0. ||  0. |  0. |  0. || -1. |  0. |  0. |
|  0. |  0. |  0. || -1. |  0. |  0. ||  0. |  0. |  0. |
|  0. |  0. |  0. ||  0. |  0. |  0. ||  0. |  0. |  1. |


state to eval, currenty is playerone turn=false

|*-1. |*-0. |*-0. || -0. | -0. | -0. || -0. | -0. | -0. |
|*-0. |*-0. |*-0. || -0. | -0. | -0. || -0. | -0. | -0. |
|*-0. |*-0. |*-0. || -0. | -0. | -0. || -0. | -0. | -0. |
|=====+=====+=====||=====+=====+=====||=====+=====+=====|
| -0. | -0. | -0. || -0. | -0. | -0. || -0. | -0. | -0. |
| -0. | -1. | -0. || -0. | -0. | -0. || -0. | -0. | -0. |
| -0. | -1. | -0. || -0. | -0. |  1. || -0. | -0. | -0. |
|=====+=====+=====||=====+=====+=====||=====+=====+=====|
| -0. | -0. | -0. || -0. | -0. | -0. ||  1. | -0. | -0. |
| -0. | -0. | -0. ||  1. | -0. | -0. || -0. | -0. | -0. |
| -0. | -0. | -0. || -0. | -0. | -0. || -0. | -0. | -1. |


Determined best move using: 96826Iterations
current State

|  1. |  0. |  0. ||  0. |  0. |  0. ||  0. |  0. |  0. |
| -1. |  0. |  0. ||  0. |  0. |  0. ||  0. |  0. |  0. |
|  0. |  0. |  0. ||  0. |  0. |  0. ||  0. |  0. |  0. |
|=====+=====+=====||=====+=====+=====||=====+=====+=====|
|* 0. |* 0. |* 0. ||  0. |  0. |  0. ||  0. |  0. |  0. |
|* 0. |* 1. |* 0. ||  0. |  0. |  0. ||  0. |  0. |  0. |
|* 0. |* 1. |* 0. ||  0. |  0. | -1. ||  0. |  0. |  0. |
|=====+=====+=====||=====+=====+=====||=====+=====+=====|
|  0. |  0. |  0. ||  0. |  0. |  0. || -1. |  0. |  0. |
|  0. |  0. |  0. || -1. |  0. |  0. ||  0. |  0. |  0. |
|  0. |  0. |  0. ||  0. |  0. |  0. ||  0. |  0. |  1. |


state to eval, currenty is playerone turn=true

|  1. |  0. |  0. ||  0. |  0. |  0. ||  0. |  0. |  0. |
| -1. |  0. |  0. ||  0. |  0. |  0. ||  0. |  0. |  0. |
|  0. |  0. |  0. ||  0. |  0. |  0. ||  0. |  0. |  0. |
|=====+=====+=====||=====+=====+=====||=====+=====+=====|
|* 0. |* 0. |* 0. ||  0. |  0. |  0. ||  0. |  0. |  0. |
|* 0. |* 1. |* 0. ||  0. |  0. |  0. ||  0. |  0. |  0. |
|* 0. |* 1. |* 0. ||  0. |  0. | -1. ||  0. |  0. |  0. |
|=====+=====+=====||=====+=====+=====||=====+=====+=====|
|  0. |  0. |  0. ||  0. |  0. |  0. || -1. |  0. |  0. |
|  0. |  0. |  0. || -1. |  0. |  0. ||  0. |  0. |  0. |
|  0. |  0. |  0. ||  0. |  0. |  0. ||  0. |  0. |  1. |


Determined best move using: 98179Iterations
current State

|  1. |  0. |  0. ||  0. |  0. |  0. ||  0. |  0. |  0. |
| -1. |  0. |  0. ||  0. |  0. |  0. ||  0. |  0. |  0. |
|  0. |  0. |  0. ||  0. |  0. |  0. ||  0. |  0. |  0. |
|=====+=====+=====||=====+=====+=====||=====+=====+=====|
|  0. |  0. |  0. ||  0. |  0. |  0. ||  0. |  0. |  0. |
|  0. |  1. |  0. ||  0. |  0. |  0. ||  0. |  0. |  0. |
|  1. |  1. |  0. ||  0. |  0. | -1. ||  0. |  0. |  0. |
|=====+=====+=====||=====+=====+=====||=====+=====+=====|
|* 0. |* 0. |* 0. ||  0. |  0. |  0. || -1. |  0. |  0. |
|* 0. |* 0. |* 0. || -1. |  0. |  0. ||  0. |  0. |  0. |
|* 0. |* 0. |* 0. ||  0. |  0. |  0. ||  0. |  0. |  1. |


state to eval, currenty is playerone turn=false

| -1. | -0. | -0. || -0. | -0. | -0. || -0. | -0. | -0. |
|  1. | -0. | -0. || -0. | -0. | -0. || -0. | -0. | -0. |
| -0. | -0. | -0. || -0. | -0. | -0. || -0. | -0. | -0. |
|=====+=====+=====||=====+=====+=====||=====+=====+=====|
| -0. | -0. | -0. || -0. | -0. | -0. || -0. | -0. | -0. |
| -0. | -1. | -0. || -0. | -0. | -0. || -0. | -0. | -0. |
| -1. | -1. | -0. || -0. | -0. |  1. || -0. | -0. | -0. |
|=====+=====+=====||=====+=====+=====||=====+=====+=====|
|*-0. |*-0. |*-0. || -0. | -0. | -0. ||  1. | -0. | -0. |
|*-0. |*-0. |*-0. ||  1. | -0. | -0. || -0. | -0. | -0. |
|*-0. |*-0. |*-0. || -0. | -0. | -0. || -0. | -0. | -1. |


Determined best move using: 102980Iterations
current State

|  1. |  0. |  0. ||  0. |  0. |  0. ||  0. |  0. |  0. |
| -1. |  0. |  0. ||  0. |  0. |  0. ||  0. |  0. |  0. |
|  0. |  0. |  0. ||  0. |  0. |  0. ||  0. |  0. |  0. |
|=====+=====+=====||=====+=====+=====||=====+=====+=====|
|  0. |  0. |  0. ||* 0. |* 0. |* 0. ||  0. |  0. |  0. |
|  0. |  1. |  0. ||* 0. |* 0. |* 0. ||  0. |  0. |  0. |
|  1. |  1. |  0. ||* 0. |* 0. |*-1. ||  0. |  0. |  0. |
|=====+=====+=====||=====+=====+=====||=====+=====+=====|
|  0. |  0. |  0. ||  0. |  0. |  0. || -1. |  0. |  0. |
|  0. | -1. |  0. || -1. |  0. |  0. ||  0. |  0. |  0. |
|  0. |  0. |  0. ||  0. |  0. |  0. ||  0. |  0. |  1. |


state to eval, currenty is playerone turn=true

|  1. |  0. |  0. ||  0. |  0. |  0. ||  0. |  0. |  0. |
| -1. |  0. |  0. ||  0. |  0. |  0. ||  0. |  0. |  0. |
|  0. |  0. |  0. ||  0. |  0. |  0. ||  0. |  0. |  0. |
|=====+=====+=====||=====+=====+=====||=====+=====+=====|
|  0. |  0. |  0. ||* 0. |* 0. |* 0. ||  0. |  0. |  0. |
|  0. |  1. |  0. ||* 0. |* 0. |* 0. ||  0. |  0. |  0. |
|  1. |  1. |  0. ||* 0. |* 0. |*-1. ||  0. |  0. |  0. |
|=====+=====+=====||=====+=====+=====||=====+=====+=====|
|  0. |  0. |  0. ||  0. |  0. |  0. || -1. |  0. |  0. |
|  0. | -1. |  0. || -1. |  0. |  0. ||  0. |  0. |  0. |
|  0. |  0. |  0. ||  0. |  0. |  0. ||  0. |  0. |  1. |


Determined best move using: 102349Iterations
current State

|  1. |  0. |  0. ||  0. |  0. |  0. ||  0. |  0. |  0. |
| -1. |  0. |  0. ||  0. |  0. |  0. ||  0. |  0. |  0. |
|  0. |  0. |  0. ||  0. |  0. |  0. ||  0. |  0. |  0. |
|=====+=====+=====||=====+=====+=====||=====+=====+=====|
|  0. |  0. |  0. ||  0. |  0. |  0. ||  0. |  0. |  0. |
|  0. |  1. |  0. ||  0. |  0. |  0. ||  0. |  0. |  0. |
|  1. |  1. |  0. ||  1. |  0. | -1. ||  0. |  0. |  0. |
|=====+=====+=====||=====+=====+=====||=====+=====+=====|
|* 0. |* 0. |* 0. ||  0. |  0. |  0. || -1. |  0. |  0. |
|* 0. |*-1. |* 0. || -1. |  0. |  0. ||  0. |  0. |  0. |
|* 0. |* 0. |* 0. ||  0. |  0. |  0. ||  0. |  0. |  1. |


state to eval, currenty is playerone turn=false

| -1. | -0. | -0. || -0. | -0. | -0. || -0. | -0. | -0. |
|  1. | -0. | -0. || -0. | -0. | -0. || -0. | -0. | -0. |
| -0. | -0. | -0. || -0. | -0. | -0. || -0. | -0. | -0. |
|=====+=====+=====||=====+=====+=====||=====+=====+=====|
| -0. | -0. | -0. || -0. | -0. | -0. || -0. | -0. | -0. |
| -0. | -1. | -0. || -0. | -0. | -0. || -0. | -0. | -0. |
| -1. | -1. | -0. || -1. | -0. |  1. || -0. | -0. | -0. |
|=====+=====+=====||=====+=====+=====||=====+=====+=====|
|*-0. |*-0. |*-0. || -0. | -0. | -0. ||  1. | -0. | -0. |
|*-0. |* 1. |*-0. ||  1. | -0. | -0. || -0. | -0. | -0. |
|*-0. |*-0. |*-0. || -0. | -0. | -0. || -0. | -0. | -1. |


Determined best move using: 107082Iterations
current State

|  1. |  0. |  0. ||  0. |  0. |  0. ||  0. |  0. |  0. |
| -1. |  0. |  0. ||  0. |  0. |  0. ||  0. |  0. |  0. |
|  0. |  0. |  0. ||  0. |  0. |  0. ||  0. |  0. |  0. |
|=====+=====+=====||=====+=====+=====||=====+=====+=====|
|  0. |  0. |  0. ||  0. |  0. |  0. ||  0. |  0. |  0. |
|  0. |  1. |  0. ||  0. |  0. |  0. ||  0. |  0. |  0. |
|  1. |  1. |  0. ||  1. |  0. | -1. ||  0. |  0. |  0. |
|=====+=====+=====||=====+=====+=====||=====+=====+=====|
|  0. |  0. |  0. ||  0. |  0. |  0. ||*-1. |* 0. |* 0. |
|  0. | -1. |  0. || -1. |  0. |  0. ||* 0. |* 0. |* 0. |
|  0. |  0. | -1. ||  0. |  0. |  0. ||* 0. |* 0. |* 1. |


state to eval, currenty is playerone turn=true

|  1. |  0. |  0. ||  0. |  0. |  0. ||  0. |  0. |  0. |
| -1. |  0. |  0. ||  0. |  0. |  0. ||  0. |  0. |  0. |
|  0. |  0. |  0. ||  0. |  0. |  0. ||  0. |  0. |  0. |
|=====+=====+=====||=====+=====+=====||=====+=====+=====|
|  0. |  0. |  0. ||  0. |  0. |  0. ||  0. |  0. |  0. |
|  0. |  1. |  0. ||  0. |  0. |  0. ||  0. |  0. |  0. |
|  1. |  1. |  0. ||  1. |  0. | -1. ||  0. |  0. |  0. |
|=====+=====+=====||=====+=====+=====||=====+=====+=====|
|  0. |  0. |  0. ||  0. |  0. |  0. ||*-1. |* 0. |* 0. |
|  0. | -1. |  0. || -1. |  0. |  0. ||* 0. |* 0. |* 0. |
|  0. |  0. | -1. ||  0. |  0. |  0. ||* 0. |* 0. |* 1. |


Determined best move using: 104956Iterations
current State

|  1. |  0. |  0. ||  0. |  0. |  0. ||  0. |  0. |  0. |
| -1. |  0. |  0. ||  0. |  0. |  0. ||  0. |  0. |  0. |
|  0. |  0. |  0. ||  0. |  0. |  0. ||  0. |  0. |  0. |
|=====+=====+=====||=====+=====+=====||=====+=====+=====|
|  0. |  0. |  0. ||  0. |  0. |  0. ||* 0. |* 0. |* 0. |
|  0. |  1. |  0. ||  0. |  0. |  0. ||* 0. |* 0. |* 0. |
|  1. |  1. |  0. ||  1. |  0. | -1. ||* 0. |* 0. |* 0. |
|=====+=====+=====||=====+=====+=====||=====+=====+=====|
|  0. |  0. |  0. ||  0. |  0. |  0. || -1. |  0. |  0. |
|  0. | -1. |  0. || -1. |  0. |  0. ||  0. |  0. |  1. |
|  0. |  0. | -1. ||  0. |  0. |  0. ||  0. |  0. |  1. |


state to eval, currenty is playerone turn=false

| -1. | -0. | -0. || -0. | -0. | -0. || -0. | -0. | -0. |
|  1. | -0. | -0. || -0. | -0. | -0. || -0. | -0. | -0. |
| -0. | -0. | -0. || -0. | -0. | -0. || -0. | -0. | -0. |
|=====+=====+=====||=====+=====+=====||=====+=====+=====|
| -0. | -0. | -0. || -0. | -0. | -0. ||*-0. |*-0. |*-0. |
| -0. | -1. | -0. || -0. | -0. | -0. ||*-0. |*-0. |*-0. |
| -1. | -1. | -0. || -1. | -0. |  1. ||*-0. |*-0. |*-0. |
|=====+=====+=====||=====+=====+=====||=====+=====+=====|
| -0. | -0. | -0. || -0. | -0. | -0. ||  1. | -0. | -0. |
| -0. |  1. | -0. ||  1. | -0. | -0. || -0. | -0. | -1. |
| -0. | -0. |  1. || -0. | -0. | -0. || -0. | -0. | -1. |


Determined best move using: 105499Iterations
current State

|  1. |  0. |  0. ||  0. |  0. |  0. ||  0. |  0. |  0. |
| -1. |  0. |  0. ||  0. |  0. |  0. ||  0. |  0. |  0. |
|  0. |  0. |  0. ||  0. |  0. |  0. ||  0. |  0. |  0. |
|=====+=====+=====||=====+=====+=====||=====+=====+=====|
|  0. |  0. |  0. ||* 0. |* 0. |* 0. ||  0. |  0. |  0. |
|  0. |  1. |  0. ||* 0. |* 0. |* 0. ||  0. | -1. |  0. |
|  1. |  1. |  0. ||* 1. |* 0. |*-1. ||  0. |  0. |  0. |
|=====+=====+=====||=====+=====+=====||=====+=====+=====|
|  0. |  0. |  0. ||  0. |  0. |  0. || -1. |  0. |  0. |
|  0. | -1. |  0. || -1. |  0. |  0. ||  0. |  0. |  1. |
|  0. |  0. | -1. ||  0. |  0. |  0. ||  0. |  0. |  1. |


state to eval, currenty is playerone turn=true

|  1. |  0. |  0. ||  0. |  0. |  0. ||  0. |  0. |  0. |
| -1. |  0. |  0. ||  0. |  0. |  0. ||  0. |  0. |  0. |
|  0. |  0. |  0. ||  0. |  0. |  0. ||  0. |  0. |  0. |
|=====+=====+=====||=====+=====+=====||=====+=====+=====|
|  0. |  0. |  0. ||* 0. |* 0. |* 0. ||  0. |  0. |  0. |
|  0. |  1. |  0. ||* 0. |* 0. |* 0. ||  0. | -1. |  0. |
|  1. |  1. |  0. ||* 1. |* 0. |*-1. ||  0. |  0. |  0. |
|=====+=====+=====||=====+=====+=====||=====+=====+=====|
|  0. |  0. |  0. ||  0. |  0. |  0. || -1. |  0. |  0. |
|  0. | -1. |  0. || -1. |  0. |  0. ||  0. |  0. |  1. |
|  0. |  0. | -1. ||  0. |  0. |  0. ||  0. |  0. |  1. |


Determined best move using: 111246Iterations
current State

|  1. |  0. |  0. ||* 0. |* 0. |* 0. ||  0. |  0. |  0. |
| -1. |  0. |  0. ||* 0. |* 0. |* 0. ||  0. |  0. |  0. |
|  0. |  0. |  0. ||* 0. |* 0. |* 0. ||  0. |  0. |  0. |
|=====+=====+=====||=====+=====+=====||=====+=====+=====|
|  0. |  0. |  0. ||  0. |  1. |  0. ||  0. |  0. |  0. |
|  0. |  1. |  0. ||  0. |  0. |  0. ||  0. | -1. |  0. |
|  1. |  1. |  0. ||  1. |  0. | -1. ||  0. |  0. |  0. |
|=====+=====+=====||=====+=====+=====||=====+=====+=====|
|  0. |  0. |  0. ||  0. |  0. |  0. || -1. |  0. |  0. |
|  0. | -1. |  0. || -1. |  0. |  0. ||  0. |  0. |  1. |
|  0. |  0. | -1. ||  0. |  0. |  0. ||  0. |  0. |  1. |


state to eval, currenty is playerone turn=false

| -1. | -0. | -0. ||*-0. |*-0. |*-0. || -0. | -0. | -0. |
|  1. | -0. | -0. ||*-0. |*-0. |*-0. || -0. | -0. | -0. |
| -0. | -0. | -0. ||*-0. |*-0. |*-0. || -0. | -0. | -0. |
|=====+=====+=====||=====+=====+=====||=====+=====+=====|
| -0. | -0. | -0. || -0. | -1. | -0. || -0. | -0. | -0. |
| -0. | -1. | -0. || -0. | -0. | -0. || -0. |  1. | -0. |
| -1. | -1. | -0. || -1. | -0. |  1. || -0. | -0. | -0. |
|=====+=====+=====||=====+=====+=====||=====+=====+=====|
| -0. | -0. | -0. || -0. | -0. | -0. ||  1. | -0. | -0. |
| -0. |  1. | -0. ||  1. | -0. | -0. || -0. | -0. | -1. |
| -0. | -0. |  1. || -0. | -0. | -0. || -0. | -0. | -1. |


Determined best move using: 111811Iterations
current State

|  1. |  0. |  0. ||  0. |  0. |  0. ||  0. |  0. |  0. |
| -1. |  0. |  0. ||  0. |  0. |  0. ||  0. |  0. |  0. |
|  0. |  0. |  0. ||  0. |  0. | -1. ||  0. |  0. |  0. |
|=====+=====+=====||=====+=====+=====||=====+=====+=====|
|  0. |  0. |  0. ||  0. |  1. |  0. ||  0. |  0. |  0. |
|  0. |  1. |  0. ||  0. |  0. |  0. ||  0. | -1. |  0. |
|  1. |  1. |  0. ||  1. |  0. | -1. ||  0. |  0. |  0. |
|=====+=====+=====||=====+=====+=====||=====+=====+=====|
|  0. |  0. |  0. ||  0. |  0. |  0. ||*-1. |* 0. |* 0. |
|  0. | -1. |  0. || -1. |  0. |  0. ||* 0. |* 0. |* 1. |
|  0. |  0. | -1. ||  0. |  0. |  0. ||* 0. |* 0. |* 1. |


state to eval, currenty is playerone turn=true

|  1. |  0. |  0. ||  0. |  0. |  0. ||  0. |  0. |  0. |
| -1. |  0. |  0. ||  0. |  0. |  0. ||  0. |  0. |  0. |
|  0. |  0. |  0. ||  0. |  0. | -1. ||  0. |  0. |  0. |
|=====+=====+=====||=====+=====+=====||=====+=====+=====|
|  0. |  0. |  0. ||  0. |  1. |  0. ||  0. |  0. |  0. |
|  0. |  1. |  0. ||  0. |  0. |  0. ||  0. | -1. |  0. |
|  1. |  1. |  0. ||  1. |  0. | -1. ||  0. |  0. |  0. |
|=====+=====+=====||=====+=====+=====||=====+=====+=====|
|  0. |  0. |  0. ||  0. |  0. |  0. ||*-1. |* 0. |* 0. |
|  0. | -1. |  0. || -1. |  0. |  0. ||* 0. |* 0. |* 1. |
|  0. |  0. | -1. ||  0. |  0. |  0. ||* 0. |* 0. |* 1. |


Determined best move using: 115380Iterations
current State

|  1. |  0. |  0. ||* 0. |* 0. |* 0. ||  0. |  0. |  0. |
| -1. |  0. |  0. ||* 0. |* 0. |* 0. ||  0. |  0. |  0. |
|  0. |  0. |  0. ||* 0. |* 0. |*-1. ||  0. |  0. |  0. |
|=====+=====+=====||=====+=====+=====||=====+=====+=====|
|  0. |  0. |  0. ||  0. |  1. |  0. ||  0. |  0. |  0. |
|  0. |  1. |  0. ||  0. |  0. |  0. ||  0. | -1. |  0. |
|  1. |  1. |  0. ||  1. |  0. | -1. ||  0. |  0. |  0. |
|=====+=====+=====||=====+=====+=====||=====+=====+=====|
|  0. |  0. |  0. ||  0. |  0. |  0. || -1. |  1. |  0. |
|  0. | -1. |  0. || -1. |  0. |  0. ||  0. |  0. |  1. |
|  0. |  0. | -1. ||  0. |  0. |  0. ||  0. |  0. |  1. |


state to eval, currenty is playerone turn=false

| -1. | -0. | -0. ||*-0. |*-0. |*-0. || -0. | -0. | -0. |
|  1. | -0. | -0. ||*-0. |*-0. |*-0. || -0. | -0. | -0. |
| -0. | -0. | -0. ||*-0. |*-0. |* 1. || -0. | -0. | -0. |
|=====+=====+=====||=====+=====+=====||=====+=====+=====|
| -0. | -0. | -0. || -0. | -1. | -0. || -0. | -0. | -0. |
| -0. | -1. | -0. || -0. | -0. | -0. || -0. |  1. | -0. |
| -1. | -1. | -0. || -1. | -0. |  1. || -0. | -0. | -0. |
|=====+=====+=====||=====+=====+=====||=====+=====+=====|
| -0. | -0. | -0. || -0. | -0. | -0. ||  1. | -1. | -0. |
| -0. |  1. | -0. ||  1. | -0. | -0. || -0. | -0. | -1. |
| -0. | -0. |  1. || -0. | -0. | -0. || -0. | -0. | -1. |


Determined best move using: 116803Iterations
current State

|* 1. |* 0. |* 0. || -1. |  0. |  0. ||  0. |  0. |  0. |
|*-1. |* 0. |* 0. ||  0. |  0. |  0. ||  0. |  0. |  0. |
|* 0. |* 0. |* 0. ||  0. |  0. | -1. ||  0. |  0. |  0. |
|=====+=====+=====||=====+=====+=====||=====+=====+=====|
|  0. |  0. |  0. ||  0. |  1. |  0. ||  0. |  0. |  0. |
|  0. |  1. |  0. ||  0. |  0. |  0. ||  0. | -1. |  0. |
|  1. |  1. |  0. ||  1. |  0. | -1. ||  0. |  0. |  0. |
|=====+=====+=====||=====+=====+=====||=====+=====+=====|
|  0. |  0. |  0. ||  0. |  0. |  0. || -1. |  1. |  0. |
|  0. | -1. |  0. || -1. |  0. |  0. ||  0. |  0. |  1. |
|  0. |  0. | -1. ||  0. |  0. |  0. ||  0. |  0. |  1. |


state to eval, currenty is playerone turn=true

|* 1. |* 0. |* 0. || -1. |  0. |  0. ||  0. |  0. |  0. |
|*-1. |* 0. |* 0. ||  0. |  0. |  0. ||  0. |  0. |  0. |
|* 0. |* 0. |* 0. ||  0. |  0. | -1. ||  0. |  0. |  0. |
|=====+=====+=====||=====+=====+=====||=====+=====+=====|
|  0. |  0. |  0. ||  0. |  1. |  0. ||  0. |  0. |  0. |
|  0. |  1. |  0. ||  0. |  0. |  0. ||  0. | -1. |  0. |
|  1. |  1. |  0. ||  1. |  0. | -1. ||  0. |  0. |  0. |
|=====+=====+=====||=====+=====+=====||=====+=====+=====|
|  0. |  0. |  0. ||  0. |  0. |  0. || -1. |  1. |  0. |
|  0. | -1. |  0. || -1. |  0. |  0. ||  0. |  0. |  1. |
|  0. |  0. | -1. ||  0. |  0. |  0. ||  0. |  0. |  1. |


Determined best move using: 125380Iterations
current State

|  1. |  0. |  0. || -1. |  0. |  0. ||  0. |  0. |  0. |
| -1. |  0. |  1. ||  0. |  0. |  0. ||  0. |  0. |  0. |
|  0. |  0. |  0. ||  0. |  0. | -1. ||  0. |  0. |  0. |
|=====+=====+=====||=====+=====+=====||=====+=====+=====|
|  0. |  0. |  0. ||  0. |  1. |  0. ||* 0. |* 0. |* 0. |
|  0. |  1. |  0. ||  0. |  0. |  0. ||* 0. |*-1. |* 0. |
|  1. |  1. |  0. ||  1. |  0. | -1. ||* 0. |* 0. |* 0. |
|=====+=====+=====||=====+=====+=====||=====+=====+=====|
|  0. |  0. |  0. ||  0. |  0. |  0. || -1. |  1. |  0. |
|  0. | -1. |  0. || -1. |  0. |  0. ||  0. |  0. |  1. |
|  0. |  0. | -1. ||  0. |  0. |  0. ||  0. |  0. |  1. |


state to eval, currenty is playerone turn=false

| -1. | -0. | -0. ||  1. | -0. | -0. || -0. | -0. | -0. |
|  1. | -0. | -1. || -0. | -0. | -0. || -0. | -0. | -0. |
| -0. | -0. | -0. || -0. | -0. |  1. || -0. | -0. | -0. |
|=====+=====+=====||=====+=====+=====||=====+=====+=====|
| -0. | -0. | -0. || -0. | -1. | -0. ||*-0. |*-0. |*-0. |
| -0. | -1. | -0. || -0. | -0. | -0. ||*-0. |* 1. |*-0. |
| -1. | -1. | -0. || -1. | -0. |  1. ||*-0. |*-0. |*-0. |
|=====+=====+=====||=====+=====+=====||=====+=====+=====|
| -0. | -0. | -0. || -0. | -0. | -0. ||  1. | -1. | -0. |
| -0. |  1. | -0. ||  1. | -0. | -0. || -0. | -0. | -1. |
| -0. | -0. |  1. || -0. | -0. | -0. || -0. | -0. | -1. |


Determined best move using: 122286Iterations
current State

|  1. |  0. |  0. || -1. |  0. |  0. ||* 0. |* 0. |* 0. |
| -1. |  0. |  1. ||  0. |  0. |  0. ||* 0. |* 0. |* 0. |
|  0. |  0. |  0. ||  0. |  0. | -1. ||* 0. |* 0. |* 0. |
|=====+=====+=====||=====+=====+=====||=====+=====+=====|
|  0. |  0. |  0. ||  0. |  1. |  0. ||  0. |  0. | -1. |
|  0. |  1. |  0. ||  0. |  0. |  0. ||  0. | -1. |  0. |
|  1. |  1. |  0. ||  1. |  0. | -1. ||  0. |  0. |  0. |
|=====+=====+=====||=====+=====+=====||=====+=====+=====|
|  0. |  0. |  0. ||  0. |  0. |  0. || -1. |  1. |  0. |
|  0. | -1. |  0. || -1. |  0. |  0. ||  0. |  0. |  1. |
|  0. |  0. | -1. ||  0. |  0. |  0. ||  0. |  0. |  1. |


state to eval, currenty is playerone turn=true

|  1. |  0. |  0. || -1. |  0. |  0. ||* 0. |* 0. |* 0. |
| -1. |  0. |  1. ||  0. |  0. |  0. ||* 0. |* 0. |* 0. |
|  0. |  0. |  0. ||  0. |  0. | -1. ||* 0. |* 0. |* 0. |
|=====+=====+=====||=====+=====+=====||=====+=====+=====|
|  0. |  0. |  0. ||  0. |  1. |  0. ||  0. |  0. | -1. |
|  0. |  1. |  0. ||  0. |  0. |  0. ||  0. | -1. |  0. |
|  1. |  1. |  0. ||  1. |  0. | -1. ||  0. |  0. |  0. |
|=====+=====+=====||=====+=====+=====||=====+=====+=====|
|  0. |  0. |  0. ||  0. |  0. |  0. || -1. |  1. |  0. |
|  0. | -1. |  0. || -1. |  0. |  0. ||  0. |  0. |  1. |
|  0. |  0. | -1. ||  0. |  0. |  0. ||  0. |  0. |  1. |


Determined best move using: 129153Iterations
current State

|  1. |  0. |  0. || -1. |  0. |  0. ||  0. |  0. |  0. |
| -1. |  0. |  1. ||  0. |  0. |  0. ||  0. |  1. |  0. |
|  0. |  0. |  0. ||  0. |  0. | -1. ||  0. |  0. |  0. |
|=====+=====+=====||=====+=====+=====||=====+=====+=====|
|  0. |  0. |  0. ||* 0. |* 1. |* 0. ||  0. |  0. | -1. |
|  0. |  1. |  0. ||* 0. |* 0. |* 0. ||  0. | -1. |  0. |
|  1. |  1. |  0. ||* 1. |* 0. |*-1. ||  0. |  0. |  0. |
|=====+=====+=====||=====+=====+=====||=====+=====+=====|
|  0. |  0. |  0. ||  0. |  0. |  0. || -1. |  1. |  0. |
|  0. | -1. |  0. || -1. |  0. |  0. ||  0. |  0. |  1. |
|  0. |  0. | -1. ||  0. |  0. |  0. ||  0. |  0. |  1. |


state to eval, currenty is playerone turn=false

| -1. | -0. | -0. ||  1. | -0. | -0. || -0. | -0. | -0. |
|  1. | -0. | -1. || -0. | -0. | -0. || -0. | -1. | -0. |
| -0. | -0. | -0. || -0. | -0. |  1. || -0. | -0. | -0. |
|=====+=====+=====||=====+=====+=====||=====+=====+=====|
| -0. | -0. | -0. ||*-0. |*-1. |*-0. || -0. | -0. |  1. |
| -0. | -1. | -0. ||*-0. |*-0. |*-0. || -0. |  1. | -0. |
| -1. | -1. | -0. ||*-1. |*-0. |* 1. || -0. | -0. | -0. |
|=====+=====+=====||=====+=====+=====||=====+=====+=====|
| -0. | -0. | -0. || -0. | -0. | -0. ||  1. | -1. | -0. |
| -0. |  1. | -0. ||  1. | -0. | -0. || -0. | -0. | -1. |
| -0. | -0. |  1. || -0. | -0. | -0. || -0. | -0. | -1. |


Determined best move using: 139277Iterations
current State

|  1. |  0. |  0. || -1. |  0. |  0. ||  0. |  0. |  0. |
| -1. |  0. |  1. ||  0. |  0. |  0. ||  0. |  1. |  0. |
|  0. |  0. |  0. ||  0. |  0. | -1. ||  0. |  0. |  0. |
|=====+=====+=====||=====+=====+=====||=====+=====+=====|
|  0. |  0. |  0. ||  0. |  1. |  0. ||* 0. |* 0. |*-1. |
|  0. |  1. |  0. ||  0. |  0. | -1. ||* 0. |*-1. |* 0. |
|  1. |  1. |  0. ||  1. |  0. | -1. ||* 0. |* 0. |* 0. |
|=====+=====+=====||=====+=====+=====||=====+=====+=====|
|  0. |  0. |  0. ||  0. |  0. |  0. || -1. |  1. |  0. |
|  0. | -1. |  0. || -1. |  0. |  0. ||  0. |  0. |  1. |
|  0. |  0. | -1. ||  0. |  0. |  0. ||  0. |  0. |  1. |


state to eval, currenty is playerone turn=true

|  1. |  0. |  0. || -1. |  0. |  0. ||  0. |  0. |  0. |
| -1. |  0. |  1. ||  0. |  0. |  0. ||  0. |  1. |  0. |
|  0. |  0. |  0. ||  0. |  0. | -1. ||  0. |  0. |  0. |
|=====+=====+=====||=====+=====+=====||=====+=====+=====|
|  0. |  0. |  0. ||  0. |  1. |  0. ||* 0. |* 0. |*-1. |
|  0. |  1. |  0. ||  0. |  0. | -1. ||* 0. |*-1. |* 0. |
|  1. |  1. |  0. ||  1. |  0. | -1. ||* 0. |* 0. |* 0. |
|=====+=====+=====||=====+=====+=====||=====+=====+=====|
|  0. |  0. |  0. ||  0. |  0. |  0. || -1. |  1. |  0. |
|  0. | -1. |  0. || -1. |  0. |  0. ||  0. |  0. |  1. |
|  0. |  0. | -1. ||  0. |  0. |  0. ||  0. |  0. |  1. |


Determined best move using: 140379Iterations
current State

|  1. |  0. |  0. || -1. |  0. |  0. ||  0. |  0. |  0. |
| -1. |  0. |  1. ||  0. |  0. |  0. ||  0. |  1. |  0. |
|  0. |  0. |  0. ||  0. |  0. | -1. ||  0. |  0. |  0. |
|=====+=====+=====||=====+=====+=====||=====+=====+=====|
|  0. |  0. |  0. ||  0. |  1. |  0. ||  0. |  0. | -1. |
|  0. |  1. |  0. ||  0. |  0. | -1. ||  0. | -1. |  0. |
|  1. |  1. |  0. ||  1. |  0. | -1. ||  0. |  1. |  0. |
|=====+=====+=====||=====+=====+=====||=====+=====+=====|
|  0. |  0. |  0. ||* 0. |* 0. |* 0. || -1. |  1. |  0. |
|  0. | -1. |  0. ||*-1. |* 0. |* 0. ||  0. |  0. |  1. |
|  0. |  0. | -1. ||* 0. |* 0. |* 0. ||  0. |  0. |  1. |


state to eval, currenty is playerone turn=false

| -1. | -0. | -0. ||  1. | -0. | -0. || -0. | -0. | -0. |
|  1. | -0. | -1. || -0. | -0. | -0. || -0. | -1. | -0. |
| -0. | -0. | -0. || -0. | -0. |  1. || -0. | -0. | -0. |
|=====+=====+=====||=====+=====+=====||=====+=====+=====|
| -0. | -0. | -0. || -0. | -1. | -0. || -0. | -0. |  1. |
| -0. | -1. | -0. || -0. | -0. |  1. || -0. |  1. | -0. |
| -1. | -1. | -0. || -1. | -0. |  1. || -0. | -1. | -0. |
|=====+=====+=====||=====+=====+=====||=====+=====+=====|
| -0. | -0. | -0. ||*-0. |*-0. |*-0. ||  1. | -1. | -0. |
| -0. |  1. | -0. ||* 1. |*-0. |*-0. || -0. | -0. | -1. |
| -0. | -0. |  1. ||*-0. |*-0. |*-0. || -0. | -0. | -1. |


Determined best move using: 141806Iterations
current State

|  1. |  0. |  0. || -1. |  0. |  0. ||* 0. |* 0. |* 0. |
| -1. |  0. |  1. ||  0. |  0. |  0. ||* 0. |* 1. |* 0. |
|  0. |  0. |  0. ||  0. |  0. | -1. ||* 0. |* 0. |* 0. |
|=====+=====+=====||=====+=====+=====||=====+=====+=====|
|  0. |  0. |  0. ||  0. |  1. |  0. ||  0. |  0. | -1. |
|  0. |  1. |  0. ||  0. |  0. | -1. ||  0. | -1. |  0. |
|  1. |  1. |  0. ||  1. |  0. | -1. ||  0. |  1. |  0. |
|=====+=====+=====||=====+=====+=====||=====+=====+=====|
|  0. |  0. |  0. ||  0. |  0. | -1. || -1. |  1. |  0. |
|  0. | -1. |  0. || -1. |  0. |  0. ||  0. |  0. |  1. |
|  0. |  0. | -1. ||  0. |  0. |  0. ||  0. |  0. |  1. |


state to eval, currenty is playerone turn=true

|  1. |  0. |  0. || -1. |  0. |  0. ||* 0. |* 0. |* 0. |
| -1. |  0. |  1. ||  0. |  0. |  0. ||* 0. |* 1. |* 0. |
|  0. |  0. |  0. ||  0. |  0. | -1. ||* 0. |* 0. |* 0. |
|=====+=====+=====||=====+=====+=====||=====+=====+=====|
|  0. |  0. |  0. ||  0. |  1. |  0. ||  0. |  0. | -1. |
|  0. |  1. |  0. ||  0. |  0. | -1. ||  0. | -1. |  0. |
|  1. |  1. |  0. ||  1. |  0. | -1. ||  0. |  1. |  0. |
|=====+=====+=====||=====+=====+=====||=====+=====+=====|
|  0. |  0. |  0. ||  0. |  0. | -1. || -1. |  1. |  0. |
|  0. | -1. |  0. || -1. |  0. |  0. ||  0. |  0. |  1. |
|  0. |  0. | -1. ||  0. |  0. |  0. ||  0. |  0. |  1. |


Determined best move using: 142930Iterations
current State

|  1. |  0. |  0. || -1. |  0. |  0. ||  0. |  0. |  0. |
| -1. |  0. |  1. ||  0. |  0. |  0. ||  0. |  1. |  0. |
|  0. |  0. |  0. ||  0. |  0. | -1. ||  0. |  0. |  1. |
|=====+=====+=====||=====+=====+=====||=====+=====+=====|
|  0. |  0. |  0. ||  0. |  1. |  0. ||  0. |  0. | -1. |
|  0. |  1. |  0. ||  0. |  0. | -1. ||  0. | -1. |  0. |
|  1. |  1. |  0. ||  1. |  0. | -1. ||  0. |  1. |  0. |
|=====+=====+=====||=====+=====+=====||=====+=====+=====|
|  0. |  0. |  0. ||  0. |  0. | -1. ||*-1. |* 1. |* 0. |
|  0. | -1. |  0. || -1. |  0. |  0. ||* 0. |* 0. |* 1. |
|  0. |  0. | -1. ||  0. |  0. |  0. ||* 0. |* 0. |* 1. |


state to eval, currenty is playerone turn=false

| -1. | -0. | -0. ||  1. | -0. | -0. || -0. | -0. | -0. |
|  1. | -0. | -1. || -0. | -0. | -0. || -0. | -1. | -0. |
| -0. | -0. | -0. || -0. | -0. |  1. || -0. | -0. | -1. |
|=====+=====+=====||=====+=====+=====||=====+=====+=====|
| -0. | -0. | -0. || -0. | -1. | -0. || -0. | -0. |  1. |
| -0. | -1. | -0. || -0. | -0. |  1. || -0. |  1. | -0. |
| -1. | -1. | -0. || -1. | -0. |  1. || -0. | -1. | -0. |
|=====+=====+=====||=====+=====+=====||=====+=====+=====|
| -0. | -0. | -0. || -0. | -0. |  1. ||* 1. |*-1. |*-0. |
| -0. |  1. | -0. ||  1. | -0. | -0. ||*-0. |*-0. |*-1. |
| -0. | -0. |  1. || -0. | -0. | -0. ||*-0. |*-0. |*-1. |


Determined best move using: 151212Iterations
current State

|  1. |  0. |  0. || -1. |  0. |  0. ||  0. |  0. |  0. |
| -1. |  0. |  1. ||  0. |  0. |  0. ||  0. |  1. |  0. |
|  0. |  0. |  0. ||  0. |  0. | -1. ||  0. |  0. |  1. |
|=====+=====+=====||=====+=====+=====||=====+=====+=====|
|  0. |  0. |  0. ||  0. |  1. |  0. ||  0. |  0. | -1. |
|  0. |  1. |  0. ||  0. |  0. | -1. ||  0. | -1. |  0. |
|  1. |  1. |  0. ||  1. |  0. | -1. ||  0. |  1. |  0. |
|=====+=====+=====||=====+=====+=====||=====+=====+=====|
|* 0. |* 0. |* 0. ||  0. |  0. | -1. || -1. |  1. |  0. |
|* 0. |*-1. |* 0. || -1. |  0. |  0. ||  0. |  0. |  1. |
|* 0. |* 0. |*-1. ||  0. |  0. |  0. || -1. |  0. |  1. |


state to eval, currenty is playerone turn=true

|  1. |  0. |  0. || -1. |  0. |  0. ||  0. |  0. |  0. |
| -1. |  0. |  1. ||  0. |  0. |  0. ||  0. |  1. |  0. |
|  0. |  0. |  0. ||  0. |  0. | -1. ||  0. |  0. |  1. |
|=====+=====+=====||=====+=====+=====||=====+=====+=====|
|  0. |  0. |  0. ||  0. |  1. |  0. ||  0. |  0. | -1. |
|  0. |  1. |  0. ||  0. |  0. | -1. ||  0. | -1. |  0. |
|  1. |  1. |  0. ||  1. |  0. | -1. ||  0. |  1. |  0. |
|=====+=====+=====||=====+=====+=====||=====+=====+=====|
|* 0. |* 0. |* 0. ||  0. |  0. | -1. || -1. |  1. |  0. |
|* 0. |*-1. |* 0. || -1. |  0. |  0. ||  0. |  0. |  1. |
|* 0. |* 0. |*-1. ||  0. |  0. |  0. || -1. |  0. |  1. |


Determined best move using: 190138Iterations
current State

|  1. |  0. |  0. ||*-1. |* 0. |* 0. ||  0. |  0. |  0. |
| -1. |  0. |  1. ||* 0. |* 0. |* 0. ||  0. |  1. |  0. |
|  0. |  0. |  0. ||* 0. |* 0. |*-1. ||  0. |  0. |  1. |
|=====+=====+=====||=====+=====+=====||=====+=====+=====|
|  0. |  0. |  0. ||  0. |  1. |  0. ||  0. |  0. | -1. |
|  0. |  1. |  0. ||  0. |  0. | -1. ||  0. | -1. |  0. |
|  1. |  1. |  0. ||  1. |  0. | -1. ||  0. |  1. |  0. |
|=====+=====+=====||=====+=====+=====||=====+=====+=====|
|  0. |  1. |  0. ||  0. |  0. | -1. || -1. |  1. |  0. |
|  0. | -1. |  0. || -1. |  0. |  0. ||  0. |  0. |  1. |
|  0. |  0. | -1. ||  0. |  0. |  0. || -1. |  0. |  1. |


state to eval, currenty is playerone turn=false

| -1. | -0. | -0. ||* 1. |*-0. |*-0. || -0. | -0. | -0. |
|  1. | -0. | -1. ||*-0. |*-0. |*-0. || -0. | -1. | -0. |
| -0. | -0. | -0. ||*-0. |*-0. |* 1. || -0. | -0. | -1. |
|=====+=====+=====||=====+=====+=====||=====+=====+=====|
| -0. | -0. | -0. || -0. | -1. | -0. || -0. | -0. |  1. |
| -0. | -1. | -0. || -0. | -0. |  1. || -0. |  1. | -0. |
| -1. | -1. | -0. || -1. | -0. |  1. || -0. | -1. | -0. |
|=====+=====+=====||=====+=====+=====||=====+=====+=====|
| -0. | -1. | -0. || -0. | -0. |  1. ||  1. | -1. | -0. |
| -0. |  1. | -0. ||  1. | -0. | -0. || -0. | -0. | -1. |
| -0. | -0. |  1. || -0. | -0. | -0. ||  1. | -0. | -1. |


Determined best move using: 199683Iterations
current State

|  1. |  0. |  0. || -1. |  0. |  0. ||  0. |  0. |  0. |
| -1. |  0. |  1. ||  0. |  0. | -1. ||  0. |  1. |  0. |
|  0. |  0. |  0. ||  0. |  0. | -1. ||  0. |  0. |  1. |
|=====+=====+=====||=====+=====+=====||=====+=====+=====|
|  0. |  0. |  0. ||  0. |  1. |  0. ||* 0. |* 0. |*-1. |
|  0. |  1. |  0. ||  0. |  0. | -1. ||* 0. |*-1. |* 0. |
|  1. |  1. |  0. ||  1. |  0. | -1. ||* 0. |* 1. |* 0. |
|=====+=====+=====||=====+=====+=====||=====+=====+=====|
|  0. |  1. |  0. ||  0. |  0. | -1. || -1. |  1. |  0. |
|  0. | -1. |  0. || -1. |  0. |  0. ||  0. |  0. |  1. |
|  0. |  0. | -1. ||  0. |  0. |  0. || -1. |  0. |  1. |


state to eval, currenty is playerone turn=true

|  1. |  0. |  0. || -1. |  0. |  0. ||  0. |  0. |  0. |
| -1. |  0. |  1. ||  0. |  0. | -1. ||  0. |  1. |  0. |
|  0. |  0. |  0. ||  0. |  0. | -1. ||  0. |  0. |  1. |
|=====+=====+=====||=====+=====+=====||=====+=====+=====|
|  0. |  0. |  0. ||  0. |  1. |  0. ||* 0. |* 0. |*-1. |
|  0. |  1. |  0. ||  0. |  0. | -1. ||* 0. |*-1. |* 0. |
|  1. |  1. |  0. ||  1. |  0. | -1. ||* 0. |* 1. |* 0. |
|=====+=====+=====||=====+=====+=====||=====+=====+=====|
|  0. |  1. |  0. ||  0. |  0. | -1. || -1. |  1. |  0. |
|  0. | -1. |  0. || -1. |  0. |  0. ||  0. |  0. |  1. |
|  0. |  0. | -1. ||  0. |  0. |  0. || -1. |  0. |  1. |


Determined best move using: 2452235Iterations
Determined best move using: 1911621Iterations
Determined best move using: 92362Iterations
current State

|  1. |  0. |  0. ||*-1. |* 0. |* 0. ||  0. |  0. |  0. |
| -1. |  0. |  1. ||* 0. |* 0. |*-1. ||  0. |  1. |  0. |
|  0. |  0. |  0. ||* 0. |* 0. |*-1. ||  0. |  0. |  1. |
|=====+=====+=====||=====+=====+=====||=====+=====+=====|
|  0. |  0. |  0. ||  0. |  1. |  0. ||  0. |  1. | -1. |
|  0. |  1. |  0. ||  0. |  0. | -1. ||  0. | -1. |  0. |
|  1. |  1. |  0. ||  1. |  0. | -1. ||  0. |  1. |  0. |
|=====+=====+=====||=====+=====+=====||=====+=====+=====|
|  0. |  1. |  0. ||  0. |  0. | -1. || -1. |  1. |  0. |
|  0. | -1. |  0. || -1. |  0. |  0. ||  0. |  0. |  1. |
|  0. |  0. | -1. ||  0. |  0. |  0. || -1. |  0. |  1. |


state to eval, currenty is playerone turn=false

| -1. | -0. | -0. ||* 1. |*-0. |*-0. || -0. | -0. | -0. |
|  1. | -0. | -1. ||*-0. |*-0. |* 1. || -0. | -1. | -0. |
| -0. | -0. | -0. ||*-0. |*-0. |* 1. || -0. | -0. | -1. |
|=====+=====+=====||=====+=====+=====||=====+=====+=====|
| -0. | -0. | -0. || -0. | -1. | -0. || -0. | -1. |  1. |
| -0. | -1. | -0. || -0. | -0. |  1. || -0. |  1. | -0. |
| -1. | -1. | -0. || -1. | -0. |  1. || -0. | -1. | -0. |
|=====+=====+=====||=====+=====+=====||=====+=====+=====|
| -0. | -1. | -0. || -0. | -0. |  1. ||  1. | -1. | -0. |
| -0. |  1. | -0. ||  1. | -0. | -0. || -0. | -0. | -1. |
| -0. | -0. |  1. || -0. | -0. | -0. ||  1. | -0. | -1. |


Determined best move using: 114364Iterations
current State

|  1. |  0. |  0. || -1. |  0. |  0. ||  0. |  0. |  0. |
| -1. |  0. |  1. ||  0. |  0. | -1. ||  0. |  1. |  0. |
|  0. |  0. |  0. || -1. |  0. | -1. ||  0. |  0. |  1. |
|=====+=====+=====||=====+=====+=====||=====+=====+=====|
|  0. |  0. |  0. ||  0. |  1. |  0. ||  0. |  1. | -1. |
|  0. |  1. |  0. ||  0. |  0. | -1. ||  0. | -1. |  0. |
|  1. |  1. |  0. ||  1. |  0. | -1. ||  0. |  1. |  0. |
|=====+=====+=====||=====+=====+=====||=====+=====+=====|
|* 0. |* 1. |* 0. ||  0. |  0. | -1. || -1. |  1. |  0. |
|* 0. |*-1. |* 0. || -1. |  0. |  0. ||  0. |  0. |  1. |
|* 0. |* 0. |*-1. ||  0. |  0. |  0. || -1. |  0. |  1. |


state to eval, currenty is playerone turn=true

|  1. |  0. |  0. || -1. |  0. |  0. ||  0. |  0. |  0. |
| -1. |  0. |  1. ||  0. |  0. | -1. ||  0. |  1. |  0. |
|  0. |  0. |  0. || -1. |  0. | -1. ||  0. |  0. |  1. |
|=====+=====+=====||=====+=====+=====||=====+=====+=====|
|  0. |  0. |  0. ||  0. |  1. |  0. ||  0. |  1. | -1. |
|  0. |  1. |  0. ||  0. |  0. | -1. ||  0. | -1. |  0. |
|  1. |  1. |  0. ||  1. |  0. | -1. ||  0. |  1. |  0. |
|=====+=====+=====||=====+=====+=====||=====+=====+=====|
|* 0. |* 1. |* 0. ||  0. |  0. | -1. || -1. |  1. |  0. |
|* 0. |*-1. |* 0. || -1. |  0. |  0. ||  0. |  0. |  1. |
|* 0. |* 0. |*-1. ||  0. |  0. |  0. || -1. |  0. |  1. |


Determined best move using: 116448Iterations
current State

|* 1. |* 0. |* 0. || -1. |  0. |  0. ||  0. |  0. |  0. |
|*-1. |* 0. |* 1. ||  0. |  0. | -1. ||  0. |  1. |  0. |
|* 0. |* 0. |* 0. || -1. |  0. | -1. ||  0. |  0. |  1. |
|=====+=====+=====||=====+=====+=====||=====+=====+=====|
|  0. |  0. |  0. ||  0. |  1. |  0. ||  0. |  1. | -1. |
|  0. |  1. |  0. ||  0. |  0. | -1. ||  0. | -1. |  0. |
|  1. |  1. |  0. ||  1. |  0. | -1. ||  0. |  1. |  0. |
|=====+=====+=====||=====+=====+=====||=====+=====+=====|
|  1. |  1. |  0. ||  0. |  0. | -1. || -1. |  1. |  0. |
|  0. | -1. |  0. || -1. |  0. |  0. ||  0. |  0. |  1. |
|  0. |  0. | -1. ||  0. |  0. |  0. || -1. |  0. |  1. |


state to eval, currenty is playerone turn=false

|*-1. |*-0. |*-0. ||  1. | -0. | -0. || -0. | -0. | -0. |
|* 1. |*-0. |*-1. || -0. | -0. |  1. || -0. | -1. | -0. |
|*-0. |*-0. |*-0. ||  1. | -0. |  1. || -0. | -0. | -1. |
|=====+=====+=====||=====+=====+=====||=====+=====+=====|
| -0. | -0. | -0. || -0. | -1. | -0. || -0. | -1. |  1. |
| -0. | -1. | -0. || -0. | -0. |  1. || -0. |  1. | -0. |
| -1. | -1. | -0. || -1. | -0. |  1. || -0. | -1. | -0. |
|=====+=====+=====||=====+=====+=====||=====+=====+=====|
| -1. | -1. | -0. || -0. | -0. |  1. ||  1. | -1. | -0. |
| -0. |  1. | -0. ||  1. | -0. | -0. || -0. | -0. | -1. |
| -0. | -0. |  1. || -0. | -0. | -0. ||  1. | -0. | -1. |


Determined best move using: 121126Iterations
current State

|  1. | -1. |  0. ||*-1. |* 0. |* 0. ||  0. |  0. |  0. |
| -1. |  0. |  1. ||* 0. |* 0. |*-1. ||  0. |  1. |  0. |
|  0. |  0. |  0. ||*-1. |* 0. |*-1. ||  0. |  0. |  1. |
|=====+=====+=====||=====+=====+=====||=====+=====+=====|
|  0. |  0. |  0. ||  0. |  1. |  0. ||  0. |  1. | -1. |
|  0. |  1. |  0. ||  0. |  0. | -1. ||  0. | -1. |  0. |
|  1. |  1. |  0. ||  1. |  0. | -1. ||  0. |  1. |  0. |
|=====+=====+=====||=====+=====+=====||=====+=====+=====|
|  1. |  1. |  0. ||  0. |  0. | -1. || -1. |  1. |  0. |
|  0. | -1. |  0. || -1. |  0. |  0. ||  0. |  0. |  1. |
|  0. |  0. | -1. ||  0. |  0. |  0. || -1. |  0. |  1. |


state to eval, currenty is playerone turn=true

|  1. | -1. |  0. ||*-1. |* 0. |* 0. ||  0. |  0. |  0. |
| -1. |  0. |  1. ||* 0. |* 0. |*-1. ||  0. |  1. |  0. |
|  0. |  0. |  0. ||*-1. |* 0. |*-1. ||  0. |  0. |  1. |
|=====+=====+=====||=====+=====+=====||=====+=====+=====|
|  0. |  0. |  0. ||  0. |  1. |  0. ||  0. |  1. | -1. |
|  0. |  1. |  0. ||  0. |  0. | -1. ||  0. | -1. |  0. |
|  1. |  1. |  0. ||  1. |  0. | -1. ||  0. |  1. |  0. |
|=====+=====+=====||=====+=====+=====||=====+=====+=====|
|  1. |  1. |  0. ||  0. |  0. | -1. || -1. |  1. |  0. |
|  0. | -1. |  0. || -1. |  0. |  0. ||  0. |  0. |  1. |
|  0. |  0. | -1. ||  0. |  0. |  0. || -1. |  0. |  1. |


Determined best move using: 122966Iterations
current State

|  1. | -1. |  0. ||*-1. |* 1. |* 0. ||  0. |  0. |  0. |
| -1. |  0. |  1. ||* 0. |* 0. |*-1. ||  0. |  1. |  0. |
|  0. |  0. |  0. ||*-1. |* 0. |*-1. ||  0. |  0. |  1. |
|=====+=====+=====||=====+=====+=====||=====+=====+=====|
|  0. |  0. |  0. ||  0. |  1. |  0. ||  0. |  1. | -1. |
|  0. |  1. |  0. ||  0. |  0. | -1. ||  0. | -1. |  0. |
|  1. |  1. |  0. ||  1. |  0. | -1. ||  0. |  1. |  0. |
|=====+=====+=====||=====+=====+=====||=====+=====+=====|
|  1. |  1. |  0. ||  0. |  0. | -1. || -1. |  1. |  0. |
|  0. | -1. |  0. || -1. |  0. |  0. ||  0. |  0. |  1. |
|  0. |  0. | -1. ||  0. |  0. |  0. || -1. |  0. |  1. |


state to eval, currenty is playerone turn=false

| -1. |  1. | -0. ||* 1. |*-1. |*-0. || -0. | -0. | -0. |
|  1. | -0. | -1. ||*-0. |*-0. |* 1. || -0. | -1. | -0. |
| -0. | -0. | -0. ||* 1. |*-0. |* 1. || -0. | -0. | -1. |
|=====+=====+=====||=====+=====+=====||=====+=====+=====|
| -0. | -0. | -0. || -0. | -1. | -0. || -0. | -1. |  1. |
| -0. | -1. | -0. || -0. | -0. |  1. || -0. |  1. | -0. |
| -1. | -1. | -0. || -1. | -0. |  1. || -0. | -1. | -0. |
|=====+=====+=====||=====+=====+=====||=====+=====+=====|
| -1. | -1. | -0. || -0. | -0. |  1. ||  1. | -1. | -0. |
| -0. |  1. | -0. ||  1. | -0. | -0. || -0. | -0. | -1. |
| -0. | -0. |  1. || -0. | -0. | -0. ||  1. | -0. | -1. |


Determined best move using: 127014Iterations
current State

|  1. | -1. |  0. || -1. |  1. |  0. ||  0. |  0. |  0. |
| -1. |  0. |  1. ||  0. |  0. | -1. ||  0. |  1. |  0. |
|  0. |  0. |  0. || -1. | -1. | -1. ||  0. |  0. |  1. |
|=====+=====+=====||=====+=====+=====||=====+=====+=====|
|  0. |  0. |  0. ||  0. |  1. |  0. ||  0. |  1. | -1. |
|  0. |  1. |  0. ||  0. |  0. | -1. ||  0. | -1. |  0. |
|  1. |  1. |  0. ||  1. |  0. | -1. ||  0. |  1. |  0. |
|=====+=====+=====||=====+=====+=====||=====+=====+=====|
|  1. |  1. |  0. ||* 0. |* 0. |*-1. || -1. |  1. |  0. |
|  0. | -1. |  0. ||*-1. |* 0. |* 0. ||  0. |  0. |  1. |
|  0. |  0. | -1. ||* 0. |* 0. |* 0. || -1. |  0. |  1. |


state to eval, currenty is playerone turn=true

|  1. | -1. |  0. || -1. |  1. |  0. ||  0. |  0. |  0. |
| -1. |  0. |  1. ||  0. |  0. | -1. ||  0. |  1. |  0. |
|  0. |  0. |  0. || -1. | -1. | -1. ||  0. |  0. |  1. |
|=====+=====+=====||=====+=====+=====||=====+=====+=====|
|  0. |  0. |  0. ||  0. |  1. |  0. ||  0. |  1. | -1. |
|  0. |  1. |  0. ||  0. |  0. | -1. ||  0. | -1. |  0. |
|  1. |  1. |  0. ||  1. |  0. | -1. ||  0. |  1. |  0. |
|=====+=====+=====||=====+=====+=====||=====+=====+=====|
|  1. |  1. |  0. ||* 0. |* 0. |*-1. || -1. |  1. |  0. |
|  0. | -1. |  0. ||*-1. |* 0. |* 0. ||  0. |  0. |  1. |
|  0. |  0. | -1. ||* 0. |* 0. |* 0. || -1. |  0. |  1. |


Determined best move using: 136018Iterations
current State

|  1. | -1. |  0. || -1. |  1. |  0. ||  0. |  0. |  0. |
| -1. |  0. |  1. ||  0. |  0. | -1. ||  0. |  1. |  0. |
|  0. |  0. |  0. || -1. | -1. | -1. ||  0. |  0. |  1. |
|=====+=====+=====||=====+=====+=====||=====+=====+=====|
|  0. |  0. |  0. ||  0. |  1. |  0. ||  0. |  1. | -1. |
|  0. |  1. |  0. ||  0. |  0. | -1. ||  0. | -1. |  0. |
|  1. |  1. |  0. ||  1. |  0. | -1. ||  0. |  1. |  0. |
|=====+=====+=====||=====+=====+=====||=====+=====+=====|
|  1. |  1. |  0. ||  0. |  0. | -1. ||*-1. |* 1. |* 0. |
|  0. | -1. |  0. || -1. |  0. |  0. ||* 0. |* 0. |* 1. |
|  0. |  0. | -1. ||  0. |  0. |  1. ||*-1. |* 0. |* 1. |


state to eval, currenty is playerone turn=false

| -1. |  1. | -0. ||  1. | -1. | -0. || -0. | -0. | -0. |
|  1. | -0. | -1. || -0. | -0. |  1. || -0. | -1. | -0. |
| -0. | -0. | -0. ||  1. |  1. |  1. || -0. | -0. | -1. |
|=====+=====+=====||=====+=====+=====||=====+=====+=====|
| -0. | -0. | -0. || -0. | -1. | -0. || -0. | -1. |  1. |
| -0. | -1. | -0. || -0. | -0. |  1. || -0. |  1. | -0. |
| -1. | -1. | -0. || -1. | -0. |  1. || -0. | -1. | -0. |
|=====+=====+=====||=====+=====+=====||=====+=====+=====|
| -1. | -1. | -0. || -0. | -0. |  1. ||* 1. |*-1. |*-0. |
| -0. |  1. | -0. ||  1. | -0. | -0. ||*-0. |*-0. |*-1. |
| -0. | -0. |  1. || -0. | -0. | -1. ||* 1. |*-0. |*-1. |


Determined best move using: 139103Iterations
current State

|  1. | -1. |  0. || -1. |  1. |  0. ||  0. |  0. |  0. |
| -1. |  0. |  1. ||  0. |  0. | -1. ||  0. |  1. |  0. |
|  0. |  0. |  0. || -1. | -1. | -1. ||  0. |  0. |  1. |
|=====+=====+=====||=====+=====+=====||=====+=====+=====|
|  0. |  0. |  0. ||  0. |  1. |  0. ||  0. |  1. | -1. |
|  0. |  1. |  0. ||  0. |  0. | -1. ||  0. | -1. |  0. |
|  1. |  1. |  0. ||  1. |  0. | -1. ||  0. |  1. |  0. |
|=====+=====+=====||=====+=====+=====||=====+=====+=====|
|  1. |  1. |  0. ||* 0. |* 0. |*-1. || -1. |  1. |  0. |
|  0. | -1. |  0. ||*-1. |* 0. |* 0. ||  0. |  0. |  1. |
|  0. |  0. | -1. ||* 0. |* 0. |* 1. || -1. | -1. |  1. |


state to eval, currenty is playerone turn=true

|  1. | -1. |  0. || -1. |  1. |  0. ||  0. |  0. |  0. |
| -1. |  0. |  1. ||  0. |  0. | -1. ||  0. |  1. |  0. |
|  0. |  0. |  0. || -1. | -1. | -1. ||  0. |  0. |  1. |
|=====+=====+=====||=====+=====+=====||=====+=====+=====|
|  0. |  0. |  0. ||  0. |  1. |  0. ||  0. |  1. | -1. |
|  0. |  1. |  0. ||  0. |  0. | -1. ||  0. | -1. |  0. |
|  1. |  1. |  0. ||  1. |  0. | -1. ||  0. |  1. |  0. |
|=====+=====+=====||=====+=====+=====||=====+=====+=====|
|  1. |  1. |  0. ||* 0. |* 0. |*-1. || -1. |  1. |  0. |
|  0. | -1. |  0. ||*-1. |* 0. |* 0. ||  0. |  0. |  1. |
|  0. |  0. | -1. ||* 0. |* 0. |* 1. || -1. | -1. |  1. |


Determined best move using: 142375Iterations
current State

|  1. | -1. |  0. || -1. |  1. |  0. ||  0. |  0. |  0. |
| -1. |  0. |  1. ||  0. |  0. | -1. ||  0. |  1. |  0. |
|  0. |  0. |  0. || -1. | -1. | -1. ||  0. |  0. |  1. |
|=====+=====+=====||=====+=====+=====||=====+=====+=====|
|  0. |  0. |  0. ||* 0. |* 1. |* 0. ||  0. |  1. | -1. |
|  0. |  1. |  0. ||* 0. |* 0. |*-1. ||  0. | -1. |  0. |
|  1. |  1. |  0. ||* 1. |* 0. |*-1. ||  0. |  1. |  0. |
|=====+=====+=====||=====+=====+=====||=====+=====+=====|
|  1. |  1. |  0. ||  0. |  0. | -1. || -1. |  1. |  0. |
|  0. | -1. |  0. || -1. |  1. |  0. ||  0. |  0. |  1. |
|  0. |  0. | -1. ||  0. |  0. |  1. || -1. | -1. |  1. |


state to eval, currenty is playerone turn=false

| -1. |  1. | -0. ||  1. | -1. | -0. || -0. | -0. | -0. |
|  1. | -0. | -1. || -0. | -0. |  1. || -0. | -1. | -0. |
| -0. | -0. | -0. ||  1. |  1. |  1. || -0. | -0. | -1. |
|=====+=====+=====||=====+=====+=====||=====+=====+=====|
| -0. | -0. | -0. ||*-0. |*-1. |*-0. || -0. | -1. |  1. |
| -0. | -1. | -0. ||*-0. |*-0. |* 1. || -0. |  1. | -0. |
| -1. | -1. | -0. ||*-1. |*-0. |* 1. || -0. | -1. | -0. |
|=====+=====+=====||=====+=====+=====||=====+=====+=====|
| -1. | -1. | -0. || -0. | -0. |  1. ||  1. | -1. | -0. |
| -0. |  1. | -0. ||  1. | -1. | -0. || -0. | -0. | -1. |
| -0. | -0. |  1. || -0. | -0. | -1. ||  1. |  1. | -1. |


Determined best move using: 133808Iterations
current State

|  1. | -1. |  0. || -1. |  1. |  0. ||  0. |  0. |  0. |
| -1. |  0. |  1. ||  0. |  0. | -1. ||  0. |  1. |  0. |
|  0. |  0. |  0. || -1. | -1. | -1. ||  0. |  0. |  1. |
|=====+=====+=====||=====+=====+=====||=====+=====+=====|
|* 0. |* 0. |* 0. ||  0. |  1. |  0. ||  0. |  1. | -1. |
|* 0. |* 1. |* 0. || -1. |  0. | -1. ||  0. | -1. |  0. |
|* 1. |* 1. |* 0. ||  1. |  0. | -1. ||  0. |  1. |  0. |
|=====+=====+=====||=====+=====+=====||=====+=====+=====|
|  1. |  1. |  0. ||  0. |  0. | -1. || -1. |  1. |  0. |
|  0. | -1. |  0. || -1. |  1. |  0. ||  0. |  0. |  1. |
|  0. |  0. | -1. ||  0. |  0. |  1. || -1. | -1. |  1. |


state to eval, currenty is playerone turn=true

|  1. | -1. |  0. || -1. |  1. |  0. ||  0. |  0. |  0. |
| -1. |  0. |  1. ||  0. |  0. | -1. ||  0. |  1. |  0. |
|  0. |  0. |  0. || -1. | -1. | -1. ||  0. |  0. |  1. |
|=====+=====+=====||=====+=====+=====||=====+=====+=====|
|* 0. |* 0. |* 0. ||  0. |  1. |  0. ||  0. |  1. | -1. |
|* 0. |* 1. |* 0. || -1. |  0. | -1. ||  0. | -1. |  0. |
|* 1. |* 1. |* 0. ||  1. |  0. | -1. ||  0. |  1. |  0. |
|=====+=====+=====||=====+=====+=====||=====+=====+=====|
|  1. |  1. |  0. ||  0. |  0. | -1. || -1. |  1. |  0. |
|  0. | -1. |  0. || -1. |  1. |  0. ||  0. |  0. |  1. |
|  0. |  0. | -1. ||  0. |  0. |  1. || -1. | -1. |  1. |


Determined best move using: 154566Iterations
current State

|  1. | -1. |  0. || -1. |  1. |  0. ||  0. |  0. |  0. |
| -1. |  0. |  1. ||  0. |  0. | -1. ||  0. |  1. |  0. |
|  0. |  0. |  0. || -1. | -1. | -1. ||  0. |  0. |  1. |
|=====+=====+=====||=====+=====+=====||=====+=====+=====|
|* 0. |* 0. |* 0. ||  0. |  1. |  0. ||  0. |  1. | -1. |
|* 1. |* 1. |* 0. || -1. |  0. | -1. ||  0. | -1. |  0. |
|* 1. |* 1. |* 0. ||  1. |  0. | -1. ||  0. |  1. |  0. |
|=====+=====+=====||=====+=====+=====||=====+=====+=====|
|  1. |  1. |  0. ||  0. |  0. | -1. || -1. |  1. |  0. |
|  0. | -1. |  0. || -1. |  1. |  0. ||  0. |  0. |  1. |
|  0. |  0. | -1. ||  0. |  0. |  1. || -1. | -1. |  1. |


state to eval, currenty is playerone turn=false

| -1. |  1. | -0. ||  1. | -1. | -0. || -0. | -0. | -0. |
|  1. | -0. | -1. || -0. | -0. |  1. || -0. | -1. | -0. |
| -0. | -0. | -0. ||  1. |  1. |  1. || -0. | -0. | -1. |
|=====+=====+=====||=====+=====+=====||=====+=====+=====|
|*-0. |*-0. |*-0. || -0. | -1. | -0. || -0. | -1. |  1. |
|*-1. |*-1. |*-0. ||  1. | -0. |  1. || -0. |  1. | -0. |
|*-1. |*-1. |*-0. || -1. | -0. |  1. || -0. | -1. | -0. |
|=====+=====+=====||=====+=====+=====||=====+=====+=====|
| -1. | -1. | -0. || -0. | -0. |  1. ||  1. | -1. | -0. |
| -0. |  1. | -0. ||  1. | -1. | -0. || -0. | -0. | -1. |
| -0. | -0. |  1. || -0. | -0. | -1. ||  1. |  1. | -1. |


Determined best move using: 168500Iterations
current State

|* 1. |*-1. |* 0. || -1. |  1. |  0. ||* 0. |* 0. |* 0. |
|*-1. |* 0. |* 1. ||  0. |  0. | -1. ||* 0. |* 1. |* 0. |
|* 0. |* 0. |* 0. || -1. | -1. | -1. ||* 0. |* 0. |* 1. |
|=====+=====+=====||=====+=====+=====||=====+=====+=====|
|* 0. |*-1. |* 0. ||* 0. |* 1. |* 0. ||* 0. |* 1. |*-1. |
|* 1. |* 1. |* 0. ||*-1. |* 0. |*-1. ||* 0. |*-1. |* 0. |
|* 1. |* 1. |* 0. ||* 1. |* 0. |*-1. ||* 0. |* 1. |* 0. |
|=====+=====+=====||=====+=====+=====||=====+=====+=====|
|* 1. |* 1. |* 0. ||* 0. |* 0. |*-1. ||*-1. |* 1. |* 0. |
|* 0. |*-1. |* 0. ||*-1. |* 1. |* 0. ||* 0. |* 0. |* 1. |
|* 0. |* 0. |*-1. ||* 0. |* 0. |* 1. ||*-1. |*-1. |* 1. |


state to eval, currenty is playerone turn=true

|* 1. |*-1. |* 0. || -1. |  1. |  0. ||* 0. |* 0. |* 0. |
|*-1. |* 0. |* 1. ||  0. |  0. | -1. ||* 0. |* 1. |* 0. |
|* 0. |* 0. |* 0. || -1. | -1. | -1. ||* 0. |* 0. |* 1. |
|=====+=====+=====||=====+=====+=====||=====+=====+=====|
|* 0. |*-1. |* 0. ||* 0. |* 1. |* 0. ||* 0. |* 1. |*-1. |
|* 1. |* 1. |* 0. ||*-1. |* 0. |*-1. ||* 0. |*-1. |* 0. |
|* 1. |* 1. |* 0. ||* 1. |* 0. |*-1. ||* 0. |* 1. |* 0. |
|=====+=====+=====||=====+=====+=====||=====+=====+=====|
|* 1. |* 1. |* 0. ||* 0. |* 0. |*-1. ||*-1. |* 1. |* 0. |
|* 0. |*-1. |* 0. ||*-1. |* 1. |* 0. ||* 0. |* 0. |* 1. |
|* 0. |* 0. |*-1. ||* 0. |* 0. |* 1. ||*-1. |*-1. |* 1. |


Determined best move using: 173059Iterations
current State

|* 1. |*-1. |* 0. || -1. |  1. |  0. ||  0. |  0. |  0. |
|*-1. |* 0. |* 1. ||  0. |  0. | -1. ||  0. |  1. |  0. |
|* 0. |* 0. |* 0. || -1. | -1. | -1. ||  0. |  0. |  1. |
|=====+=====+=====||=====+=====+=====||=====+=====+=====|
|  0. | -1. |  0. ||  0. |  1. |  0. ||  0. |  1. | -1. |
|  1. |  1. |  0. || -1. |  0. | -1. ||  0. | -1. |  0. |
|  1. |  1. |  0. ||  1. |  0. | -1. ||  0. |  1. |  0. |
|=====+=====+=====||=====+=====+=====||=====+=====+=====|
|  1. |  1. |  0. ||  1. |  0. | -1. || -1. |  1. |  0. |
|  0. | -1. |  0. || -1. |  1. |  0. ||  0. |  0. |  1. |
|  0. |  0. | -1. ||  0. |  0. |  1. || -1. | -1. |  1. |


state to eval, currenty is playerone turn=false

|*-1. |* 1. |*-0. ||  1. | -1. | -0. || -0. | -0. | -0. |
|* 1. |*-0. |*-1. || -0. | -0. |  1. || -0. | -1. | -0. |
|*-0. |*-0. |*-0. ||  1. |  1. |  1. || -0. | -0. | -1. |
|=====+=====+=====||=====+=====+=====||=====+=====+=====|
| -0. |  1. | -0. || -0. | -1. | -0. || -0. | -1. |  1. |
| -1. | -1. | -0. ||  1. | -0. |  1. || -0. |  1. | -0. |
| -1. | -1. | -0. || -1. | -0. |  1. || -0. | -1. | -0. |
|=====+=====+=====||=====+=====+=====||=====+=====+=====|
| -1. | -1. | -0. || -1. | -0. |  1. ||  1. | -1. | -0. |
| -0. |  1. | -0. ||  1. | -1. | -0. || -0. | -0. | -1. |
| -0. | -0. |  1. || -0. | -0. | -1. ||  1. |  1. | -1. |


Determined best move using: 178280Iterations
