Saving data to: W:\Labs\ME\ME187-Fall2024\StudentFiles\CALEBHOTTES\UTTTstuff\series1
Begin custom message: 
DataSeries: series1 game number: 86 

Description: RUCH 238 3.5-4GHz processor. 

Evaluator config=EvaluatorConfiguration{cValue=2.0, maxRolloutDepth=1000, computeTime=30, threads=1, stupidity=0, allowForcePlay=false, maxMyCPU=false}
End custom message
Inital State: 

|* 0. |* 0. |* 0. ||* 0. |* 0. |* 0. ||* 0. |* 0. |* 0. |
|* 0. |* 0. |* 0. ||* 0. |* 0. |* 0. ||* 0. |* 0. |* 0. |
|* 0. |* 0. |* 0. ||* 0. |* 0. |* 0. ||* 0. |* 0. |* 0. |
|=====+=====+=====||=====+=====+=====||=====+=====+=====|
|* 0. |* 0. |* 0. ||* 0. |* 0. |* 0. ||* 0. |* 0. |* 0. |
|* 0. |* 0. |* 0. ||* 0. |* 0. |* 0. ||* 0. |* 0. |* 0. |
|* 0. |* 0. |* 0. ||* 0. |* 0. |* 0. ||* 0. |* 0. |* 0. |
|=====+=====+=====||=====+=====+=====||=====+=====+=====|
|* 0. |* 0. |* 0. ||* 0. |* 0. |* 0. ||* 0. |* 0. |* 0. |
|* 0. |* 0. |* 0. ||* 0. |* 0. |* 0. ||* 0. |* 0. |* 0. |
|* 0. |* 0. |* 0. ||* 0. |* 0. |* 0. ||* 0. |* 0. |* 0. |


state to eval, currenty is playerone turn=true

|* 0. |* 0. |* 0. ||* 0. |* 0. |* 0. ||* 0. |* 0. |* 0. |
|* 0. |* 0. |* 0. ||* 0. |* 0. |* 0. ||* 0. |* 0. |* 0. |
|* 0. |* 0. |* 0. ||* 0. |* 0. |* 0. ||* 0. |* 0. |* 0. |
|=====+=====+=====||=====+=====+=====||=====+=====+=====|
|* 0. |* 0. |* 0. ||* 0. |* 0. |* 0. ||* 0. |* 0. |* 0. |
|* 0. |* 0. |* 0. ||* 0. |* 0. |* 0. ||* 0. |* 0. |* 0. |
|* 0. |* 0. |* 0. ||* 0. |* 0. |* 0. ||* 0. |* 0. |* 0. |
|=====+=====+=====||=====+=====+=====||=====+=====+=====|
|* 0. |* 0. |* 0. ||* 0. |* 0. |* 0. ||* 0. |* 0. |* 0. |
|* 0. |* 0. |* 0. ||* 0. |* 0. |* 0. ||* 0. |* 0. |* 0. |
|* 0. |* 0. |* 0. ||* 0. |* 0. |* 0. ||* 0. |* 0. |* 0. |


current State

|  0. |  0. |  0. ||  0. |  0. |  0. ||  0. |  0. |  0. |
|  0. |  0. |  0. ||  0. |  0. |  0. ||  0. |  0. |  0. |
|  0. |  0. |  0. ||  0. |  0. |  0. ||  0. |  0. |  1. |
|=====+=====+=====||=====+=====+=====||=====+=====+=====|
|  0. |  0. |  0. ||  0. |  0. |  0. ||  0. |  0. |  0. |
|  0. |  0. |  0. ||  0. |  0. |  0. ||  0. |  0. |  0. |
|  0. |  0. |  0. ||  0. |  0. |  0. ||  0. |  0. |  0. |
|=====+=====+=====||=====+=====+=====||=====+=====+=====|
|  0. |  0. |  0. ||  0. |  0. |  0. ||* 0. |* 0. |* 0. |
|  0. |  0. |  0. ||  0. |  0. |  0. ||* 0. |* 0. |* 0. |
|  0. |  0. |  0. ||  0. |  0. |  0. ||* 0. |* 0. |* 0. |


state to eval, currenty is playerone turn=false

| -0. | -0. | -0. || -0. | -0. | -0. || -0. | -0. | -0. |
| -0. | -0. | -0. || -0. | -0. | -0. || -0. | -0. | -0. |
| -0. | -0. | -0. || -0. | -0. | -0. || -0. | -0. | -1. |
|=====+=====+=====||=====+=====+=====||=====+=====+=====|
| -0. | -0. | -0. || -0. | -0. | -0. || -0. | -0. | -0. |
| -0. | -0. | -0. || -0. | -0. | -0. || -0. | -0. | -0. |
| -0. | -0. | -0. || -0. | -0. | -0. || -0. | -0. | -0. |
|=====+=====+=====||=====+=====+=====||=====+=====+=====|
| -0. | -0. | -0. || -0. | -0. | -0. ||*-0. |*-0. |*-0. |
| -0. | -0. | -0. || -0. | -0. | -0. ||*-0. |*-0. |*-0. |
| -0. | -0. | -0. || -0. | -0. | -0. ||*-0. |*-0. |*-0. |


current State

|  0. |  0. |  0. ||  0. |  0. |  0. ||* 0. |* 0. |* 0. |
|  0. |  0. |  0. ||  0. |  0. |  0. ||* 0. |* 0. |* 0. |
|  0. |  0. |  0. ||  0. |  0. |  0. ||* 0. |* 0. |* 1. |
|=====+=====+=====||=====+=====+=====||=====+=====+=====|
|  0. |  0. |  0. ||  0. |  0. |  0. ||  0. |  0. |  0. |
|  0. |  0. |  0. ||  0. |  0. |  0. ||  0. |  0. |  0. |
|  0. |  0. |  0. ||  0. |  0. |  0. ||  0. |  0. |  0. |
|=====+=====+=====||=====+=====+=====||=====+=====+=====|
|  0. |  0. |  0. ||  0. |  0. |  0. ||  0. |  0. | -1. |
|  0. |  0. |  0. ||  0. |  0. |  0. ||  0. |  0. |  0. |
|  0. |  0. |  0. ||  0. |  0. |  0. ||  0. |  0. |  0. |


state to eval, currenty is playerone turn=true

|  0. |  0. |  0. ||  0. |  0. |  0. ||* 0. |* 0. |* 0. |
|  0. |  0. |  0. ||  0. |  0. |  0. ||* 0. |* 0. |* 0. |
|  0. |  0. |  0. ||  0. |  0. |  0. ||* 0. |* 0. |* 1. |
|=====+=====+=====||=====+=====+=====||=====+=====+=====|
|  0. |  0. |  0. ||  0. |  0. |  0. ||  0. |  0. |  0. |
|  0. |  0. |  0. ||  0. |  0. |  0. ||  0. |  0. |  0. |
|  0. |  0. |  0. ||  0. |  0. |  0. ||  0. |  0. |  0. |
|=====+=====+=====||=====+=====+=====||=====+=====+=====|
|  0. |  0. |  0. ||  0. |  0. |  0. ||  0. |  0. | -1. |
|  0. |  0. |  0. ||  0. |  0. |  0. ||  0. |  0. |  0. |
|  0. |  0. |  0. ||  0. |  0. |  0. ||  0. |  0. |  0. |


current State

|  0. |  0. |  0. ||  0. |  0. |  0. ||  0. |  0. |  0. |
|  0. |  0. |  0. ||  0. |  0. |  0. ||  0. |  0. |  1. |
|  0. |  0. |  0. ||  0. |  0. |  0. ||  0. |  0. |  1. |
|=====+=====+=====||=====+=====+=====||=====+=====+=====|
|  0. |  0. |  0. ||  0. |  0. |  0. ||* 0. |* 0. |* 0. |
|  0. |  0. |  0. ||  0. |  0. |  0. ||* 0. |* 0. |* 0. |
|  0. |  0. |  0. ||  0. |  0. |  0. ||* 0. |* 0. |* 0. |
|=====+=====+=====||=====+=====+=====||=====+=====+=====|
|  0. |  0. |  0. ||  0. |  0. |  0. ||  0. |  0. | -1. |
|  0. |  0. |  0. ||  0. |  0. |  0. ||  0. |  0. |  0. |
|  0. |  0. |  0. ||  0. |  0. |  0. ||  0. |  0. |  0. |


state to eval, currenty is playerone turn=false

| -0. | -0. | -0. || -0. | -0. | -0. || -0. | -0. | -0. |
| -0. | -0. | -0. || -0. | -0. | -0. || -0. | -0. | -1. |
| -0. | -0. | -0. || -0. | -0. | -0. || -0. | -0. | -1. |
|=====+=====+=====||=====+=====+=====||=====+=====+=====|
| -0. | -0. | -0. || -0. | -0. | -0. ||*-0. |*-0. |*-0. |
| -0. | -0. | -0. || -0. | -0. | -0. ||*-0. |*-0. |*-0. |
| -0. | -0. | -0. || -0. | -0. | -0. ||*-0. |*-0. |*-0. |
|=====+=====+=====||=====+=====+=====||=====+=====+=====|
| -0. | -0. | -0. || -0. | -0. | -0. || -0. | -0. |  1. |
| -0. | -0. | -0. || -0. | -0. | -0. || -0. | -0. | -0. |
| -0. | -0. | -0. || -0. | -0. | -0. || -0. | -0. | -0. |


Determined best move using: 153463Iterations
current State

|  0. |  0. |  0. ||  0. |  0. |  0. ||  0. |  0. |  0. |
|  0. |  0. |  0. ||  0. |  0. |  0. ||  0. |  0. |  1. |
|  0. |  0. |  0. ||  0. |  0. |  0. ||  0. |  0. |  1. |
|=====+=====+=====||=====+=====+=====||=====+=====+=====|
|* 0. |* 0. |* 0. ||  0. |  0. |  0. ||  0. |  0. |  0. |
|* 0. |* 0. |* 0. ||  0. |  0. |  0. || -1. |  0. |  0. |
|* 0. |* 0. |* 0. ||  0. |  0. |  0. ||  0. |  0. |  0. |
|=====+=====+=====||=====+=====+=====||=====+=====+=====|
|  0. |  0. |  0. ||  0. |  0. |  0. ||  0. |  0. | -1. |
|  0. |  0. |  0. ||  0. |  0. |  0. ||  0. |  0. |  0. |
|  0. |  0. |  0. ||  0. |  0. |  0. ||  0. |  0. |  0. |


state to eval, currenty is playerone turn=true

|  0. |  0. |  0. ||  0. |  0. |  0. ||  0. |  0. |  0. |
|  0. |  0. |  0. ||  0. |  0. |  0. ||  0. |  0. |  1. |
|  0. |  0. |  0. ||  0. |  0. |  0. ||  0. |  0. |  1. |
|=====+=====+=====||=====+=====+=====||=====+=====+=====|
|* 0. |* 0. |* 0. ||  0. |  0. |  0. ||  0. |  0. |  0. |
|* 0. |* 0. |* 0. ||  0. |  0. |  0. || -1. |  0. |  0. |
|* 0. |* 0. |* 0. ||  0. |  0. |  0. ||  0. |  0. |  0. |
|=====+=====+=====||=====+=====+=====||=====+=====+=====|
|  0. |  0. |  0. ||  0. |  0. |  0. ||  0. |  0. | -1. |
|  0. |  0. |  0. ||  0. |  0. |  0. ||  0. |  0. |  0. |
|  0. |  0. |  0. ||  0. |  0. |  0. ||  0. |  0. |  0. |


current State

|* 0. |* 0. |* 0. ||  0. |  0. |  0. ||  0. |  0. |  0. |
|* 0. |* 0. |* 0. ||  0. |  0. |  0. ||  0. |  0. |  1. |
|* 0. |* 0. |* 0. ||  0. |  0. |  0. ||  0. |  0. |  1. |
|=====+=====+=====||=====+=====+=====||=====+=====+=====|
|  1. |  0. |  0. ||  0. |  0. |  0. ||  0. |  0. |  0. |
|  0. |  0. |  0. ||  0. |  0. |  0. || -1. |  0. |  0. |
|  0. |  0. |  0. ||  0. |  0. |  0. ||  0. |  0. |  0. |
|=====+=====+=====||=====+=====+=====||=====+=====+=====|
|  0. |  0. |  0. ||  0. |  0. |  0. ||  0. |  0. | -1. |
|  0. |  0. |  0. ||  0. |  0. |  0. ||  0. |  0. |  0. |
|  0. |  0. |  0. ||  0. |  0. |  0. ||  0. |  0. |  0. |


state to eval, currenty is playerone turn=false

|*-0. |*-0. |*-0. || -0. | -0. | -0. || -0. | -0. | -0. |
|*-0. |*-0. |*-0. || -0. | -0. | -0. || -0. | -0. | -1. |
|*-0. |*-0. |*-0. || -0. | -0. | -0. || -0. | -0. | -1. |
|=====+=====+=====||=====+=====+=====||=====+=====+=====|
| -1. | -0. | -0. || -0. | -0. | -0. || -0. | -0. | -0. |
| -0. | -0. | -0. || -0. | -0. | -0. ||  1. | -0. | -0. |
| -0. | -0. | -0. || -0. | -0. | -0. || -0. | -0. | -0. |
|=====+=====+=====||=====+=====+=====||=====+=====+=====|
| -0. | -0. | -0. || -0. | -0. | -0. || -0. | -0. |  1. |
| -0. | -0. | -0. || -0. | -0. | -0. || -0. | -0. | -0. |
| -0. | -0. | -0. || -0. | -0. | -0. || -0. | -0. | -0. |


Determined best move using: 182344Iterations
current State

|  0. |  0. |  0. ||  0. |  0. |  0. ||  0. |  0. |  0. |
|  0. |  0. |  0. ||  0. |  0. |  0. ||  0. |  0. |  1. |
|  0. | -1. |  0. ||  0. |  0. |  0. ||  0. |  0. |  1. |
|=====+=====+=====||=====+=====+=====||=====+=====+=====|
|  1. |  0. |  0. ||  0. |  0. |  0. ||  0. |  0. |  0. |
|  0. |  0. |  0. ||  0. |  0. |  0. || -1. |  0. |  0. |
|  0. |  0. |  0. ||  0. |  0. |  0. ||  0. |  0. |  0. |
|=====+=====+=====||=====+=====+=====||=====+=====+=====|
|  0. |  0. |  0. ||* 0. |* 0. |* 0. ||  0. |  0. | -1. |
|  0. |  0. |  0. ||* 0. |* 0. |* 0. ||  0. |  0. |  0. |
|  0. |  0. |  0. ||* 0. |* 0. |* 0. ||  0. |  0. |  0. |


state to eval, currenty is playerone turn=true

|  0. |  0. |  0. ||  0. |  0. |  0. ||  0. |  0. |  0. |
|  0. |  0. |  0. ||  0. |  0. |  0. ||  0. |  0. |  1. |
|  0. | -1. |  0. ||  0. |  0. |  0. ||  0. |  0. |  1. |
|=====+=====+=====||=====+=====+=====||=====+=====+=====|
|  1. |  0. |  0. ||  0. |  0. |  0. ||  0. |  0. |  0. |
|  0. |  0. |  0. ||  0. |  0. |  0. || -1. |  0. |  0. |
|  0. |  0. |  0. ||  0. |  0. |  0. ||  0. |  0. |  0. |
|=====+=====+=====||=====+=====+=====||=====+=====+=====|
|  0. |  0. |  0. ||* 0. |* 0. |* 0. ||  0. |  0. | -1. |
|  0. |  0. |  0. ||* 0. |* 0. |* 0. ||  0. |  0. |  0. |
|  0. |  0. |  0. ||* 0. |* 0. |* 0. ||  0. |  0. |  0. |


current State

|* 0. |* 0. |* 0. ||  0. |  0. |  0. ||  0. |  0. |  0. |
|* 0. |* 0. |* 0. ||  0. |  0. |  0. ||  0. |  0. |  1. |
|* 0. |*-1. |* 0. ||  0. |  0. |  0. ||  0. |  0. |  1. |
|=====+=====+=====||=====+=====+=====||=====+=====+=====|
|  1. |  0. |  0. ||  0. |  0. |  0. ||  0. |  0. |  0. |
|  0. |  0. |  0. ||  0. |  0. |  0. || -1. |  0. |  0. |
|  0. |  0. |  0. ||  0. |  0. |  0. ||  0. |  0. |  0. |
|=====+=====+=====||=====+=====+=====||=====+=====+=====|
|  0. |  0. |  0. ||  1. |  0. |  0. ||  0. |  0. | -1. |
|  0. |  0. |  0. ||  0. |  0. |  0. ||  0. |  0. |  0. |
|  0. |  0. |  0. ||  0. |  0. |  0. ||  0. |  0. |  0. |


state to eval, currenty is playerone turn=false

|*-0. |*-0. |*-0. || -0. | -0. | -0. || -0. | -0. | -0. |
|*-0. |*-0. |*-0. || -0. | -0. | -0. || -0. | -0. | -1. |
|*-0. |* 1. |*-0. || -0. | -0. | -0. || -0. | -0. | -1. |
|=====+=====+=====||=====+=====+=====||=====+=====+=====|
| -1. | -0. | -0. || -0. | -0. | -0. || -0. | -0. | -0. |
| -0. | -0. | -0. || -0. | -0. | -0. ||  1. | -0. | -0. |
| -0. | -0. | -0. || -0. | -0. | -0. || -0. | -0. | -0. |
|=====+=====+=====||=====+=====+=====||=====+=====+=====|
| -0. | -0. | -0. || -1. | -0. | -0. || -0. | -0. |  1. |
| -0. | -0. | -0. || -0. | -0. | -0. || -0. | -0. | -0. |
| -0. | -0. | -0. || -0. | -0. | -0. || -0. | -0. | -0. |


current State

|  0. |  0. |  0. ||  0. |  0. |  0. ||  0. |  0. |  0. |
|  0. |  0. | -1. ||  0. |  0. |  0. ||  0. |  0. |  1. |
|  0. | -1. |  0. ||  0. |  0. |  0. ||  0. |  0. |  1. |
|=====+=====+=====||=====+=====+=====||=====+=====+=====|
|  1. |  0. |  0. ||  0. |  0. |  0. ||* 0. |* 0. |* 0. |
|  0. |  0. |  0. ||  0. |  0. |  0. ||*-1. |* 0. |* 0. |
|  0. |  0. |  0. ||  0. |  0. |  0. ||* 0. |* 0. |* 0. |
|=====+=====+=====||=====+=====+=====||=====+=====+=====|
|  0. |  0. |  0. ||  1. |  0. |  0. ||  0. |  0. | -1. |
|  0. |  0. |  0. ||  0. |  0. |  0. ||  0. |  0. |  0. |
|  0. |  0. |  0. ||  0. |  0. |  0. ||  0. |  0. |  0. |


state to eval, currenty is playerone turn=true

|  0. |  0. |  0. ||  0. |  0. |  0. ||  0. |  0. |  0. |
|  0. |  0. | -1. ||  0. |  0. |  0. ||  0. |  0. |  1. |
|  0. | -1. |  0. ||  0. |  0. |  0. ||  0. |  0. |  1. |
|=====+=====+=====||=====+=====+=====||=====+=====+=====|
|  1. |  0. |  0. ||  0. |  0. |  0. ||* 0. |* 0. |* 0. |
|  0. |  0. |  0. ||  0. |  0. |  0. ||*-1. |* 0. |* 0. |
|  0. |  0. |  0. ||  0. |  0. |  0. ||* 0. |* 0. |* 0. |
|=====+=====+=====||=====+=====+=====||=====+=====+=====|
|  0. |  0. |  0. ||  1. |  0. |  0. ||  0. |  0. | -1. |
|  0. |  0. |  0. ||  0. |  0. |  0. ||  0. |  0. |  0. |
|  0. |  0. |  0. ||  0. |  0. |  0. ||  0. |  0. |  0. |


Determined best move using: 1787722Iterations
current State

|  0. |  0. |  0. ||  0. |  0. |  0. ||  0. |  0. |  0. |
|  0. |  0. | -1. ||  0. |  0. |  0. ||  0. |  0. |  1. |
|  0. | -1. |  0. ||  0. |  0. |  0. ||  0. |  0. |  1. |
|=====+=====+=====||=====+=====+=====||=====+=====+=====|
|  1. |  0. |  0. ||  0. |  0. |  0. ||* 0. |* 0. |* 0. |
|  0. |  0. |  0. ||  0. |  0. |  0. ||*-1. |* 0. |* 1. |
|  0. |  0. |  0. ||  0. |  0. |  0. ||* 0. |* 0. |* 0. |
|=====+=====+=====||=====+=====+=====||=====+=====+=====|
|  0. |  0. |  0. ||  1. |  0. |  0. ||  0. |  0. | -1. |
|  0. |  0. |  0. ||  0. |  0. |  0. ||  0. |  0. |  0. |
|  0. |  0. |  0. ||  0. |  0. |  0. ||  0. |  0. |  0. |


state to eval, currenty is playerone turn=false

| -0. | -0. | -0. || -0. | -0. | -0. || -0. | -0. | -0. |
| -0. | -0. |  1. || -0. | -0. | -0. || -0. | -0. | -1. |
| -0. |  1. | -0. || -0. | -0. | -0. || -0. | -0. | -1. |
|=====+=====+=====||=====+=====+=====||=====+=====+=====|
| -1. | -0. | -0. || -0. | -0. | -0. ||*-0. |*-0. |*-0. |
| -0. | -0. | -0. || -0. | -0. | -0. ||* 1. |*-0. |*-1. |
| -0. | -0. | -0. || -0. | -0. | -0. ||*-0. |*-0. |*-0. |
|=====+=====+=====||=====+=====+=====||=====+=====+=====|
| -0. | -0. | -0. || -1. | -0. | -0. || -0. | -0. |  1. |
| -0. | -0. | -0. || -0. | -0. | -0. || -0. | -0. | -0. |
| -0. | -0. | -0. || -0. | -0. | -0. || -0. | -0. | -0. |


current State

|  0. |  0. |  0. ||  0. |  0. |  0. ||  0. |  0. |  0. |
|  0. |  0. | -1. ||  0. |  0. |  0. ||  0. |  0. |  1. |
|  0. | -1. |  0. ||  0. |  0. |  0. ||  0. |  0. |  1. |
|=====+=====+=====||=====+=====+=====||=====+=====+=====|
|  1. |  0. |  0. ||  0. |  0. |  0. ||  0. |  0. |  0. |
|  0. |  0. |  0. ||  0. |  0. |  0. || -1. |  0. |  1. |
|  0. |  0. |  0. ||  0. |  0. |  0. || -1. |  0. |  0. |
|=====+=====+=====||=====+=====+=====||=====+=====+=====|
|* 0. |* 0. |* 0. ||  1. |  0. |  0. ||  0. |  0. | -1. |
|* 0. |* 0. |* 0. ||  0. |  0. |  0. ||  0. |  0. |  0. |
|* 0. |* 0. |* 0. ||  0. |  0. |  0. ||  0. |  0. |  0. |


state to eval, currenty is playerone turn=true

|  0. |  0. |  0. ||  0. |  0. |  0. ||  0. |  0. |  0. |
|  0. |  0. | -1. ||  0. |  0. |  0. ||  0. |  0. |  1. |
|  0. | -1. |  0. ||  0. |  0. |  0. ||  0. |  0. |  1. |
|=====+=====+=====||=====+=====+=====||=====+=====+=====|
|  1. |  0. |  0. ||  0. |  0. |  0. ||  0. |  0. |  0. |
|  0. |  0. |  0. ||  0. |  0. |  0. || -1. |  0. |  1. |
|  0. |  0. |  0. ||  0. |  0. |  0. || -1. |  0. |  0. |
|=====+=====+=====||=====+=====+=====||=====+=====+=====|
|* 0. |* 0. |* 0. ||  1. |  0. |  0. ||  0. |  0. | -1. |
|* 0. |* 0. |* 0. ||  0. |  0. |  0. ||  0. |  0. |  0. |
|* 0. |* 0. |* 0. ||  0. |  0. |  0. ||  0. |  0. |  0. |


Determined best move using: 53870Iterations
current State

|  0. |  0. |  0. ||  0. |  0. |  0. ||  0. |  0. |  0. |
|  0. |  0. | -1. ||  0. |  0. |  0. ||  0. |  0. |  1. |
|  0. | -1. |  0. ||  0. |  0. |  0. ||  0. |  0. |  1. |
|=====+=====+=====||=====+=====+=====||=====+=====+=====|
|* 1. |* 0. |* 0. ||  0. |  0. |  0. ||  0. |  0. |  0. |
|* 0. |* 0. |* 0. ||  0. |  0. |  0. || -1. |  0. |  1. |
|* 0. |* 0. |* 0. ||  0. |  0. |  0. || -1. |  0. |  0. |
|=====+=====+=====||=====+=====+=====||=====+=====+=====|
|  0. |  0. |  0. ||  1. |  0. |  0. ||  0. |  0. | -1. |
|  1. |  0. |  0. ||  0. |  0. |  0. ||  0. |  0. |  0. |
|  0. |  0. |  0. ||  0. |  0. |  0. ||  0. |  0. |  0. |


state to eval, currenty is playerone turn=false

| -0. | -0. | -0. || -0. | -0. | -0. || -0. | -0. | -0. |
| -0. | -0. |  1. || -0. | -0. | -0. || -0. | -0. | -1. |
| -0. |  1. | -0. || -0. | -0. | -0. || -0. | -0. | -1. |
|=====+=====+=====||=====+=====+=====||=====+=====+=====|
|*-1. |*-0. |*-0. || -0. | -0. | -0. || -0. | -0. | -0. |
|*-0. |*-0. |*-0. || -0. | -0. | -0. ||  1. | -0. | -1. |
|*-0. |*-0. |*-0. || -0. | -0. | -0. ||  1. | -0. | -0. |
|=====+=====+=====||=====+=====+=====||=====+=====+=====|
| -0. | -0. | -0. || -1. | -0. | -0. || -0. | -0. |  1. |
| -1. | -0. | -0. || -0. | -0. | -0. || -0. | -0. | -0. |
| -0. | -0. | -0. || -0. | -0. | -0. || -0. | -0. | -0. |


Determined best move using: 55568Iterations
current State

|  0. |  0. |  0. ||* 0. |* 0. |* 0. ||  0. |  0. |  0. |
|  0. |  0. | -1. ||* 0. |* 0. |* 0. ||  0. |  0. |  1. |
|  0. | -1. |  0. ||* 0. |* 0. |* 0. ||  0. |  0. |  1. |
|=====+=====+=====||=====+=====+=====||=====+=====+=====|
|  1. | -1. |  0. ||  0. |  0. |  0. ||  0. |  0. |  0. |
|  0. |  0. |  0. ||  0. |  0. |  0. || -1. |  0. |  1. |
|  0. |  0. |  0. ||  0. |  0. |  0. || -1. |  0. |  0. |
|=====+=====+=====||=====+=====+=====||=====+=====+=====|
|  0. |  0. |  0. ||  1. |  0. |  0. ||  0. |  0. | -1. |
|  1. |  0. |  0. ||  0. |  0. |  0. ||  0. |  0. |  0. |
|  0. |  0. |  0. ||  0. |  0. |  0. ||  0. |  0. |  0. |


state to eval, currenty is playerone turn=true

|  0. |  0. |  0. ||* 0. |* 0. |* 0. ||  0. |  0. |  0. |
|  0. |  0. | -1. ||* 0. |* 0. |* 0. ||  0. |  0. |  1. |
|  0. | -1. |  0. ||* 0. |* 0. |* 0. ||  0. |  0. |  1. |
|=====+=====+=====||=====+=====+=====||=====+=====+=====|
|  1. | -1. |  0. ||  0. |  0. |  0. ||  0. |  0. |  0. |
|  0. |  0. |  0. ||  0. |  0. |  0. || -1. |  0. |  1. |
|  0. |  0. |  0. ||  0. |  0. |  0. || -1. |  0. |  0. |
|=====+=====+=====||=====+=====+=====||=====+=====+=====|
|  0. |  0. |  0. ||  1. |  0. |  0. ||  0. |  0. | -1. |
|  1. |  0. |  0. ||  0. |  0. |  0. ||  0. |  0. |  0. |
|  0. |  0. |  0. ||  0. |  0. |  0. ||  0. |  0. |  0. |


Determined best move using: 56676Iterations
current State

|  0. |  0. |  0. ||  0. |  0. |  0. ||  0. |  0. |  0. |
|  0. |  0. | -1. ||  0. |  0. |  0. ||  0. |  0. |  1. |
|  0. | -1. |  0. ||  1. |  0. |  0. ||  0. |  0. |  1. |
|=====+=====+=====||=====+=====+=====||=====+=====+=====|
|  1. | -1. |  0. ||  0. |  0. |  0. ||  0. |  0. |  0. |
|  0. |  0. |  0. ||  0. |  0. |  0. || -1. |  0. |  1. |
|  0. |  0. |  0. ||  0. |  0. |  0. || -1. |  0. |  0. |
|=====+=====+=====||=====+=====+=====||=====+=====+=====|
|* 0. |* 0. |* 0. ||  1. |  0. |  0. ||  0. |  0. | -1. |
|* 1. |* 0. |* 0. ||  0. |  0. |  0. ||  0. |  0. |  0. |
|* 0. |* 0. |* 0. ||  0. |  0. |  0. ||  0. |  0. |  0. |


state to eval, currenty is playerone turn=false

| -0. | -0. | -0. || -0. | -0. | -0. || -0. | -0. | -0. |
| -0. | -0. |  1. || -0. | -0. | -0. || -0. | -0. | -1. |
| -0. |  1. | -0. || -1. | -0. | -0. || -0. | -0. | -1. |
|=====+=====+=====||=====+=====+=====||=====+=====+=====|
| -1. |  1. | -0. || -0. | -0. | -0. || -0. | -0. | -0. |
| -0. | -0. | -0. || -0. | -0. | -0. ||  1. | -0. | -1. |
| -0. | -0. | -0. || -0. | -0. | -0. ||  1. | -0. | -0. |
|=====+=====+=====||=====+=====+=====||=====+=====+=====|
|*-0. |*-0. |*-0. || -1. | -0. | -0. || -0. | -0. |  1. |
|*-1. |*-0. |*-0. || -0. | -0. | -0. || -0. | -0. | -0. |
|*-0. |*-0. |*-0. || -0. | -0. | -0. || -0. | -0. | -0. |


current State

|  0. |  0. |  0. ||  0. |  0. |  0. ||  0. |  0. |  0. |
|  0. |  0. | -1. ||  0. |  0. |  0. ||  0. |  0. |  1. |
|  0. | -1. |  0. ||  1. |  0. |  0. ||  0. |  0. |  1. |
|=====+=====+=====||=====+=====+=====||=====+=====+=====|
|  1. | -1. |  0. ||  0. |  0. |  0. ||  0. |  0. |  0. |
|  0. |  0. |  0. ||  0. |  0. |  0. || -1. |  0. |  1. |
|  0. |  0. |  0. ||  0. |  0. |  0. || -1. |  0. |  0. |
|=====+=====+=====||=====+=====+=====||=====+=====+=====|
|  0. |  0. |  0. ||  1. |  0. |  0. ||* 0. |* 0. |*-1. |
|  1. |  0. |  0. ||  0. |  0. |  0. ||* 0. |* 0. |* 0. |
|  0. |  0. | -1. ||  0. |  0. |  0. ||* 0. |* 0. |* 0. |


state to eval, currenty is playerone turn=true

|  0. |  0. |  0. ||  0. |  0. |  0. ||  0. |  0. |  0. |
|  0. |  0. | -1. ||  0. |  0. |  0. ||  0. |  0. |  1. |
|  0. | -1. |  0. ||  1. |  0. |  0. ||  0. |  0. |  1. |
|=====+=====+=====||=====+=====+=====||=====+=====+=====|
|  1. | -1. |  0. ||  0. |  0. |  0. ||  0. |  0. |  0. |
|  0. |  0. |  0. ||  0. |  0. |  0. || -1. |  0. |  1. |
|  0. |  0. |  0. ||  0. |  0. |  0. || -1. |  0. |  0. |
|=====+=====+=====||=====+=====+=====||=====+=====+=====|
|  0. |  0. |  0. ||  1. |  0. |  0. ||* 0. |* 0. |*-1. |
|  1. |  0. |  0. ||  0. |  0. |  0. ||* 0. |* 0. |* 0. |
|  0. |  0. | -1. ||  0. |  0. |  0. ||* 0. |* 0. |* 0. |


Determined best move using: 64744Iterations
current State

|  0. |  0. |  0. ||  0. |  0. |  0. ||  0. |  0. |  0. |
|  0. |  0. | -1. ||  0. |  0. |  0. ||  0. |  0. |  1. |
|  0. | -1. |  0. ||  1. |  0. |  0. ||  0. |  0. |  1. |
|=====+=====+=====||=====+=====+=====||=====+=====+=====|
|  1. | -1. |  0. ||* 0. |* 0. |* 0. ||  0. |  0. |  0. |
|  0. |  0. |  0. ||* 0. |* 0. |* 0. || -1. |  0. |  1. |
|  0. |  0. |  0. ||* 0. |* 0. |* 0. || -1. |  0. |  0. |
|=====+=====+=====||=====+=====+=====||=====+=====+=====|
|  0. |  0. |  0. ||  1. |  0. |  0. ||  0. |  0. | -1. |
|  1. |  0. |  0. ||  0. |  0. |  0. ||  0. |  1. |  0. |
|  0. |  0. | -1. ||  0. |  0. |  0. ||  0. |  0. |  0. |


state to eval, currenty is playerone turn=false

| -0. | -0. | -0. || -0. | -0. | -0. || -0. | -0. | -0. |
| -0. | -0. |  1. || -0. | -0. | -0. || -0. | -0. | -1. |
| -0. |  1. | -0. || -1. | -0. | -0. || -0. | -0. | -1. |
|=====+=====+=====||=====+=====+=====||=====+=====+=====|
| -1. |  1. | -0. ||*-0. |*-0. |*-0. || -0. | -0. | -0. |
| -0. | -0. | -0. ||*-0. |*-0. |*-0. ||  1. | -0. | -1. |
| -0. | -0. | -0. ||*-0. |*-0. |*-0. ||  1. | -0. | -0. |
|=====+=====+=====||=====+=====+=====||=====+=====+=====|
| -0. | -0. | -0. || -1. | -0. | -0. || -0. | -0. |  1. |
| -1. | -0. | -0. || -0. | -0. | -0. || -0. | -1. | -0. |
| -0. | -0. |  1. || -0. | -0. | -0. || -0. | -0. | -0. |


Determined best move using: 68173Iterations
current State

|  0. |  0. |  0. ||  0. |  0. |  0. ||  0. |  0. |  0. |
|  0. |  0. | -1. ||  0. |  0. |  0. ||  0. |  0. |  1. |
|  0. | -1. |  0. ||  1. |  0. |  0. ||  0. |  0. |  1. |
|=====+=====+=====||=====+=====+=====||=====+=====+=====|
|  1. | -1. |  0. ||  0. |  0. |  0. ||  0. |  0. |  0. |
|  0. |  0. |  0. ||  0. |  0. |  0. || -1. |  0. |  1. |
|  0. |  0. |  0. ||  0. |  0. | -1. || -1. |  0. |  0. |
|=====+=====+=====||=====+=====+=====||=====+=====+=====|
|  0. |  0. |  0. ||  1. |  0. |  0. ||* 0. |* 0. |*-1. |
|  1. |  0. |  0. ||  0. |  0. |  0. ||* 0. |* 1. |* 0. |
|  0. |  0. | -1. ||  0. |  0. |  0. ||* 0. |* 0. |* 0. |


state to eval, currenty is playerone turn=true

|  0. |  0. |  0. ||  0. |  0. |  0. ||  0. |  0. |  0. |
|  0. |  0. | -1. ||  0. |  0. |  0. ||  0. |  0. |  1. |
|  0. | -1. |  0. ||  1. |  0. |  0. ||  0. |  0. |  1. |
|=====+=====+=====||=====+=====+=====||=====+=====+=====|
|  1. | -1. |  0. ||  0. |  0. |  0. ||  0. |  0. |  0. |
|  0. |  0. |  0. ||  0. |  0. |  0. || -1. |  0. |  1. |
|  0. |  0. |  0. ||  0. |  0. | -1. || -1. |  0. |  0. |
|=====+=====+=====||=====+=====+=====||=====+=====+=====|
|  0. |  0. |  0. ||  1. |  0. |  0. ||* 0. |* 0. |*-1. |
|  1. |  0. |  0. ||  0. |  0. |  0. ||* 0. |* 1. |* 0. |
|  0. |  0. | -1. ||  0. |  0. |  0. ||* 0. |* 0. |* 0. |


Determined best move using: 67478Iterations
current State

|  0. |  0. |  0. ||  0. |  0. |  0. ||  0. |  0. |  0. |
|  0. |  0. | -1. ||  0. |  0. |  0. ||  0. |  0. |  1. |
|  0. | -1. |  0. ||  1. |  0. |  0. ||  0. |  0. |  1. |
|=====+=====+=====||=====+=====+=====||=====+=====+=====|
|  1. | -1. |  0. ||  0. |  0. |  0. ||  0. |  0. |  0. |
|  0. |  0. |  0. ||  0. |  0. |  0. || -1. |  0. |  1. |
|  0. |  0. |  0. ||  0. |  0. | -1. || -1. |  0. |  0. |
|=====+=====+=====||=====+=====+=====||=====+=====+=====|
|* 0. |* 0. |* 0. ||  1. |  0. |  0. ||  0. |  0. | -1. |
|* 1. |* 0. |* 0. ||  0. |  0. |  0. ||  0. |  1. |  0. |
|* 0. |* 0. |*-1. ||  0. |  0. |  0. ||  1. |  0. |  0. |


state to eval, currenty is playerone turn=false

| -0. | -0. | -0. || -0. | -0. | -0. || -0. | -0. | -0. |
| -0. | -0. |  1. || -0. | -0. | -0. || -0. | -0. | -1. |
| -0. |  1. | -0. || -1. | -0. | -0. || -0. | -0. | -1. |
|=====+=====+=====||=====+=====+=====||=====+=====+=====|
| -1. |  1. | -0. || -0. | -0. | -0. || -0. | -0. | -0. |
| -0. | -0. | -0. || -0. | -0. | -0. ||  1. | -0. | -1. |
| -0. | -0. | -0. || -0. | -0. |  1. ||  1. | -0. | -0. |
|=====+=====+=====||=====+=====+=====||=====+=====+=====|
|*-0. |*-0. |*-0. || -1. | -0. | -0. || -0. | -0. |  1. |
|*-1. |*-0. |*-0. || -0. | -0. | -0. || -0. | -1. | -0. |
|*-0. |*-0. |* 1. || -0. | -0. | -0. || -1. | -0. | -0. |


Determined best move using: 68784Iterations
current State

|  0. |  0. |  0. ||  0. |  0. |  0. ||  0. |  0. |  0. |
|  0. |  0. | -1. ||  0. |  0. |  0. ||  0. |  0. |  1. |
|  0. | -1. |  0. ||  1. |  0. |  0. ||  0. |  0. |  1. |
|=====+=====+=====||=====+=====+=====||=====+=====+=====|
|  1. | -1. |  0. ||  0. |  0. |  0. ||* 0. |* 0. |* 0. |
|  0. |  0. |  0. ||  0. |  0. |  0. ||*-1. |* 0. |* 1. |
|  0. |  0. |  0. ||  0. |  0. | -1. ||*-1. |* 0. |* 0. |
|=====+=====+=====||=====+=====+=====||=====+=====+=====|
|  0. |  0. |  0. ||  1. |  0. |  0. ||  0. |  0. | -1. |
|  1. |  0. | -1. ||  0. |  0. |  0. ||  0. |  1. |  0. |
|  0. |  0. | -1. ||  0. |  0. |  0. ||  1. |  0. |  0. |


state to eval, currenty is playerone turn=true

|  0. |  0. |  0. ||  0. |  0. |  0. ||  0. |  0. |  0. |
|  0. |  0. | -1. ||  0. |  0. |  0. ||  0. |  0. |  1. |
|  0. | -1. |  0. ||  1. |  0. |  0. ||  0. |  0. |  1. |
|=====+=====+=====||=====+=====+=====||=====+=====+=====|
|  1. | -1. |  0. ||  0. |  0. |  0. ||* 0. |* 0. |* 0. |
|  0. |  0. |  0. ||  0. |  0. |  0. ||*-1. |* 0. |* 1. |
|  0. |  0. |  0. ||  0. |  0. | -1. ||*-1. |* 0. |* 0. |
|=====+=====+=====||=====+=====+=====||=====+=====+=====|
|  0. |  0. |  0. ||  1. |  0. |  0. ||  0. |  0. | -1. |
|  1. |  0. | -1. ||  0. |  0. |  0. ||  0. |  1. |  0. |
|  0. |  0. | -1. ||  0. |  0. |  0. ||  1. |  0. |  0. |


Determined best move using: 67843Iterations
current State

|  0. |  0. |  0. ||  0. |  0. |  0. ||* 0. |* 0. |* 0. |
|  0. |  0. | -1. ||  0. |  0. |  0. ||* 0. |* 0. |* 1. |
|  0. | -1. |  0. ||  1. |  0. |  0. ||* 0. |* 0. |* 1. |
|=====+=====+=====||=====+=====+=====||=====+=====+=====|
|  1. | -1. |  0. ||  0. |  0. |  0. ||  0. |  0. |  1. |
|  0. |  0. |  0. ||  0. |  0. |  0. || -1. |  0. |  1. |
|  0. |  0. |  0. ||  0. |  0. | -1. || -1. |  0. |  0. |
|=====+=====+=====||=====+=====+=====||=====+=====+=====|
|  0. |  0. |  0. ||  1. |  0. |  0. ||  0. |  0. | -1. |
|  1. |  0. | -1. ||  0. |  0. |  0. ||  0. |  1. |  0. |
|  0. |  0. | -1. ||  0. |  0. |  0. ||  1. |  0. |  0. |


state to eval, currenty is playerone turn=false

| -0. | -0. | -0. || -0. | -0. | -0. ||*-0. |*-0. |*-0. |
| -0. | -0. |  1. || -0. | -0. | -0. ||*-0. |*-0. |*-1. |
| -0. |  1. | -0. || -1. | -0. | -0. ||*-0. |*-0. |*-1. |
|=====+=====+=====||=====+=====+=====||=====+=====+=====|
| -1. |  1. | -0. || -0. | -0. | -0. || -0. | -0. | -1. |
| -0. | -0. | -0. || -0. | -0. | -0. ||  1. | -0. | -1. |
| -0. | -0. | -0. || -0. | -0. |  1. ||  1. | -0. | -0. |
|=====+=====+=====||=====+=====+=====||=====+=====+=====|
| -0. | -0. | -0. || -1. | -0. | -0. || -0. | -0. |  1. |
| -1. | -0. |  1. || -0. | -0. | -0. || -0. | -1. | -0. |
| -0. | -0. |  1. || -0. | -0. | -0. || -1. | -0. | -0. |


Determined best move using: 70991Iterations
current State

|  0. |  0. |  0. ||  0. |  0. |  0. ||  0. |  0. |  0. |
|  0. |  0. | -1. ||  0. |  0. |  0. ||  0. |  0. |  1. |
|  0. | -1. |  0. ||  1. |  0. |  0. || -1. |  0. |  1. |
|=====+=====+=====||=====+=====+=====||=====+=====+=====|
|  1. | -1. |  0. ||  0. |  0. |  0. ||  0. |  0. |  1. |
|  0. |  0. |  0. ||  0. |  0. |  0. || -1. |  0. |  1. |
|  0. |  0. |  0. ||  0. |  0. | -1. || -1. |  0. |  0. |
|=====+=====+=====||=====+=====+=====||=====+=====+=====|
|* 0. |* 0. |* 0. ||  1. |  0. |  0. ||  0. |  0. | -1. |
|* 1. |* 0. |*-1. ||  0. |  0. |  0. ||  0. |  1. |  0. |
|* 0. |* 0. |*-1. ||  0. |  0. |  0. ||  1. |  0. |  0. |


state to eval, currenty is playerone turn=true

|  0. |  0. |  0. ||  0. |  0. |  0. ||  0. |  0. |  0. |
|  0. |  0. | -1. ||  0. |  0. |  0. ||  0. |  0. |  1. |
|  0. | -1. |  0. ||  1. |  0. |  0. || -1. |  0. |  1. |
|=====+=====+=====||=====+=====+=====||=====+=====+=====|
|  1. | -1. |  0. ||  0. |  0. |  0. ||  0. |  0. |  1. |
|  0. |  0. |  0. ||  0. |  0. |  0. || -1. |  0. |  1. |
|  0. |  0. |  0. ||  0. |  0. | -1. || -1. |  0. |  0. |
|=====+=====+=====||=====+=====+=====||=====+=====+=====|
|* 0. |* 0. |* 0. ||  1. |  0. |  0. ||  0. |  0. | -1. |
|* 1. |* 0. |*-1. ||  0. |  0. |  0. ||  0. |  1. |  0. |
|* 0. |* 0. |*-1. ||  0. |  0. |  0. ||  1. |  0. |  0. |


current State

|  0. |  0. |  0. ||  0. |  0. |  0. ||  0. |  0. |  0. |
|  0. |  0. | -1. ||  0. |  0. |  0. ||  0. |  0. |  1. |
|  0. | -1. |  0. ||  1. |  0. |  0. || -1. |  0. |  1. |
|=====+=====+=====||=====+=====+=====||=====+=====+=====|
|  1. | -1. |  0. ||* 0. |* 0. |* 0. ||  0. |  0. |  1. |
|  0. |  0. |  0. ||* 0. |* 0. |* 0. || -1. |  0. |  1. |
|  0. |  0. |  0. ||* 0. |* 0. |*-1. || -1. |  0. |  0. |
|=====+=====+=====||=====+=====+=====||=====+=====+=====|
|  0. |  0. |  0. ||  1. |  0. |  0. ||  0. |  0. | -1. |
|  1. |  1. | -1. ||  0. |  0. |  0. ||  0. |  1. |  0. |
|  0. |  0. | -1. ||  0. |  0. |  0. ||  1. |  0. |  0. |


state to eval, currenty is playerone turn=false

| -0. | -0. | -0. || -0. | -0. | -0. || -0. | -0. | -0. |
| -0. | -0. |  1. || -0. | -0. | -0. || -0. | -0. | -1. |
| -0. |  1. | -0. || -1. | -0. | -0. ||  1. | -0. | -1. |
|=====+=====+=====||=====+=====+=====||=====+=====+=====|
| -1. |  1. | -0. ||*-0. |*-0. |*-0. || -0. | -0. | -1. |
| -0. | -0. | -0. ||*-0. |*-0. |*-0. ||  1. | -0. | -1. |
| -0. | -0. | -0. ||*-0. |*-0. |* 1. ||  1. | -0. | -0. |
|=====+=====+=====||=====+=====+=====||=====+=====+=====|
| -0. | -0. | -0. || -1. | -0. | -0. || -0. | -0. |  1. |
| -1. | -1. |  1. || -0. | -0. | -0. || -0. | -1. | -0. |
| -0. | -0. |  1. || -0. | -0. | -0. || -1. | -0. | -0. |


Determined best move using: 1017862Iterations
current State

|* 0. |* 0. |* 0. ||  0. |  0. |  0. ||  0. |  0. |  0. |
|* 0. |* 0. |*-1. ||  0. |  0. |  0. ||  0. |  0. |  1. |
|* 0. |*-1. |* 0. ||  1. |  0. |  0. || -1. |  0. |  1. |
|=====+=====+=====||=====+=====+=====||=====+=====+=====|
|  1. | -1. |  0. || -1. |  0. |  0. ||  0. |  0. |  1. |
|  0. |  0. |  0. ||  0. |  0. |  0. || -1. |  0. |  1. |
|  0. |  0. |  0. ||  0. |  0. | -1. || -1. |  0. |  0. |
|=====+=====+=====||=====+=====+=====||=====+=====+=====|
|  0. |  0. |  0. ||  1. |  0. |  0. ||  0. |  0. | -1. |
|  1. |  1. | -1. ||  0. |  0. |  0. ||  0. |  1. |  0. |
|  0. |  0. | -1. ||  0. |  0. |  0. ||  1. |  0. |  0. |


state to eval, currenty is playerone turn=true

|* 0. |* 0. |* 0. ||  0. |  0. |  0. ||  0. |  0. |  0. |
|* 0. |* 0. |*-1. ||  0. |  0. |  0. ||  0. |  0. |  1. |
|* 0. |*-1. |* 0. ||  1. |  0. |  0. || -1. |  0. |  1. |
|=====+=====+=====||=====+=====+=====||=====+=====+=====|
|  1. | -1. |  0. || -1. |  0. |  0. ||  0. |  0. |  1. |
|  0. |  0. |  0. ||  0. |  0. |  0. || -1. |  0. |  1. |
|  0. |  0. |  0. ||  0. |  0. | -1. || -1. |  0. |  0. |
|=====+=====+=====||=====+=====+=====||=====+=====+=====|
|  0. |  0. |  0. ||  1. |  0. |  0. ||  0. |  0. | -1. |
|  1. |  1. | -1. ||  0. |  0. |  0. ||  0. |  1. |  0. |
|  0. |  0. | -1. ||  0. |  0. |  0. ||  1. |  0. |  0. |


current State

|  0. |  1. |  0. ||* 0. |* 0. |* 0. ||  0. |  0. |  0. |
|  0. |  0. | -1. ||* 0. |* 0. |* 0. ||  0. |  0. |  1. |
|  0. | -1. |  0. ||* 1. |* 0. |* 0. || -1. |  0. |  1. |
|=====+=====+=====||=====+=====+=====||=====+=====+=====|
|  1. | -1. |  0. || -1. |  0. |  0. ||  0. |  0. |  1. |
|  0. |  0. |  0. ||  0. |  0. |  0. || -1. |  0. |  1. |
|  0. |  0. |  0. ||  0. |  0. | -1. || -1. |  0. |  0. |
|=====+=====+=====||=====+=====+=====||=====+=====+=====|
|  0. |  0. |  0. ||  1. |  0. |  0. ||  0. |  0. | -1. |
|  1. |  1. | -1. ||  0. |  0. |  0. ||  0. |  1. |  0. |
|  0. |  0. | -1. ||  0. |  0. |  0. ||  1. |  0. |  0. |


state to eval, currenty is playerone turn=false

| -0. | -1. | -0. ||*-0. |*-0. |*-0. || -0. | -0. | -0. |
| -0. | -0. |  1. ||*-0. |*-0. |*-0. || -0. | -0. | -1. |
| -0. |  1. | -0. ||*-1. |*-0. |*-0. ||  1. | -0. | -1. |
|=====+=====+=====||=====+=====+=====||=====+=====+=====|
| -1. |  1. | -0. ||  1. | -0. | -0. || -0. | -0. | -1. |
| -0. | -0. | -0. || -0. | -0. | -0. ||  1. | -0. | -1. |
| -0. | -0. | -0. || -0. | -0. |  1. ||  1. | -0. | -0. |
|=====+=====+=====||=====+=====+=====||=====+=====+=====|
| -0. | -0. | -0. || -1. | -0. | -0. || -0. | -0. |  1. |
| -1. | -1. |  1. || -0. | -0. | -0. || -0. | -1. | -0. |
| -0. | -0. |  1. || -0. | -0. | -0. || -1. | -0. | -0. |


current State

|  0. |  1. |  0. ||  0. |  0. |  0. ||  0. |  0. |  0. |
|  0. |  0. | -1. ||  0. |  0. |  0. ||  0. |  0. |  1. |
|  0. | -1. |  0. ||  1. |  0. | -1. || -1. |  0. |  1. |
|=====+=====+=====||=====+=====+=====||=====+=====+=====|
|  1. | -1. |  0. || -1. |  0. |  0. ||  0. |  0. |  1. |
|  0. |  0. |  0. ||  0. |  0. |  0. || -1. |  0. |  1. |
|  0. |  0. |  0. ||  0. |  0. | -1. || -1. |  0. |  0. |
|=====+=====+=====||=====+=====+=====||=====+=====+=====|
|  0. |  0. |  0. ||  1. |  0. |  0. ||* 0. |* 0. |*-1. |
|  1. |  1. | -1. ||  0. |  0. |  0. ||* 0. |* 1. |* 0. |
|  0. |  0. | -1. ||  0. |  0. |  0. ||* 1. |* 0. |* 0. |


state to eval, currenty is playerone turn=true

|  0. |  1. |  0. ||  0. |  0. |  0. ||  0. |  0. |  0. |
|  0. |  0. | -1. ||  0. |  0. |  0. ||  0. |  0. |  1. |
|  0. | -1. |  0. ||  1. |  0. | -1. || -1. |  0. |  1. |
|=====+=====+=====||=====+=====+=====||=====+=====+=====|
|  1. | -1. |  0. || -1. |  0. |  0. ||  0. |  0. |  1. |
|  0. |  0. |  0. ||  0. |  0. |  0. || -1. |  0. |  1. |
|  0. |  0. |  0. ||  0. |  0. | -1. || -1. |  0. |  0. |
|=====+=====+=====||=====+=====+=====||=====+=====+=====|
|  0. |  0. |  0. ||  1. |  0. |  0. ||* 0. |* 0. |*-1. |
|  1. |  1. | -1. ||  0. |  0. |  0. ||* 0. |* 1. |* 0. |
|  0. |  0. | -1. ||  0. |  0. |  0. ||* 1. |* 0. |* 0. |


current State

|* 0. |* 1. |* 0. ||  0. |  0. |  0. ||  0. |  0. |  0. |
|* 0. |* 0. |*-1. ||  0. |  0. |  0. ||  0. |  0. |  1. |
|* 0. |*-1. |* 0. ||  1. |  0. | -1. || -1. |  0. |  1. |
|=====+=====+=====||=====+=====+=====||=====+=====+=====|
|  1. | -1. |  0. || -1. |  0. |  0. ||  0. |  0. |  1. |
|  0. |  0. |  0. ||  0. |  0. |  0. || -1. |  0. |  1. |
|  0. |  0. |  0. ||  0. |  0. | -1. || -1. |  0. |  0. |
|=====+=====+=====||=====+=====+=====||=====+=====+=====|
|  0. |  0. |  0. ||  1. |  0. |  0. ||  1. |  0. | -1. |
|  1. |  1. | -1. ||  0. |  0. |  0. ||  0. |  1. |  0. |
|  0. |  0. | -1. ||  0. |  0. |  0. ||  1. |  0. |  0. |


state to eval, currenty is playerone turn=false

|*-0. |*-1. |*-0. || -0. | -0. | -0. || -0. | -0. | -0. |
|*-0. |*-0. |* 1. || -0. | -0. | -0. || -0. | -0. | -1. |
|*-0. |* 1. |*-0. || -1. | -0. |  1. ||  1. | -0. | -1. |
|=====+=====+=====||=====+=====+=====||=====+=====+=====|
| -1. |  1. | -0. ||  1. | -0. | -0. || -0. | -0. | -1. |
| -0. | -0. | -0. || -0. | -0. | -0. ||  1. | -0. | -1. |
| -0. | -0. | -0. || -0. | -0. |  1. ||  1. | -0. | -0. |
|=====+=====+=====||=====+=====+=====||=====+=====+=====|
| -0. | -0. | -0. || -1. | -0. | -0. || -1. | -0. |  1. |
| -1. | -1. |  1. || -0. | -0. | -0. || -0. | -1. | -0. |
| -0. | -0. |  1. || -0. | -0. | -0. || -1. | -0. | -0. |


current State

|  0. |  1. |  0. ||  0. |  0. |  0. ||  0. |  0. |  0. |
|  0. | -1. | -1. ||  0. |  0. |  0. ||  0. |  0. |  1. |
|  0. | -1. |  0. ||  1. |  0. | -1. || -1. |  0. |  1. |
|=====+=====+=====||=====+=====+=====||=====+=====+=====|
|  1. | -1. |  0. ||*-1. |* 0. |* 0. ||  0. |  0. |  1. |
|  0. |  0. |  0. ||* 0. |* 0. |* 0. || -1. |  0. |  1. |
|  0. |  0. |  0. ||* 0. |* 0. |*-1. || -1. |  0. |  0. |
|=====+=====+=====||=====+=====+=====||=====+=====+=====|
|  0. |  0. |  0. ||  1. |  0. |  0. ||  1. |  0. | -1. |
|  1. |  1. | -1. ||  0. |  0. |  0. ||  0. |  1. |  0. |
|  0. |  0. | -1. ||  0. |  0. |  0. ||  1. |  0. |  0. |


state to eval, currenty is playerone turn=true

|  0. |  1. |  0. ||  0. |  0. |  0. ||  0. |  0. |  0. |
|  0. | -1. | -1. ||  0. |  0. |  0. ||  0. |  0. |  1. |
|  0. | -1. |  0. ||  1. |  0. | -1. || -1. |  0. |  1. |
|=====+=====+=====||=====+=====+=====||=====+=====+=====|
|  1. | -1. |  0. ||*-1. |* 0. |* 0. ||  0. |  0. |  1. |
|  0. |  0. |  0. ||* 0. |* 0. |* 0. || -1. |  0. |  1. |
|  0. |  0. |  0. ||* 0. |* 0. |*-1. || -1. |  0. |  0. |
|=====+=====+=====||=====+=====+=====||=====+=====+=====|
|  0. |  0. |  0. ||  1. |  0. |  0. ||  1. |  0. | -1. |
|  1. |  1. | -1. ||  0. |  0. |  0. ||  0. |  1. |  0. |
|  0. |  0. | -1. ||  0. |  0. |  0. ||  1. |  0. |  0. |


current State

|  0. |  1. |  0. ||  0. |  0. |  0. ||  0. |  0. |  0. |
|  0. | -1. | -1. ||  0. |  0. |  0. ||  0. |  0. |  1. |
|  0. | -1. |  0. ||  1. |  0. | -1. || -1. |  0. |  1. |
|=====+=====+=====||=====+=====+=====||=====+=====+=====|
|  1. | -1. |  0. ||*-1. |* 0. |* 0. ||  0. |  0. |  1. |
|  0. |  0. |  0. ||* 0. |* 1. |* 0. || -1. |  0. |  1. |
|  0. |  0. |  0. ||* 0. |* 0. |*-1. || -1. |  0. |  0. |
|=====+=====+=====||=====+=====+=====||=====+=====+=====|
|  0. |  0. |  0. ||  1. |  0. |  0. ||  1. |  0. | -1. |
|  1. |  1. | -1. ||  0. |  0. |  0. ||  0. |  1. |  0. |
|  0. |  0. | -1. ||  0. |  0. |  0. ||  1. |  0. |  0. |


state to eval, currenty is playerone turn=false

| -0. | -1. | -0. || -0. | -0. | -0. || -0. | -0. | -0. |
| -0. |  1. |  1. || -0. | -0. | -0. || -0. | -0. | -1. |
| -0. |  1. | -0. || -1. | -0. |  1. ||  1. | -0. | -1. |
|=====+=====+=====||=====+=====+=====||=====+=====+=====|
| -1. |  1. | -0. ||* 1. |*-0. |*-0. || -0. | -0. | -1. |
| -0. | -0. | -0. ||*-0. |*-1. |*-0. ||  1. | -0. | -1. |
| -0. | -0. | -0. ||*-0. |*-0. |* 1. ||  1. | -0. | -0. |
|=====+=====+=====||=====+=====+=====||=====+=====+=====|
| -0. | -0. | -0. || -1. | -0. | -0. || -1. | -0. |  1. |
| -1. | -1. |  1. || -0. | -0. | -0. || -0. | -1. | -0. |
| -0. | -0. |  1. || -0. | -0. | -0. || -1. | -0. | -0. |


Determined best move using: 111990Iterations
current State

|  0. |  1. |  0. ||  0. |  0. |  0. ||  0. |  0. |  0. |
|  0. | -1. | -1. ||  0. |  0. |  0. ||  0. |  0. |  1. |
|  0. | -1. |  0. ||  1. |  0. | -1. || -1. |  0. |  1. |
|=====+=====+=====||=====+=====+=====||=====+=====+=====|
|* 1. |*-1. |* 0. || -1. |  0. |  0. ||  0. |  0. |  1. |
|* 0. |* 0. |* 0. || -1. |  1. |  0. || -1. |  0. |  1. |
|* 0. |* 0. |* 0. ||  0. |  0. | -1. || -1. |  0. |  0. |
|=====+=====+=====||=====+=====+=====||=====+=====+=====|
|  0. |  0. |  0. ||  1. |  0. |  0. ||  1. |  0. | -1. |
|  1. |  1. | -1. ||  0. |  0. |  0. ||  0. |  1. |  0. |
|  0. |  0. | -1. ||  0. |  0. |  0. ||  1. |  0. |  0. |


state to eval, currenty is playerone turn=true

|  0. |  1. |  0. ||  0. |  0. |  0. ||  0. |  0. |  0. |
|  0. | -1. | -1. ||  0. |  0. |  0. ||  0. |  0. |  1. |
|  0. | -1. |  0. ||  1. |  0. | -1. || -1. |  0. |  1. |
|=====+=====+=====||=====+=====+=====||=====+=====+=====|
|* 1. |*-1. |* 0. || -1. |  0. |  0. ||  0. |  0. |  1. |
|* 0. |* 0. |* 0. || -1. |  1. |  0. || -1. |  0. |  1. |
|* 0. |* 0. |* 0. ||  0. |  0. | -1. || -1. |  0. |  0. |
|=====+=====+=====||=====+=====+=====||=====+=====+=====|
|  0. |  0. |  0. ||  1. |  0. |  0. ||  1. |  0. | -1. |
|  1. |  1. | -1. ||  0. |  0. |  0. ||  0. |  1. |  0. |
|  0. |  0. | -1. ||  0. |  0. |  0. ||  1. |  0. |  0. |


Determined best move using: 98505Iterations
current State

|  0. |  1. |  0. ||  0. |  0. |  0. ||  0. |  0. |  0. |
|  0. | -1. | -1. ||  0. |  0. |  0. ||  0. |  0. |  1. |
|  0. | -1. |  0. ||  1. |  0. | -1. || -1. |  0. |  1. |
|=====+=====+=====||=====+=====+=====||=====+=====+=====|
|  1. | -1. |  0. || -1. |  0. |  0. ||  0. |  0. |  1. |
|  0. |  0. |  0. || -1. |  1. |  0. || -1. |  0. |  1. |
|  0. |  1. |  0. ||  0. |  0. | -1. || -1. |  0. |  0. |
|=====+=====+=====||=====+=====+=====||=====+=====+=====|
|  0. |  0. |  0. ||* 1. |* 0. |* 0. ||  1. |  0. | -1. |
|  1. |  1. | -1. ||* 0. |* 0. |* 0. ||  0. |  1. |  0. |
|  0. |  0. | -1. ||* 0. |* 0. |* 0. ||  1. |  0. |  0. |


state to eval, currenty is playerone turn=false

| -0. | -1. | -0. || -0. | -0. | -0. || -0. | -0. | -0. |
| -0. |  1. |  1. || -0. | -0. | -0. || -0. | -0. | -1. |
| -0. |  1. | -0. || -1. | -0. |  1. ||  1. | -0. | -1. |
|=====+=====+=====||=====+=====+=====||=====+=====+=====|
| -1. |  1. | -0. ||  1. | -0. | -0. || -0. | -0. | -1. |
| -0. | -0. | -0. ||  1. | -1. | -0. ||  1. | -0. | -1. |
| -0. | -1. | -0. || -0. | -0. |  1. ||  1. | -0. | -0. |
|=====+=====+=====||=====+=====+=====||=====+=====+=====|
| -0. | -0. | -0. ||*-1. |*-0. |*-0. || -1. | -0. |  1. |
| -1. | -1. |  1. ||*-0. |*-0. |*-0. || -0. | -1. | -0. |
| -0. | -0. |  1. ||*-0. |*-0. |*-0. || -1. | -0. | -0. |


Determined best move using: 102882Iterations
Determined best move using: 59076Iterations
current State

|  0. |  1. |  0. ||  0. |  0. |  0. ||  0. |  0. |  0. |
|  0. | -1. | -1. ||  0. |  0. |  0. ||  0. |  0. |  1. |
|  0. | -1. |  0. ||  1. |  0. | -1. || -1. |  0. |  1. |
|=====+=====+=====||=====+=====+=====||=====+=====+=====|
|  1. | -1. |  0. ||*-1. |* 0. |* 0. ||  0. |  0. |  1. |
|  0. |  0. |  0. ||*-1. |* 1. |* 0. || -1. |  0. |  1. |
|  0. |  1. |  0. ||* 0. |* 0. |*-1. || -1. |  0. |  0. |
|=====+=====+=====||=====+=====+=====||=====+=====+=====|
|  0. |  0. |  0. ||  1. |  0. |  0. ||  1. |  0. | -1. |
|  1. |  1. | -1. ||  0. | -1. |  0. ||  0. |  1. |  0. |
|  0. |  0. | -1. ||  0. |  0. |  0. ||  1. |  0. |  0. |


state to eval, currenty is playerone turn=true

|  0. |  1. |  0. ||  0. |  0. |  0. ||  0. |  0. |  0. |
|  0. | -1. | -1. ||  0. |  0. |  0. ||  0. |  0. |  1. |
|  0. | -1. |  0. ||  1. |  0. | -1. || -1. |  0. |  1. |
|=====+=====+=====||=====+=====+=====||=====+=====+=====|
|  1. | -1. |  0. ||*-1. |* 0. |* 0. ||  0. |  0. |  1. |
|  0. |  0. |  0. ||*-1. |* 1. |* 0. || -1. |  0. |  1. |
|  0. |  1. |  0. ||* 0. |* 0. |*-1. || -1. |  0. |  0. |
|=====+=====+=====||=====+=====+=====||=====+=====+=====|
|  0. |  0. |  0. ||  1. |  0. |  0. ||  1. |  0. | -1. |
|  1. |  1. | -1. ||  0. | -1. |  0. ||  0. |  1. |  0. |
|  0. |  0. | -1. ||  0. |  0. |  0. ||  1. |  0. |  0. |


Determined best move using: 64048Iterations
Determined best move using: 100678Iterations
current State

|  0. |  1. |  0. ||* 0. |* 0. |* 0. ||  0. |  0. |  0. |
|  0. | -1. | -1. ||* 0. |* 0. |* 0. ||  0. |  0. |  1. |
|  0. | -1. |  0. ||* 1. |* 0. |*-1. || -1. |  0. |  1. |
|=====+=====+=====||=====+=====+=====||=====+=====+=====|
|  1. | -1. |  0. || -1. |  1. |  0. ||  0. |  0. |  1. |
|  0. |  0. |  0. || -1. |  1. |  0. || -1. |  0. |  1. |
|  0. |  1. |  0. ||  0. |  0. | -1. || -1. |  0. |  0. |
|=====+=====+=====||=====+=====+=====||=====+=====+=====|
|  0. |  0. |  0. ||  1. |  0. |  0. ||  1. |  0. | -1. |
|  1. |  1. | -1. ||  0. | -1. |  0. ||  0. |  1. |  0. |
|  0. |  0. | -1. ||  0. |  0. |  0. ||  1. |  0. |  0. |


state to eval, currenty is playerone turn=false

| -0. | -1. | -0. ||*-0. |*-0. |*-0. || -0. | -0. | -0. |
| -0. |  1. |  1. ||*-0. |*-0. |*-0. || -0. | -0. | -1. |
| -0. |  1. | -0. ||*-1. |*-0. |* 1. ||  1. | -0. | -1. |
|=====+=====+=====||=====+=====+=====||=====+=====+=====|
| -1. |  1. | -0. ||  1. | -1. | -0. || -0. | -0. | -1. |
| -0. | -0. | -0. ||  1. | -1. | -0. ||  1. | -0. | -1. |
| -0. | -1. | -0. || -0. | -0. |  1. ||  1. | -0. | -0. |
|=====+=====+=====||=====+=====+=====||=====+=====+=====|
| -0. | -0. | -0. || -1. | -0. | -0. || -1. | -0. |  1. |
| -1. | -1. |  1. || -0. |  1. | -0. || -0. | -1. | -0. |
| -0. | -0. |  1. || -0. | -0. | -0. || -1. | -0. | -0. |


current State

|  0. |  1. |  0. ||  0. |  0. |  0. ||  0. |  0. |  0. |
|  0. | -1. | -1. ||  0. | -1. |  0. ||  0. |  0. |  1. |
|  0. | -1. |  0. ||  1. |  0. | -1. || -1. |  0. |  1. |
|=====+=====+=====||=====+=====+=====||=====+=====+=====|
|  1. | -1. |  0. ||*-1. |* 1. |* 0. ||  0. |  0. |  1. |
|  0. |  0. |  0. ||*-1. |* 1. |* 0. || -1. |  0. |  1. |
|  0. |  1. |  0. ||* 0. |* 0. |*-1. || -1. |  0. |  0. |
|=====+=====+=====||=====+=====+=====||=====+=====+=====|
|  0. |  0. |  0. ||  1. |  0. |  0. ||  1. |  0. | -1. |
|  1. |  1. | -1. ||  0. | -1. |  0. ||  0. |  1. |  0. |
|  0. |  0. | -1. ||  0. |  0. |  0. ||  1. |  0. |  0. |


state to eval, currenty is playerone turn=true

|  0. |  1. |  0. ||  0. |  0. |  0. ||  0. |  0. |  0. |
|  0. | -1. | -1. ||  0. | -1. |  0. ||  0. |  0. |  1. |
|  0. | -1. |  0. ||  1. |  0. | -1. || -1. |  0. |  1. |
|=====+=====+=====||=====+=====+=====||=====+=====+=====|
|  1. | -1. |  0. ||*-1. |* 1. |* 0. ||  0. |  0. |  1. |
|  0. |  0. |  0. ||*-1. |* 1. |* 0. || -1. |  0. |  1. |
|  0. |  1. |  0. ||* 0. |* 0. |*-1. || -1. |  0. |  0. |
|=====+=====+=====||=====+=====+=====||=====+=====+=====|
|  0. |  0. |  0. ||  1. |  0. |  0. ||  1. |  0. | -1. |
|  1. |  1. | -1. ||  0. | -1. |  0. ||  0. |  1. |  0. |
|  0. |  0. | -1. ||  0. |  0. |  0. ||  1. |  0. |  0. |


current State

|  0. |  1. |  0. ||  0. |  0. |  0. ||  0. |  0. |  0. |
|  0. | -1. | -1. ||  0. | -1. |  0. ||  0. |  0. |  1. |
|  0. | -1. |  0. ||  1. |  0. | -1. || -1. |  0. |  1. |
|=====+=====+=====||=====+=====+=====||=====+=====+=====|
|  1. | -1. |  0. || -1. |  1. |  0. ||  0. |  0. |  1. |
|  0. |  0. |  0. || -1. |  1. |  0. || -1. |  0. |  1. |
|  0. |  1. |  0. ||  0. |  1. | -1. || -1. |  0. |  0. |
|=====+=====+=====||=====+=====+=====||=====+=====+=====|
|  0. |  0. |  0. ||* 1. |* 0. |* 0. ||  1. |  0. | -1. |
|  1. |  1. | -1. ||* 0. |*-1. |* 0. ||  0. |  1. |  0. |
|  0. |  0. | -1. ||* 0. |* 0. |* 0. ||  1. |  0. |  0. |


state to eval, currenty is playerone turn=false

| -0. | -1. | -0. || -0. | -0. | -0. || -0. | -0. | -0. |
| -0. |  1. |  1. || -0. |  1. | -0. || -0. | -0. | -1. |
| -0. |  1. | -0. || -1. | -0. |  1. ||  1. | -0. | -1. |
|=====+=====+=====||=====+=====+=====||=====+=====+=====|
| -1. |  1. | -0. ||  1. | -1. | -0. || -0. | -0. | -1. |
| -0. | -0. | -0. ||  1. | -1. | -0. ||  1. | -0. | -1. |
| -0. | -1. | -0. || -0. | -1. |  1. ||  1. | -0. | -0. |
|=====+=====+=====||=====+=====+=====||=====+=====+=====|
| -0. | -0. | -0. ||*-1. |*-0. |*-0. || -1. | -0. |  1. |
| -1. | -1. |  1. ||*-0. |* 1. |*-0. || -0. | -1. | -0. |
| -0. | -0. |  1. ||*-0. |*-0. |*-0. || -1. | -0. | -0. |


Determined best move using: 131024Iterations
current State

|  0. |  1. |  0. ||  0. |  0. |  0. ||  0. |  0. |  0. |
|  0. | -1. | -1. ||  0. | -1. |  0. ||  0. |  0. |  1. |
|  0. | -1. |  0. ||  1. |  0. | -1. || -1. |  0. |  1. |
|=====+=====+=====||=====+=====+=====||=====+=====+=====|
|  1. | -1. |  0. || -1. |  1. |  0. ||  0. |  0. |  1. |
|  0. |  0. |  0. || -1. |  1. |  0. || -1. |  0. |  1. |
|  0. |  1. |  0. ||  0. |  1. | -1. || -1. |  0. |  0. |
|=====+=====+=====||=====+=====+=====||=====+=====+=====|
|  0. |  0. |  0. ||  1. |  0. |  0. ||* 1. |* 0. |*-1. |
|  1. |  1. | -1. ||  0. | -1. |  0. ||* 0. |* 1. |* 0. |
|  0. |  0. | -1. ||  0. |  0. | -1. ||* 1. |* 0. |* 0. |


state to eval, currenty is playerone turn=true

|  0. |  1. |  0. ||  0. |  0. |  0. ||  0. |  0. |  0. |
|  0. | -1. | -1. ||  0. | -1. |  0. ||  0. |  0. |  1. |
|  0. | -1. |  0. ||  1. |  0. | -1. || -1. |  0. |  1. |
|=====+=====+=====||=====+=====+=====||=====+=====+=====|
|  1. | -1. |  0. || -1. |  1. |  0. ||  0. |  0. |  1. |
|  0. |  0. |  0. || -1. |  1. |  0. || -1. |  0. |  1. |
|  0. |  1. |  0. ||  0. |  1. | -1. || -1. |  0. |  0. |
|=====+=====+=====||=====+=====+=====||=====+=====+=====|
|  0. |  0. |  0. ||  1. |  0. |  0. ||* 1. |* 0. |*-1. |
|  1. |  1. | -1. ||  0. | -1. |  0. ||* 0. |* 1. |* 0. |
|  0. |  0. | -1. ||  0. |  0. | -1. ||* 1. |* 0. |* 0. |


Determined best move using: 125018Iterations
