Saving data to: W:\Labs\ME\ME187-Fall2024\StudentFiles\CALEBHOTTES\UTTTstuff\series1
Begin custom message: 
DataSeries: series1 game number: 71 

Description: RUCH 238 3.5-4GHz processor. 

Evaluator config=EvaluatorConfiguration{cValue=2.0, maxRolloutDepth=1000, computeTime=30, threads=1, stupidity=0, allowForcePlay=false, maxMyCPU=false}
End custom message
Inital State: 

|* 0. |* 0. |* 0. ||* 0. |* 0. |* 0. ||* 0. |* 0. |* 0. |
|* 0. |* 0. |* 0. ||* 0. |* 0. |* 0. ||* 0. |* 0. |* 0. |
|* 0. |* 0. |* 0. ||* 0. |* 0. |* 0. ||* 0. |* 0. |* 0. |
|=====+=====+=====||=====+=====+=====||=====+=====+=====|
|* 0. |* 0. |* 0. ||* 0. |* 0. |* 0. ||* 0. |* 0. |* 0. |
|* 0. |* 0. |* 0. ||* 0. |* 0. |* 0. ||* 0. |* 0. |* 0. |
|* 0. |* 0. |* 0. ||* 0. |* 0. |* 0. ||* 0. |* 0. |* 0. |
|=====+=====+=====||=====+=====+=====||=====+=====+=====|
|* 0. |* 0. |* 0. ||* 0. |* 0. |* 0. ||* 0. |* 0. |* 0. |
|* 0. |* 0. |* 0. ||* 0. |* 0. |* 0. ||* 0. |* 0. |* 0. |
|* 0. |* 0. |* 0. ||* 0. |* 0. |* 0. ||* 0. |* 0. |* 0. |


state to eval, currenty is playerone turn=true

|* 0. |* 0. |* 0. ||* 0. |* 0. |* 0. ||* 0. |* 0. |* 0. |
|* 0. |* 0. |* 0. ||* 0. |* 0. |* 0. ||* 0. |* 0. |* 0. |
|* 0. |* 0. |* 0. ||* 0. |* 0. |* 0. ||* 0. |* 0. |* 0. |
|=====+=====+=====||=====+=====+=====||=====+=====+=====|
|* 0. |* 0. |* 0. ||* 0. |* 0. |* 0. ||* 0. |* 0. |* 0. |
|* 0. |* 0. |* 0. ||* 0. |* 0. |* 0. ||* 0. |* 0. |* 0. |
|* 0. |* 0. |* 0. ||* 0. |* 0. |* 0. ||* 0. |* 0. |* 0. |
|=====+=====+=====||=====+=====+=====||=====+=====+=====|
|* 0. |* 0. |* 0. ||* 0. |* 0. |* 0. ||* 0. |* 0. |* 0. |
|* 0. |* 0. |* 0. ||* 0. |* 0. |* 0. ||* 0. |* 0. |* 0. |
|* 0. |* 0. |* 0. ||* 0. |* 0. |* 0. ||* 0. |* 0. |* 0. |


Determined best move using: 141056Iterations
Determined best move using: 54230Iterations
current State

|  0. |  0. |  0. ||  0. |  0. |  0. ||* 0. |* 0. |* 0. |
|  0. |  0. |  0. ||  0. |  0. |  0. ||* 0. |* 0. |* 0. |
|  0. |  0. |  0. ||  0. |  0. |  0. ||* 0. |* 0. |* 0. |
|=====+=====+=====||=====+=====+=====||=====+=====+=====|
|  0. |  0. |  0. ||  0. |  0. |  0. ||  0. |  0. |  0. |
|  0. |  0. |  0. ||  0. |  0. |  0. ||  0. |  0. |  0. |
|  0. |  0. |  0. ||  0. |  0. |  0. ||  0. |  0. |  0. |
|=====+=====+=====||=====+=====+=====||=====+=====+=====|
|  0. |  0. |  0. ||  0. |  0. |  1. ||  0. |  0. |  0. |
|  0. |  0. |  0. ||  0. |  0. |  0. ||  0. |  0. |  0. |
|  0. |  0. |  0. ||  0. |  0. |  0. ||  0. |  0. |  0. |


state to eval, currenty is playerone turn=false

| -0. | -0. | -0. || -0. | -0. | -0. ||*-0. |*-0. |*-0. |
| -0. | -0. | -0. || -0. | -0. | -0. ||*-0. |*-0. |*-0. |
| -0. | -0. | -0. || -0. | -0. | -0. ||*-0. |*-0. |*-0. |
|=====+=====+=====||=====+=====+=====||=====+=====+=====|
| -0. | -0. | -0. || -0. | -0. | -0. || -0. | -0. | -0. |
| -0. | -0. | -0. || -0. | -0. | -0. || -0. | -0. | -0. |
| -0. | -0. | -0. || -0. | -0. | -0. || -0. | -0. | -0. |
|=====+=====+=====||=====+=====+=====||=====+=====+=====|
| -0. | -0. | -0. || -0. | -0. | -1. || -0. | -0. | -0. |
| -0. | -0. | -0. || -0. | -0. | -0. || -0. | -0. | -0. |
| -0. | -0. | -0. || -0. | -0. | -0. || -0. | -0. | -0. |


Determined best move using: 146768Iterations
current State

|  0. |  0. |  0. ||  0. |  0. |  0. ||* 0. |* 0. |*-1. |
|  0. |  0. |  0. ||  0. |  0. |  0. ||* 0. |* 0. |* 0. |
|  0. |  0. |  0. ||  0. |  0. |  0. ||* 0. |* 0. |* 0. |
|=====+=====+=====||=====+=====+=====||=====+=====+=====|
|  0. |  0. |  0. ||  0. |  0. |  0. ||  0. |  0. |  0. |
|  0. |  0. |  0. ||  0. |  0. |  0. ||  0. |  0. |  0. |
|  0. |  0. |  0. ||  0. |  0. |  0. ||  0. |  0. |  0. |
|=====+=====+=====||=====+=====+=====||=====+=====+=====|
|  0. |  0. |  0. ||  0. |  0. |  1. ||  0. |  0. |  0. |
|  0. |  0. |  0. ||  0. |  0. |  0. ||  0. |  0. |  0. |
|  0. |  0. |  0. ||  0. |  0. |  0. ||  0. |  0. |  0. |


state to eval, currenty is playerone turn=true

|  0. |  0. |  0. ||  0. |  0. |  0. ||* 0. |* 0. |*-1. |
|  0. |  0. |  0. ||  0. |  0. |  0. ||* 0. |* 0. |* 0. |
|  0. |  0. |  0. ||  0. |  0. |  0. ||* 0. |* 0. |* 0. |
|=====+=====+=====||=====+=====+=====||=====+=====+=====|
|  0. |  0. |  0. ||  0. |  0. |  0. ||  0. |  0. |  0. |
|  0. |  0. |  0. ||  0. |  0. |  0. ||  0. |  0. |  0. |
|  0. |  0. |  0. ||  0. |  0. |  0. ||  0. |  0. |  0. |
|=====+=====+=====||=====+=====+=====||=====+=====+=====|
|  0. |  0. |  0. ||  0. |  0. |  1. ||  0. |  0. |  0. |
|  0. |  0. |  0. ||  0. |  0. |  0. ||  0. |  0. |  0. |
|  0. |  0. |  0. ||  0. |  0. |  0. ||  0. |  0. |  0. |


current State

|  0. |  0. |  0. ||  0. |  0. |  0. ||  0. |  0. | -1. |
|  0. |  0. |  0. ||  0. |  0. |  0. ||  0. |  1. |  0. |
|  0. |  0. |  0. ||  0. |  0. |  0. ||  0. |  0. |  0. |
|=====+=====+=====||=====+=====+=====||=====+=====+=====|
|  0. |  0. |  0. ||* 0. |* 0. |* 0. ||  0. |  0. |  0. |
|  0. |  0. |  0. ||* 0. |* 0. |* 0. ||  0. |  0. |  0. |
|  0. |  0. |  0. ||* 0. |* 0. |* 0. ||  0. |  0. |  0. |
|=====+=====+=====||=====+=====+=====||=====+=====+=====|
|  0. |  0. |  0. ||  0. |  0. |  1. ||  0. |  0. |  0. |
|  0. |  0. |  0. ||  0. |  0. |  0. ||  0. |  0. |  0. |
|  0. |  0. |  0. ||  0. |  0. |  0. ||  0. |  0. |  0. |


state to eval, currenty is playerone turn=false

| -0. | -0. | -0. || -0. | -0. | -0. || -0. | -0. |  1. |
| -0. | -0. | -0. || -0. | -0. | -0. || -0. | -1. | -0. |
| -0. | -0. | -0. || -0. | -0. | -0. || -0. | -0. | -0. |
|=====+=====+=====||=====+=====+=====||=====+=====+=====|
| -0. | -0. | -0. ||*-0. |*-0. |*-0. || -0. | -0. | -0. |
| -0. | -0. | -0. ||*-0. |*-0. |*-0. || -0. | -0. | -0. |
| -0. | -0. | -0. ||*-0. |*-0. |*-0. || -0. | -0. | -0. |
|=====+=====+=====||=====+=====+=====||=====+=====+=====|
| -0. | -0. | -0. || -0. | -0. | -1. || -0. | -0. | -0. |
| -0. | -0. | -0. || -0. | -0. | -0. || -0. | -0. | -0. |
| -0. | -0. | -0. || -0. | -0. | -0. || -0. | -0. | -0. |


Determined best move using: 99406Iterations
current State

|  0. |  0. |  0. ||  0. |  0. |  0. ||  0. |  0. | -1. |
|  0. |  0. |  0. ||  0. |  0. |  0. ||  0. |  1. |  0. |
|  0. |  0. |  0. ||  0. |  0. |  0. ||  0. |  0. |  0. |
|=====+=====+=====||=====+=====+=====||=====+=====+=====|
|  0. |  0. |  0. ||  0. |  0. |  0. ||* 0. |* 0. |* 0. |
|  0. |  0. |  0. ||  0. |  0. | -1. ||* 0. |* 0. |* 0. |
|  0. |  0. |  0. ||  0. |  0. |  0. ||* 0. |* 0. |* 0. |
|=====+=====+=====||=====+=====+=====||=====+=====+=====|
|  0. |  0. |  0. ||  0. |  0. |  1. ||  0. |  0. |  0. |
|  0. |  0. |  0. ||  0. |  0. |  0. ||  0. |  0. |  0. |
|  0. |  0. |  0. ||  0. |  0. |  0. ||  0. |  0. |  0. |


state to eval, currenty is playerone turn=true

|  0. |  0. |  0. ||  0. |  0. |  0. ||  0. |  0. | -1. |
|  0. |  0. |  0. ||  0. |  0. |  0. ||  0. |  1. |  0. |
|  0. |  0. |  0. ||  0. |  0. |  0. ||  0. |  0. |  0. |
|=====+=====+=====||=====+=====+=====||=====+=====+=====|
|  0. |  0. |  0. ||  0. |  0. |  0. ||* 0. |* 0. |* 0. |
|  0. |  0. |  0. ||  0. |  0. | -1. ||* 0. |* 0. |* 0. |
|  0. |  0. |  0. ||  0. |  0. |  0. ||* 0. |* 0. |* 0. |
|=====+=====+=====||=====+=====+=====||=====+=====+=====|
|  0. |  0. |  0. ||  0. |  0. |  1. ||  0. |  0. |  0. |
|  0. |  0. |  0. ||  0. |  0. |  0. ||  0. |  0. |  0. |
|  0. |  0. |  0. ||  0. |  0. |  0. ||  0. |  0. |  0. |


Determined best move using: 105899Iterations
Determined best move using: 70218Iterations
current State

|  0. |  0. |  0. ||  0. |  0. |  0. ||  0. |  0. | -1. |
|  0. |  0. |  0. ||  0. |  0. |  0. ||  0. |  1. |  0. |
|  0. |  0. |  0. ||  0. |  0. |  0. ||  0. |  0. |  0. |
|=====+=====+=====||=====+=====+=====||=====+=====+=====|
|  0. |  0. |  0. ||  0. |  0. |  0. ||* 0. |* 0. |* 0. |
|  0. |  0. |  0. ||  0. |  0. | -1. ||* 0. |* 0. |* 1. |
|  0. |  0. |  0. ||  0. |  0. |  0. ||* 0. |* 0. |* 0. |
|=====+=====+=====||=====+=====+=====||=====+=====+=====|
|  0. |  0. |  0. ||  0. |  0. |  1. ||  0. |  0. |  0. |
|  0. |  0. |  0. ||  0. |  0. |  0. ||  0. |  0. |  0. |
|  0. |  0. |  0. ||  0. |  0. |  0. ||  0. |  0. |  0. |


state to eval, currenty is playerone turn=false

| -0. | -0. | -0. || -0. | -0. | -0. || -0. | -0. |  1. |
| -0. | -0. | -0. || -0. | -0. | -0. || -0. | -1. | -0. |
| -0. | -0. | -0. || -0. | -0. | -0. || -0. | -0. | -0. |
|=====+=====+=====||=====+=====+=====||=====+=====+=====|
| -0. | -0. | -0. || -0. | -0. | -0. ||*-0. |*-0. |*-0. |
| -0. | -0. | -0. || -0. | -0. |  1. ||*-0. |*-0. |*-1. |
| -0. | -0. | -0. || -0. | -0. | -0. ||*-0. |*-0. |*-0. |
|=====+=====+=====||=====+=====+=====||=====+=====+=====|
| -0. | -0. | -0. || -0. | -0. | -1. || -0. | -0. | -0. |
| -0. | -0. | -0. || -0. | -0. | -0. || -0. | -0. | -0. |
| -0. | -0. | -0. || -0. | -0. | -0. || -0. | -0. | -0. |


Determined best move using: 108278Iterations
Determined best move using: 72929Iterations
current State

|  0. |  0. |  0. ||  0. |  0. |  0. ||* 0. |* 0. |*-1. |
|  0. |  0. |  0. ||  0. |  0. |  0. ||* 0. |* 1. |* 0. |
|  0. |  0. |  0. ||  0. |  0. |  0. ||* 0. |* 0. |* 0. |
|=====+=====+=====||=====+=====+=====||=====+=====+=====|
|  0. |  0. |  0. ||  0. |  0. |  0. ||  0. |  0. | -1. |
|  0. |  0. |  0. ||  0. |  0. | -1. ||  0. |  0. |  1. |
|  0. |  0. |  0. ||  0. |  0. |  0. ||  0. |  0. |  0. |
|=====+=====+=====||=====+=====+=====||=====+=====+=====|
|  0. |  0. |  0. ||  0. |  0. |  1. ||  0. |  0. |  0. |
|  0. |  0. |  0. ||  0. |  0. |  0. ||  0. |  0. |  0. |
|  0. |  0. |  0. ||  0. |  0. |  0. ||  0. |  0. |  0. |


state to eval, currenty is playerone turn=true

|  0. |  0. |  0. ||  0. |  0. |  0. ||* 0. |* 0. |*-1. |
|  0. |  0. |  0. ||  0. |  0. |  0. ||* 0. |* 1. |* 0. |
|  0. |  0. |  0. ||  0. |  0. |  0. ||* 0. |* 0. |* 0. |
|=====+=====+=====||=====+=====+=====||=====+=====+=====|
|  0. |  0. |  0. ||  0. |  0. |  0. ||  0. |  0. | -1. |
|  0. |  0. |  0. ||  0. |  0. | -1. ||  0. |  0. |  1. |
|  0. |  0. |  0. ||  0. |  0. |  0. ||  0. |  0. |  0. |
|=====+=====+=====||=====+=====+=====||=====+=====+=====|
|  0. |  0. |  0. ||  0. |  0. |  1. ||  0. |  0. |  0. |
|  0. |  0. |  0. ||  0. |  0. |  0. ||  0. |  0. |  0. |
|  0. |  0. |  0. ||  0. |  0. |  0. ||  0. |  0. |  0. |


Determined best move using: 77313Iterations
Determined best move using: 116000Iterations
current State

|* 0. |* 0. |* 0. ||  0. |  0. |  0. ||  1. |  0. | -1. |
|* 0. |* 0. |* 0. ||  0. |  0. |  0. ||  0. |  1. |  0. |
|* 0. |* 0. |* 0. ||  0. |  0. |  0. ||  0. |  0. |  0. |
|=====+=====+=====||=====+=====+=====||=====+=====+=====|
|  0. |  0. |  0. ||  0. |  0. |  0. ||  0. |  0. | -1. |
|  0. |  0. |  0. ||  0. |  0. | -1. ||  0. |  0. |  1. |
|  0. |  0. |  0. ||  0. |  0. |  0. ||  0. |  0. |  0. |
|=====+=====+=====||=====+=====+=====||=====+=====+=====|
|  0. |  0. |  0. ||  0. |  0. |  1. ||  0. |  0. |  0. |
|  0. |  0. |  0. ||  0. |  0. |  0. ||  0. |  0. |  0. |
|  0. |  0. |  0. ||  0. |  0. |  0. ||  0. |  0. |  0. |


state to eval, currenty is playerone turn=false

|*-0. |*-0. |*-0. || -0. | -0. | -0. || -1. | -0. |  1. |
|*-0. |*-0. |*-0. || -0. | -0. | -0. || -0. | -1. | -0. |
|*-0. |*-0. |*-0. || -0. | -0. | -0. || -0. | -0. | -0. |
|=====+=====+=====||=====+=====+=====||=====+=====+=====|
| -0. | -0. | -0. || -0. | -0. | -0. || -0. | -0. |  1. |
| -0. | -0. | -0. || -0. | -0. |  1. || -0. | -0. | -1. |
| -0. | -0. | -0. || -0. | -0. | -0. || -0. | -0. | -0. |
|=====+=====+=====||=====+=====+=====||=====+=====+=====|
| -0. | -0. | -0. || -0. | -0. | -1. || -0. | -0. | -0. |
| -0. | -0. | -0. || -0. | -0. | -0. || -0. | -0. | -0. |
| -0. | -0. | -0. || -0. | -0. | -0. || -0. | -0. | -0. |


Determined best move using: 118770Iterations
Determined best move using: 50013Iterations
Determined best move using: 75261Iterations
current State

|  0. |  0. |  0. ||  0. |  0. |  0. ||  1. |  0. | -1. |
|  0. |  0. |  0. ||  0. |  0. |  0. ||  0. |  1. |  0. |
|  0. |  0. | -1. ||  0. |  0. |  0. ||  0. |  0. |  0. |
|=====+=====+=====||=====+=====+=====||=====+=====+=====|
|  0. |  0. |  0. ||  0. |  0. |  0. ||  0. |  0. | -1. |
|  0. |  0. |  0. ||  0. |  0. | -1. ||  0. |  0. |  1. |
|  0. |  0. |  0. ||  0. |  0. |  0. ||  0. |  0. |  0. |
|=====+=====+=====||=====+=====+=====||=====+=====+=====|
|  0. |  0. |  0. ||  0. |  0. |  1. ||* 0. |* 0. |* 0. |
|  0. |  0. |  0. ||  0. |  0. |  0. ||* 0. |* 0. |* 0. |
|  0. |  0. |  0. ||  0. |  0. |  0. ||* 0. |* 0. |* 0. |


state to eval, currenty is playerone turn=true

|  0. |  0. |  0. ||  0. |  0. |  0. ||  1. |  0. | -1. |
|  0. |  0. |  0. ||  0. |  0. |  0. ||  0. |  1. |  0. |
|  0. |  0. | -1. ||  0. |  0. |  0. ||  0. |  0. |  0. |
|=====+=====+=====||=====+=====+=====||=====+=====+=====|
|  0. |  0. |  0. ||  0. |  0. |  0. ||  0. |  0. | -1. |
|  0. |  0. |  0. ||  0. |  0. | -1. ||  0. |  0. |  1. |
|  0. |  0. |  0. ||  0. |  0. |  0. ||  0. |  0. |  0. |
|=====+=====+=====||=====+=====+=====||=====+=====+=====|
|  0. |  0. |  0. ||  0. |  0. |  1. ||* 0. |* 0. |* 0. |
|  0. |  0. |  0. ||  0. |  0. |  0. ||* 0. |* 0. |* 0. |
|  0. |  0. |  0. ||  0. |  0. |  0. ||* 0. |* 0. |* 0. |


Determined best move using: 79438Iterations
Determined best move using: 123873Iterations
current State

|  0. |  0. |  0. ||  0. |  0. |  0. ||  1. |  0. | -1. |
|  0. |  0. |  0. ||  0. |  0. |  0. ||  0. |  1. |  0. |
|  0. |  0. | -1. ||  0. |  0. |  0. ||  0. |  0. |  0. |
|=====+=====+=====||=====+=====+=====||=====+=====+=====|
|  0. |  0. |  0. ||  0. |  0. |  0. ||  0. |  0. | -1. |
|  0. |  0. |  0. ||  0. |  0. | -1. ||  0. |  0. |  1. |
|  0. |  0. |  0. ||  0. |  0. |  0. ||  0. |  0. |  0. |
|=====+=====+=====||=====+=====+=====||=====+=====+=====|
|* 0. |* 0. |* 0. ||  0. |  0. |  1. ||  0. |  0. |  0. |
|* 0. |* 0. |* 0. ||  0. |  0. |  0. ||  0. |  0. |  0. |
|* 0. |* 0. |* 0. ||  0. |  0. |  0. ||  1. |  0. |  0. |


state to eval, currenty is playerone turn=false

| -0. | -0. | -0. || -0. | -0. | -0. || -1. | -0. |  1. |
| -0. | -0. | -0. || -0. | -0. | -0. || -0. | -1. | -0. |
| -0. | -0. |  1. || -0. | -0. | -0. || -0. | -0. | -0. |
|=====+=====+=====||=====+=====+=====||=====+=====+=====|
| -0. | -0. | -0. || -0. | -0. | -0. || -0. | -0. |  1. |
| -0. | -0. | -0. || -0. | -0. |  1. || -0. | -0. | -1. |
| -0. | -0. | -0. || -0. | -0. | -0. || -0. | -0. | -0. |
|=====+=====+=====||=====+=====+=====||=====+=====+=====|
|*-0. |*-0. |*-0. || -0. | -0. | -1. || -0. | -0. | -0. |
|*-0. |*-0. |*-0. || -0. | -0. | -0. || -0. | -0. | -0. |
|*-0. |*-0. |*-0. || -0. | -0. | -0. || -1. | -0. | -0. |


Determined best move using: 135256Iterations
Determined best move using: 53518Iterations
Determined best move using: 79565Iterations
current State

|* 0. |* 0. |* 0. ||  0. |  0. |  0. ||  1. |  0. | -1. |
|* 0. |* 0. |* 0. ||  0. |  0. |  0. ||  0. |  1. |  0. |
|* 0. |* 0. |*-1. ||  0. |  0. |  0. ||  0. |  0. |  0. |
|=====+=====+=====||=====+=====+=====||=====+=====+=====|
|  0. |  0. |  0. ||  0. |  0. |  0. ||  0. |  0. | -1. |
|  0. |  0. |  0. ||  0. |  0. | -1. ||  0. |  0. |  1. |
|  0. |  0. |  0. ||  0. |  0. |  0. ||  0. |  0. |  0. |
|=====+=====+=====||=====+=====+=====||=====+=====+=====|
| -1. |  0. |  0. ||  0. |  0. |  1. ||  0. |  0. |  0. |
|  0. |  0. |  0. ||  0. |  0. |  0. ||  0. |  0. |  0. |
|  0. |  0. |  0. ||  0. |  0. |  0. ||  1. |  0. |  0. |


state to eval, currenty is playerone turn=true

|* 0. |* 0. |* 0. ||  0. |  0. |  0. ||  1. |  0. | -1. |
|* 0. |* 0. |* 0. ||  0. |  0. |  0. ||  0. |  1. |  0. |
|* 0. |* 0. |*-1. ||  0. |  0. |  0. ||  0. |  0. |  0. |
|=====+=====+=====||=====+=====+=====||=====+=====+=====|
|  0. |  0. |  0. ||  0. |  0. |  0. ||  0. |  0. | -1. |
|  0. |  0. |  0. ||  0. |  0. | -1. ||  0. |  0. |  1. |
|  0. |  0. |  0. ||  0. |  0. |  0. ||  0. |  0. |  0. |
|=====+=====+=====||=====+=====+=====||=====+=====+=====|
| -1. |  0. |  0. ||  0. |  0. |  1. ||  0. |  0. |  0. |
|  0. |  0. |  0. ||  0. |  0. |  0. ||  0. |  0. |  0. |
|  0. |  0. |  0. ||  0. |  0. |  0. ||  1. |  0. |  0. |


Determined best move using: 86519Iterations
Determined best move using: 54725Iterations
current State

|  0. |  0. |  0. ||  0. |  0. |  0. ||  1. |  0. | -1. |
|  0. |  0. |  0. ||  0. |  0. |  0. ||  0. |  1. |  0. |
|  0. |  1. | -1. ||  0. |  0. |  0. ||  0. |  0. |  0. |
|=====+=====+=====||=====+=====+=====||=====+=====+=====|
|  0. |  0. |  0. ||  0. |  0. |  0. ||  0. |  0. | -1. |
|  0. |  0. |  0. ||  0. |  0. | -1. ||  0. |  0. |  1. |
|  0. |  0. |  0. ||  0. |  0. |  0. ||  0. |  0. |  0. |
|=====+=====+=====||=====+=====+=====||=====+=====+=====|
| -1. |  0. |  0. ||* 0. |* 0. |* 1. ||  0. |  0. |  0. |
|  0. |  0. |  0. ||* 0. |* 0. |* 0. ||  0. |  0. |  0. |
|  0. |  0. |  0. ||* 0. |* 0. |* 0. ||  1. |  0. |  0. |


state to eval, currenty is playerone turn=false

| -0. | -0. | -0. || -0. | -0. | -0. || -1. | -0. |  1. |
| -0. | -0. | -0. || -0. | -0. | -0. || -0. | -1. | -0. |
| -0. | -1. |  1. || -0. | -0. | -0. || -0. | -0. | -0. |
|=====+=====+=====||=====+=====+=====||=====+=====+=====|
| -0. | -0. | -0. || -0. | -0. | -0. || -0. | -0. |  1. |
| -0. | -0. | -0. || -0. | -0. |  1. || -0. | -0. | -1. |
| -0. | -0. | -0. || -0. | -0. | -0. || -0. | -0. | -0. |
|=====+=====+=====||=====+=====+=====||=====+=====+=====|
|  1. | -0. | -0. ||*-0. |*-0. |*-1. || -0. | -0. | -0. |
| -0. | -0. | -0. ||*-0. |*-0. |*-0. || -0. | -0. | -0. |
| -0. | -0. | -0. ||*-0. |*-0. |*-0. || -1. | -0. | -0. |


current State

|  0. |  0. |  0. ||  0. |  0. |  0. ||  1. |  0. | -1. |
|  0. |  0. |  0. ||  0. |  0. |  0. ||  0. |  1. |  0. |
|  0. |  1. | -1. ||  0. |  0. |  0. ||  0. |  0. |  0. |
|=====+=====+=====||=====+=====+=====||=====+=====+=====|
|  0. |  0. |  0. ||  0. |  0. |  0. ||  0. |  0. | -1. |
|  0. |  0. |  0. ||  0. |  0. | -1. ||  0. |  0. |  1. |
|  0. |  0. |  0. ||  0. |  0. |  0. ||  0. |  0. |  0. |
|=====+=====+=====||=====+=====+=====||=====+=====+=====|
|*-1. |* 0. |* 0. ||  0. |  0. |  1. ||  0. |  0. |  0. |
|* 0. |* 0. |* 0. ||  0. |  0. |  0. ||  0. |  0. |  0. |
|* 0. |* 0. |* 0. || -1. |  0. |  0. ||  1. |  0. |  0. |


state to eval, currenty is playerone turn=true

|  0. |  0. |  0. ||  0. |  0. |  0. ||  1. |  0. | -1. |
|  0. |  0. |  0. ||  0. |  0. |  0. ||  0. |  1. |  0. |
|  0. |  1. | -1. ||  0. |  0. |  0. ||  0. |  0. |  0. |
|=====+=====+=====||=====+=====+=====||=====+=====+=====|
|  0. |  0. |  0. ||  0. |  0. |  0. ||  0. |  0. | -1. |
|  0. |  0. |  0. ||  0. |  0. | -1. ||  0. |  0. |  1. |
|  0. |  0. |  0. ||  0. |  0. |  0. ||  0. |  0. |  0. |
|=====+=====+=====||=====+=====+=====||=====+=====+=====|
|*-1. |* 0. |* 0. ||  0. |  0. |  1. ||  0. |  0. |  0. |
|* 0. |* 0. |* 0. ||  0. |  0. |  0. ||  0. |  0. |  0. |
|* 0. |* 0. |* 0. || -1. |  0. |  0. ||  1. |  0. |  0. |


Determined best move using: 57445Iterations
current State

|  0. |  0. |  0. ||  0. |  0. |  0. ||  1. |  0. | -1. |
|  0. |  0. |  0. ||  0. |  0. |  0. ||  0. |  1. |  0. |
|  0. |  1. | -1. ||  0. |  0. |  0. ||  0. |  0. |  0. |
|=====+=====+=====||=====+=====+=====||=====+=====+=====|
|  0. |  0. |  0. ||  0. |  0. |  0. ||  0. |  0. | -1. |
|  0. |  0. |  0. ||  0. |  0. | -1. ||  0. |  0. |  1. |
|  0. |  0. |  0. ||  0. |  0. |  0. ||  0. |  0. |  0. |
|=====+=====+=====||=====+=====+=====||=====+=====+=====|
|*-1. |* 0. |* 0. ||  0. |  0. |  1. ||  0. |  0. |  0. |
|* 0. |* 0. |* 0. ||  0. |  0. |  0. ||  0. |  0. |  0. |
|* 1. |* 0. |* 0. || -1. |  0. |  0. ||  1. |  0. |  0. |


state to eval, currenty is playerone turn=false

| -0. | -0. | -0. || -0. | -0. | -0. || -1. | -0. |  1. |
| -0. | -0. | -0. || -0. | -0. | -0. || -0. | -1. | -0. |
| -0. | -1. |  1. || -0. | -0. | -0. || -0. | -0. | -0. |
|=====+=====+=====||=====+=====+=====||=====+=====+=====|
| -0. | -0. | -0. || -0. | -0. | -0. || -0. | -0. |  1. |
| -0. | -0. | -0. || -0. | -0. |  1. || -0. | -0. | -1. |
| -0. | -0. | -0. || -0. | -0. | -0. || -0. | -0. | -0. |
|=====+=====+=====||=====+=====+=====||=====+=====+=====|
|* 1. |*-0. |*-0. || -0. | -0. | -1. || -0. | -0. | -0. |
|*-0. |*-0. |*-0. || -0. | -0. | -0. || -0. | -0. | -0. |
|*-1. |*-0. |*-0. ||  1. | -0. | -0. || -1. | -0. | -0. |


Determined best move using: 58581Iterations
current State

|  0. |  0. |  0. ||  0. |  0. |  0. ||* 1. |* 0. |*-1. |
|  0. |  0. |  0. ||  0. |  0. |  0. ||* 0. |* 1. |* 0. |
|  0. |  1. | -1. ||  0. |  0. |  0. ||* 0. |* 0. |* 0. |
|=====+=====+=====||=====+=====+=====||=====+=====+=====|
|  0. |  0. |  0. ||  0. |  0. |  0. ||  0. |  0. | -1. |
|  0. |  0. |  0. ||  0. |  0. | -1. ||  0. |  0. |  1. |
|  0. |  0. |  0. ||  0. |  0. |  0. ||  0. |  0. |  0. |
|=====+=====+=====||=====+=====+=====||=====+=====+=====|
| -1. |  0. | -1. ||  0. |  0. |  1. ||  0. |  0. |  0. |
|  0. |  0. |  0. ||  0. |  0. |  0. ||  0. |  0. |  0. |
|  1. |  0. |  0. || -1. |  0. |  0. ||  1. |  0. |  0. |


state to eval, currenty is playerone turn=true

|  0. |  0. |  0. ||  0. |  0. |  0. ||* 1. |* 0. |*-1. |
|  0. |  0. |  0. ||  0. |  0. |  0. ||* 0. |* 1. |* 0. |
|  0. |  1. | -1. ||  0. |  0. |  0. ||* 0. |* 0. |* 0. |
|=====+=====+=====||=====+=====+=====||=====+=====+=====|
|  0. |  0. |  0. ||  0. |  0. |  0. ||  0. |  0. | -1. |
|  0. |  0. |  0. ||  0. |  0. | -1. ||  0. |  0. |  1. |
|  0. |  0. |  0. ||  0. |  0. |  0. ||  0. |  0. |  0. |
|=====+=====+=====||=====+=====+=====||=====+=====+=====|
| -1. |  0. | -1. ||  0. |  0. |  1. ||  0. |  0. |  0. |
|  0. |  0. |  0. ||  0. |  0. |  0. ||  0. |  0. |  0. |
|  1. |  0. |  0. || -1. |  0. |  0. ||  1. |  0. |  0. |


Determined best move using: 88858Iterations
current State

|  0. |  0. |  0. ||  0. |  0. |  0. ||  1. |  0. | -1. |
|  0. |  0. |  0. ||  0. |  0. |  0. ||  0. |  1. |  0. |
|  0. |  1. | -1. ||  0. |  0. |  0. ||  0. |  1. |  0. |
|=====+=====+=====||=====+=====+=====||=====+=====+=====|
|  0. |  0. |  0. ||  0. |  0. |  0. ||  0. |  0. | -1. |
|  0. |  0. |  0. ||  0. |  0. | -1. ||  0. |  0. |  1. |
|  0. |  0. |  0. ||  0. |  0. |  0. ||  0. |  0. |  0. |
|=====+=====+=====||=====+=====+=====||=====+=====+=====|
| -1. |  0. | -1. ||* 0. |* 0. |* 1. ||  0. |  0. |  0. |
|  0. |  0. |  0. ||* 0. |* 0. |* 0. ||  0. |  0. |  0. |
|  1. |  0. |  0. ||*-1. |* 0. |* 0. ||  1. |  0. |  0. |


state to eval, currenty is playerone turn=false

| -0. | -0. | -0. || -0. | -0. | -0. || -1. | -0. |  1. |
| -0. | -0. | -0. || -0. | -0. | -0. || -0. | -1. | -0. |
| -0. | -1. |  1. || -0. | -0. | -0. || -0. | -1. | -0. |
|=====+=====+=====||=====+=====+=====||=====+=====+=====|
| -0. | -0. | -0. || -0. | -0. | -0. || -0. | -0. |  1. |
| -0. | -0. | -0. || -0. | -0. |  1. || -0. | -0. | -1. |
| -0. | -0. | -0. || -0. | -0. | -0. || -0. | -0. | -0. |
|=====+=====+=====||=====+=====+=====||=====+=====+=====|
|  1. | -0. |  1. ||*-0. |*-0. |*-1. || -0. | -0. | -0. |
| -0. | -0. | -0. ||*-0. |*-0. |*-0. || -0. | -0. | -0. |
| -1. | -0. | -0. ||* 1. |*-0. |*-0. || -1. | -0. | -0. |


current State

|  0. |  0. |  0. ||* 0. |* 0. |* 0. ||  1. |  0. | -1. |
|  0. |  0. |  0. ||* 0. |* 0. |* 0. ||  0. |  1. |  0. |
|  0. |  1. | -1. ||* 0. |* 0. |* 0. ||  0. |  1. |  0. |
|=====+=====+=====||=====+=====+=====||=====+=====+=====|
|  0. |  0. |  0. ||  0. |  0. |  0. ||  0. |  0. | -1. |
|  0. |  0. |  0. ||  0. |  0. | -1. ||  0. |  0. |  1. |
|  0. |  0. |  0. ||  0. |  0. |  0. ||  0. |  0. |  0. |
|=====+=====+=====||=====+=====+=====||=====+=====+=====|
| -1. |  0. | -1. ||  0. | -1. |  1. ||  0. |  0. |  0. |
|  0. |  0. |  0. ||  0. |  0. |  0. ||  0. |  0. |  0. |
|  1. |  0. |  0. || -1. |  0. |  0. ||  1. |  0. |  0. |


state to eval, currenty is playerone turn=true

|  0. |  0. |  0. ||* 0. |* 0. |* 0. ||  1. |  0. | -1. |
|  0. |  0. |  0. ||* 0. |* 0. |* 0. ||  0. |  1. |  0. |
|  0. |  1. | -1. ||* 0. |* 0. |* 0. ||  0. |  1. |  0. |
|=====+=====+=====||=====+=====+=====||=====+=====+=====|
|  0. |  0. |  0. ||  0. |  0. |  0. ||  0. |  0. | -1. |
|  0. |  0. |  0. ||  0. |  0. | -1. ||  0. |  0. |  1. |
|  0. |  0. |  0. ||  0. |  0. |  0. ||  0. |  0. |  0. |
|=====+=====+=====||=====+=====+=====||=====+=====+=====|
| -1. |  0. | -1. ||  0. | -1. |  1. ||  0. |  0. |  0. |
|  0. |  0. |  0. ||  0. |  0. |  0. ||  0. |  0. |  0. |
|  1. |  0. |  0. || -1. |  0. |  0. ||  1. |  0. |  0. |


Determined best move using: 93381Iterations
current State

|* 0. |* 0. |* 0. ||  1. |  0. |  0. ||  1. |  0. | -1. |
|* 0. |* 0. |* 0. ||  0. |  0. |  0. ||  0. |  1. |  0. |
|* 0. |* 1. |*-1. ||  0. |  0. |  0. ||  0. |  1. |  0. |
|=====+=====+=====||=====+=====+=====||=====+=====+=====|
|  0. |  0. |  0. ||  0. |  0. |  0. ||  0. |  0. | -1. |
|  0. |  0. |  0. ||  0. |  0. | -1. ||  0. |  0. |  1. |
|  0. |  0. |  0. ||  0. |  0. |  0. ||  0. |  0. |  0. |
|=====+=====+=====||=====+=====+=====||=====+=====+=====|
| -1. |  0. | -1. ||  0. | -1. |  1. ||  0. |  0. |  0. |
|  0. |  0. |  0. ||  0. |  0. |  0. ||  0. |  0. |  0. |
|  1. |  0. |  0. || -1. |  0. |  0. ||  1. |  0. |  0. |


state to eval, currenty is playerone turn=false

|*-0. |*-0. |*-0. || -1. | -0. | -0. || -1. | -0. |  1. |
|*-0. |*-0. |*-0. || -0. | -0. | -0. || -0. | -1. | -0. |
|*-0. |*-1. |* 1. || -0. | -0. | -0. || -0. | -1. | -0. |
|=====+=====+=====||=====+=====+=====||=====+=====+=====|
| -0. | -0. | -0. || -0. | -0. | -0. || -0. | -0. |  1. |
| -0. | -0. | -0. || -0. | -0. |  1. || -0. | -0. | -1. |
| -0. | -0. | -0. || -0. | -0. | -0. || -0. | -0. | -0. |
|=====+=====+=====||=====+=====+=====||=====+=====+=====|
|  1. | -0. |  1. || -0. |  1. | -1. || -0. | -0. | -0. |
| -0. | -0. | -0. || -0. | -0. | -0. || -0. | -0. | -0. |
| -1. | -0. | -0. ||  1. | -0. | -0. || -1. | -0. | -0. |


current State

|  0. |  0. |  0. ||  1. |  0. |  0. ||  1. |  0. | -1. |
| -1. |  0. |  0. ||  0. |  0. |  0. ||  0. |  1. |  0. |
|  0. |  1. | -1. ||  0. |  0. |  0. ||  0. |  1. |  0. |
|=====+=====+=====||=====+=====+=====||=====+=====+=====|
|* 0. |* 0. |* 0. ||  0. |  0. |  0. ||  0. |  0. | -1. |
|* 0. |* 0. |* 0. ||  0. |  0. | -1. ||  0. |  0. |  1. |
|* 0. |* 0. |* 0. ||  0. |  0. |  0. ||  0. |  0. |  0. |
|=====+=====+=====||=====+=====+=====||=====+=====+=====|
| -1. |  0. | -1. ||  0. | -1. |  1. ||  0. |  0. |  0. |
|  0. |  0. |  0. ||  0. |  0. |  0. ||  0. |  0. |  0. |
|  1. |  0. |  0. || -1. |  0. |  0. ||  1. |  0. |  0. |


state to eval, currenty is playerone turn=true

|  0. |  0. |  0. ||  1. |  0. |  0. ||  1. |  0. | -1. |
| -1. |  0. |  0. ||  0. |  0. |  0. ||  0. |  1. |  0. |
|  0. |  1. | -1. ||  0. |  0. |  0. ||  0. |  1. |  0. |
|=====+=====+=====||=====+=====+=====||=====+=====+=====|
|* 0. |* 0. |* 0. ||  0. |  0. |  0. ||  0. |  0. | -1. |
|* 0. |* 0. |* 0. ||  0. |  0. | -1. ||  0. |  0. |  1. |
|* 0. |* 0. |* 0. ||  0. |  0. |  0. ||  0. |  0. |  0. |
|=====+=====+=====||=====+=====+=====||=====+=====+=====|
| -1. |  0. | -1. ||  0. | -1. |  1. ||  0. |  0. |  0. |
|  0. |  0. |  0. ||  0. |  0. |  0. ||  0. |  0. |  0. |
|  1. |  0. |  0. || -1. |  0. |  0. ||  1. |  0. |  0. |


current State

|  0. |  0. |  0. ||  1. |  0. |  0. ||  1. |  0. | -1. |
| -1. |  0. |  0. ||  0. |  0. |  0. ||  0. |  1. |  0. |
|  0. |  1. | -1. ||  0. |  0. |  0. ||  0. |  1. |  0. |
|=====+=====+=====||=====+=====+=====||=====+=====+=====|
|  0. |  0. |  0. ||  0. |  0. |  0. ||* 0. |* 0. |*-1. |
|  0. |  0. |  1. ||  0. |  0. | -1. ||* 0. |* 0. |* 1. |
|  0. |  0. |  0. ||  0. |  0. |  0. ||* 0. |* 0. |* 0. |
|=====+=====+=====||=====+=====+=====||=====+=====+=====|
| -1. |  0. | -1. ||  0. | -1. |  1. ||  0. |  0. |  0. |
|  0. |  0. |  0. ||  0. |  0. |  0. ||  0. |  0. |  0. |
|  1. |  0. |  0. || -1. |  0. |  0. ||  1. |  0. |  0. |


state to eval, currenty is playerone turn=false

| -0. | -0. | -0. || -1. | -0. | -0. || -1. | -0. |  1. |
|  1. | -0. | -0. || -0. | -0. | -0. || -0. | -1. | -0. |
| -0. | -1. |  1. || -0. | -0. | -0. || -0. | -1. | -0. |
|=====+=====+=====||=====+=====+=====||=====+=====+=====|
| -0. | -0. | -0. || -0. | -0. | -0. ||*-0. |*-0. |* 1. |
| -0. | -0. | -1. || -0. | -0. |  1. ||*-0. |*-0. |*-1. |
| -0. | -0. | -0. || -0. | -0. | -0. ||*-0. |*-0. |*-0. |
|=====+=====+=====||=====+=====+=====||=====+=====+=====|
|  1. | -0. |  1. || -0. |  1. | -1. || -0. | -0. | -0. |
| -0. | -0. | -0. || -0. | -0. | -0. || -0. | -0. | -0. |
| -1. | -0. | -0. ||  1. | -0. | -0. || -1. | -0. | -0. |


Determined best move using: 64929Iterations
current State

|  0. |  0. |  0. ||  1. |  0. |  0. ||  1. |  0. | -1. |
| -1. |  0. |  0. ||  0. |  0. |  0. ||  0. |  1. |  0. |
|  0. |  1. | -1. ||  0. |  0. |  0. ||  0. |  1. |  0. |
|=====+=====+=====||=====+=====+=====||=====+=====+=====|
|* 0. |* 0. |* 0. ||  0. |  0. |  0. ||  0. |  0. | -1. |
|* 0. |* 0. |* 1. ||  0. |  0. | -1. || -1. |  0. |  1. |
|* 0. |* 0. |* 0. ||  0. |  0. |  0. ||  0. |  0. |  0. |
|=====+=====+=====||=====+=====+=====||=====+=====+=====|
| -1. |  0. | -1. ||  0. | -1. |  1. ||  0. |  0. |  0. |
|  0. |  0. |  0. ||  0. |  0. |  0. ||  0. |  0. |  0. |
|  1. |  0. |  0. || -1. |  0. |  0. ||  1. |  0. |  0. |


state to eval, currenty is playerone turn=true

|  0. |  0. |  0. ||  1. |  0. |  0. ||  1. |  0. | -1. |
| -1. |  0. |  0. ||  0. |  0. |  0. ||  0. |  1. |  0. |
|  0. |  1. | -1. ||  0. |  0. |  0. ||  0. |  1. |  0. |
|=====+=====+=====||=====+=====+=====||=====+=====+=====|
|* 0. |* 0. |* 0. ||  0. |  0. |  0. ||  0. |  0. | -1. |
|* 0. |* 0. |* 1. ||  0. |  0. | -1. || -1. |  0. |  1. |
|* 0. |* 0. |* 0. ||  0. |  0. |  0. ||  0. |  0. |  0. |
|=====+=====+=====||=====+=====+=====||=====+=====+=====|
| -1. |  0. | -1. ||  0. | -1. |  1. ||  0. |  0. |  0. |
|  0. |  0. |  0. ||  0. |  0. |  0. ||  0. |  0. |  0. |
|  1. |  0. |  0. || -1. |  0. |  0. ||  1. |  0. |  0. |


Determined best move using: 93080Iterations
Determined best move using: 64684Iterations
current State

|  0. |  0. |  0. ||  1. |  0. |  0. ||  1. |  0. | -1. |
| -1. |  0. |  0. ||  0. |  0. |  0. ||  0. |  1. |  0. |
|  0. |  1. | -1. ||  0. |  0. |  0. ||  0. |  1. |  0. |
|=====+=====+=====||=====+=====+=====||=====+=====+=====|
|  0. |  0. |  0. ||  0. |  0. |  0. ||  0. |  0. | -1. |
|  0. |  0. |  1. ||  0. |  0. | -1. || -1. |  0. |  1. |
|  0. |  0. |  1. ||  0. |  0. |  0. ||  0. |  0. |  0. |
|=====+=====+=====||=====+=====+=====||=====+=====+=====|
| -1. |  0. | -1. ||  0. | -1. |  1. ||* 0. |* 0. |* 0. |
|  0. |  0. |  0. ||  0. |  0. |  0. ||* 0. |* 0. |* 0. |
|  1. |  0. |  0. || -1. |  0. |  0. ||* 1. |* 0. |* 0. |


state to eval, currenty is playerone turn=false

| -0. | -0. | -0. || -1. | -0. | -0. || -1. | -0. |  1. |
|  1. | -0. | -0. || -0. | -0. | -0. || -0. | -1. | -0. |
| -0. | -1. |  1. || -0. | -0. | -0. || -0. | -1. | -0. |
|=====+=====+=====||=====+=====+=====||=====+=====+=====|
| -0. | -0. | -0. || -0. | -0. | -0. || -0. | -0. |  1. |
| -0. | -0. | -1. || -0. | -0. |  1. ||  1. | -0. | -1. |
| -0. | -0. | -1. || -0. | -0. | -0. || -0. | -0. | -0. |
|=====+=====+=====||=====+=====+=====||=====+=====+=====|
|  1. | -0. |  1. || -0. |  1. | -1. ||*-0. |*-0. |*-0. |
| -0. | -0. | -0. || -0. | -0. | -0. ||*-0. |*-0. |*-0. |
| -1. | -0. | -0. ||  1. | -0. | -0. ||*-1. |*-0. |*-0. |


current State

|* 0. |* 0. |* 0. ||  1. |  0. |  0. ||  1. |  0. | -1. |
|*-1. |* 0. |* 0. ||  0. |  0. |  0. ||  0. |  1. |  0. |
|* 0. |* 1. |*-1. ||  0. |  0. |  0. ||  0. |  1. |  0. |
|=====+=====+=====||=====+=====+=====||=====+=====+=====|
|  0. |  0. |  0. ||  0. |  0. |  0. ||  0. |  0. | -1. |
|  0. |  0. |  1. ||  0. |  0. | -1. || -1. |  0. |  1. |
|  0. |  0. |  1. ||  0. |  0. |  0. ||  0. |  0. |  0. |
|=====+=====+=====||=====+=====+=====||=====+=====+=====|
| -1. |  0. | -1. ||  0. | -1. |  1. || -1. |  0. |  0. |
|  0. |  0. |  0. ||  0. |  0. |  0. ||  0. |  0. |  0. |
|  1. |  0. |  0. || -1. |  0. |  0. ||  1. |  0. |  0. |


state to eval, currenty is playerone turn=true

|* 0. |* 0. |* 0. ||  1. |  0. |  0. ||  1. |  0. | -1. |
|*-1. |* 0. |* 0. ||  0. |  0. |  0. ||  0. |  1. |  0. |
|* 0. |* 1. |*-1. ||  0. |  0. |  0. ||  0. |  1. |  0. |
|=====+=====+=====||=====+=====+=====||=====+=====+=====|
|  0. |  0. |  0. ||  0. |  0. |  0. ||  0. |  0. | -1. |
|  0. |  0. |  1. ||  0. |  0. | -1. || -1. |  0. |  1. |
|  0. |  0. |  1. ||  0. |  0. |  0. ||  0. |  0. |  0. |
|=====+=====+=====||=====+=====+=====||=====+=====+=====|
| -1. |  0. | -1. ||  0. | -1. |  1. || -1. |  0. |  0. |
|  0. |  0. |  0. ||  0. |  0. |  0. ||  0. |  0. |  0. |
|  1. |  0. |  0. || -1. |  0. |  0. ||  1. |  0. |  0. |


current State

|* 1. |* 0. |* 0. ||  1. |  0. |  0. ||  1. |  0. | -1. |
|*-1. |* 0. |* 0. ||  0. |  0. |  0. ||  0. |  1. |  0. |
|* 0. |* 1. |*-1. ||  0. |  0. |  0. ||  0. |  1. |  0. |
|=====+=====+=====||=====+=====+=====||=====+=====+=====|
|  0. |  0. |  0. ||  0. |  0. |  0. ||  0. |  0. | -1. |
|  0. |  0. |  1. ||  0. |  0. | -1. || -1. |  0. |  1. |
|  0. |  0. |  1. ||  0. |  0. |  0. ||  0. |  0. |  0. |
|=====+=====+=====||=====+=====+=====||=====+=====+=====|
| -1. |  0. | -1. ||  0. | -1. |  1. || -1. |  0. |  0. |
|  0. |  0. |  0. ||  0. |  0. |  0. ||  0. |  0. |  0. |
|  1. |  0. |  0. || -1. |  0. |  0. ||  1. |  0. |  0. |


state to eval, currenty is playerone turn=false

|*-1. |*-0. |*-0. || -1. | -0. | -0. || -1. | -0. |  1. |
|* 1. |*-0. |*-0. || -0. | -0. | -0. || -0. | -1. | -0. |
|*-0. |*-1. |* 1. || -0. | -0. | -0. || -0. | -1. | -0. |
|=====+=====+=====||=====+=====+=====||=====+=====+=====|
| -0. | -0. | -0. || -0. | -0. | -0. || -0. | -0. |  1. |
| -0. | -0. | -1. || -0. | -0. |  1. ||  1. | -0. | -1. |
| -0. | -0. | -1. || -0. | -0. | -0. || -0. | -0. | -0. |
|=====+=====+=====||=====+=====+=====||=====+=====+=====|
|  1. | -0. |  1. || -0. |  1. | -1. ||  1. | -0. | -0. |
| -0. | -0. | -0. || -0. | -0. | -0. || -0. | -0. | -0. |
| -1. | -0. | -0. ||  1. | -0. | -0. || -1. | -0. | -0. |


current State

|  1. | -1. |  0. ||* 1. |* 0. |* 0. ||  1. |  0. | -1. |
| -1. |  0. |  0. ||* 0. |* 0. |* 0. ||  0. |  1. |  0. |
|  0. |  1. | -1. ||* 0. |* 0. |* 0. ||  0. |  1. |  0. |
|=====+=====+=====||=====+=====+=====||=====+=====+=====|
|  0. |  0. |  0. ||  0. |  0. |  0. ||  0. |  0. | -1. |
|  0. |  0. |  1. ||  0. |  0. | -1. || -1. |  0. |  1. |
|  0. |  0. |  1. ||  0. |  0. |  0. ||  0. |  0. |  0. |
|=====+=====+=====||=====+=====+=====||=====+=====+=====|
| -1. |  0. | -1. ||  0. | -1. |  1. || -1. |  0. |  0. |
|  0. |  0. |  0. ||  0. |  0. |  0. ||  0. |  0. |  0. |
|  1. |  0. |  0. || -1. |  0. |  0. ||  1. |  0. |  0. |


state to eval, currenty is playerone turn=true

|  1. | -1. |  0. ||* 1. |* 0. |* 0. ||  1. |  0. | -1. |
| -1. |  0. |  0. ||* 0. |* 0. |* 0. ||  0. |  1. |  0. |
|  0. |  1. | -1. ||* 0. |* 0. |* 0. ||  0. |  1. |  0. |
|=====+=====+=====||=====+=====+=====||=====+=====+=====|
|  0. |  0. |  0. ||  0. |  0. |  0. ||  0. |  0. | -1. |
|  0. |  0. |  1. ||  0. |  0. | -1. || -1. |  0. |  1. |
|  0. |  0. |  1. ||  0. |  0. |  0. ||  0. |  0. |  0. |
|=====+=====+=====||=====+=====+=====||=====+=====+=====|
| -1. |  0. | -1. ||  0. | -1. |  1. || -1. |  0. |  0. |
|  0. |  0. |  0. ||  0. |  0. |  0. ||  0. |  0. |  0. |
|  1. |  0. |  0. || -1. |  0. |  0. ||  1. |  0. |  0. |


current State

|  1. | -1. |  0. ||* 1. |* 1. |* 0. ||  1. |  0. | -1. |
| -1. |  0. |  0. ||* 0. |* 0. |* 0. ||  0. |  1. |  0. |
|  0. |  1. | -1. ||* 0. |* 0. |* 0. ||  0. |  1. |  0. |
|=====+=====+=====||=====+=====+=====||=====+=====+=====|
|  0. |  0. |  0. ||  0. |  0. |  0. ||  0. |  0. | -1. |
|  0. |  0. |  1. ||  0. |  0. | -1. || -1. |  0. |  1. |
|  0. |  0. |  1. ||  0. |  0. |  0. ||  0. |  0. |  0. |
|=====+=====+=====||=====+=====+=====||=====+=====+=====|
| -1. |  0. | -1. ||  0. | -1. |  1. || -1. |  0. |  0. |
|  0. |  0. |  0. ||  0. |  0. |  0. ||  0. |  0. |  0. |
|  1. |  0. |  0. || -1. |  0. |  0. ||  1. |  0. |  0. |


state to eval, currenty is playerone turn=false

| -1. |  1. | -0. ||*-1. |*-1. |*-0. || -1. | -0. |  1. |
|  1. | -0. | -0. ||*-0. |*-0. |*-0. || -0. | -1. | -0. |
| -0. | -1. |  1. ||*-0. |*-0. |*-0. || -0. | -1. | -0. |
|=====+=====+=====||=====+=====+=====||=====+=====+=====|
| -0. | -0. | -0. || -0. | -0. | -0. || -0. | -0. |  1. |
| -0. | -0. | -1. || -0. | -0. |  1. ||  1. | -0. | -1. |
| -0. | -0. | -1. || -0. | -0. | -0. || -0. | -0. | -0. |
|=====+=====+=====||=====+=====+=====||=====+=====+=====|
|  1. | -0. |  1. || -0. |  1. | -1. ||  1. | -0. | -0. |
| -0. | -0. | -0. || -0. | -0. | -0. || -0. | -0. | -0. |
| -1. | -0. | -0. ||  1. | -0. | -0. || -1. | -0. | -0. |


current State

|  1. | -1. |  0. ||  1. |  1. |  0. ||  1. |  0. | -1. |
| -1. |  0. |  0. ||  0. | -1. |  0. ||  0. |  1. |  0. |
|  0. |  1. | -1. ||  0. |  0. |  0. ||  0. |  1. |  0. |
|=====+=====+=====||=====+=====+=====||=====+=====+=====|
|  0. |  0. |  0. ||* 0. |* 0. |* 0. ||  0. |  0. | -1. |
|  0. |  0. |  1. ||* 0. |* 0. |*-1. || -1. |  0. |  1. |
|  0. |  0. |  1. ||* 0. |* 0. |* 0. ||  0. |  0. |  0. |
|=====+=====+=====||=====+=====+=====||=====+=====+=====|
| -1. |  0. | -1. ||  0. | -1. |  1. || -1. |  0. |  0. |
|  0. |  0. |  0. ||  0. |  0. |  0. ||  0. |  0. |  0. |
|  1. |  0. |  0. || -1. |  0. |  0. ||  1. |  0. |  0. |


state to eval, currenty is playerone turn=true

|  1. | -1. |  0. ||  1. |  1. |  0. ||  1. |  0. | -1. |
| -1. |  0. |  0. ||  0. | -1. |  0. ||  0. |  1. |  0. |
|  0. |  1. | -1. ||  0. |  0. |  0. ||  0. |  1. |  0. |
|=====+=====+=====||=====+=====+=====||=====+=====+=====|
|  0. |  0. |  0. ||* 0. |* 0. |* 0. ||  0. |  0. | -1. |
|  0. |  0. |  1. ||* 0. |* 0. |*-1. || -1. |  0. |  1. |
|  0. |  0. |  1. ||* 0. |* 0. |* 0. ||  0. |  0. |  0. |
|=====+=====+=====||=====+=====+=====||=====+=====+=====|
| -1. |  0. | -1. ||  0. | -1. |  1. || -1. |  0. |  0. |
|  0. |  0. |  0. ||  0. |  0. |  0. ||  0. |  0. |  0. |
|  1. |  0. |  0. || -1. |  0. |  0. ||  1. |  0. |  0. |


Determined best move using: 108742Iterations
current State

|  1. | -1. |  0. ||  1. |  1. |  0. ||  1. |  0. | -1. |
| -1. |  0. |  0. ||  0. | -1. |  0. ||  0. |  1. |  0. |
|  0. |  1. | -1. ||  0. |  0. |  0. ||  0. |  1. |  0. |
|=====+=====+=====||=====+=====+=====||=====+=====+=====|
|* 0. |* 0. |* 0. ||  0. |  0. |  0. ||  0. |  0. | -1. |
|* 0. |* 0. |* 1. ||  1. |  0. | -1. || -1. |  0. |  1. |
|* 0. |* 0. |* 1. ||  0. |  0. |  0. ||  0. |  0. |  0. |
|=====+=====+=====||=====+=====+=====||=====+=====+=====|
| -1. |  0. | -1. ||  0. | -1. |  1. || -1. |  0. |  0. |
|  0. |  0. |  0. ||  0. |  0. |  0. ||  0. |  0. |  0. |
|  1. |  0. |  0. || -1. |  0. |  0. ||  1. |  0. |  0. |


state to eval, currenty is playerone turn=false

| -1. |  1. | -0. || -1. | -1. | -0. || -1. | -0. |  1. |
|  1. | -0. | -0. || -0. |  1. | -0. || -0. | -1. | -0. |
| -0. | -1. |  1. || -0. | -0. | -0. || -0. | -1. | -0. |
|=====+=====+=====||=====+=====+=====||=====+=====+=====|
|*-0. |*-0. |*-0. || -0. | -0. | -0. || -0. | -0. |  1. |
|*-0. |*-0. |*-1. || -1. | -0. |  1. ||  1. | -0. | -1. |
|*-0. |*-0. |*-1. || -0. | -0. | -0. || -0. | -0. | -0. |
|=====+=====+=====||=====+=====+=====||=====+=====+=====|
|  1. | -0. |  1. || -0. |  1. | -1. ||  1. | -0. | -0. |
| -0. | -0. | -0. || -0. | -0. | -0. || -0. | -0. | -0. |
| -1. | -0. | -0. ||  1. | -0. | -0. || -1. | -0. | -0. |


current State

|  1. | -1. |  0. ||  1. |  1. |  0. ||* 1. |* 0. |*-1. |
| -1. |  0. |  0. ||  0. | -1. |  0. ||* 0. |* 1. |* 0. |
|  0. |  1. | -1. ||  0. |  0. |  0. ||* 0. |* 1. |* 0. |
|=====+=====+=====||=====+=====+=====||=====+=====+=====|
|  0. |  0. | -1. ||  0. |  0. |  0. ||  0. |  0. | -1. |
|  0. |  0. |  1. ||  1. |  0. | -1. || -1. |  0. |  1. |
|  0. |  0. |  1. ||  0. |  0. |  0. ||  0. |  0. |  0. |
|=====+=====+=====||=====+=====+=====||=====+=====+=====|
| -1. |  0. | -1. ||  0. | -1. |  1. || -1. |  0. |  0. |
|  0. |  0. |  0. ||  0. |  0. |  0. ||  0. |  0. |  0. |
|  1. |  0. |  0. || -1. |  0. |  0. ||  1. |  0. |  0. |


state to eval, currenty is playerone turn=true

|  1. | -1. |  0. ||  1. |  1. |  0. ||* 1. |* 0. |*-1. |
| -1. |  0. |  0. ||  0. | -1. |  0. ||* 0. |* 1. |* 0. |
|  0. |  1. | -1. ||  0. |  0. |  0. ||* 0. |* 1. |* 0. |
|=====+=====+=====||=====+=====+=====||=====+=====+=====|
|  0. |  0. | -1. ||  0. |  0. |  0. ||  0. |  0. | -1. |
|  0. |  0. |  1. ||  1. |  0. | -1. || -1. |  0. |  1. |
|  0. |  0. |  1. ||  0. |  0. |  0. ||  0. |  0. |  0. |
|=====+=====+=====||=====+=====+=====||=====+=====+=====|
| -1. |  0. | -1. ||  0. | -1. |  1. || -1. |  0. |  0. |
|  0. |  0. |  0. ||  0. |  0. |  0. ||  0. |  0. |  0. |
|  1. |  0. |  0. || -1. |  0. |  0. ||  1. |  0. |  0. |


current State

|  1. | -1. |  0. ||* 1. |* 1. |* 0. ||  1. |  1. | -1. |
| -1. |  0. |  0. ||* 0. |*-1. |* 0. ||  0. |  1. |  0. |
|  0. |  1. | -1. ||* 0. |* 0. |* 0. ||  0. |  1. |  0. |
|=====+=====+=====||=====+=====+=====||=====+=====+=====|
|  0. |  0. | -1. ||  0. |  0. |  0. ||  0. |  0. | -1. |
|  0. |  0. |  1. ||  1. |  0. | -1. || -1. |  0. |  1. |
|  0. |  0. |  1. ||  0. |  0. |  0. ||  0. |  0. |  0. |
|=====+=====+=====||=====+=====+=====||=====+=====+=====|
| -1. |  0. | -1. ||  0. | -1. |  1. || -1. |  0. |  0. |
|  0. |  0. |  0. ||  0. |  0. |  0. ||  0. |  0. |  0. |
|  1. |  0. |  0. || -1. |  0. |  0. ||  1. |  0. |  0. |


state to eval, currenty is playerone turn=false

| -1. |  1. | -0. ||*-1. |*-1. |*-0. || -1. | -1. |  1. |
|  1. | -0. | -0. ||*-0. |* 1. |*-0. || -0. | -1. | -0. |
| -0. | -1. |  1. ||*-0. |*-0. |*-0. || -0. | -1. | -0. |
|=====+=====+=====||=====+=====+=====||=====+=====+=====|
| -0. | -0. |  1. || -0. | -0. | -0. || -0. | -0. |  1. |
| -0. | -0. | -1. || -1. | -0. |  1. ||  1. | -0. | -1. |
| -0. | -0. | -1. || -0. | -0. | -0. || -0. | -0. | -0. |
|=====+=====+=====||=====+=====+=====||=====+=====+=====|
|  1. | -0. |  1. || -0. |  1. | -1. ||  1. | -0. | -0. |
| -0. | -0. | -0. || -0. | -0. | -0. || -0. | -0. | -0. |
| -1. | -0. | -0. ||  1. | -0. | -0. || -1. | -0. | -0. |


current State

|  1. | -1. |  0. ||  1. |  1. |  0. ||  1. |  1. | -1. |
| -1. |  0. |  0. || -1. | -1. |  0. ||  0. |  1. |  0. |
|  0. |  1. | -1. ||  0. |  0. |  0. ||  0. |  1. |  0. |
|=====+=====+=====||=====+=====+=====||=====+=====+=====|
|* 0. |* 0. |*-1. ||  0. |  0. |  0. ||  0. |  0. | -1. |
|* 0. |* 0. |* 1. ||  1. |  0. | -1. || -1. |  0. |  1. |
|* 0. |* 0. |* 1. ||  0. |  0. |  0. ||  0. |  0. |  0. |
|=====+=====+=====||=====+=====+=====||=====+=====+=====|
| -1. |  0. | -1. ||  0. | -1. |  1. || -1. |  0. |  0. |
|  0. |  0. |  0. ||  0. |  0. |  0. ||  0. |  0. |  0. |
|  1. |  0. |  0. || -1. |  0. |  0. ||  1. |  0. |  0. |


state to eval, currenty is playerone turn=true

|  1. | -1. |  0. ||  1. |  1. |  0. ||  1. |  1. | -1. |
| -1. |  0. |  0. || -1. | -1. |  0. ||  0. |  1. |  0. |
|  0. |  1. | -1. ||  0. |  0. |  0. ||  0. |  1. |  0. |
|=====+=====+=====||=====+=====+=====||=====+=====+=====|
|* 0. |* 0. |*-1. ||  0. |  0. |  0. ||  0. |  0. | -1. |
|* 0. |* 0. |* 1. ||  1. |  0. | -1. || -1. |  0. |  1. |
|* 0. |* 0. |* 1. ||  0. |  0. |  0. ||  0. |  0. |  0. |
|=====+=====+=====||=====+=====+=====||=====+=====+=====|
| -1. |  0. | -1. ||  0. | -1. |  1. || -1. |  0. |  0. |
|  0. |  0. |  0. ||  0. |  0. |  0. ||  0. |  0. |  0. |
|  1. |  0. |  0. || -1. |  0. |  0. ||  1. |  0. |  0. |


current State

|  1. | -1. |  0. ||  1. |  1. |  0. ||  1. |  1. | -1. |
| -1. |  0. |  0. || -1. | -1. |  0. ||  0. |  1. |  0. |
|  0. |  1. | -1. ||  0. |  0. |  0. ||  0. |  1. |  0. |
|=====+=====+=====||=====+=====+=====||=====+=====+=====|
|  0. |  0. | -1. ||* 0. |* 0. |* 0. ||  0. |  0. | -1. |
|  0. |  1. |  1. ||* 1. |* 0. |*-1. || -1. |  0. |  1. |
|  0. |  0. |  1. ||* 0. |* 0. |* 0. ||  0. |  0. |  0. |
|=====+=====+=====||=====+=====+=====||=====+=====+=====|
| -1. |  0. | -1. ||  0. | -1. |  1. || -1. |  0. |  0. |
|  0. |  0. |  0. ||  0. |  0. |  0. ||  0. |  0. |  0. |
|  1. |  0. |  0. || -1. |  0. |  0. ||  1. |  0. |  0. |


state to eval, currenty is playerone turn=false

| -1. |  1. | -0. || -1. | -1. | -0. || -1. | -1. |  1. |
|  1. | -0. | -0. ||  1. |  1. | -0. || -0. | -1. | -0. |
| -0. | -1. |  1. || -0. | -0. | -0. || -0. | -1. | -0. |
|=====+=====+=====||=====+=====+=====||=====+=====+=====|
| -0. | -0. |  1. ||*-0. |*-0. |*-0. || -0. | -0. |  1. |
| -0. | -1. | -1. ||*-1. |*-0. |* 1. ||  1. | -0. | -1. |
| -0. | -0. | -1. ||*-0. |*-0. |*-0. || -0. | -0. | -0. |
|=====+=====+=====||=====+=====+=====||=====+=====+=====|
|  1. | -0. |  1. || -0. |  1. | -1. ||  1. | -0. | -0. |
| -0. | -0. | -0. || -0. | -0. | -0. || -0. | -0. | -0. |
| -1. | -0. | -0. ||  1. | -0. | -0. || -1. | -0. | -0. |


Determined best move using: 124238Iterations
current State

|* 1. |*-1. |* 0. ||* 1. |* 1. |* 0. ||  1. |  1. | -1. |
|*-1. |* 0. |* 0. ||*-1. |*-1. |* 0. ||  0. |  1. |  0. |
|* 0. |* 1. |*-1. ||* 0. |* 0. |* 0. ||  0. |  1. |  0. |
|=====+=====+=====||=====+=====+=====||=====+=====+=====|
|* 0. |* 0. |*-1. ||* 0. |* 0. |*-1. ||* 0. |* 0. |*-1. |
|* 0. |* 1. |* 1. ||* 1. |* 0. |*-1. ||*-1. |* 0. |* 1. |
|* 0. |* 0. |* 1. ||* 0. |* 0. |* 0. ||* 0. |* 0. |* 0. |
|=====+=====+=====||=====+=====+=====||=====+=====+=====|
|*-1. |* 0. |*-1. ||* 0. |*-1. |* 1. ||*-1. |* 0. |* 0. |
|* 0. |* 0. |* 0. ||* 0. |* 0. |* 0. ||* 0. |* 0. |* 0. |
|* 1. |* 0. |* 0. ||*-1. |* 0. |* 0. ||* 1. |* 0. |* 0. |


state to eval, currenty is playerone turn=true

|* 1. |*-1. |* 0. ||* 1. |* 1. |* 0. ||  1. |  1. | -1. |
|*-1. |* 0. |* 0. ||*-1. |*-1. |* 0. ||  0. |  1. |  0. |
|* 0. |* 1. |*-1. ||* 0. |* 0. |* 0. ||  0. |  1. |  0. |
|=====+=====+=====||=====+=====+=====||=====+=====+=====|
|* 0. |* 0. |*-1. ||* 0. |* 0. |*-1. ||* 0. |* 0. |*-1. |
|* 0. |* 1. |* 1. ||* 1. |* 0. |*-1. ||*-1. |* 0. |* 1. |
|* 0. |* 0. |* 1. ||* 0. |* 0. |* 0. ||* 0. |* 0. |* 0. |
|=====+=====+=====||=====+=====+=====||=====+=====+=====|
|*-1. |* 0. |*-1. ||* 0. |*-1. |* 1. ||*-1. |* 0. |* 0. |
|* 0. |* 0. |* 0. ||* 0. |* 0. |* 0. ||* 0. |* 0. |* 0. |
|* 1. |* 0. |* 0. ||*-1. |* 0. |* 0. ||* 1. |* 0. |* 0. |


Determined best move using: 130200Iterations
current State

|  1. | -1. |  0. ||  1. |  1. |  0. ||  1. |  1. | -1. |
| -1. |  0. |  0. || -1. | -1. |  0. ||  0. |  1. |  0. |
|  0. |  1. | -1. ||  0. |  0. |  0. ||  0. |  1. |  0. |
|=====+=====+=====||=====+=====+=====||=====+=====+=====|
|  0. |  0. | -1. ||* 0. |* 0. |*-1. ||  0. |  0. | -1. |
|  0. |  1. |  1. ||* 1. |* 0. |*-1. || -1. |  0. |  1. |
|  0. |  0. |  1. ||* 0. |* 0. |* 0. ||  0. |  0. |  0. |
|=====+=====+=====||=====+=====+=====||=====+=====+=====|
| -1. |  0. | -1. ||  0. | -1. |  1. || -1. |  0. |  0. |
|  0. |  1. |  0. ||  0. |  0. |  0. ||  0. |  0. |  0. |
|  1. |  0. |  0. || -1. |  0. |  0. ||  1. |  0. |  0. |


state to eval, currenty is playerone turn=false

| -1. |  1. | -0. || -1. | -1. | -0. || -1. | -1. |  1. |
|  1. | -0. | -0. ||  1. |  1. | -0. || -0. | -1. | -0. |
| -0. | -1. |  1. || -0. | -0. | -0. || -0. | -1. | -0. |
|=====+=====+=====||=====+=====+=====||=====+=====+=====|
| -0. | -0. |  1. ||*-0. |*-0. |* 1. || -0. | -0. |  1. |
| -0. | -1. | -1. ||*-1. |*-0. |* 1. ||  1. | -0. | -1. |
| -0. | -0. | -1. ||*-0. |*-0. |*-0. || -0. | -0. | -0. |
|=====+=====+=====||=====+=====+=====||=====+=====+=====|
|  1. | -0. |  1. || -0. |  1. | -1. ||  1. | -0. | -0. |
| -0. | -1. | -0. || -0. | -0. | -0. || -0. | -0. | -0. |
| -1. | -0. | -0. ||  1. | -0. | -0. || -1. | -0. | -0. |


Determined best move using: 132580Iterations
current State

|  1. | -1. |  0. ||  1. |  1. |  0. ||  1. |  1. | -1. |
| -1. |  0. |  0. || -1. | -1. |  0. ||  0. |  1. |  0. |
|  0. |  1. | -1. ||  0. |  0. |  0. ||  0. |  1. |  0. |
|=====+=====+=====||=====+=====+=====||=====+=====+=====|
|  0. |  0. | -1. ||  0. |  0. | -1. ||  0. |  0. | -1. |
|  0. |  1. |  1. ||  1. |  0. | -1. || -1. |  0. |  1. |
|  0. |  0. |  1. ||  0. | -1. |  0. ||  0. |  0. |  0. |
|=====+=====+=====||=====+=====+=====||=====+=====+=====|
| -1. |  0. | -1. ||* 0. |*-1. |* 1. || -1. |  0. |  0. |
|  0. |  1. |  0. ||* 0. |* 0. |* 0. ||  0. |  0. |  0. |
|  1. |  0. |  0. ||*-1. |* 0. |* 0. ||  1. |  0. |  0. |


state to eval, currenty is playerone turn=true

|  1. | -1. |  0. ||  1. |  1. |  0. ||  1. |  1. | -1. |
| -1. |  0. |  0. || -1. | -1. |  0. ||  0. |  1. |  0. |
|  0. |  1. | -1. ||  0. |  0. |  0. ||  0. |  1. |  0. |
|=====+=====+=====||=====+=====+=====||=====+=====+=====|
|  0. |  0. | -1. ||  0. |  0. | -1. ||  0. |  0. | -1. |
|  0. |  1. |  1. ||  1. |  0. | -1. || -1. |  0. |  1. |
|  0. |  0. |  1. ||  0. | -1. |  0. ||  0. |  0. |  0. |
|=====+=====+=====||=====+=====+=====||=====+=====+=====|
| -1. |  0. | -1. ||* 0. |*-1. |* 1. || -1. |  0. |  0. |
|  0. |  1. |  0. ||* 0. |* 0. |* 0. ||  0. |  0. |  0. |
|  1. |  0. |  0. ||*-1. |* 0. |* 0. ||  1. |  0. |  0. |


current State

|* 1. |*-1. |* 0. ||  1. |  1. |  0. ||  1. |  1. | -1. |
|*-1. |* 0. |* 0. || -1. | -1. |  0. ||  0. |  1. |  0. |
|* 0. |* 1. |*-1. ||  0. |  0. |  0. ||  0. |  1. |  0. |
|=====+=====+=====||=====+=====+=====||=====+=====+=====|
|  0. |  0. | -1. ||  0. |  0. | -1. ||  0. |  0. | -1. |
|  0. |  1. |  1. ||  1. |  0. | -1. || -1. |  0. |  1. |
|  0. |  0. |  1. ||  0. | -1. |  0. ||  0. |  0. |  0. |
|=====+=====+=====||=====+=====+=====||=====+=====+=====|
| -1. |  0. | -1. ||  1. | -1. |  1. || -1. |  0. |  0. |
|  0. |  1. |  0. ||  0. |  0. |  0. ||  0. |  0. |  0. |
|  1. |  0. |  0. || -1. |  0. |  0. ||  1. |  0. |  0. |


state to eval, currenty is playerone turn=false

|*-1. |* 1. |*-0. || -1. | -1. | -0. || -1. | -1. |  1. |
|* 1. |*-0. |*-0. ||  1. |  1. | -0. || -0. | -1. | -0. |
|*-0. |*-1. |* 1. || -0. | -0. | -0. || -0. | -1. | -0. |
|=====+=====+=====||=====+=====+=====||=====+=====+=====|
| -0. | -0. |  1. || -0. | -0. |  1. || -0. | -0. |  1. |
| -0. | -1. | -1. || -1. | -0. |  1. ||  1. | -0. | -1. |
| -0. | -0. | -1. || -0. |  1. | -0. || -0. | -0. | -0. |
|=====+=====+=====||=====+=====+=====||=====+=====+=====|
|  1. | -0. |  1. || -1. |  1. | -1. ||  1. | -0. | -0. |
| -0. | -1. | -0. || -0. | -0. | -0. || -0. | -0. | -0. |
| -1. | -0. | -0. ||  1. | -0. | -0. || -1. | -0. | -0. |


current State

|  1. | -1. |  0. ||  1. |  1. |  0. ||  1. |  1. | -1. |
| -1. |  0. | -1. || -1. | -1. |  0. ||  0. |  1. |  0. |
|  0. |  1. | -1. ||  0. |  0. |  0. ||  0. |  1. |  0. |
|=====+=====+=====||=====+=====+=====||=====+=====+=====|
|  0. |  0. | -1. ||  0. |  0. | -1. ||* 0. |* 0. |*-1. |
|  0. |  1. |  1. ||  1. |  0. | -1. ||*-1. |* 0. |* 1. |
|  0. |  0. |  1. ||  0. | -1. |  0. ||* 0. |* 0. |* 0. |
|=====+=====+=====||=====+=====+=====||=====+=====+=====|
| -1. |  0. | -1. ||  1. | -1. |  1. || -1. |  0. |  0. |
|  0. |  1. |  0. ||  0. |  0. |  0. ||  0. |  0. |  0. |
|  1. |  0. |  0. || -1. |  0. |  0. ||  1. |  0. |  0. |


state to eval, currenty is playerone turn=true

|  1. | -1. |  0. ||  1. |  1. |  0. ||  1. |  1. | -1. |
| -1. |  0. | -1. || -1. | -1. |  0. ||  0. |  1. |  0. |
|  0. |  1. | -1. ||  0. |  0. |  0. ||  0. |  1. |  0. |
|=====+=====+=====||=====+=====+=====||=====+=====+=====|
|  0. |  0. | -1. ||  0. |  0. | -1. ||* 0. |* 0. |*-1. |
|  0. |  1. |  1. ||  1. |  0. | -1. ||*-1. |* 0. |* 1. |
|  0. |  0. |  1. ||  0. | -1. |  0. ||* 0. |* 0. |* 0. |
|=====+=====+=====||=====+=====+=====||=====+=====+=====|
| -1. |  0. | -1. ||  1. | -1. |  1. || -1. |  0. |  0. |
|  0. |  1. |  0. ||  0. |  0. |  0. ||  0. |  0. |  0. |
|  1. |  0. |  0. || -1. |  0. |  0. ||  1. |  0. |  0. |


current State

|  1. | -1. |  0. ||  1. |  1. |  0. ||  1. |  1. | -1. |
| -1. |  0. | -1. || -1. | -1. |  0. ||  0. |  1. |  0. |
|  0. |  1. | -1. ||  0. |  0. |  0. ||  0. |  1. |  0. |
|=====+=====+=====||=====+=====+=====||=====+=====+=====|
|  0. |  0. | -1. ||  0. |  0. | -1. ||  0. |  0. | -1. |
|  0. |  1. |  1. ||  1. |  0. | -1. || -1. |  0. |  1. |
|  0. |  0. |  1. ||  0. | -1. |  0. ||  1. |  0. |  0. |
|=====+=====+=====||=====+=====+=====||=====+=====+=====|
|*-1. |* 0. |*-1. ||  1. | -1. |  1. || -1. |  0. |  0. |
|* 0. |* 1. |* 0. ||  0. |  0. |  0. ||  0. |  0. |  0. |
|* 1. |* 0. |* 0. || -1. |  0. |  0. ||  1. |  0. |  0. |


state to eval, currenty is playerone turn=false

| -1. |  1. | -0. || -1. | -1. | -0. || -1. | -1. |  1. |
|  1. | -0. |  1. ||  1. |  1. | -0. || -0. | -1. | -0. |
| -0. | -1. |  1. || -0. | -0. | -0. || -0. | -1. | -0. |
|=====+=====+=====||=====+=====+=====||=====+=====+=====|
| -0. | -0. |  1. || -0. | -0. |  1. || -0. | -0. |  1. |
| -0. | -1. | -1. || -1. | -0. |  1. ||  1. | -0. | -1. |
| -0. | -0. | -1. || -0. |  1. | -0. || -1. | -0. | -0. |
|=====+=====+=====||=====+=====+=====||=====+=====+=====|
|* 1. |*-0. |* 1. || -1. |  1. | -1. ||  1. | -0. | -0. |
|*-0. |*-1. |*-0. || -0. | -0. | -0. || -0. | -0. | -0. |
|*-1. |*-0. |*-0. ||  1. | -0. | -0. || -1. | -0. | -0. |


Determined best move using: 92467Iterations
current State

|  1. | -1. |  0. ||  1. |  1. |  0. ||  1. |  1. | -1. |
| -1. |  0. | -1. || -1. | -1. |  0. ||  0. |  1. |  0. |
|  0. |  1. | -1. ||  0. |  0. |  0. ||  0. |  1. |  0. |
|=====+=====+=====||=====+=====+=====||=====+=====+=====|
|  0. |  0. | -1. ||  0. |  0. | -1. ||* 0. |* 0. |*-1. |
|  0. |  1. |  1. ||  1. |  0. | -1. ||*-1. |* 0. |* 1. |
|  0. |  0. |  1. ||  0. | -1. |  0. ||* 1. |* 0. |* 0. |
|=====+=====+=====||=====+=====+=====||=====+=====+=====|
| -1. |  0. | -1. ||  1. | -1. |  1. || -1. |  0. |  0. |
|  0. |  1. | -1. ||  0. |  0. |  0. ||  0. |  0. |  0. |
|  1. |  0. |  0. || -1. |  0. |  0. ||  1. |  0. |  0. |


state to eval, currenty is playerone turn=true

|  1. | -1. |  0. ||  1. |  1. |  0. ||  1. |  1. | -1. |
| -1. |  0. | -1. || -1. | -1. |  0. ||  0. |  1. |  0. |
|  0. |  1. | -1. ||  0. |  0. |  0. ||  0. |  1. |  0. |
|=====+=====+=====||=====+=====+=====||=====+=====+=====|
|  0. |  0. | -1. ||  0. |  0. | -1. ||* 0. |* 0. |*-1. |
|  0. |  1. |  1. ||  1. |  0. | -1. ||*-1. |* 0. |* 1. |
|  0. |  0. |  1. ||  0. | -1. |  0. ||* 1. |* 0. |* 0. |
|=====+=====+=====||=====+=====+=====||=====+=====+=====|
| -1. |  0. | -1. ||  1. | -1. |  1. || -1. |  0. |  0. |
|  0. |  1. | -1. ||  0. |  0. |  0. ||  0. |  0. |  0. |
|  1. |  0. |  0. || -1. |  0. |  0. ||  1. |  0. |  0. |


current State

|  1. | -1. |  0. ||  1. |  1. |  0. ||  1. |  1. | -1. |
| -1. |  0. | -1. || -1. | -1. |  0. ||  0. |  1. |  0. |
|  0. |  1. | -1. ||  0. |  0. |  0. ||  0. |  1. |  0. |
|=====+=====+=====||=====+=====+=====||=====+=====+=====|
|  0. |  0. | -1. ||  0. |  0. | -1. ||  0. |  0. | -1. |
|  0. |  1. |  1. ||  1. |  0. | -1. || -1. |  0. |  1. |
|  0. |  0. |  1. ||  0. | -1. |  0. ||  1. |  0. |  1. |
|=====+=====+=====||=====+=====+=====||=====+=====+=====|
| -1. |  0. | -1. ||  1. | -1. |  1. ||*-1. |* 0. |* 0. |
|  0. |  1. | -1. ||  0. |  0. |  0. ||* 0. |* 0. |* 0. |
|  1. |  0. |  0. || -1. |  0. |  0. ||* 1. |* 0. |* 0. |


state to eval, currenty is playerone turn=false

| -1. |  1. | -0. || -1. | -1. | -0. || -1. | -1. |  1. |
|  1. | -0. |  1. ||  1. |  1. | -0. || -0. | -1. | -0. |
| -0. | -1. |  1. || -0. | -0. | -0. || -0. | -1. | -0. |
|=====+=====+=====||=====+=====+=====||=====+=====+=====|
| -0. | -0. |  1. || -0. | -0. |  1. || -0. | -0. |  1. |
| -0. | -1. | -1. || -1. | -0. |  1. ||  1. | -0. | -1. |
| -0. | -0. | -1. || -0. |  1. | -0. || -1. | -0. | -1. |
|=====+=====+=====||=====+=====+=====||=====+=====+=====|
|  1. | -0. |  1. || -1. |  1. | -1. ||* 1. |*-0. |*-0. |
| -0. | -1. |  1. || -0. | -0. | -0. ||*-0. |*-0. |*-0. |
| -1. | -0. | -0. ||  1. | -0. | -0. ||*-1. |*-0. |*-0. |


current State

|  1. | -1. |  0. ||  1. |  1. |  0. ||  1. |  1. | -1. |
| -1. |  0. | -1. || -1. | -1. |  0. ||  0. |  1. |  0. |
|  0. |  1. | -1. ||  0. |  0. |  0. ||  0. |  1. |  0. |
|=====+=====+=====||=====+=====+=====||=====+=====+=====|
|  0. |  0. | -1. ||  0. |  0. | -1. ||  0. |  0. | -1. |
|  0. |  1. |  1. ||  1. |  0. | -1. || -1. |  0. |  1. |
|  0. |  0. |  1. ||  0. | -1. |  0. ||  1. |  0. |  1. |
|=====+=====+=====||=====+=====+=====||=====+=====+=====|
| -1. |  0. | -1. ||* 1. |*-1. |* 1. || -1. |  0. |  0. |
|  0. |  1. | -1. ||* 0. |* 0. |* 0. ||  0. |  0. |  0. |
|  1. |  0. |  0. ||*-1. |* 0. |* 0. ||  1. | -1. |  0. |


state to eval, currenty is playerone turn=true

|  1. | -1. |  0. ||  1. |  1. |  0. ||  1. |  1. | -1. |
| -1. |  0. | -1. || -1. | -1. |  0. ||  0. |  1. |  0. |
|  0. |  1. | -1. ||  0. |  0. |  0. ||  0. |  1. |  0. |
|=====+=====+=====||=====+=====+=====||=====+=====+=====|
|  0. |  0. | -1. ||  0. |  0. | -1. ||  0. |  0. | -1. |
|  0. |  1. |  1. ||  1. |  0. | -1. || -1. |  0. |  1. |
|  0. |  0. |  1. ||  0. | -1. |  0. ||  1. |  0. |  1. |
|=====+=====+=====||=====+=====+=====||=====+=====+=====|
| -1. |  0. | -1. ||* 1. |*-1. |* 1. || -1. |  0. |  0. |
|  0. |  1. | -1. ||* 0. |* 0. |* 0. ||  0. |  0. |  0. |
|  1. |  0. |  0. ||*-1. |* 0. |* 0. ||  1. | -1. |  0. |


current State

|  1. | -1. |  0. ||  1. |  1. |  0. ||  1. |  1. | -1. |
| -1. |  0. | -1. || -1. | -1. |  0. ||  0. |  1. |  0. |
|  0. |  1. | -1. ||  0. |  0. |  0. ||  0. |  1. |  0. |
|=====+=====+=====||=====+=====+=====||=====+=====+=====|
|  0. |  0. | -1. ||  0. |  0. | -1. ||* 0. |* 0. |*-1. |
|  0. |  1. |  1. ||  1. |  0. | -1. ||*-1. |* 0. |* 1. |
|  0. |  0. |  1. ||  0. | -1. |  0. ||* 1. |* 0. |* 1. |
|=====+=====+=====||=====+=====+=====||=====+=====+=====|
| -1. |  0. | -1. ||  1. | -1. |  1. || -1. |  0. |  0. |
|  0. |  1. | -1. ||  0. |  0. |  1. ||  0. |  0. |  0. |
|  1. |  0. |  0. || -1. |  0. |  0. ||  1. | -1. |  0. |


state to eval, currenty is playerone turn=false

| -1. |  1. | -0. || -1. | -1. | -0. || -1. | -1. |  1. |
|  1. | -0. |  1. ||  1. |  1. | -0. || -0. | -1. | -0. |
| -0. | -1. |  1. || -0. | -0. | -0. || -0. | -1. | -0. |
|=====+=====+=====||=====+=====+=====||=====+=====+=====|
| -0. | -0. |  1. || -0. | -0. |  1. ||*-0. |*-0. |* 1. |
| -0. | -1. | -1. || -1. | -0. |  1. ||* 1. |*-0. |*-1. |
| -0. | -0. | -1. || -0. |  1. | -0. ||*-1. |*-0. |*-1. |
|=====+=====+=====||=====+=====+=====||=====+=====+=====|
|  1. | -0. |  1. || -1. |  1. | -1. ||  1. | -0. | -0. |
| -0. | -1. |  1. || -0. | -0. | -1. || -0. | -0. | -0. |
| -1. | -0. | -0. ||  1. | -0. | -0. || -1. |  1. | -0. |


Determined best move using: 110057Iterations
current State

|  1. | -1. |  0. ||* 1. |* 1. |* 0. ||  1. |  1. | -1. |
| -1. |  0. | -1. ||*-1. |*-1. |* 0. ||  0. |  1. |  0. |
|  0. |  1. | -1. ||* 0. |* 0. |* 0. ||  0. |  1. |  0. |
|=====+=====+=====||=====+=====+=====||=====+=====+=====|
|  0. |  0. | -1. ||  0. |  0. | -1. ||  0. | -1. | -1. |
|  0. |  1. |  1. ||  1. |  0. | -1. || -1. |  0. |  1. |
|  0. |  0. |  1. ||  0. | -1. |  0. ||  1. |  0. |  1. |
|=====+=====+=====||=====+=====+=====||=====+=====+=====|
| -1. |  0. | -1. ||  1. | -1. |  1. || -1. |  0. |  0. |
|  0. |  1. | -1. ||  0. |  0. |  1. ||  0. |  0. |  0. |
|  1. |  0. |  0. || -1. |  0. |  0. ||  1. | -1. |  0. |


state to eval, currenty is playerone turn=true

|  1. | -1. |  0. ||* 1. |* 1. |* 0. ||  1. |  1. | -1. |
| -1. |  0. | -1. ||*-1. |*-1. |* 0. ||  0. |  1. |  0. |
|  0. |  1. | -1. ||* 0. |* 0. |* 0. ||  0. |  1. |  0. |
|=====+=====+=====||=====+=====+=====||=====+=====+=====|
|  0. |  0. | -1. ||  0. |  0. | -1. ||  0. | -1. | -1. |
|  0. |  1. |  1. ||  1. |  0. | -1. || -1. |  0. |  1. |
|  0. |  0. |  1. ||  0. | -1. |  0. ||  1. |  0. |  1. |
|=====+=====+=====||=====+=====+=====||=====+=====+=====|
| -1. |  0. | -1. ||  1. | -1. |  1. || -1. |  0. |  0. |
|  0. |  1. | -1. ||  0. |  0. |  1. ||  0. |  0. |  0. |
|  1. |  0. |  0. || -1. |  0. |  0. ||  1. | -1. |  0. |


Determined best move using: 113319Iterations
Determined best move using: 1677196Iterations
current State

|  1. | -1. |  0. ||  1. |  1. |  0. ||  1. |  1. | -1. |
| -1. |  0. | -1. || -1. | -1. |  0. ||  0. |  1. |  0. |
|  0. |  1. | -1. ||  1. |  0. |  0. ||  0. |  1. |  0. |
|=====+=====+=====||=====+=====+=====||=====+=====+=====|
|  0. |  0. | -1. ||  0. |  0. | -1. ||  0. | -1. | -1. |
|  0. |  1. |  1. ||  1. |  0. | -1. || -1. |  0. |  1. |
|  0. |  0. |  1. ||  0. | -1. |  0. ||  1. |  0. |  1. |
|=====+=====+=====||=====+=====+=====||=====+=====+=====|
|*-1. |* 0. |*-1. ||  1. | -1. |  1. || -1. |  0. |  0. |
|* 0. |* 1. |*-1. ||  0. |  0. |  1. ||  0. |  0. |  0. |
|* 1. |* 0. |* 0. || -1. |  0. |  0. ||  1. | -1. |  0. |


state to eval, currenty is playerone turn=false

| -1. |  1. | -0. || -1. | -1. | -0. || -1. | -1. |  1. |
|  1. | -0. |  1. ||  1. |  1. | -0. || -0. | -1. | -0. |
| -0. | -1. |  1. || -1. | -0. | -0. || -0. | -1. | -0. |
|=====+=====+=====||=====+=====+=====||=====+=====+=====|
| -0. | -0. |  1. || -0. | -0. |  1. || -0. |  1. |  1. |
| -0. | -1. | -1. || -1. | -0. |  1. ||  1. | -0. | -1. |
| -0. | -0. | -1. || -0. |  1. | -0. || -1. | -0. | -1. |
|=====+=====+=====||=====+=====+=====||=====+=====+=====|
|* 1. |*-0. |* 1. || -1. |  1. | -1. ||  1. | -0. | -0. |
|*-0. |*-1. |* 1. || -0. | -0. | -1. || -0. | -0. | -0. |
|*-1. |*-0. |*-0. ||  1. | -0. | -0. || -1. |  1. | -0. |


Determined best move using: 124354Iterations
Determined best move using: 1779913Iterations
current State

|  1. | -1. |  0. ||  1. |  1. |  0. ||  1. |  1. | -1. |
| -1. |  0. | -1. || -1. | -1. |  0. ||  0. |  1. |  0. |
|  0. |  1. | -1. ||  1. |  0. |  0. ||  0. |  1. |  0. |
|=====+=====+=====||=====+=====+=====||=====+=====+=====|
|  0. |  0. | -1. ||  0. |  0. | -1. ||  0. | -1. | -1. |
|  0. |  1. |  1. ||  1. |  0. | -1. || -1. |  0. |  1. |
|  0. |  0. |  1. ||  0. | -1. |  0. ||  1. |  0. |  1. |
|=====+=====+=====||=====+=====+=====||=====+=====+=====|
| -1. |  0. | -1. ||  1. | -1. |  1. ||*-1. |* 0. |* 0. |
|  0. |  1. | -1. ||  0. |  0. |  1. ||* 0. |* 0. |* 0. |
|  1. |  0. | -1. || -1. |  0. |  0. ||* 1. |*-1. |* 0. |


state to eval, currenty is playerone turn=true

|  1. | -1. |  0. ||  1. |  1. |  0. ||  1. |  1. | -1. |
| -1. |  0. | -1. || -1. | -1. |  0. ||  0. |  1. |  0. |
|  0. |  1. | -1. ||  1. |  0. |  0. ||  0. |  1. |  0. |
|=====+=====+=====||=====+=====+=====||=====+=====+=====|
|  0. |  0. | -1. ||  0. |  0. | -1. ||  0. | -1. | -1. |
|  0. |  1. |  1. ||  1. |  0. | -1. || -1. |  0. |  1. |
|  0. |  0. |  1. ||  0. | -1. |  0. ||  1. |  0. |  1. |
|=====+=====+=====||=====+=====+=====||=====+=====+=====|
| -1. |  0. | -1. ||  1. | -1. |  1. ||*-1. |* 0. |* 0. |
|  0. |  1. | -1. ||  0. |  0. |  1. ||* 0. |* 0. |* 0. |
|  1. |  0. | -1. || -1. |  0. |  0. ||* 1. |*-1. |* 0. |


Determined best move using: 124381Iterations
current State

|  1. | -1. |  0. ||  1. |  1. |  0. ||  1. |  1. | -1. |
| -1. |  0. | -1. || -1. | -1. |  0. ||  0. |  1. |  0. |
|  0. |  1. | -1. ||  1. |  0. |  0. ||  0. |  1. |  0. |
|=====+=====+=====||=====+=====+=====||=====+=====+=====|
|* 0. |* 0. |*-1. ||  0. |  0. | -1. ||  0. | -1. | -1. |
|* 0. |* 1. |* 1. ||  1. |  0. | -1. || -1. |  0. |  1. |
|* 0. |* 0. |* 1. ||  0. | -1. |  0. ||  1. |  0. |  1. |
|=====+=====+=====||=====+=====+=====||=====+=====+=====|
| -1. |  0. | -1. ||  1. | -1. |  1. || -1. |  0. |  0. |
|  0. |  1. | -1. ||  0. |  0. |  1. ||  1. |  0. |  0. |
|  1. |  0. | -1. || -1. |  0. |  0. ||  1. | -1. |  0. |


state to eval, currenty is playerone turn=false

| -1. |  1. | -0. || -1. | -1. | -0. || -1. | -1. |  1. |
|  1. | -0. |  1. ||  1. |  1. | -0. || -0. | -1. | -0. |
| -0. | -1. |  1. || -1. | -0. | -0. || -0. | -1. | -0. |
|=====+=====+=====||=====+=====+=====||=====+=====+=====|
|*-0. |*-0. |* 1. || -0. | -0. |  1. || -0. |  1. |  1. |
|*-0. |*-1. |*-1. || -1. | -0. |  1. ||  1. | -0. | -1. |
|*-0. |*-0. |*-1. || -0. |  1. | -0. || -1. | -0. | -1. |
|=====+=====+=====||=====+=====+=====||=====+=====+=====|
|  1. | -0. |  1. || -1. |  1. | -1. ||  1. | -0. | -0. |
| -0. | -1. |  1. || -0. | -0. | -1. || -1. | -0. | -0. |
| -1. | -0. |  1. ||  1. | -0. | -0. || -1. |  1. | -0. |


Determined best move using: 129669Iterations
Determined best move using: 61106Iterations
