Saving data to: W:\Labs\ME\ME187-Fall2024\StudentFiles\CALEBHOTTES\UTTTstuff\series1
Begin custom message: 
DataSeries: series1 game number: 84 

Description: RUCH 238 3.5-4GHz processor. 

Evaluator config=EvaluatorConfiguration{cValue=2.0, maxRolloutDepth=1000, computeTime=30, threads=1, stupidity=0, allowForcePlay=false, maxMyCPU=false}
End custom message
Inital State: 

|* 0. |* 0. |* 0. ||* 0. |* 0. |* 0. ||* 0. |* 0. |* 0. |
|* 0. |* 0. |* 0. ||* 0. |* 0. |* 0. ||* 0. |* 0. |* 0. |
|* 0. |* 0. |* 0. ||* 0. |* 0. |* 0. ||* 0. |* 0. |* 0. |
|=====+=====+=====||=====+=====+=====||=====+=====+=====|
|* 0. |* 0. |* 0. ||* 0. |* 0. |* 0. ||* 0. |* 0. |* 0. |
|* 0. |* 0. |* 0. ||* 0. |* 0. |* 0. ||* 0. |* 0. |* 0. |
|* 0. |* 0. |* 0. ||* 0. |* 0. |* 0. ||* 0. |* 0. |* 0. |
|=====+=====+=====||=====+=====+=====||=====+=====+=====|
|* 0. |* 0. |* 0. ||* 0. |* 0. |* 0. ||* 0. |* 0. |* 0. |
|* 0. |* 0. |* 0. ||* 0. |* 0. |* 0. ||* 0. |* 0. |* 0. |
|* 0. |* 0. |* 0. ||* 0. |* 0. |* 0. ||* 0. |* 0. |* 0. |


state to eval, currenty is playerone turn=true

|* 0. |* 0. |* 0. ||* 0. |* 0. |* 0. ||* 0. |* 0. |* 0. |
|* 0. |* 0. |* 0. ||* 0. |* 0. |* 0. ||* 0. |* 0. |* 0. |
|* 0. |* 0. |* 0. ||* 0. |* 0. |* 0. ||* 0. |* 0. |* 0. |
|=====+=====+=====||=====+=====+=====||=====+=====+=====|
|* 0. |* 0. |* 0. ||* 0. |* 0. |* 0. ||* 0. |* 0. |* 0. |
|* 0. |* 0. |* 0. ||* 0. |* 0. |* 0. ||* 0. |* 0. |* 0. |
|* 0. |* 0. |* 0. ||* 0. |* 0. |* 0. ||* 0. |* 0. |* 0. |
|=====+=====+=====||=====+=====+=====||=====+=====+=====|
|* 0. |* 0. |* 0. ||* 0. |* 0. |* 0. ||* 0. |* 0. |* 0. |
|* 0. |* 0. |* 0. ||* 0. |* 0. |* 0. ||* 0. |* 0. |* 0. |
|* 0. |* 0. |* 0. ||* 0. |* 0. |* 0. ||* 0. |* 0. |* 0. |


Determined best move using: 62562Iterations
current State

|  0. |  0. |  0. ||  0. |  0. |  0. ||  0. |  0. |  0. |
|  0. |  0. |  0. ||  0. |  0. |  0. ||  0. |  0. |  0. |
|  0. |  0. |  0. ||  0. |  0. |  0. ||  0. |  0. |  0. |
|=====+=====+=====||=====+=====+=====||=====+=====+=====|
|  0. |  0. |  0. ||  0. |  0. |  0. ||  0. |  0. |  0. |
|  0. |  0. |  0. ||  0. |  0. |  0. ||  0. |  0. |  0. |
|  0. |  0. |  0. ||  0. |  0. |  0. ||  0. |  0. |  0. |
|=====+=====+=====||=====+=====+=====||=====+=====+=====|
|* 0. |* 0. |* 0. ||  0. |  0. |  0. ||  0. |  0. |  0. |
|* 0. |* 0. |* 0. ||  0. |  0. |  0. ||  0. |  0. |  0. |
|* 1. |* 0. |* 0. ||  0. |  0. |  0. ||  0. |  0. |  0. |


state to eval, currenty is playerone turn=false

| -0. | -0. | -0. || -0. | -0. | -0. || -0. | -0. | -0. |
| -0. | -0. | -0. || -0. | -0. | -0. || -0. | -0. | -0. |
| -0. | -0. | -0. || -0. | -0. | -0. || -0. | -0. | -0. |
|=====+=====+=====||=====+=====+=====||=====+=====+=====|
| -0. | -0. | -0. || -0. | -0. | -0. || -0. | -0. | -0. |
| -0. | -0. | -0. || -0. | -0. | -0. || -0. | -0. | -0. |
| -0. | -0. | -0. || -0. | -0. | -0. || -0. | -0. | -0. |
|=====+=====+=====||=====+=====+=====||=====+=====+=====|
|*-0. |*-0. |*-0. || -0. | -0. | -0. || -0. | -0. | -0. |
|*-0. |*-0. |*-0. || -0. | -0. | -0. || -0. | -0. | -0. |
|*-1. |*-0. |*-0. || -0. | -0. | -0. || -0. | -0. | -0. |


Determined best move using: 63247Iterations
current State

|  0. |  0. |  0. ||  0. |  0. |  0. ||  0. |  0. |  0. |
|  0. |  0. |  0. ||  0. |  0. |  0. ||  0. |  0. |  0. |
|  0. |  0. |  0. ||  0. |  0. |  0. ||  0. |  0. |  0. |
|=====+=====+=====||=====+=====+=====||=====+=====+=====|
|  0. |  0. |  0. ||  0. |  0. |  0. ||  0. |  0. |  0. |
|  0. |  0. |  0. ||  0. |  0. |  0. ||  0. |  0. |  0. |
|  0. |  0. |  0. ||  0. |  0. |  0. ||  0. |  0. |  0. |
|=====+=====+=====||=====+=====+=====||=====+=====+=====|
|  0. |  0. |  0. ||* 0. |* 0. |* 0. ||  0. |  0. |  0. |
|  0. |  0. |  0. ||* 0. |* 0. |* 0. ||  0. |  0. |  0. |
|  1. | -1. |  0. ||* 0. |* 0. |* 0. ||  0. |  0. |  0. |


state to eval, currenty is playerone turn=true

|  0. |  0. |  0. ||  0. |  0. |  0. ||  0. |  0. |  0. |
|  0. |  0. |  0. ||  0. |  0. |  0. ||  0. |  0. |  0. |
|  0. |  0. |  0. ||  0. |  0. |  0. ||  0. |  0. |  0. |
|=====+=====+=====||=====+=====+=====||=====+=====+=====|
|  0. |  0. |  0. ||  0. |  0. |  0. ||  0. |  0. |  0. |
|  0. |  0. |  0. ||  0. |  0. |  0. ||  0. |  0. |  0. |
|  0. |  0. |  0. ||  0. |  0. |  0. ||  0. |  0. |  0. |
|=====+=====+=====||=====+=====+=====||=====+=====+=====|
|  0. |  0. |  0. ||* 0. |* 0. |* 0. ||  0. |  0. |  0. |
|  0. |  0. |  0. ||* 0. |* 0. |* 0. ||  0. |  0. |  0. |
|  1. | -1. |  0. ||* 0. |* 0. |* 0. ||  0. |  0. |  0. |


Determined best move using: 64522Iterations
current State

|  0. |  0. |  0. ||* 0. |* 0. |* 0. ||  0. |  0. |  0. |
|  0. |  0. |  0. ||* 0. |* 0. |* 0. ||  0. |  0. |  0. |
|  0. |  0. |  0. ||* 0. |* 0. |* 0. ||  0. |  0. |  0. |
|=====+=====+=====||=====+=====+=====||=====+=====+=====|
|  0. |  0. |  0. ||  0. |  0. |  0. ||  0. |  0. |  0. |
|  0. |  0. |  0. ||  0. |  0. |  0. ||  0. |  0. |  0. |
|  0. |  0. |  0. ||  0. |  0. |  0. ||  0. |  0. |  0. |
|=====+=====+=====||=====+=====+=====||=====+=====+=====|
|  0. |  0. |  0. ||  0. |  1. |  0. ||  0. |  0. |  0. |
|  0. |  0. |  0. ||  0. |  0. |  0. ||  0. |  0. |  0. |
|  1. | -1. |  0. ||  0. |  0. |  0. ||  0. |  0. |  0. |


state to eval, currenty is playerone turn=false

| -0. | -0. | -0. ||*-0. |*-0. |*-0. || -0. | -0. | -0. |
| -0. | -0. | -0. ||*-0. |*-0. |*-0. || -0. | -0. | -0. |
| -0. | -0. | -0. ||*-0. |*-0. |*-0. || -0. | -0. | -0. |
|=====+=====+=====||=====+=====+=====||=====+=====+=====|
| -0. | -0. | -0. || -0. | -0. | -0. || -0. | -0. | -0. |
| -0. | -0. | -0. || -0. | -0. | -0. || -0. | -0. | -0. |
| -0. | -0. | -0. || -0. | -0. | -0. || -0. | -0. | -0. |
|=====+=====+=====||=====+=====+=====||=====+=====+=====|
| -0. | -0. | -0. || -0. | -1. | -0. || -0. | -0. | -0. |
| -0. | -0. | -0. || -0. | -0. | -0. || -0. | -0. | -0. |
| -1. |  1. | -0. || -0. | -0. | -0. || -0. | -0. | -0. |


current State

|  0. |  0. |  0. ||  0. |  0. |  0. ||  0. |  0. |  0. |
|  0. |  0. |  0. ||  0. |  0. |  0. ||  0. |  0. |  0. |
|  0. |  0. |  0. || -1. |  0. |  0. ||  0. |  0. |  0. |
|=====+=====+=====||=====+=====+=====||=====+=====+=====|
|  0. |  0. |  0. ||  0. |  0. |  0. ||  0. |  0. |  0. |
|  0. |  0. |  0. ||  0. |  0. |  0. ||  0. |  0. |  0. |
|  0. |  0. |  0. ||  0. |  0. |  0. ||  0. |  0. |  0. |
|=====+=====+=====||=====+=====+=====||=====+=====+=====|
|* 0. |* 0. |* 0. ||  0. |  1. |  0. ||  0. |  0. |  0. |
|* 0. |* 0. |* 0. ||  0. |  0. |  0. ||  0. |  0. |  0. |
|* 1. |*-1. |* 0. ||  0. |  0. |  0. ||  0. |  0. |  0. |


state to eval, currenty is playerone turn=true

|  0. |  0. |  0. ||  0. |  0. |  0. ||  0. |  0. |  0. |
|  0. |  0. |  0. ||  0. |  0. |  0. ||  0. |  0. |  0. |
|  0. |  0. |  0. || -1. |  0. |  0. ||  0. |  0. |  0. |
|=====+=====+=====||=====+=====+=====||=====+=====+=====|
|  0. |  0. |  0. ||  0. |  0. |  0. ||  0. |  0. |  0. |
|  0. |  0. |  0. ||  0. |  0. |  0. ||  0. |  0. |  0. |
|  0. |  0. |  0. ||  0. |  0. |  0. ||  0. |  0. |  0. |
|=====+=====+=====||=====+=====+=====||=====+=====+=====|
|* 0. |* 0. |* 0. ||  0. |  1. |  0. ||  0. |  0. |  0. |
|* 0. |* 0. |* 0. ||  0. |  0. |  0. ||  0. |  0. |  0. |
|* 1. |*-1. |* 0. ||  0. |  0. |  0. ||  0. |  0. |  0. |


Determined best move using: 73176Iterations
current State

|  0. |  0. |  0. ||  0. |  0. |  0. ||  0. |  0. |  0. |
|  0. |  0. |  0. ||  0. |  0. |  0. ||  0. |  0. |  0. |
|  0. |  0. |  0. || -1. |  0. |  0. ||  0. |  0. |  0. |
|=====+=====+=====||=====+=====+=====||=====+=====+=====|
|  0. |  0. |  0. ||  0. |  0. |  0. ||* 0. |* 0. |* 0. |
|  0. |  0. |  0. ||  0. |  0. |  0. ||* 0. |* 0. |* 0. |
|  0. |  0. |  0. ||  0. |  0. |  0. ||* 0. |* 0. |* 0. |
|=====+=====+=====||=====+=====+=====||=====+=====+=====|
|  0. |  0. |  0. ||  0. |  1. |  0. ||  0. |  0. |  0. |
|  0. |  0. |  1. ||  0. |  0. |  0. ||  0. |  0. |  0. |
|  1. | -1. |  0. ||  0. |  0. |  0. ||  0. |  0. |  0. |


state to eval, currenty is playerone turn=false

| -0. | -0. | -0. || -0. | -0. | -0. || -0. | -0. | -0. |
| -0. | -0. | -0. || -0. | -0. | -0. || -0. | -0. | -0. |
| -0. | -0. | -0. ||  1. | -0. | -0. || -0. | -0. | -0. |
|=====+=====+=====||=====+=====+=====||=====+=====+=====|
| -0. | -0. | -0. || -0. | -0. | -0. ||*-0. |*-0. |*-0. |
| -0. | -0. | -0. || -0. | -0. | -0. ||*-0. |*-0. |*-0. |
| -0. | -0. | -0. || -0. | -0. | -0. ||*-0. |*-0. |*-0. |
|=====+=====+=====||=====+=====+=====||=====+=====+=====|
| -0. | -0. | -0. || -0. | -1. | -0. || -0. | -0. | -0. |
| -0. | -0. | -1. || -0. | -0. | -0. || -0. | -0. | -0. |
| -1. |  1. | -0. || -0. | -0. | -0. || -0. | -0. | -0. |


current State

|  0. |  0. |  0. ||  0. |  0. |  0. ||  0. |  0. |  0. |
|  0. |  0. |  0. ||  0. |  0. |  0. ||  0. |  0. |  0. |
|  0. |  0. |  0. || -1. |  0. |  0. ||  0. |  0. |  0. |
|=====+=====+=====||=====+=====+=====||=====+=====+=====|
|  0. |  0. |  0. ||  0. |  0. |  0. ||* 0. |* 0. |* 0. |
|  0. |  0. |  0. ||  0. |  0. |  0. ||* 0. |* 0. |*-1. |
|  0. |  0. |  0. ||  0. |  0. |  0. ||* 0. |* 0. |* 0. |
|=====+=====+=====||=====+=====+=====||=====+=====+=====|
|  0. |  0. |  0. ||  0. |  1. |  0. ||  0. |  0. |  0. |
|  0. |  0. |  1. ||  0. |  0. |  0. ||  0. |  0. |  0. |
|  1. | -1. |  0. ||  0. |  0. |  0. ||  0. |  0. |  0. |


state to eval, currenty is playerone turn=true

|  0. |  0. |  0. ||  0. |  0. |  0. ||  0. |  0. |  0. |
|  0. |  0. |  0. ||  0. |  0. |  0. ||  0. |  0. |  0. |
|  0. |  0. |  0. || -1. |  0. |  0. ||  0. |  0. |  0. |
|=====+=====+=====||=====+=====+=====||=====+=====+=====|
|  0. |  0. |  0. ||  0. |  0. |  0. ||* 0. |* 0. |* 0. |
|  0. |  0. |  0. ||  0. |  0. |  0. ||* 0. |* 0. |*-1. |
|  0. |  0. |  0. ||  0. |  0. |  0. ||* 0. |* 0. |* 0. |
|=====+=====+=====||=====+=====+=====||=====+=====+=====|
|  0. |  0. |  0. ||  0. |  1. |  0. ||  0. |  0. |  0. |
|  0. |  0. |  1. ||  0. |  0. |  0. ||  0. |  0. |  0. |
|  1. | -1. |  0. ||  0. |  0. |  0. ||  0. |  0. |  0. |


current State

|  0. |  0. |  0. ||  0. |  0. |  0. ||  0. |  0. |  0. |
|  0. |  0. |  0. ||  0. |  0. |  0. ||  0. |  0. |  0. |
|  0. |  0. |  0. || -1. |  0. |  0. ||  0. |  0. |  0. |
|=====+=====+=====||=====+=====+=====||=====+=====+=====|
|  0. |  0. |  0. ||* 0. |* 0. |* 0. ||  0. |  0. |  0. |
|  0. |  0. |  0. ||* 0. |* 0. |* 0. ||  0. |  1. | -1. |
|  0. |  0. |  0. ||* 0. |* 0. |* 0. ||  0. |  0. |  0. |
|=====+=====+=====||=====+=====+=====||=====+=====+=====|
|  0. |  0. |  0. ||  0. |  1. |  0. ||  0. |  0. |  0. |
|  0. |  0. |  1. ||  0. |  0. |  0. ||  0. |  0. |  0. |
|  1. | -1. |  0. ||  0. |  0. |  0. ||  0. |  0. |  0. |


state to eval, currenty is playerone turn=false

| -0. | -0. | -0. || -0. | -0. | -0. || -0. | -0. | -0. |
| -0. | -0. | -0. || -0. | -0. | -0. || -0. | -0. | -0. |
| -0. | -0. | -0. ||  1. | -0. | -0. || -0. | -0. | -0. |
|=====+=====+=====||=====+=====+=====||=====+=====+=====|
| -0. | -0. | -0. ||*-0. |*-0. |*-0. || -0. | -0. | -0. |
| -0. | -0. | -0. ||*-0. |*-0. |*-0. || -0. | -1. |  1. |
| -0. | -0. | -0. ||*-0. |*-0. |*-0. || -0. | -0. | -0. |
|=====+=====+=====||=====+=====+=====||=====+=====+=====|
| -0. | -0. | -0. || -0. | -1. | -0. || -0. | -0. | -0. |
| -0. | -0. | -1. || -0. | -0. | -0. || -0. | -0. | -0. |
| -1. |  1. | -0. || -0. | -0. | -0. || -0. | -0. | -0. |


Determined best move using: 72206Iterations
current State

|  0. |  0. |  0. ||  0. |  0. |  0. ||  0. |  0. |  0. |
|  0. |  0. |  0. ||  0. |  0. |  0. ||  0. |  0. |  0. |
|  0. |  0. |  0. || -1. |  0. |  0. ||  0. |  0. |  0. |
|=====+=====+=====||=====+=====+=====||=====+=====+=====|
|  0. |  0. |  0. ||  0. |  0. |  0. ||  0. |  0. |  0. |
|  0. |  0. |  0. ||  0. |  0. |  0. ||  0. |  1. | -1. |
|  0. |  0. |  0. ||  0. |  0. | -1. ||  0. |  0. |  0. |
|=====+=====+=====||=====+=====+=====||=====+=====+=====|
|  0. |  0. |  0. ||  0. |  1. |  0. ||* 0. |* 0. |* 0. |
|  0. |  0. |  1. ||  0. |  0. |  0. ||* 0. |* 0. |* 0. |
|  1. | -1. |  0. ||  0. |  0. |  0. ||* 0. |* 0. |* 0. |


state to eval, currenty is playerone turn=true

|  0. |  0. |  0. ||  0. |  0. |  0. ||  0. |  0. |  0. |
|  0. |  0. |  0. ||  0. |  0. |  0. ||  0. |  0. |  0. |
|  0. |  0. |  0. || -1. |  0. |  0. ||  0. |  0. |  0. |
|=====+=====+=====||=====+=====+=====||=====+=====+=====|
|  0. |  0. |  0. ||  0. |  0. |  0. ||  0. |  0. |  0. |
|  0. |  0. |  0. ||  0. |  0. |  0. ||  0. |  1. | -1. |
|  0. |  0. |  0. ||  0. |  0. | -1. ||  0. |  0. |  0. |
|=====+=====+=====||=====+=====+=====||=====+=====+=====|
|  0. |  0. |  0. ||  0. |  1. |  0. ||* 0. |* 0. |* 0. |
|  0. |  0. |  1. ||  0. |  0. |  0. ||* 0. |* 0. |* 0. |
|  1. | -1. |  0. ||  0. |  0. |  0. ||* 0. |* 0. |* 0. |


Determined best move using: 74463Iterations
current State

|  0. |  0. |  0. ||  0. |  0. |  0. ||  0. |  0. |  0. |
|  0. |  0. |  0. ||  0. |  0. |  0. ||  0. |  0. |  0. |
|  0. |  0. |  0. || -1. |  0. |  0. ||  0. |  0. |  0. |
|=====+=====+=====||=====+=====+=====||=====+=====+=====|
|  0. |  0. |  0. ||  0. |  0. |  0. ||  0. |  0. |  0. |
|  0. |  0. |  0. ||  0. |  0. |  0. ||  0. |  1. | -1. |
|  0. |  0. |  0. ||  0. |  0. | -1. ||  0. |  0. |  0. |
|=====+=====+=====||=====+=====+=====||=====+=====+=====|
|  0. |  0. |  0. ||  0. |  1. |  0. ||* 0. |* 0. |* 0. |
|  0. |  0. |  1. ||  0. |  0. |  0. ||* 0. |* 0. |* 0. |
|  1. | -1. |  0. ||  0. |  0. |  0. ||* 0. |* 0. |* 1. |


state to eval, currenty is playerone turn=false

| -0. | -0. | -0. || -0. | -0. | -0. || -0. | -0. | -0. |
| -0. | -0. | -0. || -0. | -0. | -0. || -0. | -0. | -0. |
| -0. | -0. | -0. ||  1. | -0. | -0. || -0. | -0. | -0. |
|=====+=====+=====||=====+=====+=====||=====+=====+=====|
| -0. | -0. | -0. || -0. | -0. | -0. || -0. | -0. | -0. |
| -0. | -0. | -0. || -0. | -0. | -0. || -0. | -1. |  1. |
| -0. | -0. | -0. || -0. | -0. |  1. || -0. | -0. | -0. |
|=====+=====+=====||=====+=====+=====||=====+=====+=====|
| -0. | -0. | -0. || -0. | -1. | -0. ||*-0. |*-0. |*-0. |
| -0. | -0. | -1. || -0. | -0. | -0. ||*-0. |*-0. |*-0. |
| -1. |  1. | -0. || -0. | -0. | -0. ||*-0. |*-0. |*-1. |


current State

|  0. |  0. |  0. ||  0. |  0. |  0. ||  0. |  0. |  0. |
|  0. |  0. |  0. ||  0. |  0. |  0. ||  0. |  0. |  0. |
|  0. |  0. |  0. || -1. |  0. |  0. ||  0. |  0. |  0. |
|=====+=====+=====||=====+=====+=====||=====+=====+=====|
|  0. |  0. |  0. ||* 0. |* 0. |* 0. ||  0. |  0. |  0. |
|  0. |  0. |  0. ||* 0. |* 0. |* 0. ||  0. |  1. | -1. |
|  0. |  0. |  0. ||* 0. |* 0. |*-1. ||  0. |  0. |  0. |
|=====+=====+=====||=====+=====+=====||=====+=====+=====|
|  0. |  0. |  0. ||  0. |  1. |  0. ||  0. |  0. |  0. |
|  0. |  0. |  1. ||  0. |  0. |  0. ||  0. | -1. |  0. |
|  1. | -1. |  0. ||  0. |  0. |  0. ||  0. |  0. |  1. |


state to eval, currenty is playerone turn=true

|  0. |  0. |  0. ||  0. |  0. |  0. ||  0. |  0. |  0. |
|  0. |  0. |  0. ||  0. |  0. |  0. ||  0. |  0. |  0. |
|  0. |  0. |  0. || -1. |  0. |  0. ||  0. |  0. |  0. |
|=====+=====+=====||=====+=====+=====||=====+=====+=====|
|  0. |  0. |  0. ||* 0. |* 0. |* 0. ||  0. |  0. |  0. |
|  0. |  0. |  0. ||* 0. |* 0. |* 0. ||  0. |  1. | -1. |
|  0. |  0. |  0. ||* 0. |* 0. |*-1. ||  0. |  0. |  0. |
|=====+=====+=====||=====+=====+=====||=====+=====+=====|
|  0. |  0. |  0. ||  0. |  1. |  0. ||  0. |  0. |  0. |
|  0. |  0. |  1. ||  0. |  0. |  0. ||  0. | -1. |  0. |
|  1. | -1. |  0. ||  0. |  0. |  0. ||  0. |  0. |  1. |


Determined best move using: 73867Iterations
current State

|  0. |  0. |  0. ||  0. |  0. |  0. ||  0. |  0. |  0. |
|  0. |  0. |  0. ||  0. |  0. |  0. ||  0. |  0. |  0. |
|  0. |  0. |  0. || -1. |  0. |  0. ||  0. |  0. |  0. |
|=====+=====+=====||=====+=====+=====||=====+=====+=====|
|  0. |  0. |  0. ||  0. |  0. |  0. ||* 0. |* 0. |* 0. |
|  0. |  0. |  0. ||  0. |  0. |  1. ||* 0. |* 1. |*-1. |
|  0. |  0. |  0. ||  0. |  0. | -1. ||* 0. |* 0. |* 0. |
|=====+=====+=====||=====+=====+=====||=====+=====+=====|
|  0. |  0. |  0. ||  0. |  1. |  0. ||  0. |  0. |  0. |
|  0. |  0. |  1. ||  0. |  0. |  0. ||  0. | -1. |  0. |
|  1. | -1. |  0. ||  0. |  0. |  0. ||  0. |  0. |  1. |


state to eval, currenty is playerone turn=false

| -0. | -0. | -0. || -0. | -0. | -0. || -0. | -0. | -0. |
| -0. | -0. | -0. || -0. | -0. | -0. || -0. | -0. | -0. |
| -0. | -0. | -0. ||  1. | -0. | -0. || -0. | -0. | -0. |
|=====+=====+=====||=====+=====+=====||=====+=====+=====|
| -0. | -0. | -0. || -0. | -0. | -0. ||*-0. |*-0. |*-0. |
| -0. | -0. | -0. || -0. | -0. | -1. ||*-0. |*-1. |* 1. |
| -0. | -0. | -0. || -0. | -0. |  1. ||*-0. |*-0. |*-0. |
|=====+=====+=====||=====+=====+=====||=====+=====+=====|
| -0. | -0. | -0. || -0. | -1. | -0. || -0. | -0. | -0. |
| -0. | -0. | -1. || -0. | -0. | -0. || -0. |  1. | -0. |
| -1. |  1. | -0. || -0. | -0. | -0. || -0. | -0. | -1. |


Determined best move using: 78153Iterations
current State

|  0. |  0. |  0. ||  0. |  0. |  0. ||  0. |  0. |  0. |
|  0. |  0. |  0. ||  0. |  0. |  0. ||  0. |  0. |  0. |
|  0. |  0. |  0. || -1. |  0. |  0. ||  0. |  0. |  0. |
|=====+=====+=====||=====+=====+=====||=====+=====+=====|
|  0. |  0. |  0. ||  0. |  0. |  0. ||  0. |  0. |  0. |
|  0. |  0. |  0. ||  0. |  0. |  1. ||  0. |  1. | -1. |
|  0. |  0. |  0. ||  0. |  0. | -1. || -1. |  0. |  0. |
|=====+=====+=====||=====+=====+=====||=====+=====+=====|
|* 0. |* 0. |* 0. ||  0. |  1. |  0. ||  0. |  0. |  0. |
|* 0. |* 0. |* 1. ||  0. |  0. |  0. ||  0. | -1. |  0. |
|* 1. |*-1. |* 0. ||  0. |  0. |  0. ||  0. |  0. |  1. |


state to eval, currenty is playerone turn=true

|  0. |  0. |  0. ||  0. |  0. |  0. ||  0. |  0. |  0. |
|  0. |  0. |  0. ||  0. |  0. |  0. ||  0. |  0. |  0. |
|  0. |  0. |  0. || -1. |  0. |  0. ||  0. |  0. |  0. |
|=====+=====+=====||=====+=====+=====||=====+=====+=====|
|  0. |  0. |  0. ||  0. |  0. |  0. ||  0. |  0. |  0. |
|  0. |  0. |  0. ||  0. |  0. |  1. ||  0. |  1. | -1. |
|  0. |  0. |  0. ||  0. |  0. | -1. || -1. |  0. |  0. |
|=====+=====+=====||=====+=====+=====||=====+=====+=====|
|* 0. |* 0. |* 0. ||  0. |  1. |  0. ||  0. |  0. |  0. |
|* 0. |* 0. |* 1. ||  0. |  0. |  0. ||  0. | -1. |  0. |
|* 1. |*-1. |* 0. ||  0. |  0. |  0. ||  0. |  0. |  1. |


Determined best move using: 81179Iterations
current State

|* 0. |* 0. |* 0. ||  0. |  0. |  0. ||  0. |  0. |  0. |
|* 0. |* 0. |* 0. ||  0. |  0. |  0. ||  0. |  0. |  0. |
|* 0. |* 0. |* 0. || -1. |  0. |  0. ||  0. |  0. |  0. |
|=====+=====+=====||=====+=====+=====||=====+=====+=====|
|  0. |  0. |  0. ||  0. |  0. |  0. ||  0. |  0. |  0. |
|  0. |  0. |  0. ||  0. |  0. |  1. ||  0. |  1. | -1. |
|  0. |  0. |  0. ||  0. |  0. | -1. || -1. |  0. |  0. |
|=====+=====+=====||=====+=====+=====||=====+=====+=====|
|  1. |  0. |  0. ||  0. |  1. |  0. ||  0. |  0. |  0. |
|  0. |  0. |  1. ||  0. |  0. |  0. ||  0. | -1. |  0. |
|  1. | -1. |  0. ||  0. |  0. |  0. ||  0. |  0. |  1. |


state to eval, currenty is playerone turn=false

|*-0. |*-0. |*-0. || -0. | -0. | -0. || -0. | -0. | -0. |
|*-0. |*-0. |*-0. || -0. | -0. | -0. || -0. | -0. | -0. |
|*-0. |*-0. |*-0. ||  1. | -0. | -0. || -0. | -0. | -0. |
|=====+=====+=====||=====+=====+=====||=====+=====+=====|
| -0. | -0. | -0. || -0. | -0. | -0. || -0. | -0. | -0. |
| -0. | -0. | -0. || -0. | -0. | -1. || -0. | -1. |  1. |
| -0. | -0. | -0. || -0. | -0. |  1. ||  1. | -0. | -0. |
|=====+=====+=====||=====+=====+=====||=====+=====+=====|
| -1. | -0. | -0. || -0. | -1. | -0. || -0. | -0. | -0. |
| -0. | -0. | -1. || -0. | -0. | -0. || -0. |  1. | -0. |
| -1. |  1. | -0. || -0. | -0. | -0. || -0. | -0. | -1. |


Determined best move using: 82660Iterations
current State

|  0. |  0. |  0. ||  0. |  0. |  0. ||  0. |  0. |  0. |
|  0. | -1. |  0. ||  0. |  0. |  0. ||  0. |  0. |  0. |
|  0. |  0. |  0. || -1. |  0. |  0. ||  0. |  0. |  0. |
|=====+=====+=====||=====+=====+=====||=====+=====+=====|
|  0. |  0. |  0. ||* 0. |* 0. |* 0. ||  0. |  0. |  0. |
|  0. |  0. |  0. ||* 0. |* 0. |* 1. ||  0. |  1. | -1. |
|  0. |  0. |  0. ||* 0. |* 0. |*-1. || -1. |  0. |  0. |
|=====+=====+=====||=====+=====+=====||=====+=====+=====|
|  1. |  0. |  0. ||  0. |  1. |  0. ||  0. |  0. |  0. |
|  0. |  0. |  1. ||  0. |  0. |  0. ||  0. | -1. |  0. |
|  1. | -1. |  0. ||  0. |  0. |  0. ||  0. |  0. |  1. |


state to eval, currenty is playerone turn=true

|  0. |  0. |  0. ||  0. |  0. |  0. ||  0. |  0. |  0. |
|  0. | -1. |  0. ||  0. |  0. |  0. ||  0. |  0. |  0. |
|  0. |  0. |  0. || -1. |  0. |  0. ||  0. |  0. |  0. |
|=====+=====+=====||=====+=====+=====||=====+=====+=====|
|  0. |  0. |  0. ||* 0. |* 0. |* 0. ||  0. |  0. |  0. |
|  0. |  0. |  0. ||* 0. |* 0. |* 1. ||  0. |  1. | -1. |
|  0. |  0. |  0. ||* 0. |* 0. |*-1. || -1. |  0. |  0. |
|=====+=====+=====||=====+=====+=====||=====+=====+=====|
|  1. |  0. |  0. ||  0. |  1. |  0. ||  0. |  0. |  0. |
|  0. |  0. |  1. ||  0. |  0. |  0. ||  0. | -1. |  0. |
|  1. | -1. |  0. ||  0. |  0. |  0. ||  0. |  0. |  1. |


Determined best move using: 84549Iterations
current State

|  0. |  0. |  0. ||* 0. |* 0. |* 0. ||  0. |  0. |  0. |
|  0. | -1. |  0. ||* 0. |* 0. |* 0. ||  0. |  0. |  0. |
|  0. |  0. |  0. ||*-1. |* 0. |* 0. ||  0. |  0. |  0. |
|=====+=====+=====||=====+=====+=====||=====+=====+=====|
|  0. |  0. |  0. ||  0. |  1. |  0. ||  0. |  0. |  0. |
|  0. |  0. |  0. ||  0. |  0. |  1. ||  0. |  1. | -1. |
|  0. |  0. |  0. ||  0. |  0. | -1. || -1. |  0. |  0. |
|=====+=====+=====||=====+=====+=====||=====+=====+=====|
|  1. |  0. |  0. ||  0. |  1. |  0. ||  0. |  0. |  0. |
|  0. |  0. |  1. ||  0. |  0. |  0. ||  0. | -1. |  0. |
|  1. | -1. |  0. ||  0. |  0. |  0. ||  0. |  0. |  1. |


state to eval, currenty is playerone turn=false

| -0. | -0. | -0. ||*-0. |*-0. |*-0. || -0. | -0. | -0. |
| -0. |  1. | -0. ||*-0. |*-0. |*-0. || -0. | -0. | -0. |
| -0. | -0. | -0. ||* 1. |*-0. |*-0. || -0. | -0. | -0. |
|=====+=====+=====||=====+=====+=====||=====+=====+=====|
| -0. | -0. | -0. || -0. | -1. | -0. || -0. | -0. | -0. |
| -0. | -0. | -0. || -0. | -0. | -1. || -0. | -1. |  1. |
| -0. | -0. | -0. || -0. | -0. |  1. ||  1. | -0. | -0. |
|=====+=====+=====||=====+=====+=====||=====+=====+=====|
| -1. | -0. | -0. || -0. | -1. | -0. || -0. | -0. | -0. |
| -0. | -0. | -1. || -0. | -0. | -0. || -0. |  1. | -0. |
| -1. |  1. | -0. || -0. | -0. | -0. || -0. | -0. | -1. |


Determined best move using: 87809Iterations
current State

|  0. |  0. |  0. ||  0. |  0. |  0. ||  0. |  0. |  0. |
|  0. | -1. |  0. ||  0. | -1. |  0. ||  0. |  0. |  0. |
|  0. |  0. |  0. || -1. |  0. |  0. ||  0. |  0. |  0. |
|=====+=====+=====||=====+=====+=====||=====+=====+=====|
|  0. |  0. |  0. ||* 0. |* 1. |* 0. ||  0. |  0. |  0. |
|  0. |  0. |  0. ||* 0. |* 0. |* 1. ||  0. |  1. | -1. |
|  0. |  0. |  0. ||* 0. |* 0. |*-1. || -1. |  0. |  0. |
|=====+=====+=====||=====+=====+=====||=====+=====+=====|
|  1. |  0. |  0. ||  0. |  1. |  0. ||  0. |  0. |  0. |
|  0. |  0. |  1. ||  0. |  0. |  0. ||  0. | -1. |  0. |
|  1. | -1. |  0. ||  0. |  0. |  0. ||  0. |  0. |  1. |


state to eval, currenty is playerone turn=true

|  0. |  0. |  0. ||  0. |  0. |  0. ||  0. |  0. |  0. |
|  0. | -1. |  0. ||  0. | -1. |  0. ||  0. |  0. |  0. |
|  0. |  0. |  0. || -1. |  0. |  0. ||  0. |  0. |  0. |
|=====+=====+=====||=====+=====+=====||=====+=====+=====|
|  0. |  0. |  0. ||* 0. |* 1. |* 0. ||  0. |  0. |  0. |
|  0. |  0. |  0. ||* 0. |* 0. |* 1. ||  0. |  1. | -1. |
|  0. |  0. |  0. ||* 0. |* 0. |*-1. || -1. |  0. |  0. |
|=====+=====+=====||=====+=====+=====||=====+=====+=====|
|  1. |  0. |  0. ||  0. |  1. |  0. ||  0. |  0. |  0. |
|  0. |  0. |  1. ||  0. |  0. |  0. ||  0. | -1. |  0. |
|  1. | -1. |  0. ||  0. |  0. |  0. ||  0. |  0. |  1. |


Determined best move using: 88107Iterations
Determined best move using: 78336Iterations
current State

|  0. |  0. |  0. ||  0. |  0. |  0. ||* 0. |* 0. |* 0. |
|  0. | -1. |  0. ||  0. | -1. |  0. ||* 0. |* 0. |* 0. |
|  0. |  0. |  0. || -1. |  0. |  0. ||* 0. |* 0. |* 0. |
|=====+=====+=====||=====+=====+=====||=====+=====+=====|
|  0. |  0. |  0. ||  0. |  1. |  1. ||  0. |  0. |  0. |
|  0. |  0. |  0. ||  0. |  0. |  1. ||  0. |  1. | -1. |
|  0. |  0. |  0. ||  0. |  0. | -1. || -1. |  0. |  0. |
|=====+=====+=====||=====+=====+=====||=====+=====+=====|
|  1. |  0. |  0. ||  0. |  1. |  0. ||  0. |  0. |  0. |
|  0. |  0. |  1. ||  0. |  0. |  0. ||  0. | -1. |  0. |
|  1. | -1. |  0. ||  0. |  0. |  0. ||  0. |  0. |  1. |


state to eval, currenty is playerone turn=false

| -0. | -0. | -0. || -0. | -0. | -0. ||*-0. |*-0. |*-0. |
| -0. |  1. | -0. || -0. |  1. | -0. ||*-0. |*-0. |*-0. |
| -0. | -0. | -0. ||  1. | -0. | -0. ||*-0. |*-0. |*-0. |
|=====+=====+=====||=====+=====+=====||=====+=====+=====|
| -0. | -0. | -0. || -0. | -1. | -1. || -0. | -0. | -0. |
| -0. | -0. | -0. || -0. | -0. | -1. || -0. | -1. |  1. |
| -0. | -0. | -0. || -0. | -0. |  1. ||  1. | -0. | -0. |
|=====+=====+=====||=====+=====+=====||=====+=====+=====|
| -1. | -0. | -0. || -0. | -1. | -0. || -0. | -0. | -0. |
| -0. | -0. | -1. || -0. | -0. | -0. || -0. |  1. | -0. |
| -1. |  1. | -0. || -0. | -0. | -0. || -0. | -0. | -1. |


Determined best move using: 88208Iterations
Determined best move using: 79209Iterations
current State

|  0. |  0. |  0. ||  0. |  0. |  0. ||* 0. |* 0. |*-1. |
|  0. | -1. |  0. ||  0. | -1. |  0. ||* 0. |* 0. |* 0. |
|  0. |  0. |  0. || -1. |  0. |  0. ||* 0. |* 0. |* 0. |
|=====+=====+=====||=====+=====+=====||=====+=====+=====|
|  0. |  0. |  0. ||  0. |  1. |  1. ||  0. |  0. |  0. |
|  0. |  0. |  0. ||  0. |  0. |  1. ||  0. |  1. | -1. |
|  0. |  0. |  0. ||  0. |  0. | -1. || -1. |  0. |  0. |
|=====+=====+=====||=====+=====+=====||=====+=====+=====|
|  1. |  0. |  0. ||  0. |  1. |  0. ||  0. |  0. |  0. |
|  0. |  0. |  1. ||  0. |  0. |  0. ||  0. | -1. |  0. |
|  1. | -1. |  0. ||  0. |  0. |  0. ||  0. |  0. |  1. |


state to eval, currenty is playerone turn=true

|  0. |  0. |  0. ||  0. |  0. |  0. ||* 0. |* 0. |*-1. |
|  0. | -1. |  0. ||  0. | -1. |  0. ||* 0. |* 0. |* 0. |
|  0. |  0. |  0. || -1. |  0. |  0. ||* 0. |* 0. |* 0. |
|=====+=====+=====||=====+=====+=====||=====+=====+=====|
|  0. |  0. |  0. ||  0. |  1. |  1. ||  0. |  0. |  0. |
|  0. |  0. |  0. ||  0. |  0. |  1. ||  0. |  1. | -1. |
|  0. |  0. |  0. ||  0. |  0. | -1. || -1. |  0. |  0. |
|=====+=====+=====||=====+=====+=====||=====+=====+=====|
|  1. |  0. |  0. ||  0. |  1. |  0. ||  0. |  0. |  0. |
|  0. |  0. |  1. ||  0. |  0. |  0. ||  0. | -1. |  0. |
|  1. | -1. |  0. ||  0. |  0. |  0. ||  0. |  0. |  1. |


Determined best move using: 88055Iterations
Determined best move using: 82608Iterations
current State

|  0. |  0. |  0. ||* 0. |* 0. |* 0. ||  0. |  1. | -1. |
|  0. | -1. |  0. ||* 0. |*-1. |* 0. ||  0. |  0. |  0. |
|  0. |  0. |  0. ||*-1. |* 0. |* 0. ||  0. |  0. |  0. |
|=====+=====+=====||=====+=====+=====||=====+=====+=====|
|  0. |  0. |  0. ||  0. |  1. |  1. ||  0. |  0. |  0. |
|  0. |  0. |  0. ||  0. |  0. |  1. ||  0. |  1. | -1. |
|  0. |  0. |  0. ||  0. |  0. | -1. || -1. |  0. |  0. |
|=====+=====+=====||=====+=====+=====||=====+=====+=====|
|  1. |  0. |  0. ||  0. |  1. |  0. ||  0. |  0. |  0. |
|  0. |  0. |  1. ||  0. |  0. |  0. ||  0. | -1. |  0. |
|  1. | -1. |  0. ||  0. |  0. |  0. ||  0. |  0. |  1. |


state to eval, currenty is playerone turn=false

| -0. | -0. | -0. ||*-0. |*-0. |*-0. || -0. | -1. |  1. |
| -0. |  1. | -0. ||*-0. |* 1. |*-0. || -0. | -0. | -0. |
| -0. | -0. | -0. ||* 1. |*-0. |*-0. || -0. | -0. | -0. |
|=====+=====+=====||=====+=====+=====||=====+=====+=====|
| -0. | -0. | -0. || -0. | -1. | -1. || -0. | -0. | -0. |
| -0. | -0. | -0. || -0. | -0. | -1. || -0. | -1. |  1. |
| -0. | -0. | -0. || -0. | -0. |  1. ||  1. | -0. | -0. |
|=====+=====+=====||=====+=====+=====||=====+=====+=====|
| -1. | -0. | -0. || -0. | -1. | -0. || -0. | -0. | -0. |
| -0. | -0. | -1. || -0. | -0. | -0. || -0. |  1. | -0. |
| -1. |  1. | -0. || -0. | -0. | -0. || -0. | -0. | -1. |


Determined best move using: 89100Iterations
current State

|  0. |  0. |  0. ||  0. |  0. |  0. ||  0. |  1. | -1. |
|  0. | -1. |  0. ||  0. | -1. | -1. ||  0. |  0. |  0. |
|  0. |  0. |  0. || -1. |  0. |  0. ||  0. |  0. |  0. |
|=====+=====+=====||=====+=====+=====||=====+=====+=====|
|  0. |  0. |  0. ||  0. |  1. |  1. ||* 0. |* 0. |* 0. |
|  0. |  0. |  0. ||  0. |  0. |  1. ||* 0. |* 1. |*-1. |
|  0. |  0. |  0. ||  0. |  0. | -1. ||*-1. |* 0. |* 0. |
|=====+=====+=====||=====+=====+=====||=====+=====+=====|
|  1. |  0. |  0. ||  0. |  1. |  0. ||  0. |  0. |  0. |
|  0. |  0. |  1. ||  0. |  0. |  0. ||  0. | -1. |  0. |
|  1. | -1. |  0. ||  0. |  0. |  0. ||  0. |  0. |  1. |


state to eval, currenty is playerone turn=true

|  0. |  0. |  0. ||  0. |  0. |  0. ||  0. |  1. | -1. |
|  0. | -1. |  0. ||  0. | -1. | -1. ||  0. |  0. |  0. |
|  0. |  0. |  0. || -1. |  0. |  0. ||  0. |  0. |  0. |
|=====+=====+=====||=====+=====+=====||=====+=====+=====|
|  0. |  0. |  0. ||  0. |  1. |  1. ||* 0. |* 0. |* 0. |
|  0. |  0. |  0. ||  0. |  0. |  1. ||* 0. |* 1. |*-1. |
|  0. |  0. |  0. ||  0. |  0. | -1. ||*-1. |* 0. |* 0. |
|=====+=====+=====||=====+=====+=====||=====+=====+=====|
|  1. |  0. |  0. ||  0. |  1. |  0. ||  0. |  0. |  0. |
|  0. |  0. |  1. ||  0. |  0. |  0. ||  0. | -1. |  0. |
|  1. | -1. |  0. ||  0. |  0. |  0. ||  0. |  0. |  1. |


Determined best move using: 91241Iterations
Determined best move using: 80641Iterations
current State

|  0. |  0. |  0. ||  0. |  0. |  0. ||  0. |  1. | -1. |
|  0. | -1. |  0. ||  0. | -1. | -1. ||  0. |  0. |  0. |
|  0. |  0. |  0. || -1. |  0. |  0. ||  0. |  0. |  0. |
|=====+=====+=====||=====+=====+=====||=====+=====+=====|
|  0. |  0. |  0. ||  0. |  1. |  1. ||  0. |  0. |  0. |
|  0. |  0. |  0. ||  0. |  0. |  1. ||  0. |  1. | -1. |
|  0. |  0. |  0. ||  0. |  0. | -1. || -1. |  0. |  1. |
|=====+=====+=====||=====+=====+=====||=====+=====+=====|
|  1. |  0. |  0. ||  0. |  1. |  0. ||* 0. |* 0. |* 0. |
|  0. |  0. |  1. ||  0. |  0. |  0. ||* 0. |*-1. |* 0. |
|  1. | -1. |  0. ||  0. |  0. |  0. ||* 0. |* 0. |* 1. |


state to eval, currenty is playerone turn=false

| -0. | -0. | -0. || -0. | -0. | -0. || -0. | -1. |  1. |
| -0. |  1. | -0. || -0. |  1. |  1. || -0. | -0. | -0. |
| -0. | -0. | -0. ||  1. | -0. | -0. || -0. | -0. | -0. |
|=====+=====+=====||=====+=====+=====||=====+=====+=====|
| -0. | -0. | -0. || -0. | -1. | -1. || -0. | -0. | -0. |
| -0. | -0. | -0. || -0. | -0. | -1. || -0. | -1. |  1. |
| -0. | -0. | -0. || -0. | -0. |  1. ||  1. | -0. | -1. |
|=====+=====+=====||=====+=====+=====||=====+=====+=====|
| -1. | -0. | -0. || -0. | -1. | -0. ||*-0. |*-0. |*-0. |
| -0. | -0. | -1. || -0. | -0. | -0. ||*-0. |* 1. |*-0. |
| -1. |  1. | -0. || -0. | -0. | -0. ||*-0. |*-0. |*-1. |


Determined best move using: 92421Iterations
Determined best move using: 82509Iterations
current State

|  0. |  0. |  0. ||* 0. |* 0. |* 0. ||  0. |  1. | -1. |
|  0. | -1. |  0. ||* 0. |*-1. |*-1. ||  0. |  0. |  0. |
|  0. |  0. |  0. ||*-1. |* 0. |* 0. ||  0. |  0. |  0. |
|=====+=====+=====||=====+=====+=====||=====+=====+=====|
|  0. |  0. |  0. ||  0. |  1. |  1. ||  0. |  0. |  0. |
|  0. |  0. |  0. ||  0. |  0. |  1. ||  0. |  1. | -1. |
|  0. |  0. |  0. ||  0. |  0. | -1. || -1. |  0. |  1. |
|=====+=====+=====||=====+=====+=====||=====+=====+=====|
|  1. |  0. |  0. ||  0. |  1. |  0. ||  0. | -1. |  0. |
|  0. |  0. |  1. ||  0. |  0. |  0. ||  0. | -1. |  0. |
|  1. | -1. |  0. ||  0. |  0. |  0. ||  0. |  0. |  1. |


state to eval, currenty is playerone turn=true

|  0. |  0. |  0. ||* 0. |* 0. |* 0. ||  0. |  1. | -1. |
|  0. | -1. |  0. ||* 0. |*-1. |*-1. ||  0. |  0. |  0. |
|  0. |  0. |  0. ||*-1. |* 0. |* 0. ||  0. |  0. |  0. |
|=====+=====+=====||=====+=====+=====||=====+=====+=====|
|  0. |  0. |  0. ||  0. |  1. |  1. ||  0. |  0. |  0. |
|  0. |  0. |  0. ||  0. |  0. |  1. ||  0. |  1. | -1. |
|  0. |  0. |  0. ||  0. |  0. | -1. || -1. |  0. |  1. |
|=====+=====+=====||=====+=====+=====||=====+=====+=====|
|  1. |  0. |  0. ||  0. |  1. |  0. ||  0. | -1. |  0. |
|  0. |  0. |  1. ||  0. |  0. |  0. ||  0. | -1. |  0. |
|  1. | -1. |  0. ||  0. |  0. |  0. ||  0. |  0. |  1. |


Determined best move using: 83391Iterations
Determined best move using: 97352Iterations
current State

|* 0. |* 0. |* 0. ||  1. |  0. |  0. ||  0. |  1. | -1. |
|* 0. |*-1. |* 0. ||  0. | -1. | -1. ||  0. |  0. |  0. |
|* 0. |* 0. |* 0. || -1. |  0. |  0. ||  0. |  0. |  0. |
|=====+=====+=====||=====+=====+=====||=====+=====+=====|
|  0. |  0. |  0. ||  0. |  1. |  1. ||  0. |  0. |  0. |
|  0. |  0. |  0. ||  0. |  0. |  1. ||  0. |  1. | -1. |
|  0. |  0. |  0. ||  0. |  0. | -1. || -1. |  0. |  1. |
|=====+=====+=====||=====+=====+=====||=====+=====+=====|
|  1. |  0. |  0. ||  0. |  1. |  0. ||  0. | -1. |  0. |
|  0. |  0. |  1. ||  0. |  0. |  0. ||  0. | -1. |  0. |
|  1. | -1. |  0. ||  0. |  0. |  0. ||  0. |  0. |  1. |


state to eval, currenty is playerone turn=false

|*-0. |*-0. |*-0. || -1. | -0. | -0. || -0. | -1. |  1. |
|*-0. |* 1. |*-0. || -0. |  1. |  1. || -0. | -0. | -0. |
|*-0. |*-0. |*-0. ||  1. | -0. | -0. || -0. | -0. | -0. |
|=====+=====+=====||=====+=====+=====||=====+=====+=====|
| -0. | -0. | -0. || -0. | -1. | -1. || -0. | -0. | -0. |
| -0. | -0. | -0. || -0. | -0. | -1. || -0. | -1. |  1. |
| -0. | -0. | -0. || -0. | -0. |  1. ||  1. | -0. | -1. |
|=====+=====+=====||=====+=====+=====||=====+=====+=====|
| -1. | -0. | -0. || -0. | -1. | -0. || -0. |  1. | -0. |
| -0. | -0. | -1. || -0. | -0. | -0. || -0. |  1. | -0. |
| -1. |  1. | -0. || -0. | -0. | -0. || -0. | -0. | -1. |


Determined best move using: 92567Iterations
Determined best move using: 85079Iterations
current State

|  0. | -1. |  0. ||* 1. |* 0. |* 0. ||  0. |  1. | -1. |
|  0. | -1. |  0. ||* 0. |*-1. |*-1. ||  0. |  0. |  0. |
|  0. |  0. |  0. ||*-1. |* 0. |* 0. ||  0. |  0. |  0. |
|=====+=====+=====||=====+=====+=====||=====+=====+=====|
|  0. |  0. |  0. ||  0. |  1. |  1. ||  0. |  0. |  0. |
|  0. |  0. |  0. ||  0. |  0. |  1. ||  0. |  1. | -1. |
|  0. |  0. |  0. ||  0. |  0. | -1. || -1. |  0. |  1. |
|=====+=====+=====||=====+=====+=====||=====+=====+=====|
|  1. |  0. |  0. ||  0. |  1. |  0. ||  0. | -1. |  0. |
|  0. |  0. |  1. ||  0. |  0. |  0. ||  0. | -1. |  0. |
|  1. | -1. |  0. ||  0. |  0. |  0. ||  0. |  0. |  1. |


state to eval, currenty is playerone turn=true

|  0. | -1. |  0. ||* 1. |* 0. |* 0. ||  0. |  1. | -1. |
|  0. | -1. |  0. ||* 0. |*-1. |*-1. ||  0. |  0. |  0. |
|  0. |  0. |  0. ||*-1. |* 0. |* 0. ||  0. |  0. |  0. |
|=====+=====+=====||=====+=====+=====||=====+=====+=====|
|  0. |  0. |  0. ||  0. |  1. |  1. ||  0. |  0. |  0. |
|  0. |  0. |  0. ||  0. |  0. |  1. ||  0. |  1. | -1. |
|  0. |  0. |  0. ||  0. |  0. | -1. || -1. |  0. |  1. |
|=====+=====+=====||=====+=====+=====||=====+=====+=====|
|  1. |  0. |  0. ||  0. |  1. |  0. ||  0. | -1. |  0. |
|  0. |  0. |  1. ||  0. |  0. |  0. ||  0. | -1. |  0. |
|  1. | -1. |  0. ||  0. |  0. |  0. ||  0. |  0. |  1. |


Determined best move using: 101250Iterations
current State

|  0. | -1. |  0. ||  1. |  0. |  0. ||  0. |  1. | -1. |
|  0. | -1. |  0. ||  0. | -1. | -1. ||  0. |  0. |  0. |
|  0. |  0. |  0. || -1. |  0. |  1. ||  0. |  0. |  0. |
|=====+=====+=====||=====+=====+=====||=====+=====+=====|
|  0. |  0. |  0. ||  0. |  1. |  1. ||  0. |  0. |  0. |
|  0. |  0. |  0. ||  0. |  0. |  1. ||  0. |  1. | -1. |
|  0. |  0. |  0. ||  0. |  0. | -1. || -1. |  0. |  1. |
|=====+=====+=====||=====+=====+=====||=====+=====+=====|
|  1. |  0. |  0. ||  0. |  1. |  0. ||* 0. |*-1. |* 0. |
|  0. |  0. |  1. ||  0. |  0. |  0. ||* 0. |*-1. |* 0. |
|  1. | -1. |  0. ||  0. |  0. |  0. ||* 0. |* 0. |* 1. |


state to eval, currenty is playerone turn=false

| -0. |  1. | -0. || -1. | -0. | -0. || -0. | -1. |  1. |
| -0. |  1. | -0. || -0. |  1. |  1. || -0. | -0. | -0. |
| -0. | -0. | -0. ||  1. | -0. | -1. || -0. | -0. | -0. |
|=====+=====+=====||=====+=====+=====||=====+=====+=====|
| -0. | -0. | -0. || -0. | -1. | -1. || -0. | -0. | -0. |
| -0. | -0. | -0. || -0. | -0. | -1. || -0. | -1. |  1. |
| -0. | -0. | -0. || -0. | -0. |  1. ||  1. | -0. | -1. |
|=====+=====+=====||=====+=====+=====||=====+=====+=====|
| -1. | -0. | -0. || -0. | -1. | -0. ||*-0. |* 1. |*-0. |
| -0. | -0. | -1. || -0. | -0. | -0. ||*-0. |* 1. |*-0. |
| -1. |  1. | -0. || -0. | -0. | -0. ||*-0. |*-0. |*-1. |


current State

|  0. | -1. |  0. ||  1. |  0. |  0. ||  0. |  1. | -1. |
|  0. | -1. |  0. ||  0. | -1. | -1. ||  0. |  0. |  0. |
|  0. |  0. |  0. || -1. |  0. |  1. ||  0. |  0. |  0. |
|=====+=====+=====||=====+=====+=====||=====+=====+=====|
|  0. |  0. |  0. ||  0. |  1. |  1. ||  0. |  0. |  0. |
|  0. |  0. |  0. ||  0. |  0. |  1. ||  0. |  1. | -1. |
|  0. |  0. |  0. ||  0. |  0. | -1. || -1. |  0. |  1. |
|=====+=====+=====||=====+=====+=====||=====+=====+=====|
|  1. |  0. |  0. ||* 0. |* 1. |* 0. ||  0. | -1. |  0. |
|  0. |  0. |  1. ||* 0. |* 0. |* 0. ||  0. | -1. |  0. |
|  1. | -1. |  0. ||* 0. |* 0. |* 0. ||  0. | -1. |  1. |


state to eval, currenty is playerone turn=true

|  0. | -1. |  0. ||  1. |  0. |  0. ||  0. |  1. | -1. |
|  0. | -1. |  0. ||  0. | -1. | -1. ||  0. |  0. |  0. |
|  0. |  0. |  0. || -1. |  0. |  1. ||  0. |  0. |  0. |
|=====+=====+=====||=====+=====+=====||=====+=====+=====|
|  0. |  0. |  0. ||  0. |  1. |  1. ||  0. |  0. |  0. |
|  0. |  0. |  0. ||  0. |  0. |  1. ||  0. |  1. | -1. |
|  0. |  0. |  0. ||  0. |  0. | -1. || -1. |  0. |  1. |
|=====+=====+=====||=====+=====+=====||=====+=====+=====|
|  1. |  0. |  0. ||* 0. |* 1. |* 0. ||  0. | -1. |  0. |
|  0. |  0. |  1. ||* 0. |* 0. |* 0. ||  0. | -1. |  0. |
|  1. | -1. |  0. ||* 0. |* 0. |* 0. ||  0. | -1. |  1. |


Determined best move using: 118372Iterations
current State

|  0. | -1. |  0. ||  1. |  0. |  0. ||  0. |  1. | -1. |
|  0. | -1. |  0. ||  0. | -1. | -1. ||  0. |  0. |  0. |
|  0. |  0. |  0. || -1. |  0. |  1. ||  0. |  0. |  0. |
|=====+=====+=====||=====+=====+=====||=====+=====+=====|
|  0. |  0. |  0. ||  0. |  1. |  1. ||  0. |  0. |  0. |
|  0. |  0. |  0. ||  0. |  0. |  1. ||  0. |  1. | -1. |
|  0. |  0. |  0. ||  0. |  0. | -1. || -1. |  0. |  1. |
|=====+=====+=====||=====+=====+=====||=====+=====+=====|
|  1. |  0. |  0. ||* 0. |* 1. |* 0. ||  0. | -1. |  0. |
|  0. |  0. |  1. ||* 0. |* 0. |* 0. ||  0. | -1. |  0. |
|  1. | -1. |  0. ||* 0. |* 1. |* 0. ||  0. | -1. |  1. |


state to eval, currenty is playerone turn=false

| -0. |  1. | -0. || -1. | -0. | -0. || -0. | -1. |  1. |
| -0. |  1. | -0. || -0. |  1. |  1. || -0. | -0. | -0. |
| -0. | -0. | -0. ||  1. | -0. | -1. || -0. | -0. | -0. |
|=====+=====+=====||=====+=====+=====||=====+=====+=====|
| -0. | -0. | -0. || -0. | -1. | -1. || -0. | -0. | -0. |
| -0. | -0. | -0. || -0. | -0. | -1. || -0. | -1. |  1. |
| -0. | -0. | -0. || -0. | -0. |  1. ||  1. | -0. | -1. |
|=====+=====+=====||=====+=====+=====||=====+=====+=====|
| -1. | -0. | -0. ||*-0. |*-1. |*-0. || -0. |  1. | -0. |
| -0. | -0. | -1. ||*-0. |*-0. |*-0. || -0. |  1. | -0. |
| -1. |  1. | -0. ||*-0. |*-1. |*-0. || -0. |  1. | -1. |


current State

|* 0. |*-1. |* 0. ||  1. |  0. |  0. ||  0. |  1. | -1. |
|* 0. |*-1. |* 0. ||  0. | -1. | -1. ||  0. |  0. |  0. |
|* 0. |* 0. |* 0. || -1. |  0. |  1. ||  0. |  0. |  0. |
|=====+=====+=====||=====+=====+=====||=====+=====+=====|
|  0. |  0. |  0. ||  0. |  1. |  1. ||  0. |  0. |  0. |
|  0. |  0. |  0. ||  0. |  0. |  1. ||  0. |  1. | -1. |
|  0. |  0. |  0. ||  0. |  0. | -1. || -1. |  0. |  1. |
|=====+=====+=====||=====+=====+=====||=====+=====+=====|
|  1. |  0. |  0. || -1. |  1. |  0. ||  0. | -1. |  0. |
|  0. |  0. |  1. ||  0. |  0. |  0. ||  0. | -1. |  0. |
|  1. | -1. |  0. ||  0. |  1. |  0. ||  0. | -1. |  1. |


state to eval, currenty is playerone turn=true

|* 0. |*-1. |* 0. ||  1. |  0. |  0. ||  0. |  1. | -1. |
|* 0. |*-1. |* 0. ||  0. | -1. | -1. ||  0. |  0. |  0. |
|* 0. |* 0. |* 0. || -1. |  0. |  1. ||  0. |  0. |  0. |
|=====+=====+=====||=====+=====+=====||=====+=====+=====|
|  0. |  0. |  0. ||  0. |  1. |  1. ||  0. |  0. |  0. |
|  0. |  0. |  0. ||  0. |  0. |  1. ||  0. |  1. | -1. |
|  0. |  0. |  0. ||  0. |  0. | -1. || -1. |  0. |  1. |
|=====+=====+=====||=====+=====+=====||=====+=====+=====|
|  1. |  0. |  0. || -1. |  1. |  0. ||  0. | -1. |  0. |
|  0. |  0. |  1. ||  0. |  0. |  0. ||  0. | -1. |  0. |
|  1. | -1. |  0. ||  0. |  1. |  0. ||  0. | -1. |  1. |


Determined best move using: 97168Iterations
current State

|  0. | -1. |  0. ||  1. |  0. |  0. ||  0. |  1. | -1. |
|  1. | -1. |  0. ||  0. | -1. | -1. ||  0. |  0. |  0. |
|  0. |  0. |  0. || -1. |  0. |  1. ||  0. |  0. |  0. |
|=====+=====+=====||=====+=====+=====||=====+=====+=====|
|* 0. |* 0. |* 0. ||  0. |  1. |  1. ||  0. |  0. |  0. |
|* 0. |* 0. |* 0. ||  0. |  0. |  1. ||  0. |  1. | -1. |
|* 0. |* 0. |* 0. ||  0. |  0. | -1. || -1. |  0. |  1. |
|=====+=====+=====||=====+=====+=====||=====+=====+=====|
|  1. |  0. |  0. || -1. |  1. |  0. ||  0. | -1. |  0. |
|  0. |  0. |  1. ||  0. |  0. |  0. ||  0. | -1. |  0. |
|  1. | -1. |  0. ||  0. |  1. |  0. ||  0. | -1. |  1. |


state to eval, currenty is playerone turn=false

| -0. |  1. | -0. || -1. | -0. | -0. || -0. | -1. |  1. |
| -1. |  1. | -0. || -0. |  1. |  1. || -0. | -0. | -0. |
| -0. | -0. | -0. ||  1. | -0. | -1. || -0. | -0. | -0. |
|=====+=====+=====||=====+=====+=====||=====+=====+=====|
|*-0. |*-0. |*-0. || -0. | -1. | -1. || -0. | -0. | -0. |
|*-0. |*-0. |*-0. || -0. | -0. | -1. || -0. | -1. |  1. |
|*-0. |*-0. |*-0. || -0. | -0. |  1. ||  1. | -0. | -1. |
|=====+=====+=====||=====+=====+=====||=====+=====+=====|
| -1. | -0. | -0. ||  1. | -1. | -0. || -0. |  1. | -0. |
| -0. | -0. | -1. || -0. | -0. | -0. || -0. |  1. | -0. |
| -1. |  1. | -0. || -0. | -1. | -0. || -0. |  1. | -1. |


Determined best move using: 100903Iterations
current State

|  0. | -1. |  0. ||  1. |  0. |  0. ||  0. |  1. | -1. |
|  1. | -1. |  0. ||  0. | -1. | -1. ||  0. |  0. |  0. |
|  0. |  0. |  0. || -1. |  0. |  1. ||  0. |  0. |  0. |
|=====+=====+=====||=====+=====+=====||=====+=====+=====|
|* 0. |* 0. |* 0. ||  0. |  1. |  1. ||  0. |  0. |  0. |
|*-1. |* 0. |* 0. ||  0. |  0. |  1. ||  0. |  1. | -1. |
|* 0. |* 0. |* 0. ||  0. |  0. | -1. || -1. |  0. |  1. |
|=====+=====+=====||=====+=====+=====||=====+=====+=====|
|  1. |  0. |  0. || -1. |  1. |  0. ||  0. | -1. |  0. |
|  0. |  0. |  1. ||  0. |  0. |  0. ||  0. | -1. |  0. |
|  1. | -1. |  0. ||  0. |  1. |  0. ||  0. | -1. |  1. |


state to eval, currenty is playerone turn=true

|  0. | -1. |  0. ||  1. |  0. |  0. ||  0. |  1. | -1. |
|  1. | -1. |  0. ||  0. | -1. | -1. ||  0. |  0. |  0. |
|  0. |  0. |  0. || -1. |  0. |  1. ||  0. |  0. |  0. |
|=====+=====+=====||=====+=====+=====||=====+=====+=====|
|* 0. |* 0. |* 0. ||  0. |  1. |  1. ||  0. |  0. |  0. |
|*-1. |* 0. |* 0. ||  0. |  0. |  1. ||  0. |  1. | -1. |
|* 0. |* 0. |* 0. ||  0. |  0. | -1. || -1. |  0. |  1. |
|=====+=====+=====||=====+=====+=====||=====+=====+=====|
|  1. |  0. |  0. || -1. |  1. |  0. ||  0. | -1. |  0. |
|  0. |  0. |  1. ||  0. |  0. |  0. ||  0. | -1. |  0. |
|  1. | -1. |  0. ||  0. |  1. |  0. ||  0. | -1. |  1. |


current State

|  0. | -1. |  0. ||  1. |  0. |  0. ||* 0. |* 1. |*-1. |
|  1. | -1. |  0. ||  0. | -1. | -1. ||* 0. |* 0. |* 0. |
|  0. |  0. |  0. || -1. |  0. |  1. ||* 0. |* 0. |* 0. |
|=====+=====+=====||=====+=====+=====||=====+=====+=====|
|  0. |  0. |  1. ||  0. |  1. |  1. ||  0. |  0. |  0. |
| -1. |  0. |  0. ||  0. |  0. |  1. ||  0. |  1. | -1. |
|  0. |  0. |  0. ||  0. |  0. | -1. || -1. |  0. |  1. |
|=====+=====+=====||=====+=====+=====||=====+=====+=====|
|  1. |  0. |  0. || -1. |  1. |  0. ||  0. | -1. |  0. |
|  0. |  0. |  1. ||  0. |  0. |  0. ||  0. | -1. |  0. |
|  1. | -1. |  0. ||  0. |  1. |  0. ||  0. | -1. |  1. |


state to eval, currenty is playerone turn=false

| -0. |  1. | -0. || -1. | -0. | -0. ||*-0. |*-1. |* 1. |
| -1. |  1. | -0. || -0. |  1. |  1. ||*-0. |*-0. |*-0. |
| -0. | -0. | -0. ||  1. | -0. | -1. ||*-0. |*-0. |*-0. |
|=====+=====+=====||=====+=====+=====||=====+=====+=====|
| -0. | -0. | -1. || -0. | -1. | -1. || -0. | -0. | -0. |
|  1. | -0. | -0. || -0. | -0. | -1. || -0. | -1. |  1. |
| -0. | -0. | -0. || -0. | -0. |  1. ||  1. | -0. | -1. |
|=====+=====+=====||=====+=====+=====||=====+=====+=====|
| -1. | -0. | -0. ||  1. | -1. | -0. || -0. |  1. | -0. |
| -0. | -0. | -1. || -0. | -0. | -0. || -0. |  1. | -0. |
| -1. |  1. | -0. || -0. | -1. | -0. || -0. |  1. | -1. |


Determined best move using: 1032581Iterations
current State

|* 0. |*-1. |* 0. ||  1. |  0. |  0. || -1. |  1. | -1. |
|* 1. |*-1. |* 0. ||  0. | -1. | -1. ||  0. |  0. |  0. |
|* 0. |* 0. |* 0. || -1. |  0. |  1. ||  0. |  0. |  0. |
|=====+=====+=====||=====+=====+=====||=====+=====+=====|
|  0. |  0. |  1. ||  0. |  1. |  1. ||  0. |  0. |  0. |
| -1. |  0. |  0. ||  0. |  0. |  1. ||  0. |  1. | -1. |
|  0. |  0. |  0. ||  0. |  0. | -1. || -1. |  0. |  1. |
|=====+=====+=====||=====+=====+=====||=====+=====+=====|
|  1. |  0. |  0. || -1. |  1. |  0. ||  0. | -1. |  0. |
|  0. |  0. |  1. ||  0. |  0. |  0. ||  0. | -1. |  0. |
|  1. | -1. |  0. ||  0. |  1. |  0. ||  0. | -1. |  1. |


state to eval, currenty is playerone turn=true

|* 0. |*-1. |* 0. ||  1. |  0. |  0. || -1. |  1. | -1. |
|* 1. |*-1. |* 0. ||  0. | -1. | -1. ||  0. |  0. |  0. |
|* 0. |* 0. |* 0. || -1. |  0. |  1. ||  0. |  0. |  0. |
|=====+=====+=====||=====+=====+=====||=====+=====+=====|
|  0. |  0. |  1. ||  0. |  1. |  1. ||  0. |  0. |  0. |
| -1. |  0. |  0. ||  0. |  0. |  1. ||  0. |  1. | -1. |
|  0. |  0. |  0. ||  0. |  0. | -1. || -1. |  0. |  1. |
|=====+=====+=====||=====+=====+=====||=====+=====+=====|
|  1. |  0. |  0. || -1. |  1. |  0. ||  0. | -1. |  0. |
|  0. |  0. |  1. ||  0. |  0. |  0. ||  0. | -1. |  0. |
|  1. | -1. |  0. ||  0. |  1. |  0. ||  0. | -1. |  1. |


Determined best move using: 61409Iterations
Determined best move using: 122468Iterations
current State

|  0. | -1. |  0. ||  1. |  0. |  0. || -1. |  1. | -1. |
|  1. | -1. |  0. ||  0. | -1. | -1. ||  0. |  0. |  0. |
|  1. |  0. |  0. || -1. |  0. |  1. ||  0. |  0. |  0. |
|=====+=====+=====||=====+=====+=====||=====+=====+=====|
|  0. |  0. |  1. ||  0. |  1. |  1. ||  0. |  0. |  0. |
| -1. |  0. |  0. ||  0. |  0. |  1. ||  0. |  1. | -1. |
|  0. |  0. |  0. ||  0. |  0. | -1. || -1. |  0. |  1. |
|=====+=====+=====||=====+=====+=====||=====+=====+=====|
|* 1. |* 0. |* 0. || -1. |  1. |  0. ||  0. | -1. |  0. |
|* 0. |* 0. |* 1. ||  0. |  0. |  0. ||  0. | -1. |  0. |
|* 1. |*-1. |* 0. ||  0. |  1. |  0. ||  0. | -1. |  1. |


state to eval, currenty is playerone turn=false

| -0. |  1. | -0. || -1. | -0. | -0. ||  1. | -1. |  1. |
| -1. |  1. | -0. || -0. |  1. |  1. || -0. | -0. | -0. |
| -1. | -0. | -0. ||  1. | -0. | -1. || -0. | -0. | -0. |
|=====+=====+=====||=====+=====+=====||=====+=====+=====|
| -0. | -0. | -1. || -0. | -1. | -1. || -0. | -0. | -0. |
|  1. | -0. | -0. || -0. | -0. | -1. || -0. | -1. |  1. |
| -0. | -0. | -0. || -0. | -0. |  1. ||  1. | -0. | -1. |
|=====+=====+=====||=====+=====+=====||=====+=====+=====|
|*-1. |*-0. |*-0. ||  1. | -1. | -0. || -0. |  1. | -0. |
|*-0. |*-0. |*-1. || -0. | -0. | -0. || -0. |  1. | -0. |
|*-1. |* 1. |*-0. || -0. | -1. | -0. || -0. |  1. | -1. |


Determined best move using: 61665Iterations
Determined best move using: 119974Iterations
current State

|  0. | -1. |  0. ||  1. |  0. |  0. ||*-1. |* 1. |*-1. |
|  1. | -1. |  0. ||  0. | -1. | -1. ||* 0. |* 0. |* 0. |
|  1. |  0. |  0. || -1. |  0. |  1. ||* 0. |* 0. |* 0. |
|=====+=====+=====||=====+=====+=====||=====+=====+=====|
|  0. |  0. |  1. ||  0. |  1. |  1. ||  0. |  0. |  0. |
| -1. |  0. |  0. ||  0. |  0. |  1. ||  0. |  1. | -1. |
|  0. |  0. |  0. ||  0. |  0. | -1. || -1. |  0. |  1. |
|=====+=====+=====||=====+=====+=====||=====+=====+=====|
|  1. |  0. | -1. || -1. |  1. |  0. ||  0. | -1. |  0. |
|  0. |  0. |  1. ||  0. |  0. |  0. ||  0. | -1. |  0. |
|  1. | -1. |  0. ||  0. |  1. |  0. ||  0. | -1. |  1. |


state to eval, currenty is playerone turn=true

|  0. | -1. |  0. ||  1. |  0. |  0. ||*-1. |* 1. |*-1. |
|  1. | -1. |  0. ||  0. | -1. | -1. ||* 0. |* 0. |* 0. |
|  1. |  0. |  0. || -1. |  0. |  1. ||* 0. |* 0. |* 0. |
|=====+=====+=====||=====+=====+=====||=====+=====+=====|
|  0. |  0. |  1. ||  0. |  1. |  1. ||  0. |  0. |  0. |
| -1. |  0. |  0. ||  0. |  0. |  1. ||  0. |  1. | -1. |
|  0. |  0. |  0. ||  0. |  0. | -1. || -1. |  0. |  1. |
|=====+=====+=====||=====+=====+=====||=====+=====+=====|
|  1. |  0. | -1. || -1. |  1. |  0. ||  0. | -1. |  0. |
|  0. |  0. |  1. ||  0. |  0. |  0. ||  0. | -1. |  0. |
|  1. | -1. |  0. ||  0. |  1. |  0. ||  0. | -1. |  1. |


Determined best move using: 65159Iterations
current State

|* 0. |*-1. |* 0. ||* 1. |* 0. |* 0. ||*-1. |* 1. |*-1. |
|* 1. |*-1. |* 0. ||* 0. |*-1. |*-1. ||* 0. |* 0. |* 0. |
|* 1. |* 0. |* 0. ||*-1. |* 0. |* 1. ||* 0. |* 0. |* 1. |
|=====+=====+=====||=====+=====+=====||=====+=====+=====|
|* 0. |* 0. |* 1. ||* 0. |* 1. |* 1. ||* 0. |* 0. |* 0. |
|*-1. |* 0. |* 0. ||* 0. |* 0. |* 1. ||* 0. |* 1. |*-1. |
|* 0. |* 0. |* 0. ||* 0. |* 0. |*-1. ||*-1. |* 0. |* 1. |
|=====+=====+=====||=====+=====+=====||=====+=====+=====|
|* 1. |* 0. |*-1. ||*-1. |* 1. |* 0. ||  0. | -1. |  0. |
|* 0. |* 0. |* 1. ||* 0. |* 0. |* 0. ||  0. | -1. |  0. |
|* 1. |*-1. |* 0. ||* 0. |* 1. |* 0. ||  0. | -1. |  1. |


state to eval, currenty is playerone turn=false

|*-0. |* 1. |*-0. ||*-1. |*-0. |*-0. ||* 1. |*-1. |* 1. |
|*-1. |* 1. |*-0. ||*-0. |* 1. |* 1. ||*-0. |*-0. |*-0. |
|*-1. |*-0. |*-0. ||* 1. |*-0. |*-1. ||*-0. |*-0. |*-1. |
|=====+=====+=====||=====+=====+=====||=====+=====+=====|
|*-0. |*-0. |*-1. ||*-0. |*-1. |*-1. ||*-0. |*-0. |*-0. |
|* 1. |*-0. |*-0. ||*-0. |*-0. |*-1. ||*-0. |*-1. |* 1. |
|*-0. |*-0. |*-0. ||*-0. |*-0. |* 1. ||* 1. |*-0. |*-1. |
|=====+=====+=====||=====+=====+=====||=====+=====+=====|
|*-1. |*-0. |* 1. ||* 1. |*-1. |*-0. || -0. |  1. | -0. |
|*-0. |*-0. |*-1. ||*-0. |*-0. |*-0. || -0. |  1. | -0. |
|*-1. |* 1. |*-0. ||*-0. |*-1. |*-0. || -0. |  1. | -1. |


Determined best move using: 60916Iterations
