Saving data to: W:\Labs\ME\ME187-Fall2024\StudentFiles\CALEBHOTTES\UTTTstuff\data\series1
Begin custom message: 
DataSeries: series1 game number: 175 

Description: making data during matlab class 238. 

Evaluator config=EvaluatorConfiguration{cValue=2.0, maxRolloutDepth=1000, computeTime=35, threads=1, stupidity=0, allowForcePlay=false, maxMyCPU=false}
End custom message
Inital State: 

|* 0. |* 0. |* 0. ||* 0. |* 0. |* 0. ||* 0. |* 0. |* 0. |
|* 0. |* 0. |* 0. ||* 0. |* 0. |* 0. ||* 0. |* 0. |* 0. |
|* 0. |* 0. |* 0. ||* 0. |* 0. |* 0. ||* 0. |* 0. |* 0. |
|=====+=====+=====||=====+=====+=====||=====+=====+=====|
|* 0. |* 0. |* 0. ||* 0. |* 0. |* 0. ||* 0. |* 0. |* 0. |
|* 0. |* 0. |* 0. ||* 0. |* 0. |* 0. ||* 0. |* 0. |* 0. |
|* 0. |* 0. |* 0. ||* 0. |* 0. |* 0. ||* 0. |* 0. |* 0. |
|=====+=====+=====||=====+=====+=====||=====+=====+=====|
|* 0. |* 0. |* 0. ||* 0. |* 0. |* 0. ||* 0. |* 0. |* 0. |
|* 0. |* 0. |* 0. ||* 0. |* 0. |* 0. ||* 0. |* 0. |* 0. |
|* 0. |* 0. |* 0. ||* 0. |* 0. |* 0. ||* 0. |* 0. |* 0. |


state to eval, currenty is playerone turn=true

|* 0. |* 0. |* 0. ||* 0. |* 0. |* 0. ||* 0. |* 0. |* 0. |
|* 0. |* 0. |* 0. ||* 0. |* 0. |* 0. ||* 0. |* 0. |* 0. |
|* 0. |* 0. |* 0. ||* 0. |* 0. |* 0. ||* 0. |* 0. |* 0. |
|=====+=====+=====||=====+=====+=====||=====+=====+=====|
|* 0. |* 0. |* 0. ||* 0. |* 0. |* 0. ||* 0. |* 0. |* 0. |
|* 0. |* 0. |* 0. ||* 0. |* 0. |* 0. ||* 0. |* 0. |* 0. |
|* 0. |* 0. |* 0. ||* 0. |* 0. |* 0. ||* 0. |* 0. |* 0. |
|=====+=====+=====||=====+=====+=====||=====+=====+=====|
|* 0. |* 0. |* 0. ||* 0. |* 0. |* 0. ||* 0. |* 0. |* 0. |
|* 0. |* 0. |* 0. ||* 0. |* 0. |* 0. ||* 0. |* 0. |* 0. |
|* 0. |* 0. |* 0. ||* 0. |* 0. |* 0. ||* 0. |* 0. |* 0. |


current State

|  0. |  0. |  0. ||  0. |  0. |  0. ||  0. |  0. |  0. |
|  0. |  0. |  0. ||  0. |  0. |  0. ||  0. |  0. |  0. |
|  0. |  0. |  0. ||  0. |  0. |  0. ||  0. |  0. |  0. |
|=====+=====+=====||=====+=====+=====||=====+=====+=====|
|  0. |  0. |  0. ||* 0. |* 0. |* 0. ||  0. |  0. |  0. |
|  0. |  0. |  0. ||* 0. |* 1. |* 0. ||  0. |  0. |  0. |
|  0. |  0. |  0. ||* 0. |* 0. |* 0. ||  0. |  0. |  0. |
|=====+=====+=====||=====+=====+=====||=====+=====+=====|
|  0. |  0. |  0. ||  0. |  0. |  0. ||  0. |  0. |  0. |
|  0. |  0. |  0. ||  0. |  0. |  0. ||  0. |  0. |  0. |
|  0. |  0. |  0. ||  0. |  0. |  0. ||  0. |  0. |  0. |


state to eval, currenty is playerone turn=false

| -0. | -0. | -0. || -0. | -0. | -0. || -0. | -0. | -0. |
| -0. | -0. | -0. || -0. | -0. | -0. || -0. | -0. | -0. |
| -0. | -0. | -0. || -0. | -0. | -0. || -0. | -0. | -0. |
|=====+=====+=====||=====+=====+=====||=====+=====+=====|
| -0. | -0. | -0. ||*-0. |*-0. |*-0. || -0. | -0. | -0. |
| -0. | -0. | -0. ||*-0. |*-1. |*-0. || -0. | -0. | -0. |
| -0. | -0. | -0. ||*-0. |*-0. |*-0. || -0. | -0. | -0. |
|=====+=====+=====||=====+=====+=====||=====+=====+=====|
| -0. | -0. | -0. || -0. | -0. | -0. || -0. | -0. | -0. |
| -0. | -0. | -0. || -0. | -0. | -0. || -0. | -0. | -0. |
| -0. | -0. | -0. || -0. | -0. | -0. || -0. | -0. | -0. |


current State

|  0. |  0. |  0. ||  0. |  0. |  0. ||  0. |  0. |  0. |
|  0. |  0. |  0. ||  0. |  0. |  0. ||  0. |  0. |  0. |
|  0. |  0. |  0. ||  0. |  0. |  0. ||  0. |  0. |  0. |
|=====+=====+=====||=====+=====+=====||=====+=====+=====|
|  0. |  0. |  0. ||  0. |  0. |  0. ||  0. |  0. |  0. |
|  0. |  0. |  0. ||  0. |  1. |  0. ||  0. |  0. |  0. |
|  0. |  0. |  0. ||  0. |  0. | -1. ||  0. |  0. |  0. |
|=====+=====+=====||=====+=====+=====||=====+=====+=====|
|  0. |  0. |  0. ||  0. |  0. |  0. ||* 0. |* 0. |* 0. |
|  0. |  0. |  0. ||  0. |  0. |  0. ||* 0. |* 0. |* 0. |
|  0. |  0. |  0. ||  0. |  0. |  0. ||* 0. |* 0. |* 0. |


state to eval, currenty is playerone turn=true

|  0. |  0. |  0. ||  0. |  0. |  0. ||  0. |  0. |  0. |
|  0. |  0. |  0. ||  0. |  0. |  0. ||  0. |  0. |  0. |
|  0. |  0. |  0. ||  0. |  0. |  0. ||  0. |  0. |  0. |
|=====+=====+=====||=====+=====+=====||=====+=====+=====|
|  0. |  0. |  0. ||  0. |  0. |  0. ||  0. |  0. |  0. |
|  0. |  0. |  0. ||  0. |  1. |  0. ||  0. |  0. |  0. |
|  0. |  0. |  0. ||  0. |  0. | -1. ||  0. |  0. |  0. |
|=====+=====+=====||=====+=====+=====||=====+=====+=====|
|  0. |  0. |  0. ||  0. |  0. |  0. ||* 0. |* 0. |* 0. |
|  0. |  0. |  0. ||  0. |  0. |  0. ||* 0. |* 0. |* 0. |
|  0. |  0. |  0. ||  0. |  0. |  0. ||* 0. |* 0. |* 0. |


Determined best move using: 76644Iterations
current State

|  0. |  0. |  0. ||  0. |  0. |  0. ||  0. |  0. |  0. |
|  0. |  0. |  0. ||  0. |  0. |  0. ||  0. |  0. |  0. |
|  0. |  0. |  0. ||  0. |  0. |  0. ||  0. |  0. |  0. |
|=====+=====+=====||=====+=====+=====||=====+=====+=====|
|* 0. |* 0. |* 0. ||  0. |  0. |  0. ||  0. |  0. |  0. |
|* 0. |* 0. |* 0. ||  0. |  1. |  0. ||  0. |  0. |  0. |
|* 0. |* 0. |* 0. ||  0. |  0. | -1. ||  0. |  0. |  0. |
|=====+=====+=====||=====+=====+=====||=====+=====+=====|
|  0. |  0. |  0. ||  0. |  0. |  0. ||  0. |  0. |  0. |
|  0. |  0. |  0. ||  0. |  0. |  0. ||  1. |  0. |  0. |
|  0. |  0. |  0. ||  0. |  0. |  0. ||  0. |  0. |  0. |


state to eval, currenty is playerone turn=false

| -0. | -0. | -0. || -0. | -0. | -0. || -0. | -0. | -0. |
| -0. | -0. | -0. || -0. | -0. | -0. || -0. | -0. | -0. |
| -0. | -0. | -0. || -0. | -0. | -0. || -0. | -0. | -0. |
|=====+=====+=====||=====+=====+=====||=====+=====+=====|
|*-0. |*-0. |*-0. || -0. | -0. | -0. || -0. | -0. | -0. |
|*-0. |*-0. |*-0. || -0. | -1. | -0. || -0. | -0. | -0. |
|*-0. |*-0. |*-0. || -0. | -0. |  1. || -0. | -0. | -0. |
|=====+=====+=====||=====+=====+=====||=====+=====+=====|
| -0. | -0. | -0. || -0. | -0. | -0. || -0. | -0. | -0. |
| -0. | -0. | -0. || -0. | -0. | -0. || -1. | -0. | -0. |
| -0. | -0. | -0. || -0. | -0. | -0. || -0. | -0. | -0. |


current State

|  0. |  0. |  0. ||  0. |  0. |  0. ||  0. |  0. |  0. |
|  0. |  0. |  0. ||  0. |  0. |  0. ||  0. |  0. |  0. |
|  0. |  0. |  0. ||  0. |  0. |  0. ||  0. |  0. |  0. |
|=====+=====+=====||=====+=====+=====||=====+=====+=====|
|  0. |  0. |  0. ||  0. |  0. |  0. ||  0. |  0. |  0. |
|  0. |  0. |  0. ||  0. |  1. |  0. ||  0. |  0. |  0. |
| -1. |  0. |  0. ||  0. |  0. | -1. ||  0. |  0. |  0. |
|=====+=====+=====||=====+=====+=====||=====+=====+=====|
|* 0. |* 0. |* 0. ||  0. |  0. |  0. ||  0. |  0. |  0. |
|* 0. |* 0. |* 0. ||  0. |  0. |  0. ||  1. |  0. |  0. |
|* 0. |* 0. |* 0. ||  0. |  0. |  0. ||  0. |  0. |  0. |


state to eval, currenty is playerone turn=true

|  0. |  0. |  0. ||  0. |  0. |  0. ||  0. |  0. |  0. |
|  0. |  0. |  0. ||  0. |  0. |  0. ||  0. |  0. |  0. |
|  0. |  0. |  0. ||  0. |  0. |  0. ||  0. |  0. |  0. |
|=====+=====+=====||=====+=====+=====||=====+=====+=====|
|  0. |  0. |  0. ||  0. |  0. |  0. ||  0. |  0. |  0. |
|  0. |  0. |  0. ||  0. |  1. |  0. ||  0. |  0. |  0. |
| -1. |  0. |  0. ||  0. |  0. | -1. ||  0. |  0. |  0. |
|=====+=====+=====||=====+=====+=====||=====+=====+=====|
|* 0. |* 0. |* 0. ||  0. |  0. |  0. ||  0. |  0. |  0. |
|* 0. |* 0. |* 0. ||  0. |  0. |  0. ||  1. |  0. |  0. |
|* 0. |* 0. |* 0. ||  0. |  0. |  0. ||  0. |  0. |  0. |


Determined best move using: 81002Iterations
current State

|* 0. |* 0. |* 0. ||  0. |  0. |  0. ||  0. |  0. |  0. |
|* 0. |* 0. |* 0. ||  0. |  0. |  0. ||  0. |  0. |  0. |
|* 0. |* 0. |* 0. ||  0. |  0. |  0. ||  0. |  0. |  0. |
|=====+=====+=====||=====+=====+=====||=====+=====+=====|
|  0. |  0. |  0. ||  0. |  0. |  0. ||  0. |  0. |  0. |
|  0. |  0. |  0. ||  0. |  1. |  0. ||  0. |  0. |  0. |
| -1. |  0. |  0. ||  0. |  0. | -1. ||  0. |  0. |  0. |
|=====+=====+=====||=====+=====+=====||=====+=====+=====|
|  1. |  0. |  0. ||  0. |  0. |  0. ||  0. |  0. |  0. |
|  0. |  0. |  0. ||  0. |  0. |  0. ||  1. |  0. |  0. |
|  0. |  0. |  0. ||  0. |  0. |  0. ||  0. |  0. |  0. |


state to eval, currenty is playerone turn=false

|*-0. |*-0. |*-0. || -0. | -0. | -0. || -0. | -0. | -0. |
|*-0. |*-0. |*-0. || -0. | -0. | -0. || -0. | -0. | -0. |
|*-0. |*-0. |*-0. || -0. | -0. | -0. || -0. | -0. | -0. |
|=====+=====+=====||=====+=====+=====||=====+=====+=====|
| -0. | -0. | -0. || -0. | -0. | -0. || -0. | -0. | -0. |
| -0. | -0. | -0. || -0. | -1. | -0. || -0. | -0. | -0. |
|  1. | -0. | -0. || -0. | -0. |  1. || -0. | -0. | -0. |
|=====+=====+=====||=====+=====+=====||=====+=====+=====|
| -1. | -0. | -0. || -0. | -0. | -0. || -0. | -0. | -0. |
| -0. | -0. | -0. || -0. | -0. | -0. || -1. | -0. | -0. |
| -0. | -0. | -0. || -0. | -0. | -0. || -0. | -0. | -0. |


Determined best move using: 79977Iterations
current State

|  0. |  0. | -1. ||  0. |  0. |  0. ||* 0. |* 0. |* 0. |
|  0. |  0. |  0. ||  0. |  0. |  0. ||* 0. |* 0. |* 0. |
|  0. |  0. |  0. ||  0. |  0. |  0. ||* 0. |* 0. |* 0. |
|=====+=====+=====||=====+=====+=====||=====+=====+=====|
|  0. |  0. |  0. ||  0. |  0. |  0. ||  0. |  0. |  0. |
|  0. |  0. |  0. ||  0. |  1. |  0. ||  0. |  0. |  0. |
| -1. |  0. |  0. ||  0. |  0. | -1. ||  0. |  0. |  0. |
|=====+=====+=====||=====+=====+=====||=====+=====+=====|
|  1. |  0. |  0. ||  0. |  0. |  0. ||  0. |  0. |  0. |
|  0. |  0. |  0. ||  0. |  0. |  0. ||  1. |  0. |  0. |
|  0. |  0. |  0. ||  0. |  0. |  0. ||  0. |  0. |  0. |


state to eval, currenty is playerone turn=true

|  0. |  0. | -1. ||  0. |  0. |  0. ||* 0. |* 0. |* 0. |
|  0. |  0. |  0. ||  0. |  0. |  0. ||* 0. |* 0. |* 0. |
|  0. |  0. |  0. ||  0. |  0. |  0. ||* 0. |* 0. |* 0. |
|=====+=====+=====||=====+=====+=====||=====+=====+=====|
|  0. |  0. |  0. ||  0. |  0. |  0. ||  0. |  0. |  0. |
|  0. |  0. |  0. ||  0. |  1. |  0. ||  0. |  0. |  0. |
| -1. |  0. |  0. ||  0. |  0. | -1. ||  0. |  0. |  0. |
|=====+=====+=====||=====+=====+=====||=====+=====+=====|
|  1. |  0. |  0. ||  0. |  0. |  0. ||  0. |  0. |  0. |
|  0. |  0. |  0. ||  0. |  0. |  0. ||  1. |  0. |  0. |
|  0. |  0. |  0. ||  0. |  0. |  0. ||  0. |  0. |  0. |


Determined best move using: 85490Iterations
current State

|  0. |  0. | -1. ||  0. |  0. |  0. ||  0. |  0. |  0. |
|  0. |  0. |  0. ||  0. |  0. |  0. ||  0. |  0. |  1. |
|  0. |  0. |  0. ||  0. |  0. |  0. ||  0. |  0. |  0. |
|=====+=====+=====||=====+=====+=====||=====+=====+=====|
|  0. |  0. |  0. ||  0. |  0. |  0. ||* 0. |* 0. |* 0. |
|  0. |  0. |  0. ||  0. |  1. |  0. ||* 0. |* 0. |* 0. |
| -1. |  0. |  0. ||  0. |  0. | -1. ||* 0. |* 0. |* 0. |
|=====+=====+=====||=====+=====+=====||=====+=====+=====|
|  1. |  0. |  0. ||  0. |  0. |  0. ||  0. |  0. |  0. |
|  0. |  0. |  0. ||  0. |  0. |  0. ||  1. |  0. |  0. |
|  0. |  0. |  0. ||  0. |  0. |  0. ||  0. |  0. |  0. |


state to eval, currenty is playerone turn=false

| -0. | -0. |  1. || -0. | -0. | -0. || -0. | -0. | -0. |
| -0. | -0. | -0. || -0. | -0. | -0. || -0. | -0. | -1. |
| -0. | -0. | -0. || -0. | -0. | -0. || -0. | -0. | -0. |
|=====+=====+=====||=====+=====+=====||=====+=====+=====|
| -0. | -0. | -0. || -0. | -0. | -0. ||*-0. |*-0. |*-0. |
| -0. | -0. | -0. || -0. | -1. | -0. ||*-0. |*-0. |*-0. |
|  1. | -0. | -0. || -0. | -0. |  1. ||*-0. |*-0. |*-0. |
|=====+=====+=====||=====+=====+=====||=====+=====+=====|
| -1. | -0. | -0. || -0. | -0. | -0. || -0. | -0. | -0. |
| -0. | -0. | -0. || -0. | -0. | -0. || -1. | -0. | -0. |
| -0. | -0. | -0. || -0. | -0. | -0. || -0. | -0. | -0. |


Determined best move using: 86470Iterations
current State

|  0. |  0. | -1. ||  0. |  0. |  0. ||  0. |  0. |  0. |
|  0. |  0. |  0. ||  0. |  0. |  0. ||  0. |  0. |  1. |
|  0. |  0. |  0. ||  0. |  0. |  0. ||  0. |  0. |  0. |
|=====+=====+=====||=====+=====+=====||=====+=====+=====|
|  0. |  0. |  0. ||  0. |  0. |  0. ||  0. |  0. |  0. |
|  0. |  0. |  0. ||  0. |  1. |  0. ||  0. |  0. |  0. |
| -1. |  0. |  0. ||  0. |  0. | -1. ||  0. | -1. |  0. |
|=====+=====+=====||=====+=====+=====||=====+=====+=====|
|  1. |  0. |  0. ||* 0. |* 0. |* 0. ||  0. |  0. |  0. |
|  0. |  0. |  0. ||* 0. |* 0. |* 0. ||  1. |  0. |  0. |
|  0. |  0. |  0. ||* 0. |* 0. |* 0. ||  0. |  0. |  0. |


state to eval, currenty is playerone turn=true

|  0. |  0. | -1. ||  0. |  0. |  0. ||  0. |  0. |  0. |
|  0. |  0. |  0. ||  0. |  0. |  0. ||  0. |  0. |  1. |
|  0. |  0. |  0. ||  0. |  0. |  0. ||  0. |  0. |  0. |
|=====+=====+=====||=====+=====+=====||=====+=====+=====|
|  0. |  0. |  0. ||  0. |  0. |  0. ||  0. |  0. |  0. |
|  0. |  0. |  0. ||  0. |  1. |  0. ||  0. |  0. |  0. |
| -1. |  0. |  0. ||  0. |  0. | -1. ||  0. | -1. |  0. |
|=====+=====+=====||=====+=====+=====||=====+=====+=====|
|  1. |  0. |  0. ||* 0. |* 0. |* 0. ||  0. |  0. |  0. |
|  0. |  0. |  0. ||* 0. |* 0. |* 0. ||  1. |  0. |  0. |
|  0. |  0. |  0. ||* 0. |* 0. |* 0. ||  0. |  0. |  0. |


Determined best move using: 88553Iterations
current State

|  0. |  0. | -1. ||  0. |  0. |  0. ||  0. |  0. |  0. |
|  0. |  0. |  0. ||  0. |  0. |  0. ||  0. |  0. |  1. |
|  0. |  0. |  0. ||  0. |  0. |  0. ||  0. |  0. |  0. |
|=====+=====+=====||=====+=====+=====||=====+=====+=====|
|  0. |  0. |  0. ||* 0. |* 0. |* 0. ||  0. |  0. |  0. |
|  0. |  0. |  0. ||* 0. |* 1. |* 0. ||  0. |  0. |  0. |
| -1. |  0. |  0. ||* 0. |* 0. |*-1. ||  0. | -1. |  0. |
|=====+=====+=====||=====+=====+=====||=====+=====+=====|
|  1. |  0. |  0. ||  0. |  0. |  0. ||  0. |  0. |  0. |
|  0. |  0. |  0. ||  0. |  1. |  0. ||  1. |  0. |  0. |
|  0. |  0. |  0. ||  0. |  0. |  0. ||  0. |  0. |  0. |


state to eval, currenty is playerone turn=false

| -0. | -0. |  1. || -0. | -0. | -0. || -0. | -0. | -0. |
| -0. | -0. | -0. || -0. | -0. | -0. || -0. | -0. | -1. |
| -0. | -0. | -0. || -0. | -0. | -0. || -0. | -0. | -0. |
|=====+=====+=====||=====+=====+=====||=====+=====+=====|
| -0. | -0. | -0. ||*-0. |*-0. |*-0. || -0. | -0. | -0. |
| -0. | -0. | -0. ||*-0. |*-1. |*-0. || -0. | -0. | -0. |
|  1. | -0. | -0. ||*-0. |*-0. |* 1. || -0. |  1. | -0. |
|=====+=====+=====||=====+=====+=====||=====+=====+=====|
| -1. | -0. | -0. || -0. | -0. | -0. || -0. | -0. | -0. |
| -0. | -0. | -0. || -0. | -1. | -0. || -1. | -0. | -0. |
| -0. | -0. | -0. || -0. | -0. | -0. || -0. | -0. | -0. |


Determined best move using: 90223Iterations
current State

|  0. |  0. | -1. ||  0. |  0. |  0. ||  0. |  0. |  0. |
|  0. |  0. |  0. ||  0. |  0. |  0. ||  0. |  0. |  1. |
|  0. |  0. |  0. ||  0. |  0. |  0. ||  0. |  0. |  0. |
|=====+=====+=====||=====+=====+=====||=====+=====+=====|
|  0. |  0. |  0. ||  0. |  0. |  0. ||  0. |  0. |  0. |
|  0. |  0. |  0. ||  0. |  1. |  0. ||  0. |  0. |  0. |
| -1. |  0. |  0. ||  0. | -1. | -1. ||  0. | -1. |  0. |
|=====+=====+=====||=====+=====+=====||=====+=====+=====|
|  1. |  0. |  0. ||* 0. |* 0. |* 0. ||  0. |  0. |  0. |
|  0. |  0. |  0. ||* 0. |* 1. |* 0. ||  1. |  0. |  0. |
|  0. |  0. |  0. ||* 0. |* 0. |* 0. ||  0. |  0. |  0. |


state to eval, currenty is playerone turn=true

|  0. |  0. | -1. ||  0. |  0. |  0. ||  0. |  0. |  0. |
|  0. |  0. |  0. ||  0. |  0. |  0. ||  0. |  0. |  1. |
|  0. |  0. |  0. ||  0. |  0. |  0. ||  0. |  0. |  0. |
|=====+=====+=====||=====+=====+=====||=====+=====+=====|
|  0. |  0. |  0. ||  0. |  0. |  0. ||  0. |  0. |  0. |
|  0. |  0. |  0. ||  0. |  1. |  0. ||  0. |  0. |  0. |
| -1. |  0. |  0. ||  0. | -1. | -1. ||  0. | -1. |  0. |
|=====+=====+=====||=====+=====+=====||=====+=====+=====|
|  1. |  0. |  0. ||* 0. |* 0. |* 0. ||  0. |  0. |  0. |
|  0. |  0. |  0. ||* 0. |* 1. |* 0. ||  1. |  0. |  0. |
|  0. |  0. |  0. ||* 0. |* 0. |* 0. ||  0. |  0. |  0. |


Determined best move using: 91259Iterations
current State

|  0. |  0. | -1. ||  0. |  0. |  0. ||  0. |  0. |  0. |
|  0. |  0. |  0. ||  0. |  0. |  0. ||  0. |  0. |  1. |
|  0. |  0. |  0. ||  0. |  0. |  0. ||  0. |  0. |  0. |
|=====+=====+=====||=====+=====+=====||=====+=====+=====|
|  0. |  0. |  0. ||  0. |  0. |  0. ||  0. |  0. |  0. |
|  0. |  0. |  0. ||  0. |  1. |  0. ||  0. |  0. |  0. |
| -1. |  0. |  0. ||  0. | -1. | -1. ||  0. | -1. |  0. |
|=====+=====+=====||=====+=====+=====||=====+=====+=====|
|  1. |  0. |  0. ||  0. |  0. |  0. ||* 0. |* 0. |* 0. |
|  0. |  0. |  0. ||  0. |  1. |  0. ||* 1. |* 0. |* 0. |
|  0. |  0. |  0. ||  0. |  0. |  1. ||* 0. |* 0. |* 0. |


state to eval, currenty is playerone turn=false

| -0. | -0. |  1. || -0. | -0. | -0. || -0. | -0. | -0. |
| -0. | -0. | -0. || -0. | -0. | -0. || -0. | -0. | -1. |
| -0. | -0. | -0. || -0. | -0. | -0. || -0. | -0. | -0. |
|=====+=====+=====||=====+=====+=====||=====+=====+=====|
| -0. | -0. | -0. || -0. | -0. | -0. || -0. | -0. | -0. |
| -0. | -0. | -0. || -0. | -1. | -0. || -0. | -0. | -0. |
|  1. | -0. | -0. || -0. |  1. |  1. || -0. |  1. | -0. |
|=====+=====+=====||=====+=====+=====||=====+=====+=====|
| -1. | -0. | -0. || -0. | -0. | -0. ||*-0. |*-0. |*-0. |
| -0. | -0. | -0. || -0. | -1. | -0. ||*-1. |*-0. |*-0. |
| -0. | -0. | -0. || -0. | -0. | -1. ||*-0. |*-0. |*-0. |


Determined best move using: 90948Iterations
current State

|  0. |  0. | -1. ||  0. |  0. |  0. ||  0. |  0. |  0. |
|  0. |  0. |  0. ||  0. |  0. |  0. ||  0. |  0. |  1. |
|  0. |  0. |  0. ||  0. |  0. |  0. ||  0. |  0. |  0. |
|=====+=====+=====||=====+=====+=====||=====+=====+=====|
|  0. |  0. |  0. ||  0. |  0. |  0. ||  0. |  0. |  0. |
|  0. |  0. |  0. ||  0. |  1. |  0. ||  0. |  0. |  0. |
| -1. |  0. |  0. ||  0. | -1. | -1. ||  0. | -1. |  0. |
|=====+=====+=====||=====+=====+=====||=====+=====+=====|
|* 1. |* 0. |* 0. ||  0. |  0. |  0. ||  0. |  0. |  0. |
|* 0. |* 0. |* 0. ||  0. |  1. |  0. ||  1. |  0. |  0. |
|* 0. |* 0. |* 0. ||  0. |  0. |  1. || -1. |  0. |  0. |


state to eval, currenty is playerone turn=true

|  0. |  0. | -1. ||  0. |  0. |  0. ||  0. |  0. |  0. |
|  0. |  0. |  0. ||  0. |  0. |  0. ||  0. |  0. |  1. |
|  0. |  0. |  0. ||  0. |  0. |  0. ||  0. |  0. |  0. |
|=====+=====+=====||=====+=====+=====||=====+=====+=====|
|  0. |  0. |  0. ||  0. |  0. |  0. ||  0. |  0. |  0. |
|  0. |  0. |  0. ||  0. |  1. |  0. ||  0. |  0. |  0. |
| -1. |  0. |  0. ||  0. | -1. | -1. ||  0. | -1. |  0. |
|=====+=====+=====||=====+=====+=====||=====+=====+=====|
|* 1. |* 0. |* 0. ||  0. |  0. |  0. ||  0. |  0. |  0. |
|* 0. |* 0. |* 0. ||  0. |  1. |  0. ||  1. |  0. |  0. |
|* 0. |* 0. |* 0. ||  0. |  0. |  1. || -1. |  0. |  0. |


Determined best move using: 97109Iterations
current State

|  0. |  0. | -1. ||  0. |  0. |  0. ||  0. |  0. |  0. |
|  0. |  0. |  0. ||  0. |  0. |  0. ||  0. |  0. |  1. |
|  0. |  0. |  0. ||  0. |  0. |  0. ||  0. |  0. |  0. |
|=====+=====+=====||=====+=====+=====||=====+=====+=====|
|  0. |  0. |  0. ||  0. |  0. |  0. ||  0. |  0. |  0. |
|  0. |  0. |  0. ||  0. |  1. |  0. ||  0. |  0. |  0. |
| -1. |  0. |  0. ||  0. | -1. | -1. ||  0. | -1. |  0. |
|=====+=====+=====||=====+=====+=====||=====+=====+=====|
|  1. |  0. |  0. ||* 0. |* 0. |* 0. ||  0. |  0. |  0. |
|  0. |  0. |  0. ||* 0. |* 1. |* 0. ||  1. |  0. |  0. |
|  0. |  1. |  0. ||* 0. |* 0. |* 1. || -1. |  0. |  0. |


state to eval, currenty is playerone turn=false

| -0. | -0. |  1. || -0. | -0. | -0. || -0. | -0. | -0. |
| -0. | -0. | -0. || -0. | -0. | -0. || -0. | -0. | -1. |
| -0. | -0. | -0. || -0. | -0. | -0. || -0. | -0. | -0. |
|=====+=====+=====||=====+=====+=====||=====+=====+=====|
| -0. | -0. | -0. || -0. | -0. | -0. || -0. | -0. | -0. |
| -0. | -0. | -0. || -0. | -1. | -0. || -0. | -0. | -0. |
|  1. | -0. | -0. || -0. |  1. |  1. || -0. |  1. | -0. |
|=====+=====+=====||=====+=====+=====||=====+=====+=====|
| -1. | -0. | -0. ||*-0. |*-0. |*-0. || -0. | -0. | -0. |
| -0. | -0. | -0. ||*-0. |*-1. |*-0. || -1. | -0. | -0. |
| -0. | -1. | -0. ||*-0. |*-0. |*-1. ||  1. | -0. | -0. |


Determined best move using: 94494Iterations
current State

|  0. |  0. | -1. ||  0. |  0. |  0. ||  0. |  0. |  0. |
|  0. |  0. |  0. ||  0. |  0. |  0. ||  0. |  0. |  1. |
|  0. |  0. |  0. ||  0. |  0. |  0. ||  0. |  0. |  0. |
|=====+=====+=====||=====+=====+=====||=====+=====+=====|
|  0. |  0. |  0. ||  0. |  0. |  0. ||  0. |  0. |  0. |
|  0. |  0. |  0. ||  0. |  1. |  0. ||  0. |  0. |  0. |
| -1. |  0. |  0. ||  0. | -1. | -1. ||  0. | -1. |  0. |
|=====+=====+=====||=====+=====+=====||=====+=====+=====|
|* 1. |* 0. |* 0. ||  0. |  0. |  0. ||  0. |  0. |  0. |
|* 0. |* 0. |* 0. ||  0. |  1. |  0. ||  1. |  0. |  0. |
|* 0. |* 1. |* 0. || -1. |  0. |  1. || -1. |  0. |  0. |


state to eval, currenty is playerone turn=true

|  0. |  0. | -1. ||  0. |  0. |  0. ||  0. |  0. |  0. |
|  0. |  0. |  0. ||  0. |  0. |  0. ||  0. |  0. |  1. |
|  0. |  0. |  0. ||  0. |  0. |  0. ||  0. |  0. |  0. |
|=====+=====+=====||=====+=====+=====||=====+=====+=====|
|  0. |  0. |  0. ||  0. |  0. |  0. ||  0. |  0. |  0. |
|  0. |  0. |  0. ||  0. |  1. |  0. ||  0. |  0. |  0. |
| -1. |  0. |  0. ||  0. | -1. | -1. ||  0. | -1. |  0. |
|=====+=====+=====||=====+=====+=====||=====+=====+=====|
|* 1. |* 0. |* 0. ||  0. |  0. |  0. ||  0. |  0. |  0. |
|* 0. |* 0. |* 0. ||  0. |  1. |  0. ||  1. |  0. |  0. |
|* 0. |* 1. |* 0. || -1. |  0. |  1. || -1. |  0. |  0. |


Determined best move using: 97013Iterations
current State

|  0. |  0. | -1. ||  0. |  0. |  0. ||  0. |  0. |  0. |
|  0. |  0. |  0. ||  0. |  0. |  0. ||  0. |  0. |  1. |
|  0. |  0. |  0. ||  0. |  0. |  0. ||  0. |  0. |  0. |
|=====+=====+=====||=====+=====+=====||=====+=====+=====|
|  0. |  0. |  0. ||  0. |  0. |  0. ||  0. |  0. |  0. |
|  0. |  0. |  0. ||  0. |  1. |  0. ||  0. |  0. |  0. |
| -1. |  0. |  0. ||  0. | -1. | -1. ||  0. | -1. |  0. |
|=====+=====+=====||=====+=====+=====||=====+=====+=====|
|  1. |  0. |  0. ||  0. |  0. |  0. ||* 0. |* 0. |* 0. |
|  0. |  0. |  0. ||  0. |  1. |  0. ||* 1. |* 0. |* 0. |
|  0. |  1. |  1. || -1. |  0. |  1. ||*-1. |* 0. |* 0. |


state to eval, currenty is playerone turn=false

| -0. | -0. |  1. || -0. | -0. | -0. || -0. | -0. | -0. |
| -0. | -0. | -0. || -0. | -0. | -0. || -0. | -0. | -1. |
| -0. | -0. | -0. || -0. | -0. | -0. || -0. | -0. | -0. |
|=====+=====+=====||=====+=====+=====||=====+=====+=====|
| -0. | -0. | -0. || -0. | -0. | -0. || -0. | -0. | -0. |
| -0. | -0. | -0. || -0. | -1. | -0. || -0. | -0. | -0. |
|  1. | -0. | -0. || -0. |  1. |  1. || -0. |  1. | -0. |
|=====+=====+=====||=====+=====+=====||=====+=====+=====|
| -1. | -0. | -0. || -0. | -0. | -0. ||*-0. |*-0. |*-0. |
| -0. | -0. | -0. || -0. | -1. | -0. ||*-1. |*-0. |*-0. |
| -0. | -1. | -1. ||  1. | -0. | -1. ||* 1. |*-0. |*-0. |


Determined best move using: 98743Iterations
Determined best move using: 1216377Iterations
current State

|* 0. |* 0. |*-1. ||  0. |  0. |  0. ||  0. |  0. |  0. |
|* 0. |* 0. |* 0. ||  0. |  0. |  0. ||  0. |  0. |  1. |
|* 0. |* 0. |* 0. ||  0. |  0. |  0. ||  0. |  0. |  0. |
|=====+=====+=====||=====+=====+=====||=====+=====+=====|
|  0. |  0. |  0. ||  0. |  0. |  0. ||  0. |  0. |  0. |
|  0. |  0. |  0. ||  0. |  1. |  0. ||  0. |  0. |  0. |
| -1. |  0. |  0. ||  0. | -1. | -1. ||  0. | -1. |  0. |
|=====+=====+=====||=====+=====+=====||=====+=====+=====|
|  1. |  0. |  0. ||  0. |  0. |  0. || -1. |  0. |  0. |
|  0. |  0. |  0. ||  0. |  1. |  0. ||  1. |  0. |  0. |
|  0. |  1. |  1. || -1. |  0. |  1. || -1. |  0. |  0. |


state to eval, currenty is playerone turn=true

|* 0. |* 0. |*-1. ||  0. |  0. |  0. ||  0. |  0. |  0. |
|* 0. |* 0. |* 0. ||  0. |  0. |  0. ||  0. |  0. |  1. |
|* 0. |* 0. |* 0. ||  0. |  0. |  0. ||  0. |  0. |  0. |
|=====+=====+=====||=====+=====+=====||=====+=====+=====|
|  0. |  0. |  0. ||  0. |  0. |  0. ||  0. |  0. |  0. |
|  0. |  0. |  0. ||  0. |  1. |  0. ||  0. |  0. |  0. |
| -1. |  0. |  0. ||  0. | -1. | -1. ||  0. | -1. |  0. |
|=====+=====+=====||=====+=====+=====||=====+=====+=====|
|  1. |  0. |  0. ||  0. |  0. |  0. || -1. |  0. |  0. |
|  0. |  0. |  0. ||  0. |  1. |  0. ||  1. |  0. |  0. |
|  0. |  1. |  1. || -1. |  0. |  1. || -1. |  0. |  0. |


Determined best move using: 1765864Iterations
Determined best move using: 101157Iterations
current State

|  0. |  1. | -1. ||* 0. |* 0. |* 0. ||  0. |  0. |  0. |
|  0. |  0. |  0. ||* 0. |* 0. |* 0. ||  0. |  0. |  1. |
|  0. |  0. |  0. ||* 0. |* 0. |* 0. ||  0. |  0. |  0. |
|=====+=====+=====||=====+=====+=====||=====+=====+=====|
|  0. |  0. |  0. ||  0. |  0. |  0. ||  0. |  0. |  0. |
|  0. |  0. |  0. ||  0. |  1. |  0. ||  0. |  0. |  0. |
| -1. |  0. |  0. ||  0. | -1. | -1. ||  0. | -1. |  0. |
|=====+=====+=====||=====+=====+=====||=====+=====+=====|
|  1. |  0. |  0. ||  0. |  0. |  0. || -1. |  0. |  0. |
|  0. |  0. |  0. ||  0. |  1. |  0. ||  1. |  0. |  0. |
|  0. |  1. |  1. || -1. |  0. |  1. || -1. |  0. |  0. |


state to eval, currenty is playerone turn=false

| -0. | -1. |  1. ||*-0. |*-0. |*-0. || -0. | -0. | -0. |
| -0. | -0. | -0. ||*-0. |*-0. |*-0. || -0. | -0. | -1. |
| -0. | -0. | -0. ||*-0. |*-0. |*-0. || -0. | -0. | -0. |
|=====+=====+=====||=====+=====+=====||=====+=====+=====|
| -0. | -0. | -0. || -0. | -0. | -0. || -0. | -0. | -0. |
| -0. | -0. | -0. || -0. | -1. | -0. || -0. | -0. | -0. |
|  1. | -0. | -0. || -0. |  1. |  1. || -0. |  1. | -0. |
|=====+=====+=====||=====+=====+=====||=====+=====+=====|
| -1. | -0. | -0. || -0. | -0. | -0. ||  1. | -0. | -0. |
| -0. | -0. | -0. || -0. | -1. | -0. || -1. | -0. | -0. |
| -0. | -1. | -1. ||  1. | -0. | -1. ||  1. | -0. | -0. |


Determined best move using: 106158Iterations
Determined best move using: 162040Iterations
Determined best move using: 1917721Iterations
current State

|  0. |  1. | -1. ||  0. |  0. |  0. ||  0. |  0. |  0. |
|  0. |  0. |  0. ||  0. |  0. |  0. ||  0. |  0. |  1. |
|  0. |  0. |  0. ||  0. | -1. |  0. ||  0. |  0. |  0. |
|=====+=====+=====||=====+=====+=====||=====+=====+=====|
|  0. |  0. |  0. ||  0. |  0. |  0. ||  0. |  0. |  0. |
|  0. |  0. |  0. ||  0. |  1. |  0. ||  0. |  0. |  0. |
| -1. |  0. |  0. ||  0. | -1. | -1. ||  0. | -1. |  0. |
|=====+=====+=====||=====+=====+=====||=====+=====+=====|
|  1. |  0. |  0. ||* 0. |* 0. |* 0. || -1. |  0. |  0. |
|  0. |  0. |  0. ||* 0. |* 1. |* 0. ||  1. |  0. |  0. |
|  0. |  1. |  1. ||*-1. |* 0. |* 1. || -1. |  0. |  0. |


state to eval, currenty is playerone turn=true

|  0. |  1. | -1. ||  0. |  0. |  0. ||  0. |  0. |  0. |
|  0. |  0. |  0. ||  0. |  0. |  0. ||  0. |  0. |  1. |
|  0. |  0. |  0. ||  0. | -1. |  0. ||  0. |  0. |  0. |
|=====+=====+=====||=====+=====+=====||=====+=====+=====|
|  0. |  0. |  0. ||  0. |  0. |  0. ||  0. |  0. |  0. |
|  0. |  0. |  0. ||  0. |  1. |  0. ||  0. |  0. |  0. |
| -1. |  0. |  0. ||  0. | -1. | -1. ||  0. | -1. |  0. |
|=====+=====+=====||=====+=====+=====||=====+=====+=====|
|  1. |  0. |  0. ||* 0. |* 0. |* 0. || -1. |  0. |  0. |
|  0. |  0. |  0. ||* 0. |* 1. |* 0. ||  1. |  0. |  0. |
|  0. |  1. |  1. ||*-1. |* 0. |* 1. || -1. |  0. |  0. |


Determined best move using: 2212847Iterations
Determined best move using: 105153Iterations
Determined best move using: 177860Iterations
current State

|  0. |  1. | -1. ||  0. |  0. |  0. ||  0. |  0. |  0. |
|  0. |  0. |  0. ||  0. |  0. |  0. ||  0. |  0. |  1. |
|  0. |  0. |  0. ||  0. | -1. |  0. ||  0. |  0. |  0. |
|=====+=====+=====||=====+=====+=====||=====+=====+=====|
|* 0. |* 0. |* 0. ||  0. |  0. |  0. ||  0. |  0. |  0. |
|* 0. |* 0. |* 0. ||  0. |  1. |  0. ||  0. |  0. |  0. |
|*-1. |* 0. |* 0. ||  0. | -1. | -1. ||  0. | -1. |  0. |
|=====+=====+=====||=====+=====+=====||=====+=====+=====|
|  1. |  0. |  0. ||  0. |  0. |  0. || -1. |  0. |  0. |
|  0. |  0. |  0. ||  1. |  1. |  0. ||  1. |  0. |  0. |
|  0. |  1. |  1. || -1. |  0. |  1. || -1. |  0. |  0. |


state to eval, currenty is playerone turn=false

| -0. | -1. |  1. || -0. | -0. | -0. || -0. | -0. | -0. |
| -0. | -0. | -0. || -0. | -0. | -0. || -0. | -0. | -1. |
| -0. | -0. | -0. || -0. |  1. | -0. || -0. | -0. | -0. |
|=====+=====+=====||=====+=====+=====||=====+=====+=====|
|*-0. |*-0. |*-0. || -0. | -0. | -0. || -0. | -0. | -0. |
|*-0. |*-0. |*-0. || -0. | -1. | -0. || -0. | -0. | -0. |
|* 1. |*-0. |*-0. || -0. |  1. |  1. || -0. |  1. | -0. |
|=====+=====+=====||=====+=====+=====||=====+=====+=====|
| -1. | -0. | -0. || -0. | -0. | -0. ||  1. | -0. | -0. |
| -0. | -0. | -0. || -1. | -1. | -0. || -1. | -0. | -0. |
| -0. | -1. | -1. ||  1. | -0. | -1. ||  1. | -0. | -0. |


Determined best move using: 2636018Iterations
Determined best move using: 108555Iterations
current State

|  0. |  1. | -1. ||  0. |  0. |  0. ||* 0. |* 0. |* 0. |
|  0. |  0. |  0. ||  0. |  0. |  0. ||* 0. |* 0. |* 1. |
|  0. |  0. |  0. ||  0. | -1. |  0. ||* 0. |* 0. |* 0. |
|=====+=====+=====||=====+=====+=====||=====+=====+=====|
|  0. |  0. | -1. ||  0. |  0. |  0. ||  0. |  0. |  0. |
|  0. |  0. |  0. ||  0. |  1. |  0. ||  0. |  0. |  0. |
| -1. |  0. |  0. ||  0. | -1. | -1. ||  0. | -1. |  0. |
|=====+=====+=====||=====+=====+=====||=====+=====+=====|
|  1. |  0. |  0. ||  0. |  0. |  0. || -1. |  0. |  0. |
|  0. |  0. |  0. ||  1. |  1. |  0. ||  1. |  0. |  0. |
|  0. |  1. |  1. || -1. |  0. |  1. || -1. |  0. |  0. |


state to eval, currenty is playerone turn=true

|  0. |  1. | -1. ||  0. |  0. |  0. ||* 0. |* 0. |* 0. |
|  0. |  0. |  0. ||  0. |  0. |  0. ||* 0. |* 0. |* 1. |
|  0. |  0. |  0. ||  0. | -1. |  0. ||* 0. |* 0. |* 0. |
|=====+=====+=====||=====+=====+=====||=====+=====+=====|
|  0. |  0. | -1. ||  0. |  0. |  0. ||  0. |  0. |  0. |
|  0. |  0. |  0. ||  0. |  1. |  0. ||  0. |  0. |  0. |
| -1. |  0. |  0. ||  0. | -1. | -1. ||  0. | -1. |  0. |
|=====+=====+=====||=====+=====+=====||=====+=====+=====|
|  1. |  0. |  0. ||  0. |  0. |  0. || -1. |  0. |  0. |
|  0. |  0. |  0. ||  1. |  1. |  0. ||  1. |  0. |  0. |
|  0. |  1. |  1. || -1. |  0. |  1. || -1. |  0. |  0. |


Determined best move using: 113549Iterations
Determined best move using: 223780Iterations
current State

|  0. |  1. | -1. ||  0. |  0. |  0. ||* 0. |* 0. |* 1. |
|  0. |  0. |  0. ||  0. |  0. |  0. ||* 0. |* 0. |* 1. |
|  0. |  0. |  0. ||  0. | -1. |  0. ||* 0. |* 0. |* 0. |
|=====+=====+=====||=====+=====+=====||=====+=====+=====|
|  0. |  0. | -1. ||  0. |  0. |  0. ||  0. |  0. |  0. |
|  0. |  0. |  0. ||  0. |  1. |  0. ||  0. |  0. |  0. |
| -1. |  0. |  0. ||  0. | -1. | -1. ||  0. | -1. |  0. |
|=====+=====+=====||=====+=====+=====||=====+=====+=====|
|  1. |  0. |  0. ||  0. |  0. |  0. || -1. |  0. |  0. |
|  0. |  0. |  0. ||  1. |  1. |  0. ||  1. |  0. |  0. |
|  0. |  1. |  1. || -1. |  0. |  1. || -1. |  0. |  0. |


state to eval, currenty is playerone turn=false

| -0. | -1. |  1. || -0. | -0. | -0. ||*-0. |*-0. |*-1. |
| -0. | -0. | -0. || -0. | -0. | -0. ||*-0. |*-0. |*-1. |
| -0. | -0. | -0. || -0. |  1. | -0. ||*-0. |*-0. |*-0. |
|=====+=====+=====||=====+=====+=====||=====+=====+=====|
| -0. | -0. |  1. || -0. | -0. | -0. || -0. | -0. | -0. |
| -0. | -0. | -0. || -0. | -1. | -0. || -0. | -0. | -0. |
|  1. | -0. | -0. || -0. |  1. |  1. || -0. |  1. | -0. |
|=====+=====+=====||=====+=====+=====||=====+=====+=====|
| -1. | -0. | -0. || -0. | -0. | -0. ||  1. | -0. | -0. |
| -0. | -0. | -0. || -1. | -1. | -0. || -1. | -0. | -0. |
| -0. | -1. | -1. ||  1. | -0. | -1. ||  1. | -0. | -0. |


Determined best move using: 114711Iterations
current State

|  0. |  1. | -1. ||  0. |  0. |  0. ||  0. |  0. |  1. |
|  0. |  0. |  0. ||  0. |  0. |  0. || -1. |  0. |  1. |
|  0. |  0. |  0. ||  0. | -1. |  0. ||  0. |  0. |  0. |
|=====+=====+=====||=====+=====+=====||=====+=====+=====|
|* 0. |* 0. |*-1. ||  0. |  0. |  0. ||  0. |  0. |  0. |
|* 0. |* 0. |* 0. ||  0. |  1. |  0. ||  0. |  0. |  0. |
|*-1. |* 0. |* 0. ||  0. | -1. | -1. ||  0. | -1. |  0. |
|=====+=====+=====||=====+=====+=====||=====+=====+=====|
|  1. |  0. |  0. ||  0. |  0. |  0. || -1. |  0. |  0. |
|  0. |  0. |  0. ||  1. |  1. |  0. ||  1. |  0. |  0. |
|  0. |  1. |  1. || -1. |  0. |  1. || -1. |  0. |  0. |


state to eval, currenty is playerone turn=true

|  0. |  1. | -1. ||  0. |  0. |  0. ||  0. |  0. |  1. |
|  0. |  0. |  0. ||  0. |  0. |  0. || -1. |  0. |  1. |
|  0. |  0. |  0. ||  0. | -1. |  0. ||  0. |  0. |  0. |
|=====+=====+=====||=====+=====+=====||=====+=====+=====|
|* 0. |* 0. |*-1. ||  0. |  0. |  0. ||  0. |  0. |  0. |
|* 0. |* 0. |* 0. ||  0. |  1. |  0. ||  0. |  0. |  0. |
|*-1. |* 0. |* 0. ||  0. | -1. | -1. ||  0. | -1. |  0. |
|=====+=====+=====||=====+=====+=====||=====+=====+=====|
|  1. |  0. |  0. ||  0. |  0. |  0. || -1. |  0. |  0. |
|  0. |  0. |  0. ||  1. |  1. |  0. ||  1. |  0. |  0. |
|  0. |  1. |  1. || -1. |  0. |  1. || -1. |  0. |  0. |


Determined best move using: 121782Iterations
Determined best move using: 150916Iterations
current State

|  0. |  1. | -1. ||  0. |  0. |  0. ||  0. |  0. |  1. |
|  0. |  0. |  0. ||  0. |  0. |  0. || -1. |  0. |  1. |
|  0. |  0. |  0. ||  0. | -1. |  0. ||  0. |  0. |  0. |
|=====+=====+=====||=====+=====+=====||=====+=====+=====|
|  0. |  0. | -1. ||  0. |  0. |  0. ||  0. |  0. |  0. |
|  0. |  0. |  0. ||  0. |  1. |  0. ||  0. |  0. |  0. |
| -1. |  0. |  1. ||  0. | -1. | -1. ||  0. | -1. |  0. |
|=====+=====+=====||=====+=====+=====||=====+=====+=====|
|  1. |  0. |  0. ||  0. |  0. |  0. ||*-1. |* 0. |* 0. |
|  0. |  0. |  0. ||  1. |  1. |  0. ||* 1. |* 0. |* 0. |
|  0. |  1. |  1. || -1. |  0. |  1. ||*-1. |* 0. |* 0. |


state to eval, currenty is playerone turn=false

| -0. | -1. |  1. || -0. | -0. | -0. || -0. | -0. | -1. |
| -0. | -0. | -0. || -0. | -0. | -0. ||  1. | -0. | -1. |
| -0. | -0. | -0. || -0. |  1. | -0. || -0. | -0. | -0. |
|=====+=====+=====||=====+=====+=====||=====+=====+=====|
| -0. | -0. |  1. || -0. | -0. | -0. || -0. | -0. | -0. |
| -0. | -0. | -0. || -0. | -1. | -0. || -0. | -0. | -0. |
|  1. | -0. | -1. || -0. |  1. |  1. || -0. |  1. | -0. |
|=====+=====+=====||=====+=====+=====||=====+=====+=====|
| -1. | -0. | -0. || -0. | -0. | -0. ||* 1. |*-0. |*-0. |
| -0. | -0. | -0. || -1. | -1. | -0. ||*-1. |*-0. |*-0. |
| -0. | -1. | -1. ||  1. | -0. | -1. ||* 1. |*-0. |*-0. |


Determined best move using: 122333Iterations
Determined best move using: 140563Iterations
Determined best move using: 160598Iterations
current State

|  0. |  1. | -1. ||  0. |  0. |  0. ||  0. |  0. |  1. |
|  0. |  0. |  0. ||  0. |  0. |  0. || -1. |  0. |  1. |
|  0. |  0. |  0. ||  0. | -1. |  0. ||  0. |  0. |  0. |
|=====+=====+=====||=====+=====+=====||=====+=====+=====|
|  0. |  0. | -1. ||* 0. |* 0. |* 0. ||  0. |  0. |  0. |
|  0. |  0. |  0. ||* 0. |* 1. |* 0. ||  0. |  0. |  0. |
| -1. |  0. |  1. ||* 0. |*-1. |*-1. ||  0. | -1. |  0. |
|=====+=====+=====||=====+=====+=====||=====+=====+=====|
|  1. |  0. |  0. ||  0. |  0. |  0. || -1. |  0. |  0. |
|  0. |  0. |  0. ||  1. |  1. |  0. ||  1. | -1. |  0. |
|  0. |  1. |  1. || -1. |  0. |  1. || -1. |  0. |  0. |


state to eval, currenty is playerone turn=true

|  0. |  1. | -1. ||  0. |  0. |  0. ||  0. |  0. |  1. |
|  0. |  0. |  0. ||  0. |  0. |  0. || -1. |  0. |  1. |
|  0. |  0. |  0. ||  0. | -1. |  0. ||  0. |  0. |  0. |
|=====+=====+=====||=====+=====+=====||=====+=====+=====|
|  0. |  0. | -1. ||* 0. |* 0. |* 0. ||  0. |  0. |  0. |
|  0. |  0. |  0. ||* 0. |* 1. |* 0. ||  0. |  0. |  0. |
| -1. |  0. |  1. ||* 0. |*-1. |*-1. ||  0. | -1. |  0. |
|=====+=====+=====||=====+=====+=====||=====+=====+=====|
|  1. |  0. |  0. ||  0. |  0. |  0. || -1. |  0. |  0. |
|  0. |  0. |  0. ||  1. |  1. |  0. ||  1. | -1. |  0. |
|  0. |  1. |  1. || -1. |  0. |  1. || -1. |  0. |  0. |


Determined best move using: 121486Iterations
current State

|  0. |  1. | -1. ||  0. |  0. |  0. ||  0. |  0. |  1. |
|  0. |  0. |  0. ||  0. |  0. |  0. || -1. |  0. |  1. |
|  0. |  0. |  0. ||  0. | -1. |  0. ||  0. |  0. |  0. |
|=====+=====+=====||=====+=====+=====||=====+=====+=====|
|  0. |  0. | -1. ||  0. |  0. |  0. ||* 0. |* 0. |* 0. |
|  0. |  0. |  0. ||  0. |  1. |  1. ||* 0. |* 0. |* 0. |
| -1. |  0. |  1. ||  0. | -1. | -1. ||* 0. |*-1. |* 0. |
|=====+=====+=====||=====+=====+=====||=====+=====+=====|
|  1. |  0. |  0. ||  0. |  0. |  0. || -1. |  0. |  0. |
|  0. |  0. |  0. ||  1. |  1. |  0. ||  1. | -1. |  0. |
|  0. |  1. |  1. || -1. |  0. |  1. || -1. |  0. |  0. |


state to eval, currenty is playerone turn=false

| -0. | -1. |  1. || -0. | -0. | -0. || -0. | -0. | -1. |
| -0. | -0. | -0. || -0. | -0. | -0. ||  1. | -0. | -1. |
| -0. | -0. | -0. || -0. |  1. | -0. || -0. | -0. | -0. |
|=====+=====+=====||=====+=====+=====||=====+=====+=====|
| -0. | -0. |  1. || -0. | -0. | -0. ||*-0. |*-0. |*-0. |
| -0. | -0. | -0. || -0. | -1. | -1. ||*-0. |*-0. |*-0. |
|  1. | -0. | -1. || -0. |  1. |  1. ||*-0. |* 1. |*-0. |
|=====+=====+=====||=====+=====+=====||=====+=====+=====|
| -1. | -0. | -0. || -0. | -0. | -0. ||  1. | -0. | -0. |
| -0. | -0. | -0. || -1. | -1. | -0. || -1. |  1. | -0. |
| -0. | -1. | -1. ||  1. | -0. | -1. ||  1. | -0. | -0. |


current State

|* 0. |* 1. |*-1. ||  0. |  0. |  0. ||  0. |  0. |  1. |
|* 0. |* 0. |* 0. ||  0. |  0. |  0. || -1. |  0. |  1. |
|* 0. |* 0. |* 0. ||  0. | -1. |  0. ||  0. |  0. |  0. |
|=====+=====+=====||=====+=====+=====||=====+=====+=====|
|  0. |  0. | -1. ||  0. |  0. |  0. || -1. |  0. |  0. |
|  0. |  0. |  0. ||  0. |  1. |  1. ||  0. |  0. |  0. |
| -1. |  0. |  1. ||  0. | -1. | -1. ||  0. | -1. |  0. |
|=====+=====+=====||=====+=====+=====||=====+=====+=====|
|  1. |  0. |  0. ||  0. |  0. |  0. || -1. |  0. |  0. |
|  0. |  0. |  0. ||  1. |  1. |  0. ||  1. | -1. |  0. |
|  0. |  1. |  1. || -1. |  0. |  1. || -1. |  0. |  0. |


state to eval, currenty is playerone turn=true

|* 0. |* 1. |*-1. ||  0. |  0. |  0. ||  0. |  0. |  1. |
|* 0. |* 0. |* 0. ||  0. |  0. |  0. || -1. |  0. |  1. |
|* 0. |* 0. |* 0. ||  0. | -1. |  0. ||  0. |  0. |  0. |
|=====+=====+=====||=====+=====+=====||=====+=====+=====|
|  0. |  0. | -1. ||  0. |  0. |  0. || -1. |  0. |  0. |
|  0. |  0. |  0. ||  0. |  1. |  1. ||  0. |  0. |  0. |
| -1. |  0. |  1. ||  0. | -1. | -1. ||  0. | -1. |  0. |
|=====+=====+=====||=====+=====+=====||=====+=====+=====|
|  1. |  0. |  0. ||  0. |  0. |  0. || -1. |  0. |  0. |
|  0. |  0. |  0. ||  1. |  1. |  0. ||  1. | -1. |  0. |
|  0. |  1. |  1. || -1. |  0. |  1. || -1. |  0. |  0. |


current State

|  0. |  1. | -1. ||  0. |  0. |  0. ||  0. |  0. |  1. |
|  0. |  0. |  1. ||  0. |  0. |  0. || -1. |  0. |  1. |
|  0. |  0. |  0. ||  0. | -1. |  0. ||  0. |  0. |  0. |
|=====+=====+=====||=====+=====+=====||=====+=====+=====|
|  0. |  0. | -1. ||  0. |  0. |  0. ||*-1. |* 0. |* 0. |
|  0. |  0. |  0. ||  0. |  1. |  1. ||* 0. |* 0. |* 0. |
| -1. |  0. |  1. ||  0. | -1. | -1. ||* 0. |*-1. |* 0. |
|=====+=====+=====||=====+=====+=====||=====+=====+=====|
|  1. |  0. |  0. ||  0. |  0. |  0. || -1. |  0. |  0. |
|  0. |  0. |  0. ||  1. |  1. |  0. ||  1. | -1. |  0. |
|  0. |  1. |  1. || -1. |  0. |  1. || -1. |  0. |  0. |


state to eval, currenty is playerone turn=false

| -0. | -1. |  1. || -0. | -0. | -0. || -0. | -0. | -1. |
| -0. | -0. | -1. || -0. | -0. | -0. ||  1. | -0. | -1. |
| -0. | -0. | -0. || -0. |  1. | -0. || -0. | -0. | -0. |
|=====+=====+=====||=====+=====+=====||=====+=====+=====|
| -0. | -0. |  1. || -0. | -0. | -0. ||* 1. |*-0. |*-0. |
| -0. | -0. | -0. || -0. | -1. | -1. ||*-0. |*-0. |*-0. |
|  1. | -0. | -1. || -0. |  1. |  1. ||*-0. |* 1. |*-0. |
|=====+=====+=====||=====+=====+=====||=====+=====+=====|
| -1. | -0. | -0. || -0. | -0. | -0. ||  1. | -0. | -0. |
| -0. | -0. | -0. || -1. | -1. | -0. || -1. |  1. | -0. |
| -0. | -1. | -1. ||  1. | -0. | -1. ||  1. | -0. | -0. |


Determined best move using: 141187Iterations
Determined best move using: 183075Iterations
current State

|  0. |  1. | -1. ||  0. |  0. |  0. ||  0. |  0. |  1. |
|  0. |  0. |  1. ||  0. |  0. |  0. || -1. |  0. |  1. |
|  0. |  0. |  0. ||  0. | -1. |  0. ||  0. |  0. |  0. |
|=====+=====+=====||=====+=====+=====||=====+=====+=====|
|  0. |  0. | -1. ||* 0. |* 0. |* 0. || -1. |  0. |  0. |
|  0. |  0. |  0. ||* 0. |* 1. |* 1. ||  0. | -1. |  0. |
| -1. |  0. |  1. ||* 0. |*-1. |*-1. ||  0. | -1. |  0. |
|=====+=====+=====||=====+=====+=====||=====+=====+=====|
|  1. |  0. |  0. ||  0. |  0. |  0. || -1. |  0. |  0. |
|  0. |  0. |  0. ||  1. |  1. |  0. ||  1. | -1. |  0. |
|  0. |  1. |  1. || -1. |  0. |  1. || -1. |  0. |  0. |


state to eval, currenty is playerone turn=true

|  0. |  1. | -1. ||  0. |  0. |  0. ||  0. |  0. |  1. |
|  0. |  0. |  1. ||  0. |  0. |  0. || -1. |  0. |  1. |
|  0. |  0. |  0. ||  0. | -1. |  0. ||  0. |  0. |  0. |
|=====+=====+=====||=====+=====+=====||=====+=====+=====|
|  0. |  0. | -1. ||* 0. |* 0. |* 0. || -1. |  0. |  0. |
|  0. |  0. |  0. ||* 0. |* 1. |* 1. ||  0. | -1. |  0. |
| -1. |  0. |  1. ||* 0. |*-1. |*-1. ||  0. | -1. |  0. |
|=====+=====+=====||=====+=====+=====||=====+=====+=====|
|  1. |  0. |  0. ||  0. |  0. |  0. || -1. |  0. |  0. |
|  0. |  0. |  0. ||  1. |  1. |  0. ||  1. | -1. |  0. |
|  0. |  1. |  1. || -1. |  0. |  1. || -1. |  0. |  0. |


Determined best move using: 151039Iterations
current State

|  0. |  1. | -1. ||  0. |  0. |  0. ||  0. |  0. |  1. |
|  0. |  0. |  1. ||  0. |  0. |  0. || -1. |  0. |  1. |
|  0. |  0. |  0. ||  0. | -1. |  0. ||  0. |  0. |  0. |
|=====+=====+=====||=====+=====+=====||=====+=====+=====|
|  0. |  0. | -1. ||  0. |  0. |  0. || -1. |  0. |  0. |
|  0. |  0. |  0. ||  0. |  1. |  1. ||  0. | -1. |  0. |
| -1. |  0. |  1. ||  1. | -1. | -1. ||  0. | -1. |  0. |
|=====+=====+=====||=====+=====+=====||=====+=====+=====|
|* 1. |* 0. |* 0. ||  0. |  0. |  0. || -1. |  0. |  0. |
|* 0. |* 0. |* 0. ||  1. |  1. |  0. ||  1. | -1. |  0. |
|* 0. |* 1. |* 1. || -1. |  0. |  1. || -1. |  0. |  0. |


state to eval, currenty is playerone turn=false

| -0. | -1. |  1. || -0. | -0. | -0. || -0. | -0. | -1. |
| -0. | -0. | -1. || -0. | -0. | -0. ||  1. | -0. | -1. |
| -0. | -0. | -0. || -0. |  1. | -0. || -0. | -0. | -0. |
|=====+=====+=====||=====+=====+=====||=====+=====+=====|
| -0. | -0. |  1. || -0. | -0. | -0. ||  1. | -0. | -0. |
| -0. | -0. | -0. || -0. | -1. | -1. || -0. |  1. | -0. |
|  1. | -0. | -1. || -1. |  1. |  1. || -0. |  1. | -0. |
|=====+=====+=====||=====+=====+=====||=====+=====+=====|
|*-1. |*-0. |*-0. || -0. | -0. | -0. ||  1. | -0. | -0. |
|*-0. |*-0. |*-0. || -1. | -1. | -0. || -1. |  1. | -0. |
|*-0. |*-1. |*-1. ||  1. | -0. | -1. ||  1. | -0. | -0. |


Determined best move using: 162386Iterations
current State

|  0. |  1. | -1. ||  0. |  0. |  0. ||  0. |  0. |  1. |
|  0. |  0. |  1. ||  0. |  0. |  0. || -1. |  0. |  1. |
|  0. |  0. |  0. ||  0. | -1. |  0. ||  0. |  0. |  0. |
|=====+=====+=====||=====+=====+=====||=====+=====+=====|
|  0. |  0. | -1. ||* 0. |* 0. |* 0. || -1. |  0. |  0. |
|  0. |  0. |  0. ||* 0. |* 1. |* 1. ||  0. | -1. |  0. |
| -1. |  0. |  1. ||* 1. |*-1. |*-1. ||  0. | -1. |  0. |
|=====+=====+=====||=====+=====+=====||=====+=====+=====|
|  1. |  0. |  0. ||  0. |  0. |  0. || -1. |  0. |  0. |
|  0. | -1. |  0. ||  1. |  1. |  0. ||  1. | -1. |  0. |
|  0. |  1. |  1. || -1. |  0. |  1. || -1. |  0. |  0. |


state to eval, currenty is playerone turn=true

|  0. |  1. | -1. ||  0. |  0. |  0. ||  0. |  0. |  1. |
|  0. |  0. |  1. ||  0. |  0. |  0. || -1. |  0. |  1. |
|  0. |  0. |  0. ||  0. | -1. |  0. ||  0. |  0. |  0. |
|=====+=====+=====||=====+=====+=====||=====+=====+=====|
|  0. |  0. | -1. ||* 0. |* 0. |* 0. || -1. |  0. |  0. |
|  0. |  0. |  0. ||* 0. |* 1. |* 1. ||  0. | -1. |  0. |
| -1. |  0. |  1. ||* 1. |*-1. |*-1. ||  0. | -1. |  0. |
|=====+=====+=====||=====+=====+=====||=====+=====+=====|
|  1. |  0. |  0. ||  0. |  0. |  0. || -1. |  0. |  0. |
|  0. | -1. |  0. ||  1. |  1. |  0. ||  1. | -1. |  0. |
|  0. |  1. |  1. || -1. |  0. |  1. || -1. |  0. |  0. |


Determined best move using: 156326Iterations
current State

|  0. |  1. | -1. ||  0. |  0. |  0. ||  0. |  0. |  1. |
|  0. |  0. |  1. ||  0. |  0. |  0. || -1. |  0. |  1. |
|  0. |  0. |  0. ||  0. | -1. |  0. ||  0. |  0. |  0. |
|=====+=====+=====||=====+=====+=====||=====+=====+=====|
|* 0. |* 0. |*-1. ||  0. |  0. |  0. || -1. |  0. |  0. |
|* 0. |* 0. |* 0. ||  1. |  1. |  1. ||  0. | -1. |  0. |
|*-1. |* 0. |* 1. ||  1. | -1. | -1. ||  0. | -1. |  0. |
|=====+=====+=====||=====+=====+=====||=====+=====+=====|
|  1. |  0. |  0. ||  0. |  0. |  0. || -1. |  0. |  0. |
|  0. | -1. |  0. ||  1. |  1. |  0. ||  1. | -1. |  0. |
|  0. |  1. |  1. || -1. |  0. |  1. || -1. |  0. |  0. |


state to eval, currenty is playerone turn=false

| -0. | -1. |  1. || -0. | -0. | -0. || -0. | -0. | -1. |
| -0. | -0. | -1. || -0. | -0. | -0. ||  1. | -0. | -1. |
| -0. | -0. | -0. || -0. |  1. | -0. || -0. | -0. | -0. |
|=====+=====+=====||=====+=====+=====||=====+=====+=====|
|*-0. |*-0. |* 1. || -0. | -0. | -0. ||  1. | -0. | -0. |
|*-0. |*-0. |*-0. || -1. | -1. | -1. || -0. |  1. | -0. |
|* 1. |*-0. |*-1. || -1. |  1. |  1. || -0. |  1. | -0. |
|=====+=====+=====||=====+=====+=====||=====+=====+=====|
| -1. | -0. | -0. || -0. | -0. | -0. ||  1. | -0. | -0. |
| -0. |  1. | -0. || -1. | -1. | -0. || -1. |  1. | -0. |
| -0. | -1. | -1. ||  1. | -0. | -1. ||  1. | -0. | -0. |


Determined best move using: 1842316Iterations
current State

|* 0. |* 1. |*-1. ||  0. |  0. |  0. ||  0. |  0. |  1. |
|* 0. |* 0. |* 1. ||  0. |  0. |  0. || -1. |  0. |  1. |
|* 0. |* 0. |* 0. ||  0. | -1. |  0. ||  0. |  0. |  0. |
|=====+=====+=====||=====+=====+=====||=====+=====+=====|
| -1. |  0. | -1. ||  0. |  0. |  0. || -1. |  0. |  0. |
|  0. |  0. |  0. ||  1. |  1. |  1. ||  0. | -1. |  0. |
| -1. |  0. |  1. ||  1. | -1. | -1. ||  0. | -1. |  0. |
|=====+=====+=====||=====+=====+=====||=====+=====+=====|
|  1. |  0. |  0. ||  0. |  0. |  0. || -1. |  0. |  0. |
|  0. | -1. |  0. ||  1. |  1. |  0. ||  1. | -1. |  0. |
|  0. |  1. |  1. || -1. |  0. |  1. || -1. |  0. |  0. |


state to eval, currenty is playerone turn=true

|* 0. |* 1. |*-1. ||  0. |  0. |  0. ||  0. |  0. |  1. |
|* 0. |* 0. |* 1. ||  0. |  0. |  0. || -1. |  0. |  1. |
|* 0. |* 0. |* 0. ||  0. | -1. |  0. ||  0. |  0. |  0. |
|=====+=====+=====||=====+=====+=====||=====+=====+=====|
| -1. |  0. | -1. ||  0. |  0. |  0. || -1. |  0. |  0. |
|  0. |  0. |  0. ||  1. |  1. |  1. ||  0. | -1. |  0. |
| -1. |  0. |  1. ||  1. | -1. | -1. ||  0. | -1. |  0. |
|=====+=====+=====||=====+=====+=====||=====+=====+=====|
|  1. |  0. |  0. ||  0. |  0. |  0. || -1. |  0. |  0. |
|  0. | -1. |  0. ||  1. |  1. |  0. ||  1. | -1. |  0. |
|  0. |  1. |  1. || -1. |  0. |  1. || -1. |  0. |  0. |


Determined best move using: 70590Iterations
current State

|  0. |  1. | -1. ||  0. |  0. |  0. ||  0. |  0. |  1. |
|  0. |  0. |  1. ||  0. |  0. |  0. || -1. |  0. |  1. |
|  1. |  0. |  0. ||  0. | -1. |  0. ||  0. |  0. |  0. |
|=====+=====+=====||=====+=====+=====||=====+=====+=====|
| -1. |  0. | -1. ||  0. |  0. |  0. || -1. |  0. |  0. |
|  0. |  0. |  0. ||  1. |  1. |  1. ||  0. | -1. |  0. |
| -1. |  0. |  1. ||  1. | -1. | -1. ||  0. | -1. |  0. |
|=====+=====+=====||=====+=====+=====||=====+=====+=====|
|* 1. |* 0. |* 0. ||  0. |  0. |  0. || -1. |  0. |  0. |
|* 0. |*-1. |* 0. ||  1. |  1. |  0. ||  1. | -1. |  0. |
|* 0. |* 1. |* 1. || -1. |  0. |  1. || -1. |  0. |  0. |


state to eval, currenty is playerone turn=false

| -0. | -1. |  1. || -0. | -0. | -0. || -0. | -0. | -1. |
| -0. | -0. | -1. || -0. | -0. | -0. ||  1. | -0. | -1. |
| -1. | -0. | -0. || -0. |  1. | -0. || -0. | -0. | -0. |
|=====+=====+=====||=====+=====+=====||=====+=====+=====|
|  1. | -0. |  1. || -0. | -0. | -0. ||  1. | -0. | -0. |
| -0. | -0. | -0. || -1. | -1. | -1. || -0. |  1. | -0. |
|  1. | -0. | -1. || -1. |  1. |  1. || -0. |  1. | -0. |
|=====+=====+=====||=====+=====+=====||=====+=====+=====|
|*-1. |*-0. |*-0. || -0. | -0. | -0. ||  1. | -0. | -0. |
|*-0. |* 1. |*-0. || -1. | -1. | -0. || -1. |  1. | -0. |
|*-0. |*-1. |*-1. ||  1. | -0. | -1. ||  1. | -0. | -0. |


current State

|  0. |  1. | -1. ||  0. |  0. |  0. ||  0. |  0. |  1. |
|  0. |  0. |  1. ||  0. |  0. |  0. || -1. |  0. |  1. |
|  1. |  0. |  0. ||  0. | -1. |  0. ||  0. |  0. |  0. |
|=====+=====+=====||=====+=====+=====||=====+=====+=====|
| -1. |  0. | -1. ||  0. |  0. |  0. || -1. |  0. |  0. |
|  0. |  0. |  0. ||  1. |  1. |  1. ||  0. | -1. |  0. |
| -1. |  0. |  1. ||  1. | -1. | -1. ||  0. | -1. |  0. |
|=====+=====+=====||=====+=====+=====||=====+=====+=====|
|* 1. |* 0. |* 0. ||  0. |  0. |  0. || -1. |  0. |  0. |
|* 0. |*-1. |* 0. ||  1. |  1. |  0. ||  1. | -1. |  0. |
|*-1. |* 1. |* 1. || -1. |  0. |  1. || -1. |  0. |  0. |


state to eval, currenty is playerone turn=true

|  0. |  1. | -1. ||  0. |  0. |  0. ||  0. |  0. |  1. |
|  0. |  0. |  1. ||  0. |  0. |  0. || -1. |  0. |  1. |
|  1. |  0. |  0. ||  0. | -1. |  0. ||  0. |  0. |  0. |
|=====+=====+=====||=====+=====+=====||=====+=====+=====|
| -1. |  0. | -1. ||  0. |  0. |  0. || -1. |  0. |  0. |
|  0. |  0. |  0. ||  1. |  1. |  1. ||  0. | -1. |  0. |
| -1. |  0. |  1. ||  1. | -1. | -1. ||  0. | -1. |  0. |
|=====+=====+=====||=====+=====+=====||=====+=====+=====|
|* 1. |* 0. |* 0. ||  0. |  0. |  0. || -1. |  0. |  0. |
|* 0. |*-1. |* 0. ||  1. |  1. |  0. ||  1. | -1. |  0. |
|*-1. |* 1. |* 1. || -1. |  0. |  1. || -1. |  0. |  0. |


Determined best move using: 117134Iterations
current State

|  0. |  1. | -1. ||  0. |  0. |  0. ||* 0. |* 0. |* 1. |
|  0. |  0. |  1. ||  0. |  0. |  0. ||*-1. |* 0. |* 1. |
|  1. |  0. |  0. ||  0. | -1. |  0. ||* 0. |* 0. |* 0. |
|=====+=====+=====||=====+=====+=====||=====+=====+=====|
| -1. |  0. | -1. ||  0. |  0. |  0. || -1. |  0. |  0. |
|  0. |  0. |  0. ||  1. |  1. |  1. ||  0. | -1. |  0. |
| -1. |  0. |  1. ||  1. | -1. | -1. ||  0. | -1. |  0. |
|=====+=====+=====||=====+=====+=====||=====+=====+=====|
|  1. |  0. |  1. ||  0. |  0. |  0. || -1. |  0. |  0. |
|  0. | -1. |  0. ||  1. |  1. |  0. ||  1. | -1. |  0. |
| -1. |  1. |  1. || -1. |  0. |  1. || -1. |  0. |  0. |


state to eval, currenty is playerone turn=false

| -0. | -1. |  1. || -0. | -0. | -0. ||*-0. |*-0. |*-1. |
| -0. | -0. | -1. || -0. | -0. | -0. ||* 1. |*-0. |*-1. |
| -1. | -0. | -0. || -0. |  1. | -0. ||*-0. |*-0. |*-0. |
|=====+=====+=====||=====+=====+=====||=====+=====+=====|
|  1. | -0. |  1. || -0. | -0. | -0. ||  1. | -0. | -0. |
| -0. | -0. | -0. || -1. | -1. | -1. || -0. |  1. | -0. |
|  1. | -0. | -1. || -1. |  1. |  1. || -0. |  1. | -0. |
|=====+=====+=====||=====+=====+=====||=====+=====+=====|
| -1. | -0. | -1. || -0. | -0. | -0. ||  1. | -0. | -0. |
| -0. |  1. | -0. || -1. | -1. | -0. || -1. |  1. | -0. |
|  1. | -1. | -1. ||  1. | -0. | -1. ||  1. | -0. | -0. |


Determined best move using: 116977Iterations
current State

|  0. |  1. | -1. ||  0. |  0. |  0. ||  0. |  0. |  1. |
|  0. |  0. |  1. ||  0. |  0. |  0. || -1. |  0. |  1. |
|  1. |  0. |  0. ||  0. | -1. |  0. || -1. |  0. |  0. |
|=====+=====+=====||=====+=====+=====||=====+=====+=====|
| -1. |  0. | -1. ||  0. |  0. |  0. || -1. |  0. |  0. |
|  0. |  0. |  0. ||  1. |  1. |  1. ||  0. | -1. |  0. |
| -1. |  0. |  1. ||  1. | -1. | -1. ||  0. | -1. |  0. |
|=====+=====+=====||=====+=====+=====||=====+=====+=====|
|* 1. |* 0. |* 1. ||  0. |  0. |  0. || -1. |  0. |  0. |
|* 0. |*-1. |* 0. ||  1. |  1. |  0. ||  1. | -1. |  0. |
|*-1. |* 1. |* 1. || -1. |  0. |  1. || -1. |  0. |  0. |


state to eval, currenty is playerone turn=true

|  0. |  1. | -1. ||  0. |  0. |  0. ||  0. |  0. |  1. |
|  0. |  0. |  1. ||  0. |  0. |  0. || -1. |  0. |  1. |
|  1. |  0. |  0. ||  0. | -1. |  0. || -1. |  0. |  0. |
|=====+=====+=====||=====+=====+=====||=====+=====+=====|
| -1. |  0. | -1. ||  0. |  0. |  0. || -1. |  0. |  0. |
|  0. |  0. |  0. ||  1. |  1. |  1. ||  0. | -1. |  0. |
| -1. |  0. |  1. ||  1. | -1. | -1. ||  0. | -1. |  0. |
|=====+=====+=====||=====+=====+=====||=====+=====+=====|
|* 1. |* 0. |* 1. ||  0. |  0. |  0. || -1. |  0. |  0. |
|* 0. |*-1. |* 0. ||  1. |  1. |  0. ||  1. | -1. |  0. |
|*-1. |* 1. |* 1. || -1. |  0. |  1. || -1. |  0. |  0. |


Determined best move using: 123898Iterations
current State

|  0. |  1. | -1. ||  0. |  0. |  0. ||  0. |  0. |  1. |
|  0. |  0. |  1. ||  0. |  0. |  0. || -1. |  0. |  1. |
|  1. |  0. |  0. ||  0. | -1. |  0. || -1. |  0. |  0. |
|=====+=====+=====||=====+=====+=====||=====+=====+=====|
| -1. |  0. | -1. ||  0. |  0. |  0. ||*-1. |* 0. |* 0. |
|  0. |  0. |  0. ||  1. |  1. |  1. ||* 0. |*-1. |* 0. |
| -1. |  0. |  1. ||  1. | -1. | -1. ||* 0. |*-1. |* 0. |
|=====+=====+=====||=====+=====+=====||=====+=====+=====|
|  1. |  0. |  1. ||  0. |  0. |  0. || -1. |  0. |  0. |
|  0. | -1. |  1. ||  1. |  1. |  0. ||  1. | -1. |  0. |
| -1. |  1. |  1. || -1. |  0. |  1. || -1. |  0. |  0. |


state to eval, currenty is playerone turn=false

| -0. | -1. |  1. || -0. | -0. | -0. || -0. | -0. | -1. |
| -0. | -0. | -1. || -0. | -0. | -0. ||  1. | -0. | -1. |
| -1. | -0. | -0. || -0. |  1. | -0. ||  1. | -0. | -0. |
|=====+=====+=====||=====+=====+=====||=====+=====+=====|
|  1. | -0. |  1. || -0. | -0. | -0. ||* 1. |*-0. |*-0. |
| -0. | -0. | -0. || -1. | -1. | -1. ||*-0. |* 1. |*-0. |
|  1. | -0. | -1. || -1. |  1. |  1. ||*-0. |* 1. |*-0. |
|=====+=====+=====||=====+=====+=====||=====+=====+=====|
| -1. | -0. | -1. || -0. | -0. | -0. ||  1. | -0. | -0. |
| -0. |  1. | -1. || -1. | -1. | -0. || -1. |  1. | -0. |
|  1. | -1. | -1. ||  1. | -0. | -1. ||  1. | -0. | -0. |


Determined best move using: 124372Iterations
current State

|  0. |  1. | -1. ||* 0. |* 0. |* 0. ||  0. |  0. |  1. |
|  0. |  0. |  1. ||* 0. |* 0. |* 0. || -1. |  0. |  1. |
|  1. |  0. |  0. ||* 0. |*-1. |* 0. || -1. |  0. |  0. |
|=====+=====+=====||=====+=====+=====||=====+=====+=====|
| -1. |  0. | -1. ||  0. |  0. |  0. || -1. | -1. |  0. |
|  0. |  0. |  0. ||  1. |  1. |  1. ||  0. | -1. |  0. |
| -1. |  0. |  1. ||  1. | -1. | -1. ||  0. | -1. |  0. |
|=====+=====+=====||=====+=====+=====||=====+=====+=====|
|  1. |  0. |  1. ||  0. |  0. |  0. || -1. |  0. |  0. |
|  0. | -1. |  1. ||  1. |  1. |  0. ||  1. | -1. |  0. |
| -1. |  1. |  1. || -1. |  0. |  1. || -1. |  0. |  0. |


state to eval, currenty is playerone turn=true

|  0. |  1. | -1. ||* 0. |* 0. |* 0. ||  0. |  0. |  1. |
|  0. |  0. |  1. ||* 0. |* 0. |* 0. || -1. |  0. |  1. |
|  1. |  0. |  0. ||* 0. |*-1. |* 0. || -1. |  0. |  0. |
|=====+=====+=====||=====+=====+=====||=====+=====+=====|
| -1. |  0. | -1. ||  0. |  0. |  0. || -1. | -1. |  0. |
|  0. |  0. |  0. ||  1. |  1. |  1. ||  0. | -1. |  0. |
| -1. |  0. |  1. ||  1. | -1. | -1. ||  0. | -1. |  0. |
|=====+=====+=====||=====+=====+=====||=====+=====+=====|
|  1. |  0. |  1. ||  0. |  0. |  0. || -1. |  0. |  0. |
|  0. | -1. |  1. ||  1. |  1. |  0. ||  1. | -1. |  0. |
| -1. |  1. |  1. || -1. |  0. |  1. || -1. |  0. |  0. |


Determined best move using: 136194Iterations
current State

|  0. |  1. | -1. ||  0. |  0. |  0. ||  0. |  0. |  1. |
|  0. |  0. |  1. ||  1. |  0. |  0. || -1. |  0. |  1. |
|  1. |  0. |  0. ||  0. | -1. |  0. || -1. |  0. |  0. |
|=====+=====+=====||=====+=====+=====||=====+=====+=====|
|*-1. |* 0. |*-1. ||  0. |  0. |  0. || -1. | -1. |  0. |
|* 0. |* 0. |* 0. ||  1. |  1. |  1. ||  0. | -1. |  0. |
|*-1. |* 0. |* 1. ||  1. | -1. | -1. ||  0. | -1. |  0. |
|=====+=====+=====||=====+=====+=====||=====+=====+=====|
|  1. |  0. |  1. ||  0. |  0. |  0. || -1. |  0. |  0. |
|  0. | -1. |  1. ||  1. |  1. |  0. ||  1. | -1. |  0. |
| -1. |  1. |  1. || -1. |  0. |  1. || -1. |  0. |  0. |


state to eval, currenty is playerone turn=false

| -0. | -1. |  1. || -0. | -0. | -0. || -0. | -0. | -1. |
| -0. | -0. | -1. || -1. | -0. | -0. ||  1. | -0. | -1. |
| -1. | -0. | -0. || -0. |  1. | -0. ||  1. | -0. | -0. |
|=====+=====+=====||=====+=====+=====||=====+=====+=====|
|* 1. |*-0. |* 1. || -0. | -0. | -0. ||  1. |  1. | -0. |
|*-0. |*-0. |*-0. || -1. | -1. | -1. || -0. |  1. | -0. |
|* 1. |*-0. |*-1. || -1. |  1. |  1. || -0. |  1. | -0. |
|=====+=====+=====||=====+=====+=====||=====+=====+=====|
| -1. | -0. | -1. || -0. | -0. | -0. ||  1. | -0. | -0. |
| -0. |  1. | -1. || -1. | -1. | -0. || -1. |  1. | -0. |
|  1. | -1. | -1. ||  1. | -0. | -1. ||  1. | -0. | -0. |


Determined best move using: 136170Iterations
Determined best move using: 82945Iterations
