Saving data to: W:\Labs\ME\ME187-Fall2024\StudentFiles\CALEBHOTTES\UTTTstuff\data\series1
Begin custom message: 
DataSeries: series1 game number: 177 

Description: making data during matlab class 238. 

Evaluator config=EvaluatorConfiguration{cValue=2.0, maxRolloutDepth=1000, computeTime=35, threads=1, stupidity=0, allowForcePlay=false, maxMyCPU=false}
End custom message
Inital State: 

|* 0. |* 0. |* 0. ||* 0. |* 0. |* 0. ||* 0. |* 0. |* 0. |
|* 0. |* 0. |* 0. ||* 0. |* 0. |* 0. ||* 0. |* 0. |* 0. |
|* 0. |* 0. |* 0. ||* 0. |* 0. |* 0. ||* 0. |* 0. |* 0. |
|=====+=====+=====||=====+=====+=====||=====+=====+=====|
|* 0. |* 0. |* 0. ||* 0. |* 0. |* 0. ||* 0. |* 0. |* 0. |
|* 0. |* 0. |* 0. ||* 0. |* 0. |* 0. ||* 0. |* 0. |* 0. |
|* 0. |* 0. |* 0. ||* 0. |* 0. |* 0. ||* 0. |* 0. |* 0. |
|=====+=====+=====||=====+=====+=====||=====+=====+=====|
|* 0. |* 0. |* 0. ||* 0. |* 0. |* 0. ||* 0. |* 0. |* 0. |
|* 0. |* 0. |* 0. ||* 0. |* 0. |* 0. ||* 0. |* 0. |* 0. |
|* 0. |* 0. |* 0. ||* 0. |* 0. |* 0. ||* 0. |* 0. |* 0. |


state to eval, currenty is playerone turn=true

|* 0. |* 0. |* 0. ||* 0. |* 0. |* 0. ||* 0. |* 0. |* 0. |
|* 0. |* 0. |* 0. ||* 0. |* 0. |* 0. ||* 0. |* 0. |* 0. |
|* 0. |* 0. |* 0. ||* 0. |* 0. |* 0. ||* 0. |* 0. |* 0. |
|=====+=====+=====||=====+=====+=====||=====+=====+=====|
|* 0. |* 0. |* 0. ||* 0. |* 0. |* 0. ||* 0. |* 0. |* 0. |
|* 0. |* 0. |* 0. ||* 0. |* 0. |* 0. ||* 0. |* 0. |* 0. |
|* 0. |* 0. |* 0. ||* 0. |* 0. |* 0. ||* 0. |* 0. |* 0. |
|=====+=====+=====||=====+=====+=====||=====+=====+=====|
|* 0. |* 0. |* 0. ||* 0. |* 0. |* 0. ||* 0. |* 0. |* 0. |
|* 0. |* 0. |* 0. ||* 0. |* 0. |* 0. ||* 0. |* 0. |* 0. |
|* 0. |* 0. |* 0. ||* 0. |* 0. |* 0. ||* 0. |* 0. |* 0. |


Determined best move using: 93054Iterations
Determined best move using: 90461Iterations
current State

|  0. |  0. |  0. ||  0. |  0. |  0. ||  0. |  0. |  0. |
|  0. |  0. |  0. ||  0. |  0. |  0. ||  0. |  0. |  0. |
|  0. |  0. |  0. ||  0. |  0. |  0. ||  0. |  0. |  0. |
|=====+=====+=====||=====+=====+=====||=====+=====+=====|
|* 0. |* 0. |* 0. ||  0. |  0. |  0. ||  0. |  0. |  0. |
|* 0. |* 0. |* 0. ||  0. |  0. |  0. ||  0. |  0. |  0. |
|* 0. |* 0. |* 0. ||  0. |  0. |  0. ||  0. |  0. |  0. |
|=====+=====+=====||=====+=====+=====||=====+=====+=====|
|  0. |  0. |  0. ||  0. |  0. |  0. ||  0. |  0. |  0. |
|  1. |  0. |  0. ||  0. |  0. |  0. ||  0. |  0. |  0. |
|  0. |  0. |  0. ||  0. |  0. |  0. ||  0. |  0. |  0. |


state to eval, currenty is playerone turn=false

| -0. | -0. | -0. || -0. | -0. | -0. || -0. | -0. | -0. |
| -0. | -0. | -0. || -0. | -0. | -0. || -0. | -0. | -0. |
| -0. | -0. | -0. || -0. | -0. | -0. || -0. | -0. | -0. |
|=====+=====+=====||=====+=====+=====||=====+=====+=====|
|*-0. |*-0. |*-0. || -0. | -0. | -0. || -0. | -0. | -0. |
|*-0. |*-0. |*-0. || -0. | -0. | -0. || -0. | -0. | -0. |
|*-0. |*-0. |*-0. || -0. | -0. | -0. || -0. | -0. | -0. |
|=====+=====+=====||=====+=====+=====||=====+=====+=====|
| -0. | -0. | -0. || -0. | -0. | -0. || -0. | -0. | -0. |
| -1. | -0. | -0. || -0. | -0. | -0. || -0. | -0. | -0. |
| -0. | -0. | -0. || -0. | -0. | -0. || -0. | -0. | -0. |


Determined best move using: 96431Iterations
Determined best move using: 91310Iterations
Determined best move using: 93518Iterations
current State

|  0. |  0. |  0. ||  0. |  0. |  0. ||  0. |  0. |  0. |
|  0. |  0. |  0. ||  0. |  0. |  0. ||  0. |  0. |  0. |
|  0. |  0. |  0. ||  0. |  0. |  0. ||  0. |  0. |  0. |
|=====+=====+=====||=====+=====+=====||=====+=====+=====|
|  0. |  0. |  0. ||  0. |  0. |  0. ||  0. |  0. |  0. |
|  0. |  0. |  0. ||  0. |  0. |  0. ||  0. |  0. |  0. |
| -1. |  0. |  0. ||  0. |  0. |  0. ||  0. |  0. |  0. |
|=====+=====+=====||=====+=====+=====||=====+=====+=====|
|* 0. |* 0. |* 0. ||  0. |  0. |  0. ||  0. |  0. |  0. |
|* 1. |* 0. |* 0. ||  0. |  0. |  0. ||  0. |  0. |  0. |
|* 0. |* 0. |* 0. ||  0. |  0. |  0. ||  0. |  0. |  0. |


state to eval, currenty is playerone turn=true

|  0. |  0. |  0. ||  0. |  0. |  0. ||  0. |  0. |  0. |
|  0. |  0. |  0. ||  0. |  0. |  0. ||  0. |  0. |  0. |
|  0. |  0. |  0. ||  0. |  0. |  0. ||  0. |  0. |  0. |
|=====+=====+=====||=====+=====+=====||=====+=====+=====|
|  0. |  0. |  0. ||  0. |  0. |  0. ||  0. |  0. |  0. |
|  0. |  0. |  0. ||  0. |  0. |  0. ||  0. |  0. |  0. |
| -1. |  0. |  0. ||  0. |  0. |  0. ||  0. |  0. |  0. |
|=====+=====+=====||=====+=====+=====||=====+=====+=====|
|* 0. |* 0. |* 0. ||  0. |  0. |  0. ||  0. |  0. |  0. |
|* 1. |* 0. |* 0. ||  0. |  0. |  0. ||  0. |  0. |  0. |
|* 0. |* 0. |* 0. ||  0. |  0. |  0. ||  0. |  0. |  0. |


Determined best move using: 93122Iterations
Determined best move using: 97618Iterations
current State

|  0. |  0. |  0. ||  0. |  0. |  0. ||  0. |  0. |  0. |
|  0. |  0. |  0. ||  0. |  0. |  0. ||  0. |  0. |  0. |
|  0. |  0. |  0. ||  0. |  0. |  0. ||  0. |  0. |  0. |
|=====+=====+=====||=====+=====+=====||=====+=====+=====|
|  0. |  0. |  0. ||  0. |  0. |  0. ||  0. |  0. |  0. |
|  0. |  0. |  0. ||  0. |  0. |  0. ||  0. |  0. |  0. |
| -1. |  0. |  0. ||  0. |  0. |  0. ||  0. |  0. |  0. |
|=====+=====+=====||=====+=====+=====||=====+=====+=====|
|  0. |  0. |  0. ||  0. |  0. |  0. ||* 0. |* 0. |* 0. |
|  1. |  0. |  0. ||  0. |  0. |  0. ||* 0. |* 0. |* 0. |
|  0. |  0. |  1. ||  0. |  0. |  0. ||* 0. |* 0. |* 0. |


state to eval, currenty is playerone turn=false

| -0. | -0. | -0. || -0. | -0. | -0. || -0. | -0. | -0. |
| -0. | -0. | -0. || -0. | -0. | -0. || -0. | -0. | -0. |
| -0. | -0. | -0. || -0. | -0. | -0. || -0. | -0. | -0. |
|=====+=====+=====||=====+=====+=====||=====+=====+=====|
| -0. | -0. | -0. || -0. | -0. | -0. || -0. | -0. | -0. |
| -0. | -0. | -0. || -0. | -0. | -0. || -0. | -0. | -0. |
|  1. | -0. | -0. || -0. | -0. | -0. || -0. | -0. | -0. |
|=====+=====+=====||=====+=====+=====||=====+=====+=====|
| -0. | -0. | -0. || -0. | -0. | -0. ||*-0. |*-0. |*-0. |
| -1. | -0. | -0. || -0. | -0. | -0. ||*-0. |*-0. |*-0. |
| -0. | -0. | -1. || -0. | -0. | -0. ||*-0. |*-0. |*-0. |


current State

|  0. |  0. |  0. ||  0. |  0. |  0. ||  0. |  0. |  0. |
|  0. |  0. |  0. ||  0. |  0. |  0. ||  0. |  0. |  0. |
|  0. |  0. |  0. ||  0. |  0. |  0. ||  0. |  0. |  0. |
|=====+=====+=====||=====+=====+=====||=====+=====+=====|
|* 0. |* 0. |* 0. ||  0. |  0. |  0. ||  0. |  0. |  0. |
|* 0. |* 0. |* 0. ||  0. |  0. |  0. ||  0. |  0. |  0. |
|*-1. |* 0. |* 0. ||  0. |  0. |  0. ||  0. |  0. |  0. |
|=====+=====+=====||=====+=====+=====||=====+=====+=====|
|  0. |  0. |  0. ||  0. |  0. |  0. ||  0. |  0. |  0. |
|  1. |  0. |  0. ||  0. |  0. |  0. || -1. |  0. |  0. |
|  0. |  0. |  1. ||  0. |  0. |  0. ||  0. |  0. |  0. |


state to eval, currenty is playerone turn=true

|  0. |  0. |  0. ||  0. |  0. |  0. ||  0. |  0. |  0. |
|  0. |  0. |  0. ||  0. |  0. |  0. ||  0. |  0. |  0. |
|  0. |  0. |  0. ||  0. |  0. |  0. ||  0. |  0. |  0. |
|=====+=====+=====||=====+=====+=====||=====+=====+=====|
|* 0. |* 0. |* 0. ||  0. |  0. |  0. ||  0. |  0. |  0. |
|* 0. |* 0. |* 0. ||  0. |  0. |  0. ||  0. |  0. |  0. |
|*-1. |* 0. |* 0. ||  0. |  0. |  0. ||  0. |  0. |  0. |
|=====+=====+=====||=====+=====+=====||=====+=====+=====|
|  0. |  0. |  0. ||  0. |  0. |  0. ||  0. |  0. |  0. |
|  1. |  0. |  0. ||  0. |  0. |  0. || -1. |  0. |  0. |
|  0. |  0. |  1. ||  0. |  0. |  0. ||  0. |  0. |  0. |


Determined best move using: 90752Iterations
Determined best move using: 101639Iterations
current State

|  0. |  0. |  0. ||  0. |  0. |  0. ||  0. |  0. |  0. |
|  0. |  0. |  0. ||  0. |  0. |  0. ||  0. |  0. |  0. |
|  0. |  0. |  0. ||  0. |  0. |  0. ||  0. |  0. |  0. |
|=====+=====+=====||=====+=====+=====||=====+=====+=====|
|  0. |  0. |  0. ||* 0. |* 0. |* 0. ||  0. |  0. |  0. |
|  0. |  1. |  0. ||* 0. |* 0. |* 0. ||  0. |  0. |  0. |
| -1. |  0. |  0. ||* 0. |* 0. |* 0. ||  0. |  0. |  0. |
|=====+=====+=====||=====+=====+=====||=====+=====+=====|
|  0. |  0. |  0. ||  0. |  0. |  0. ||  0. |  0. |  0. |
|  1. |  0. |  0. ||  0. |  0. |  0. || -1. |  0. |  0. |
|  0. |  0. |  1. ||  0. |  0. |  0. ||  0. |  0. |  0. |


state to eval, currenty is playerone turn=false

| -0. | -0. | -0. || -0. | -0. | -0. || -0. | -0. | -0. |
| -0. | -0. | -0. || -0. | -0. | -0. || -0. | -0. | -0. |
| -0. | -0. | -0. || -0. | -0. | -0. || -0. | -0. | -0. |
|=====+=====+=====||=====+=====+=====||=====+=====+=====|
| -0. | -0. | -0. ||*-0. |*-0. |*-0. || -0. | -0. | -0. |
| -0. | -1. | -0. ||*-0. |*-0. |*-0. || -0. | -0. | -0. |
|  1. | -0. | -0. ||*-0. |*-0. |*-0. || -0. | -0. | -0. |
|=====+=====+=====||=====+=====+=====||=====+=====+=====|
| -0. | -0. | -0. || -0. | -0. | -0. || -0. | -0. | -0. |
| -1. | -0. | -0. || -0. | -0. | -0. ||  1. | -0. | -0. |
| -0. | -0. | -1. || -0. | -0. | -0. || -0. | -0. | -0. |


Determined best move using: 93894Iterations
Determined best move using: 99956Iterations
current State

|  0. |  0. |  0. ||  0. |  0. |  0. ||  0. |  0. |  0. |
|  0. |  0. |  0. ||  0. |  0. |  0. ||  0. |  0. |  0. |
|  0. |  0. |  0. ||  0. |  0. |  0. ||  0. |  0. |  0. |
|=====+=====+=====||=====+=====+=====||=====+=====+=====|
|  0. |  0. |  0. ||* 0. |* 0. |* 0. ||  0. |  0. |  0. |
|  0. |  1. |  0. ||* 0. |*-1. |* 0. ||  0. |  0. |  0. |
| -1. |  0. |  0. ||* 0. |* 0. |* 0. ||  0. |  0. |  0. |
|=====+=====+=====||=====+=====+=====||=====+=====+=====|
|  0. |  0. |  0. ||  0. |  0. |  0. ||  0. |  0. |  0. |
|  1. |  0. |  0. ||  0. |  0. |  0. || -1. |  0. |  0. |
|  0. |  0. |  1. ||  0. |  0. |  0. ||  0. |  0. |  0. |


state to eval, currenty is playerone turn=true

|  0. |  0. |  0. ||  0. |  0. |  0. ||  0. |  0. |  0. |
|  0. |  0. |  0. ||  0. |  0. |  0. ||  0. |  0. |  0. |
|  0. |  0. |  0. ||  0. |  0. |  0. ||  0. |  0. |  0. |
|=====+=====+=====||=====+=====+=====||=====+=====+=====|
|  0. |  0. |  0. ||* 0. |* 0. |* 0. ||  0. |  0. |  0. |
|  0. |  1. |  0. ||* 0. |*-1. |* 0. ||  0. |  0. |  0. |
| -1. |  0. |  0. ||* 0. |* 0. |* 0. ||  0. |  0. |  0. |
|=====+=====+=====||=====+=====+=====||=====+=====+=====|
|  0. |  0. |  0. ||  0. |  0. |  0. ||  0. |  0. |  0. |
|  1. |  0. |  0. ||  0. |  0. |  0. || -1. |  0. |  0. |
|  0. |  0. |  1. ||  0. |  0. |  0. ||  0. |  0. |  0. |


Determined best move using: 98944Iterations
Determined best move using: 107230Iterations
current State

|  0. |  0. |  0. ||* 0. |* 0. |* 0. ||  0. |  0. |  0. |
|  0. |  0. |  0. ||* 0. |* 0. |* 0. ||  0. |  0. |  0. |
|  0. |  0. |  0. ||* 0. |* 0. |* 0. ||  0. |  0. |  0. |
|=====+=====+=====||=====+=====+=====||=====+=====+=====|
|  0. |  0. |  0. ||  0. |  1. |  0. ||  0. |  0. |  0. |
|  0. |  1. |  0. ||  0. | -1. |  0. ||  0. |  0. |  0. |
| -1. |  0. |  0. ||  0. |  0. |  0. ||  0. |  0. |  0. |
|=====+=====+=====||=====+=====+=====||=====+=====+=====|
|  0. |  0. |  0. ||  0. |  0. |  0. ||  0. |  0. |  0. |
|  1. |  0. |  0. ||  0. |  0. |  0. || -1. |  0. |  0. |
|  0. |  0. |  1. ||  0. |  0. |  0. ||  0. |  0. |  0. |


state to eval, currenty is playerone turn=false

| -0. | -0. | -0. ||*-0. |*-0. |*-0. || -0. | -0. | -0. |
| -0. | -0. | -0. ||*-0. |*-0. |*-0. || -0. | -0. | -0. |
| -0. | -0. | -0. ||*-0. |*-0. |*-0. || -0. | -0. | -0. |
|=====+=====+=====||=====+=====+=====||=====+=====+=====|
| -0. | -0. | -0. || -0. | -1. | -0. || -0. | -0. | -0. |
| -0. | -1. | -0. || -0. |  1. | -0. || -0. | -0. | -0. |
|  1. | -0. | -0. || -0. | -0. | -0. || -0. | -0. | -0. |
|=====+=====+=====||=====+=====+=====||=====+=====+=====|
| -0. | -0. | -0. || -0. | -0. | -0. || -0. | -0. | -0. |
| -1. | -0. | -0. || -0. | -0. | -0. ||  1. | -0. | -0. |
| -0. | -0. | -1. || -0. | -0. | -0. || -0. | -0. | -0. |


Determined best move using: 103719Iterations
Determined best move using: 101277Iterations
current State

|  0. |  0. |  0. ||  0. |  0. |  0. ||  0. |  0. |  0. |
|  0. |  0. |  0. ||  0. |  0. |  0. ||  0. |  0. |  0. |
|  0. |  0. |  0. ||  0. |  0. | -1. ||  0. |  0. |  0. |
|=====+=====+=====||=====+=====+=====||=====+=====+=====|
|  0. |  0. |  0. ||  0. |  1. |  0. ||  0. |  0. |  0. |
|  0. |  1. |  0. ||  0. | -1. |  0. ||  0. |  0. |  0. |
| -1. |  0. |  0. ||  0. |  0. |  0. ||  0. |  0. |  0. |
|=====+=====+=====||=====+=====+=====||=====+=====+=====|
|  0. |  0. |  0. ||  0. |  0. |  0. ||* 0. |* 0. |* 0. |
|  1. |  0. |  0. ||  0. |  0. |  0. ||*-1. |* 0. |* 0. |
|  0. |  0. |  1. ||  0. |  0. |  0. ||* 0. |* 0. |* 0. |


state to eval, currenty is playerone turn=true

|  0. |  0. |  0. ||  0. |  0. |  0. ||  0. |  0. |  0. |
|  0. |  0. |  0. ||  0. |  0. |  0. ||  0. |  0. |  0. |
|  0. |  0. |  0. ||  0. |  0. | -1. ||  0. |  0. |  0. |
|=====+=====+=====||=====+=====+=====||=====+=====+=====|
|  0. |  0. |  0. ||  0. |  1. |  0. ||  0. |  0. |  0. |
|  0. |  1. |  0. ||  0. | -1. |  0. ||  0. |  0. |  0. |
| -1. |  0. |  0. ||  0. |  0. |  0. ||  0. |  0. |  0. |
|=====+=====+=====||=====+=====+=====||=====+=====+=====|
|  0. |  0. |  0. ||  0. |  0. |  0. ||* 0. |* 0. |* 0. |
|  1. |  0. |  0. ||  0. |  0. |  0. ||*-1. |* 0. |* 0. |
|  0. |  0. |  1. ||  0. |  0. |  0. ||* 0. |* 0. |* 0. |


current State

|  0. |  0. |  0. ||* 0. |* 0. |* 0. ||  0. |  0. |  0. |
|  0. |  0. |  0. ||* 0. |* 0. |* 0. ||  0. |  0. |  0. |
|  0. |  0. |  0. ||* 0. |* 0. |*-1. ||  0. |  0. |  0. |
|=====+=====+=====||=====+=====+=====||=====+=====+=====|
|  0. |  0. |  0. ||  0. |  1. |  0. ||  0. |  0. |  0. |
|  0. |  1. |  0. ||  0. | -1. |  0. ||  0. |  0. |  0. |
| -1. |  0. |  0. ||  0. |  0. |  0. ||  0. |  0. |  0. |
|=====+=====+=====||=====+=====+=====||=====+=====+=====|
|  0. |  0. |  0. ||  0. |  0. |  0. ||  0. |  1. |  0. |
|  1. |  0. |  0. ||  0. |  0. |  0. || -1. |  0. |  0. |
|  0. |  0. |  1. ||  0. |  0. |  0. ||  0. |  0. |  0. |


state to eval, currenty is playerone turn=false

| -0. | -0. | -0. ||*-0. |*-0. |*-0. || -0. | -0. | -0. |
| -0. | -0. | -0. ||*-0. |*-0. |*-0. || -0. | -0. | -0. |
| -0. | -0. | -0. ||*-0. |*-0. |* 1. || -0. | -0. | -0. |
|=====+=====+=====||=====+=====+=====||=====+=====+=====|
| -0. | -0. | -0. || -0. | -1. | -0. || -0. | -0. | -0. |
| -0. | -1. | -0. || -0. |  1. | -0. || -0. | -0. | -0. |
|  1. | -0. | -0. || -0. | -0. | -0. || -0. | -0. | -0. |
|=====+=====+=====||=====+=====+=====||=====+=====+=====|
| -0. | -0. | -0. || -0. | -0. | -0. || -0. | -1. | -0. |
| -1. | -0. | -0. || -0. | -0. | -0. ||  1. | -0. | -0. |
| -0. | -0. | -1. || -0. | -0. | -0. || -0. | -0. | -0. |


Determined best move using: 103281Iterations
current State

|  0. |  0. |  0. ||  0. |  0. |  0. ||  0. |  0. |  0. |
|  0. |  0. |  0. || -1. |  0. |  0. ||  0. |  0. |  0. |
|  0. |  0. |  0. ||  0. |  0. | -1. ||  0. |  0. |  0. |
|=====+=====+=====||=====+=====+=====||=====+=====+=====|
|* 0. |* 0. |* 0. ||  0. |  1. |  0. ||  0. |  0. |  0. |
|* 0. |* 1. |* 0. ||  0. | -1. |  0. ||  0. |  0. |  0. |
|*-1. |* 0. |* 0. ||  0. |  0. |  0. ||  0. |  0. |  0. |
|=====+=====+=====||=====+=====+=====||=====+=====+=====|
|  0. |  0. |  0. ||  0. |  0. |  0. ||  0. |  1. |  0. |
|  1. |  0. |  0. ||  0. |  0. |  0. || -1. |  0. |  0. |
|  0. |  0. |  1. ||  0. |  0. |  0. ||  0. |  0. |  0. |


state to eval, currenty is playerone turn=true

|  0. |  0. |  0. ||  0. |  0. |  0. ||  0. |  0. |  0. |
|  0. |  0. |  0. || -1. |  0. |  0. ||  0. |  0. |  0. |
|  0. |  0. |  0. ||  0. |  0. | -1. ||  0. |  0. |  0. |
|=====+=====+=====||=====+=====+=====||=====+=====+=====|
|* 0. |* 0. |* 0. ||  0. |  1. |  0. ||  0. |  0. |  0. |
|* 0. |* 1. |* 0. ||  0. | -1. |  0. ||  0. |  0. |  0. |
|*-1. |* 0. |* 0. ||  0. |  0. |  0. ||  0. |  0. |  0. |
|=====+=====+=====||=====+=====+=====||=====+=====+=====|
|  0. |  0. |  0. ||  0. |  0. |  0. ||  0. |  1. |  0. |
|  1. |  0. |  0. ||  0. |  0. |  0. || -1. |  0. |  0. |
|  0. |  0. |  1. ||  0. |  0. |  0. ||  0. |  0. |  0. |


current State

|  0. |  0. |  0. ||  0. |  0. |  0. ||* 0. |* 0. |* 0. |
|  0. |  0. |  0. || -1. |  0. |  0. ||* 0. |* 0. |* 0. |
|  0. |  0. |  0. ||  0. |  0. | -1. ||* 0. |* 0. |* 0. |
|=====+=====+=====||=====+=====+=====||=====+=====+=====|
|  0. |  0. |  1. ||  0. |  1. |  0. ||  0. |  0. |  0. |
|  0. |  1. |  0. ||  0. | -1. |  0. ||  0. |  0. |  0. |
| -1. |  0. |  0. ||  0. |  0. |  0. ||  0. |  0. |  0. |
|=====+=====+=====||=====+=====+=====||=====+=====+=====|
|  0. |  0. |  0. ||  0. |  0. |  0. ||  0. |  1. |  0. |
|  1. |  0. |  0. ||  0. |  0. |  0. || -1. |  0. |  0. |
|  0. |  0. |  1. ||  0. |  0. |  0. ||  0. |  0. |  0. |


state to eval, currenty is playerone turn=false

| -0. | -0. | -0. || -0. | -0. | -0. ||*-0. |*-0. |*-0. |
| -0. | -0. | -0. ||  1. | -0. | -0. ||*-0. |*-0. |*-0. |
| -0. | -0. | -0. || -0. | -0. |  1. ||*-0. |*-0. |*-0. |
|=====+=====+=====||=====+=====+=====||=====+=====+=====|
| -0. | -0. | -1. || -0. | -1. | -0. || -0. | -0. | -0. |
| -0. | -1. | -0. || -0. |  1. | -0. || -0. | -0. | -0. |
|  1. | -0. | -0. || -0. | -0. | -0. || -0. | -0. | -0. |
|=====+=====+=====||=====+=====+=====||=====+=====+=====|
| -0. | -0. | -0. || -0. | -0. | -0. || -0. | -1. | -0. |
| -1. | -0. | -0. || -0. | -0. | -0. ||  1. | -0. | -0. |
| -0. | -0. | -1. || -0. | -0. | -0. || -0. | -0. | -0. |


current State

|  0. |  0. |  0. ||  0. |  0. |  0. ||  0. |  0. |  0. |
|  0. |  0. |  0. || -1. |  0. |  0. ||  0. |  0. | -1. |
|  0. |  0. |  0. ||  0. |  0. | -1. ||  0. |  0. |  0. |
|=====+=====+=====||=====+=====+=====||=====+=====+=====|
|  0. |  0. |  1. ||  0. |  1. |  0. ||* 0. |* 0. |* 0. |
|  0. |  1. |  0. ||  0. | -1. |  0. ||* 0. |* 0. |* 0. |
| -1. |  0. |  0. ||  0. |  0. |  0. ||* 0. |* 0. |* 0. |
|=====+=====+=====||=====+=====+=====||=====+=====+=====|
|  0. |  0. |  0. ||  0. |  0. |  0. ||  0. |  1. |  0. |
|  1. |  0. |  0. ||  0. |  0. |  0. || -1. |  0. |  0. |
|  0. |  0. |  1. ||  0. |  0. |  0. ||  0. |  0. |  0. |


state to eval, currenty is playerone turn=true

|  0. |  0. |  0. ||  0. |  0. |  0. ||  0. |  0. |  0. |
|  0. |  0. |  0. || -1. |  0. |  0. ||  0. |  0. | -1. |
|  0. |  0. |  0. ||  0. |  0. | -1. ||  0. |  0. |  0. |
|=====+=====+=====||=====+=====+=====||=====+=====+=====|
|  0. |  0. |  1. ||  0. |  1. |  0. ||* 0. |* 0. |* 0. |
|  0. |  1. |  0. ||  0. | -1. |  0. ||* 0. |* 0. |* 0. |
| -1. |  0. |  0. ||  0. |  0. |  0. ||* 0. |* 0. |* 0. |
|=====+=====+=====||=====+=====+=====||=====+=====+=====|
|  0. |  0. |  0. ||  0. |  0. |  0. ||  0. |  1. |  0. |
|  1. |  0. |  0. ||  0. |  0. |  0. || -1. |  0. |  0. |
|  0. |  0. |  1. ||  0. |  0. |  0. ||  0. |  0. |  0. |


current State

|  0. |  0. |  0. ||  0. |  0. |  0. ||  0. |  0. |  0. |
|  0. |  0. |  0. || -1. |  0. |  0. ||  0. |  0. | -1. |
|  0. |  0. |  0. ||  0. |  0. | -1. ||  0. |  0. |  0. |
|=====+=====+=====||=====+=====+=====||=====+=====+=====|
|  0. |  0. |  1. ||  0. |  1. |  0. ||  0. |  0. |  0. |
|  0. |  1. |  0. ||  0. | -1. |  0. ||  0. |  0. |  0. |
| -1. |  0. |  0. ||  0. |  0. |  0. ||  0. |  0. |  1. |
|=====+=====+=====||=====+=====+=====||=====+=====+=====|
|  0. |  0. |  0. ||  0. |  0. |  0. ||* 0. |* 1. |* 0. |
|  1. |  0. |  0. ||  0. |  0. |  0. ||*-1. |* 0. |* 0. |
|  0. |  0. |  1. ||  0. |  0. |  0. ||* 0. |* 0. |* 0. |


state to eval, currenty is playerone turn=false

| -0. | -0. | -0. || -0. | -0. | -0. || -0. | -0. | -0. |
| -0. | -0. | -0. ||  1. | -0. | -0. || -0. | -0. |  1. |
| -0. | -0. | -0. || -0. | -0. |  1. || -0. | -0. | -0. |
|=====+=====+=====||=====+=====+=====||=====+=====+=====|
| -0. | -0. | -1. || -0. | -1. | -0. || -0. | -0. | -0. |
| -0. | -1. | -0. || -0. |  1. | -0. || -0. | -0. | -0. |
|  1. | -0. | -0. || -0. | -0. | -0. || -0. | -0. | -1. |
|=====+=====+=====||=====+=====+=====||=====+=====+=====|
| -0. | -0. | -0. || -0. | -0. | -0. ||*-0. |*-1. |*-0. |
| -1. | -0. | -0. || -0. | -0. | -0. ||* 1. |*-0. |*-0. |
| -0. | -0. | -1. || -0. | -0. | -0. ||*-0. |*-0. |*-0. |


current State

|  0. |  0. |  0. ||  0. |  0. |  0. ||  0. |  0. |  0. |
|  0. |  0. |  0. || -1. |  0. |  0. ||  0. |  0. | -1. |
|  0. |  0. |  0. ||  0. |  0. | -1. ||  0. |  0. |  0. |
|=====+=====+=====||=====+=====+=====||=====+=====+=====|
|  0. |  0. |  1. ||  0. |  1. |  0. ||  0. |  0. |  0. |
|  0. |  1. |  0. ||  0. | -1. |  0. ||  0. |  0. |  0. |
| -1. |  0. |  0. ||  0. |  0. |  0. ||  0. |  0. |  1. |
|=====+=====+=====||=====+=====+=====||=====+=====+=====|
|  0. |  0. |  0. ||  0. |  0. |  0. ||* 0. |* 1. |* 0. |
|  1. |  0. |  0. ||  0. |  0. |  0. ||*-1. |* 0. |* 0. |
|  0. |  0. |  1. ||  0. |  0. |  0. ||* 0. |* 0. |*-1. |


state to eval, currenty is playerone turn=true

|  0. |  0. |  0. ||  0. |  0. |  0. ||  0. |  0. |  0. |
|  0. |  0. |  0. || -1. |  0. |  0. ||  0. |  0. | -1. |
|  0. |  0. |  0. ||  0. |  0. | -1. ||  0. |  0. |  0. |
|=====+=====+=====||=====+=====+=====||=====+=====+=====|
|  0. |  0. |  1. ||  0. |  1. |  0. ||  0. |  0. |  0. |
|  0. |  1. |  0. ||  0. | -1. |  0. ||  0. |  0. |  0. |
| -1. |  0. |  0. ||  0. |  0. |  0. ||  0. |  0. |  1. |
|=====+=====+=====||=====+=====+=====||=====+=====+=====|
|  0. |  0. |  0. ||  0. |  0. |  0. ||* 0. |* 1. |* 0. |
|  1. |  0. |  0. ||  0. |  0. |  0. ||*-1. |* 0. |* 0. |
|  0. |  0. |  1. ||  0. |  0. |  0. ||* 0. |* 0. |*-1. |


current State

|  0. |  0. |  0. ||  0. |  0. |  0. ||  0. |  0. |  0. |
|  0. |  0. |  0. || -1. |  0. |  0. ||  0. |  0. | -1. |
|  0. |  0. |  0. ||  0. |  0. | -1. ||  0. |  0. |  0. |
|=====+=====+=====||=====+=====+=====||=====+=====+=====|
|  0. |  0. |  1. ||  0. |  1. |  0. ||  0. |  0. |  0. |
|  0. |  1. |  0. ||  0. | -1. |  0. ||  0. |  0. |  0. |
| -1. |  0. |  0. ||  0. |  0. |  0. ||  0. |  0. |  1. |
|=====+=====+=====||=====+=====+=====||=====+=====+=====|
|  0. |  0. |  0. ||* 0. |* 0. |* 0. ||  0. |  1. |  0. |
|  1. |  0. |  0. ||* 0. |* 0. |* 0. || -1. |  0. |  0. |
|  0. |  0. |  1. ||* 0. |* 0. |* 0. ||  0. |  1. | -1. |


state to eval, currenty is playerone turn=false

| -0. | -0. | -0. || -0. | -0. | -0. || -0. | -0. | -0. |
| -0. | -0. | -0. ||  1. | -0. | -0. || -0. | -0. |  1. |
| -0. | -0. | -0. || -0. | -0. |  1. || -0. | -0. | -0. |
|=====+=====+=====||=====+=====+=====||=====+=====+=====|
| -0. | -0. | -1. || -0. | -1. | -0. || -0. | -0. | -0. |
| -0. | -1. | -0. || -0. |  1. | -0. || -0. | -0. | -0. |
|  1. | -0. | -0. || -0. | -0. | -0. || -0. | -0. | -1. |
|=====+=====+=====||=====+=====+=====||=====+=====+=====|
| -0. | -0. | -0. ||*-0. |*-0. |*-0. || -0. | -1. | -0. |
| -1. | -0. | -0. ||*-0. |*-0. |*-0. ||  1. | -0. | -0. |
| -0. | -0. | -1. ||*-0. |*-0. |*-0. || -0. | -1. |  1. |


current State

|  0. |  0. |  0. ||  0. |  0. |  0. ||  0. |  0. |  0. |
|  0. |  0. |  0. || -1. |  0. |  0. ||  0. |  0. | -1. |
|  0. |  0. |  0. ||  0. |  0. | -1. ||  0. |  0. |  0. |
|=====+=====+=====||=====+=====+=====||=====+=====+=====|
|  0. |  0. |  1. ||  0. |  1. |  0. ||  0. |  0. |  0. |
|  0. |  1. |  0. ||  0. | -1. |  0. ||  0. |  0. |  0. |
| -1. |  0. |  0. ||  0. |  0. |  0. ||  0. |  0. |  1. |
|=====+=====+=====||=====+=====+=====||=====+=====+=====|
|  0. |  0. |  0. ||* 0. |* 0. |* 0. ||  0. |  1. |  0. |
|  1. |  0. |  0. ||* 0. |* 0. |* 0. || -1. |  0. |  0. |
|  0. |  0. |  1. ||* 0. |*-1. |* 0. ||  0. |  1. | -1. |


state to eval, currenty is playerone turn=true

|  0. |  0. |  0. ||  0. |  0. |  0. ||  0. |  0. |  0. |
|  0. |  0. |  0. || -1. |  0. |  0. ||  0. |  0. | -1. |
|  0. |  0. |  0. ||  0. |  0. | -1. ||  0. |  0. |  0. |
|=====+=====+=====||=====+=====+=====||=====+=====+=====|
|  0. |  0. |  1. ||  0. |  1. |  0. ||  0. |  0. |  0. |
|  0. |  1. |  0. ||  0. | -1. |  0. ||  0. |  0. |  0. |
| -1. |  0. |  0. ||  0. |  0. |  0. ||  0. |  0. |  1. |
|=====+=====+=====||=====+=====+=====||=====+=====+=====|
|  0. |  0. |  0. ||* 0. |* 0. |* 0. ||  0. |  1. |  0. |
|  1. |  0. |  0. ||* 0. |* 0. |* 0. || -1. |  0. |  0. |
|  0. |  0. |  1. ||* 0. |*-1. |* 0. ||  0. |  1. | -1. |


Determined best move using: 61735Iterations
current State

|  0. |  0. |  0. ||  0. |  0. |  0. ||  0. |  0. |  0. |
|  0. |  0. |  0. || -1. |  0. |  0. ||  0. |  0. | -1. |
|  0. |  0. |  0. ||  0. |  0. | -1. ||  0. |  0. |  0. |
|=====+=====+=====||=====+=====+=====||=====+=====+=====|
|  0. |  0. |  1. ||* 0. |* 1. |* 0. ||  0. |  0. |  0. |
|  0. |  1. |  0. ||* 0. |*-1. |* 0. ||  0. |  0. |  0. |
| -1. |  0. |  0. ||* 0. |* 0. |* 0. ||  0. |  0. |  1. |
|=====+=====+=====||=====+=====+=====||=====+=====+=====|
|  0. |  0. |  0. ||  0. |  0. |  0. ||  0. |  1. |  0. |
|  1. |  0. |  0. ||  0. |  1. |  0. || -1. |  0. |  0. |
|  0. |  0. |  1. ||  0. | -1. |  0. ||  0. |  1. | -1. |


state to eval, currenty is playerone turn=false

| -0. | -0. | -0. || -0. | -0. | -0. || -0. | -0. | -0. |
| -0. | -0. | -0. ||  1. | -0. | -0. || -0. | -0. |  1. |
| -0. | -0. | -0. || -0. | -0. |  1. || -0. | -0. | -0. |
|=====+=====+=====||=====+=====+=====||=====+=====+=====|
| -0. | -0. | -1. ||*-0. |*-1. |*-0. || -0. | -0. | -0. |
| -0. | -1. | -0. ||*-0. |* 1. |*-0. || -0. | -0. | -0. |
|  1. | -0. | -0. ||*-0. |*-0. |*-0. || -0. | -0. | -1. |
|=====+=====+=====||=====+=====+=====||=====+=====+=====|
| -0. | -0. | -0. || -0. | -0. | -0. || -0. | -1. | -0. |
| -1. | -0. | -0. || -0. | -1. | -0. ||  1. | -0. | -0. |
| -0. | -0. | -1. || -0. |  1. | -0. || -0. | -1. |  1. |


current State

|  0. |  0. |  0. ||  0. |  0. |  0. ||  0. |  0. |  0. |
|  0. |  0. |  0. || -1. |  0. |  0. ||  0. |  0. | -1. |
|  0. |  0. |  0. ||  0. |  0. | -1. ||  0. |  0. |  0. |
|=====+=====+=====||=====+=====+=====||=====+=====+=====|
|  0. |  0. |  1. ||  0. |  1. |  0. ||* 0. |* 0. |* 0. |
|  0. |  1. |  0. ||  0. | -1. | -1. ||* 0. |* 0. |* 0. |
| -1. |  0. |  0. ||  0. |  0. |  0. ||* 0. |* 0. |* 1. |
|=====+=====+=====||=====+=====+=====||=====+=====+=====|
|  0. |  0. |  0. ||  0. |  0. |  0. ||  0. |  1. |  0. |
|  1. |  0. |  0. ||  0. |  1. |  0. || -1. |  0. |  0. |
|  0. |  0. |  1. ||  0. | -1. |  0. ||  0. |  1. | -1. |


state to eval, currenty is playerone turn=true

|  0. |  0. |  0. ||  0. |  0. |  0. ||  0. |  0. |  0. |
|  0. |  0. |  0. || -1. |  0. |  0. ||  0. |  0. | -1. |
|  0. |  0. |  0. ||  0. |  0. | -1. ||  0. |  0. |  0. |
|=====+=====+=====||=====+=====+=====||=====+=====+=====|
|  0. |  0. |  1. ||  0. |  1. |  0. ||* 0. |* 0. |* 0. |
|  0. |  1. |  0. ||  0. | -1. | -1. ||* 0. |* 0. |* 0. |
| -1. |  0. |  0. ||  0. |  0. |  0. ||* 0. |* 0. |* 1. |
|=====+=====+=====||=====+=====+=====||=====+=====+=====|
|  0. |  0. |  0. ||  0. |  0. |  0. ||  0. |  1. |  0. |
|  1. |  0. |  0. ||  0. |  1. |  0. || -1. |  0. |  0. |
|  0. |  0. |  1. ||  0. | -1. |  0. ||  0. |  1. | -1. |


current State

|  0. |  0. |  0. ||  0. |  0. |  0. ||  0. |  0. |  0. |
|  0. |  0. |  0. || -1. |  0. |  0. ||  0. |  0. | -1. |
|  0. |  0. |  0. ||  0. |  0. | -1. ||  0. |  0. |  0. |
|=====+=====+=====||=====+=====+=====||=====+=====+=====|
|  0. |  0. |  1. ||  0. |  1. |  0. ||  0. |  0. |  0. |
|  0. |  1. |  0. ||  0. | -1. | -1. ||  0. |  0. |  0. |
| -1. |  0. |  0. ||  0. |  0. |  0. ||  1. |  0. |  1. |
|=====+=====+=====||=====+=====+=====||=====+=====+=====|
|* 0. |* 0. |* 0. ||  0. |  0. |  0. ||  0. |  1. |  0. |
|* 1. |* 0. |* 0. ||  0. |  1. |  0. || -1. |  0. |  0. |
|* 0. |* 0. |* 1. ||  0. | -1. |  0. ||  0. |  1. | -1. |


state to eval, currenty is playerone turn=false

| -0. | -0. | -0. || -0. | -0. | -0. || -0. | -0. | -0. |
| -0. | -0. | -0. ||  1. | -0. | -0. || -0. | -0. |  1. |
| -0. | -0. | -0. || -0. | -0. |  1. || -0. | -0. | -0. |
|=====+=====+=====||=====+=====+=====||=====+=====+=====|
| -0. | -0. | -1. || -0. | -1. | -0. || -0. | -0. | -0. |
| -0. | -1. | -0. || -0. |  1. |  1. || -0. | -0. | -0. |
|  1. | -0. | -0. || -0. | -0. | -0. || -1. | -0. | -1. |
|=====+=====+=====||=====+=====+=====||=====+=====+=====|
|*-0. |*-0. |*-0. || -0. | -0. | -0. || -0. | -1. | -0. |
|*-1. |*-0. |*-0. || -0. | -1. | -0. ||  1. | -0. | -0. |
|*-0. |*-0. |*-1. || -0. |  1. | -0. || -0. | -1. |  1. |


Determined best move using: 65187Iterations
Determined best move using: 150209Iterations
current State

|* 0. |* 0. |* 0. ||  0. |  0. |  0. ||  0. |  0. |  0. |
|* 0. |* 0. |* 0. || -1. |  0. |  0. ||  0. |  0. | -1. |
|* 0. |* 0. |* 0. ||  0. |  0. | -1. ||  0. |  0. |  0. |
|=====+=====+=====||=====+=====+=====||=====+=====+=====|
|  0. |  0. |  1. ||  0. |  1. |  0. ||  0. |  0. |  0. |
|  0. |  1. |  0. ||  0. | -1. | -1. ||  0. |  0. |  0. |
| -1. |  0. |  0. ||  0. |  0. |  0. ||  1. |  0. |  1. |
|=====+=====+=====||=====+=====+=====||=====+=====+=====|
| -1. |  0. |  0. ||  0. |  0. |  0. ||  0. |  1. |  0. |
|  1. |  0. |  0. ||  0. |  1. |  0. || -1. |  0. |  0. |
|  0. |  0. |  1. ||  0. | -1. |  0. ||  0. |  1. | -1. |


state to eval, currenty is playerone turn=true

|* 0. |* 0. |* 0. ||  0. |  0. |  0. ||  0. |  0. |  0. |
|* 0. |* 0. |* 0. || -1. |  0. |  0. ||  0. |  0. | -1. |
|* 0. |* 0. |* 0. ||  0. |  0. | -1. ||  0. |  0. |  0. |
|=====+=====+=====||=====+=====+=====||=====+=====+=====|
|  0. |  0. |  1. ||  0. |  1. |  0. ||  0. |  0. |  0. |
|  0. |  1. |  0. ||  0. | -1. | -1. ||  0. |  0. |  0. |
| -1. |  0. |  0. ||  0. |  0. |  0. ||  1. |  0. |  1. |
|=====+=====+=====||=====+=====+=====||=====+=====+=====|
| -1. |  0. |  0. ||  0. |  0. |  0. ||  0. |  1. |  0. |
|  1. |  0. |  0. ||  0. |  1. |  0. || -1. |  0. |  0. |
|  0. |  0. |  1. ||  0. | -1. |  0. ||  0. |  1. | -1. |


current State

|  0. |  0. |  0. ||  0. |  0. |  0. ||  0. |  0. |  0. |
|  1. |  0. |  0. || -1. |  0. |  0. ||  0. |  0. | -1. |
|  0. |  0. |  0. ||  0. |  0. | -1. ||  0. |  0. |  0. |
|=====+=====+=====||=====+=====+=====||=====+=====+=====|
|* 0. |* 0. |* 1. ||  0. |  1. |  0. ||  0. |  0. |  0. |
|* 0. |* 1. |* 0. ||  0. | -1. | -1. ||  0. |  0. |  0. |
|*-1. |* 0. |* 0. ||  0. |  0. |  0. ||  1. |  0. |  1. |
|=====+=====+=====||=====+=====+=====||=====+=====+=====|
| -1. |  0. |  0. ||  0. |  0. |  0. ||  0. |  1. |  0. |
|  1. |  0. |  0. ||  0. |  1. |  0. || -1. |  0. |  0. |
|  0. |  0. |  1. ||  0. | -1. |  0. ||  0. |  1. | -1. |


state to eval, currenty is playerone turn=false

| -0. | -0. | -0. || -0. | -0. | -0. || -0. | -0. | -0. |
| -1. | -0. | -0. ||  1. | -0. | -0. || -0. | -0. |  1. |
| -0. | -0. | -0. || -0. | -0. |  1. || -0. | -0. | -0. |
|=====+=====+=====||=====+=====+=====||=====+=====+=====|
|*-0. |*-0. |*-1. || -0. | -1. | -0. || -0. | -0. | -0. |
|*-0. |*-1. |*-0. || -0. |  1. |  1. || -0. | -0. | -0. |
|* 1. |*-0. |*-0. || -0. | -0. | -0. || -1. | -0. | -1. |
|=====+=====+=====||=====+=====+=====||=====+=====+=====|
|  1. | -0. | -0. || -0. | -0. | -0. || -0. | -1. | -0. |
| -1. | -0. | -0. || -0. | -1. | -0. ||  1. | -0. | -0. |
| -0. | -0. | -1. || -0. |  1. | -0. || -0. | -1. |  1. |


current State

|* 0. |* 0. |* 0. ||  0. |  0. |  0. ||  0. |  0. |  0. |
|* 1. |* 0. |* 0. || -1. |  0. |  0. ||  0. |  0. | -1. |
|* 0. |* 0. |* 0. ||  0. |  0. | -1. ||  0. |  0. |  0. |
|=====+=====+=====||=====+=====+=====||=====+=====+=====|
| -1. |  0. |  1. ||  0. |  1. |  0. ||  0. |  0. |  0. |
|  0. |  1. |  0. ||  0. | -1. | -1. ||  0. |  0. |  0. |
| -1. |  0. |  0. ||  0. |  0. |  0. ||  1. |  0. |  1. |
|=====+=====+=====||=====+=====+=====||=====+=====+=====|
| -1. |  0. |  0. ||  0. |  0. |  0. ||  0. |  1. |  0. |
|  1. |  0. |  0. ||  0. |  1. |  0. || -1. |  0. |  0. |
|  0. |  0. |  1. ||  0. | -1. |  0. ||  0. |  1. | -1. |


state to eval, currenty is playerone turn=true

|* 0. |* 0. |* 0. ||  0. |  0. |  0. ||  0. |  0. |  0. |
|* 1. |* 0. |* 0. || -1. |  0. |  0. ||  0. |  0. | -1. |
|* 0. |* 0. |* 0. ||  0. |  0. | -1. ||  0. |  0. |  0. |
|=====+=====+=====||=====+=====+=====||=====+=====+=====|
| -1. |  0. |  1. ||  0. |  1. |  0. ||  0. |  0. |  0. |
|  0. |  1. |  0. ||  0. | -1. | -1. ||  0. |  0. |  0. |
| -1. |  0. |  0. ||  0. |  0. |  0. ||  1. |  0. |  1. |
|=====+=====+=====||=====+=====+=====||=====+=====+=====|
| -1. |  0. |  0. ||  0. |  0. |  0. ||  0. |  1. |  0. |
|  1. |  0. |  0. ||  0. |  1. |  0. || -1. |  0. |  0. |
|  0. |  0. |  1. ||  0. | -1. |  0. ||  0. |  1. | -1. |


Determined best move using: 176551Iterations
Determined best move using: 157324Iterations
current State

|  0. |  0. |  1. ||  0. |  0. |  0. ||* 0. |* 0. |* 0. |
|  1. |  0. |  0. || -1. |  0. |  0. ||* 0. |* 0. |*-1. |
|  0. |  0. |  0. ||  0. |  0. | -1. ||* 0. |* 0. |* 0. |
|=====+=====+=====||=====+=====+=====||=====+=====+=====|
| -1. |  0. |  1. ||  0. |  1. |  0. ||  0. |  0. |  0. |
|  0. |  1. |  0. ||  0. | -1. | -1. ||  0. |  0. |  0. |
| -1. |  0. |  0. ||  0. |  0. |  0. ||  1. |  0. |  1. |
|=====+=====+=====||=====+=====+=====||=====+=====+=====|
| -1. |  0. |  0. ||  0. |  0. |  0. ||  0. |  1. |  0. |
|  1. |  0. |  0. ||  0. |  1. |  0. || -1. |  0. |  0. |
|  0. |  0. |  1. ||  0. | -1. |  0. ||  0. |  1. | -1. |


state to eval, currenty is playerone turn=false

| -0. | -0. | -1. || -0. | -0. | -0. ||*-0. |*-0. |*-0. |
| -1. | -0. | -0. ||  1. | -0. | -0. ||*-0. |*-0. |* 1. |
| -0. | -0. | -0. || -0. | -0. |  1. ||*-0. |*-0. |*-0. |
|=====+=====+=====||=====+=====+=====||=====+=====+=====|
|  1. | -0. | -1. || -0. | -1. | -0. || -0. | -0. | -0. |
| -0. | -1. | -0. || -0. |  1. |  1. || -0. | -0. | -0. |
|  1. | -0. | -0. || -0. | -0. | -0. || -1. | -0. | -1. |
|=====+=====+=====||=====+=====+=====||=====+=====+=====|
|  1. | -0. | -0. || -0. | -0. | -0. || -0. | -1. | -0. |
| -1. | -0. | -0. || -0. | -1. | -0. ||  1. | -0. | -0. |
| -0. | -0. | -1. || -0. |  1. | -0. || -0. | -1. |  1. |


current State

|  0. |  0. |  1. ||* 0. |* 0. |* 0. ||  0. | -1. |  0. |
|  1. |  0. |  0. ||*-1. |* 0. |* 0. ||  0. |  0. | -1. |
|  0. |  0. |  0. ||* 0. |* 0. |*-1. ||  0. |  0. |  0. |
|=====+=====+=====||=====+=====+=====||=====+=====+=====|
| -1. |  0. |  1. ||  0. |  1. |  0. ||  0. |  0. |  0. |
|  0. |  1. |  0. ||  0. | -1. | -1. ||  0. |  0. |  0. |
| -1. |  0. |  0. ||  0. |  0. |  0. ||  1. |  0. |  1. |
|=====+=====+=====||=====+=====+=====||=====+=====+=====|
| -1. |  0. |  0. ||  0. |  0. |  0. ||  0. |  1. |  0. |
|  1. |  0. |  0. ||  0. |  1. |  0. || -1. |  0. |  0. |
|  0. |  0. |  1. ||  0. | -1. |  0. ||  0. |  1. | -1. |


state to eval, currenty is playerone turn=true

|  0. |  0. |  1. ||* 0. |* 0. |* 0. ||  0. | -1. |  0. |
|  1. |  0. |  0. ||*-1. |* 0. |* 0. ||  0. |  0. | -1. |
|  0. |  0. |  0. ||* 0. |* 0. |*-1. ||  0. |  0. |  0. |
|=====+=====+=====||=====+=====+=====||=====+=====+=====|
| -1. |  0. |  1. ||  0. |  1. |  0. ||  0. |  0. |  0. |
|  0. |  1. |  0. ||  0. | -1. | -1. ||  0. |  0. |  0. |
| -1. |  0. |  0. ||  0. |  0. |  0. ||  1. |  0. |  1. |
|=====+=====+=====||=====+=====+=====||=====+=====+=====|
| -1. |  0. |  0. ||  0. |  0. |  0. ||  0. |  1. |  0. |
|  1. |  0. |  0. ||  0. |  1. |  0. || -1. |  0. |  0. |
|  0. |  0. |  1. ||  0. | -1. |  0. ||  0. |  1. | -1. |


Determined best move using: 2025896Iterations
Determined best move using: 71970Iterations
current State

|  0. |  0. |  1. ||  0. |  0. |  1. ||* 0. |*-1. |* 0. |
|  1. |  0. |  0. || -1. |  0. |  0. ||* 0. |* 0. |*-1. |
|  0. |  0. |  0. ||  0. |  0. | -1. ||* 0. |* 0. |* 0. |
|=====+=====+=====||=====+=====+=====||=====+=====+=====|
| -1. |  0. |  1. ||  0. |  1. |  0. ||  0. |  0. |  0. |
|  0. |  1. |  0. ||  0. | -1. | -1. ||  0. |  0. |  0. |
| -1. |  0. |  0. ||  0. |  0. |  0. ||  1. |  0. |  1. |
|=====+=====+=====||=====+=====+=====||=====+=====+=====|
| -1. |  0. |  0. ||  0. |  0. |  0. ||  0. |  1. |  0. |
|  1. |  0. |  0. ||  0. |  1. |  0. || -1. |  0. |  0. |
|  0. |  0. |  1. ||  0. | -1. |  0. ||  0. |  1. | -1. |


state to eval, currenty is playerone turn=false

| -0. | -0. | -1. || -0. | -0. | -1. ||*-0. |* 1. |*-0. |
| -1. | -0. | -0. ||  1. | -0. | -0. ||*-0. |*-0. |* 1. |
| -0. | -0. | -0. || -0. | -0. |  1. ||*-0. |*-0. |*-0. |
|=====+=====+=====||=====+=====+=====||=====+=====+=====|
|  1. | -0. | -1. || -0. | -1. | -0. || -0. | -0. | -0. |
| -0. | -1. | -0. || -0. |  1. |  1. || -0. | -0. | -0. |
|  1. | -0. | -0. || -0. | -0. | -0. || -1. | -0. | -1. |
|=====+=====+=====||=====+=====+=====||=====+=====+=====|
|  1. | -0. | -0. || -0. | -0. | -0. || -0. | -1. | -0. |
| -1. | -0. | -0. || -0. | -1. | -0. ||  1. | -0. | -0. |
| -0. | -0. | -1. || -0. |  1. | -0. || -0. | -1. |  1. |


current State

|  0. |  0. |  1. ||  0. |  0. |  1. ||  0. | -1. |  0. |
|  1. |  0. |  0. || -1. |  0. |  0. ||  0. |  0. | -1. |
|  0. |  0. |  0. ||  0. |  0. | -1. || -1. |  0. |  0. |
|=====+=====+=====||=====+=====+=====||=====+=====+=====|
| -1. |  0. |  1. ||  0. |  1. |  0. ||  0. |  0. |  0. |
|  0. |  1. |  0. ||  0. | -1. | -1. ||  0. |  0. |  0. |
| -1. |  0. |  0. ||  0. |  0. |  0. ||  1. |  0. |  1. |
|=====+=====+=====||=====+=====+=====||=====+=====+=====|
|*-1. |* 0. |* 0. ||  0. |  0. |  0. ||  0. |  1. |  0. |
|* 1. |* 0. |* 0. ||  0. |  1. |  0. || -1. |  0. |  0. |
|* 0. |* 0. |* 1. ||  0. | -1. |  0. ||  0. |  1. | -1. |


state to eval, currenty is playerone turn=true

|  0. |  0. |  1. ||  0. |  0. |  1. ||  0. | -1. |  0. |
|  1. |  0. |  0. || -1. |  0. |  0. ||  0. |  0. | -1. |
|  0. |  0. |  0. ||  0. |  0. | -1. || -1. |  0. |  0. |
|=====+=====+=====||=====+=====+=====||=====+=====+=====|
| -1. |  0. |  1. ||  0. |  1. |  0. ||  0. |  0. |  0. |
|  0. |  1. |  0. ||  0. | -1. | -1. ||  0. |  0. |  0. |
| -1. |  0. |  0. ||  0. |  0. |  0. ||  1. |  0. |  1. |
|=====+=====+=====||=====+=====+=====||=====+=====+=====|
|*-1. |* 0. |* 0. ||  0. |  0. |  0. ||  0. |  1. |  0. |
|* 1. |* 0. |* 0. ||  0. |  1. |  0. || -1. |  0. |  0. |
|* 0. |* 0. |* 1. ||  0. | -1. |  0. ||  0. |  1. | -1. |


Determined best move using: 66093Iterations
current State

|  0. |  0. |  1. ||  0. |  0. |  1. ||  0. | -1. |  0. |
|  1. |  0. |  0. || -1. |  0. |  0. ||  0. |  0. | -1. |
|  0. |  0. |  0. ||  0. |  0. | -1. || -1. |  0. |  0. |
|=====+=====+=====||=====+=====+=====||=====+=====+=====|
| -1. |  0. |  1. ||  0. |  1. |  0. ||* 0. |* 0. |* 0. |
|  0. |  1. |  0. ||  0. | -1. | -1. ||* 0. |* 0. |* 0. |
| -1. |  0. |  0. ||  0. |  0. |  0. ||* 1. |* 0. |* 1. |
|=====+=====+=====||=====+=====+=====||=====+=====+=====|
| -1. |  0. |  0. ||  0. |  0. |  0. ||  0. |  1. |  0. |
|  1. |  0. |  1. ||  0. |  1. |  0. || -1. |  0. |  0. |
|  0. |  0. |  1. ||  0. | -1. |  0. ||  0. |  1. | -1. |


state to eval, currenty is playerone turn=false

| -0. | -0. | -1. || -0. | -0. | -1. || -0. |  1. | -0. |
| -1. | -0. | -0. ||  1. | -0. | -0. || -0. | -0. |  1. |
| -0. | -0. | -0. || -0. | -0. |  1. ||  1. | -0. | -0. |
|=====+=====+=====||=====+=====+=====||=====+=====+=====|
|  1. | -0. | -1. || -0. | -1. | -0. ||*-0. |*-0. |*-0. |
| -0. | -1. | -0. || -0. |  1. |  1. ||*-0. |*-0. |*-0. |
|  1. | -0. | -0. || -0. | -0. | -0. ||*-1. |*-0. |*-1. |
|=====+=====+=====||=====+=====+=====||=====+=====+=====|
|  1. | -0. | -0. || -0. | -0. | -0. || -0. | -1. | -0. |
| -1. | -0. | -1. || -0. | -1. | -0. ||  1. | -0. | -0. |
| -0. | -0. | -1. || -0. |  1. | -0. || -0. | -1. |  1. |


Determined best move using: 72378Iterations
Determined best move using: 176075Iterations
current State

|  0. |  0. |  1. ||  0. |  0. |  1. ||  0. | -1. |  0. |
|  1. |  0. |  0. || -1. |  0. |  0. ||  0. |  0. | -1. |
|  0. |  0. |  0. ||  0. |  0. | -1. || -1. |  0. |  0. |
|=====+=====+=====||=====+=====+=====||=====+=====+=====|
| -1. |  0. |  1. ||  0. |  1. |  0. ||* 0. |* 0. |* 0. |
|  0. |  1. |  0. ||  0. | -1. | -1. ||* 0. |* 0. |*-1. |
| -1. |  0. |  0. ||  0. |  0. |  0. ||* 1. |* 0. |* 1. |
|=====+=====+=====||=====+=====+=====||=====+=====+=====|
| -1. |  0. |  0. ||  0. |  0. |  0. ||  0. |  1. |  0. |
|  1. |  0. |  1. ||  0. |  1. |  0. || -1. |  0. |  0. |
|  0. |  0. |  1. ||  0. | -1. |  0. ||  0. |  1. | -1. |


state to eval, currenty is playerone turn=true

|  0. |  0. |  1. ||  0. |  0. |  1. ||  0. | -1. |  0. |
|  1. |  0. |  0. || -1. |  0. |  0. ||  0. |  0. | -1. |
|  0. |  0. |  0. ||  0. |  0. | -1. || -1. |  0. |  0. |
|=====+=====+=====||=====+=====+=====||=====+=====+=====|
| -1. |  0. |  1. ||  0. |  1. |  0. ||* 0. |* 0. |* 0. |
|  0. |  1. |  0. ||  0. | -1. | -1. ||* 0. |* 0. |*-1. |
| -1. |  0. |  0. ||  0. |  0. |  0. ||* 1. |* 0. |* 1. |
|=====+=====+=====||=====+=====+=====||=====+=====+=====|
| -1. |  0. |  0. ||  0. |  0. |  0. ||  0. |  1. |  0. |
|  1. |  0. |  1. ||  0. |  1. |  0. || -1. |  0. |  0. |
|  0. |  0. |  1. ||  0. | -1. |  0. ||  0. |  1. | -1. |


Determined best move using: 181305Iterations
current State

|  0. |  0. |  1. ||  0. |  0. |  1. ||  0. | -1. |  0. |
|  1. |  0. |  0. || -1. |  0. |  0. ||  0. |  0. | -1. |
|  0. |  0. |  0. ||  0. |  0. | -1. || -1. |  0. |  0. |
|=====+=====+=====||=====+=====+=====||=====+=====+=====|
|*-1. |* 0. |* 1. ||  0. |  1. |  0. ||  0. |  0. |  0. |
|* 0. |* 1. |* 0. ||  0. | -1. | -1. ||  1. |  0. | -1. |
|*-1. |* 0. |* 0. ||  0. |  0. |  0. ||  1. |  0. |  1. |
|=====+=====+=====||=====+=====+=====||=====+=====+=====|
| -1. |  0. |  0. ||  0. |  0. |  0. ||  0. |  1. |  0. |
|  1. |  0. |  1. ||  0. |  1. |  0. || -1. |  0. |  0. |
|  0. |  0. |  1. ||  0. | -1. |  0. ||  0. |  1. | -1. |


state to eval, currenty is playerone turn=false

| -0. | -0. | -1. || -0. | -0. | -1. || -0. |  1. | -0. |
| -1. | -0. | -0. ||  1. | -0. | -0. || -0. | -0. |  1. |
| -0. | -0. | -0. || -0. | -0. |  1. ||  1. | -0. | -0. |
|=====+=====+=====||=====+=====+=====||=====+=====+=====|
|* 1. |*-0. |*-1. || -0. | -1. | -0. || -0. | -0. | -0. |
|*-0. |*-1. |*-0. || -0. |  1. |  1. || -1. | -0. |  1. |
|* 1. |*-0. |*-0. || -0. | -0. | -0. || -1. | -0. | -1. |
|=====+=====+=====||=====+=====+=====||=====+=====+=====|
|  1. | -0. | -0. || -0. | -0. | -0. || -0. | -1. | -0. |
| -1. | -0. | -1. || -0. | -1. | -0. ||  1. | -0. | -0. |
| -0. | -0. | -1. || -0. |  1. | -0. || -0. | -1. |  1. |


current State

|* 0. |* 0. |* 1. ||* 0. |* 0. |* 1. ||* 0. |*-1. |* 0. |
|* 1. |* 0. |* 0. ||*-1. |* 0. |* 0. ||* 0. |* 0. |*-1. |
|* 0. |* 0. |* 0. ||* 0. |* 0. |*-1. ||*-1. |* 0. |* 0. |
|=====+=====+=====||=====+=====+=====||=====+=====+=====|
| -1. |  0. |  1. ||* 0. |* 1. |* 0. ||* 0. |* 0. |* 0. |
| -1. |  1. |  0. ||* 0. |*-1. |*-1. ||* 1. |* 0. |*-1. |
| -1. |  0. |  0. ||* 0. |* 0. |* 0. ||* 1. |* 0. |* 1. |
|=====+=====+=====||=====+=====+=====||=====+=====+=====|
|*-1. |* 0. |* 0. ||* 0. |* 0. |* 0. ||* 0. |* 1. |* 0. |
|* 1. |* 0. |* 1. ||* 0. |* 1. |* 0. ||*-1. |* 0. |* 0. |
|* 0. |* 0. |* 1. ||* 0. |*-1. |* 0. ||* 0. |* 1. |*-1. |


state to eval, currenty is playerone turn=true

|* 0. |* 0. |* 1. ||* 0. |* 0. |* 1. ||* 0. |*-1. |* 0. |
|* 1. |* 0. |* 0. ||*-1. |* 0. |* 0. ||* 0. |* 0. |*-1. |
|* 0. |* 0. |* 0. ||* 0. |* 0. |*-1. ||*-1. |* 0. |* 0. |
|=====+=====+=====||=====+=====+=====||=====+=====+=====|
| -1. |  0. |  1. ||* 0. |* 1. |* 0. ||* 0. |* 0. |* 0. |
| -1. |  1. |  0. ||* 0. |*-1. |*-1. ||* 1. |* 0. |*-1. |
| -1. |  0. |  0. ||* 0. |* 0. |* 0. ||* 1. |* 0. |* 1. |
|=====+=====+=====||=====+=====+=====||=====+=====+=====|
|*-1. |* 0. |* 0. ||* 0. |* 0. |* 0. ||* 0. |* 1. |* 0. |
|* 1. |* 0. |* 1. ||* 0. |* 1. |* 0. ||*-1. |* 0. |* 0. |
|* 0. |* 0. |* 1. ||* 0. |*-1. |* 0. ||* 0. |* 1. |*-1. |


Determined best move using: 84961Iterations
Determined best move using: 1476857Iterations
current State

|  0. |  0. |  1. ||  0. |  0. |  1. ||  0. | -1. |  0. |
|  1. |  0. |  0. || -1. |  0. |  0. ||  0. |  0. | -1. |
|  0. |  0. |  0. ||  0. |  0. | -1. || -1. |  0. |  0. |
|=====+=====+=====||=====+=====+=====||=====+=====+=====|
| -1. |  0. |  1. ||* 0. |* 1. |* 0. ||  0. |  0. |  0. |
| -1. |  1. |  0. ||* 0. |*-1. |*-1. ||  1. |  1. | -1. |
| -1. |  0. |  0. ||* 0. |* 0. |* 0. ||  1. |  0. |  1. |
|=====+=====+=====||=====+=====+=====||=====+=====+=====|
| -1. |  0. |  0. ||  0. |  0. |  0. ||  0. |  1. |  0. |
|  1. |  0. |  1. ||  0. |  1. |  0. || -1. |  0. |  0. |
|  0. |  0. |  1. ||  0. | -1. |  0. ||  0. |  1. | -1. |


state to eval, currenty is playerone turn=false

| -0. | -0. | -1. || -0. | -0. | -1. || -0. |  1. | -0. |
| -1. | -0. | -0. ||  1. | -0. | -0. || -0. | -0. |  1. |
| -0. | -0. | -0. || -0. | -0. |  1. ||  1. | -0. | -0. |
|=====+=====+=====||=====+=====+=====||=====+=====+=====|
|  1. | -0. | -1. ||*-0. |*-1. |*-0. || -0. | -0. | -0. |
|  1. | -1. | -0. ||*-0. |* 1. |* 1. || -1. | -1. |  1. |
|  1. | -0. | -0. ||*-0. |*-0. |*-0. || -1. | -0. | -1. |
|=====+=====+=====||=====+=====+=====||=====+=====+=====|
|  1. | -0. | -0. || -0. | -0. | -0. || -0. | -1. | -0. |
| -1. | -0. | -1. || -0. | -1. | -0. ||  1. | -0. | -0. |
| -0. | -0. | -1. || -0. |  1. | -0. || -0. | -1. |  1. |


Determined best move using: 2056763Iterations
current State

|* 0. |* 0. |* 1. ||  0. |  0. |  1. ||  0. | -1. |  0. |
|* 1. |* 0. |* 0. || -1. |  0. |  0. ||  0. |  0. | -1. |
|* 0. |* 0. |* 0. ||  0. |  0. | -1. || -1. |  0. |  0. |
|=====+=====+=====||=====+=====+=====||=====+=====+=====|
| -1. |  0. |  1. || -1. |  1. |  0. ||  0. |  0. |  0. |
| -1. |  1. |  0. ||  0. | -1. | -1. ||  1. |  1. | -1. |
| -1. |  0. |  0. ||  0. |  0. |  0. ||  1. |  0. |  1. |
|=====+=====+=====||=====+=====+=====||=====+=====+=====|
| -1. |  0. |  0. ||  0. |  0. |  0. ||  0. |  1. |  0. |
|  1. |  0. |  1. ||  0. |  1. |  0. || -1. |  0. |  0. |
|  0. |  0. |  1. ||  0. | -1. |  0. ||  0. |  1. | -1. |


state to eval, currenty is playerone turn=true

|* 0. |* 0. |* 1. ||  0. |  0. |  1. ||  0. | -1. |  0. |
|* 1. |* 0. |* 0. || -1. |  0. |  0. ||  0. |  0. | -1. |
|* 0. |* 0. |* 0. ||  0. |  0. | -1. || -1. |  0. |  0. |
|=====+=====+=====||=====+=====+=====||=====+=====+=====|
| -1. |  0. |  1. || -1. |  1. |  0. ||  0. |  0. |  0. |
| -1. |  1. |  0. ||  0. | -1. | -1. ||  1. |  1. | -1. |
| -1. |  0. |  0. ||  0. |  0. |  0. ||  1. |  0. |  1. |
|=====+=====+=====||=====+=====+=====||=====+=====+=====|
| -1. |  0. |  0. ||  0. |  0. |  0. ||  0. |  1. |  0. |
|  1. |  0. |  1. ||  0. |  1. |  0. || -1. |  0. |  0. |
|  0. |  0. |  1. ||  0. | -1. |  0. ||  0. |  1. | -1. |


current State

|  0. |  0. |  1. ||  0. |  0. |  1. ||  0. | -1. |  0. |
|  1. |  0. |  0. || -1. |  0. |  0. ||  0. |  0. | -1. |
|  1. |  0. |  0. ||  0. |  0. | -1. || -1. |  0. |  0. |
|=====+=====+=====||=====+=====+=====||=====+=====+=====|
| -1. |  0. |  1. || -1. |  1. |  0. ||  0. |  0. |  0. |
| -1. |  1. |  0. ||  0. | -1. | -1. ||  1. |  1. | -1. |
| -1. |  0. |  0. ||  0. |  0. |  0. ||  1. |  0. |  1. |
|=====+=====+=====||=====+=====+=====||=====+=====+=====|
|*-1. |* 0. |* 0. ||  0. |  0. |  0. ||  0. |  1. |  0. |
|* 1. |* 0. |* 1. ||  0. |  1. |  0. || -1. |  0. |  0. |
|* 0. |* 0. |* 1. ||  0. | -1. |  0. ||  0. |  1. | -1. |


state to eval, currenty is playerone turn=false

| -0. | -0. | -1. || -0. | -0. | -1. || -0. |  1. | -0. |
| -1. | -0. | -0. ||  1. | -0. | -0. || -0. | -0. |  1. |
| -1. | -0. | -0. || -0. | -0. |  1. ||  1. | -0. | -0. |
|=====+=====+=====||=====+=====+=====||=====+=====+=====|
|  1. | -0. | -1. ||  1. | -1. | -0. || -0. | -0. | -0. |
|  1. | -1. | -0. || -0. |  1. |  1. || -1. | -1. |  1. |
|  1. | -0. | -0. || -0. | -0. | -0. || -1. | -0. | -1. |
|=====+=====+=====||=====+=====+=====||=====+=====+=====|
|* 1. |*-0. |*-0. || -0. | -0. | -0. || -0. | -1. | -0. |
|*-1. |*-0. |*-1. || -0. | -1. | -0. ||  1. | -0. | -0. |
|*-0. |*-0. |*-1. || -0. |  1. | -0. || -0. | -1. |  1. |


Determined best move using: 90154Iterations
current State

|  0. |  0. |  1. ||  0. |  0. |  1. ||  0. | -1. |  0. |
|  1. |  0. |  0. || -1. |  0. |  0. ||  0. |  0. | -1. |
|  1. |  0. |  0. ||  0. |  0. | -1. || -1. |  0. |  0. |
|=====+=====+=====||=====+=====+=====||=====+=====+=====|
| -1. |  0. |  1. ||*-1. |* 1. |* 0. ||  0. |  0. |  0. |
| -1. |  1. |  0. ||* 0. |*-1. |*-1. ||  1. |  1. | -1. |
| -1. |  0. |  0. ||* 0. |* 0. |* 0. ||  1. |  0. |  1. |
|=====+=====+=====||=====+=====+=====||=====+=====+=====|
| -1. |  0. |  0. ||  0. |  0. |  0. ||  0. |  1. |  0. |
|  1. | -1. |  1. ||  0. |  1. |  0. || -1. |  0. |  0. |
|  0. |  0. |  1. ||  0. | -1. |  0. ||  0. |  1. | -1. |


state to eval, currenty is playerone turn=true

|  0. |  0. |  1. ||  0. |  0. |  1. ||  0. | -1. |  0. |
|  1. |  0. |  0. || -1. |  0. |  0. ||  0. |  0. | -1. |
|  1. |  0. |  0. ||  0. |  0. | -1. || -1. |  0. |  0. |
|=====+=====+=====||=====+=====+=====||=====+=====+=====|
| -1. |  0. |  1. ||*-1. |* 1. |* 0. ||  0. |  0. |  0. |
| -1. |  1. |  0. ||* 0. |*-1. |*-1. ||  1. |  1. | -1. |
| -1. |  0. |  0. ||* 0. |* 0. |* 0. ||  1. |  0. |  1. |
|=====+=====+=====||=====+=====+=====||=====+=====+=====|
| -1. |  0. |  0. ||  0. |  0. |  0. ||  0. |  1. |  0. |
|  1. | -1. |  1. ||  0. |  1. |  0. || -1. |  0. |  0. |
|  0. |  0. |  1. ||  0. | -1. |  0. ||  0. |  1. | -1. |


current State

|  0. |  0. |  1. ||  0. |  0. |  1. ||* 0. |*-1. |* 0. |
|  1. |  0. |  0. || -1. |  0. |  0. ||* 0. |* 0. |*-1. |
|  1. |  0. |  0. ||  0. |  0. | -1. ||*-1. |* 0. |* 0. |
|=====+=====+=====||=====+=====+=====||=====+=====+=====|
| -1. |  0. |  1. || -1. |  1. |  1. ||  0. |  0. |  0. |
| -1. |  1. |  0. ||  0. | -1. | -1. ||  1. |  1. | -1. |
| -1. |  0. |  0. ||  0. |  0. |  0. ||  1. |  0. |  1. |
|=====+=====+=====||=====+=====+=====||=====+=====+=====|
| -1. |  0. |  0. ||  0. |  0. |  0. ||  0. |  1. |  0. |
|  1. | -1. |  1. ||  0. |  1. |  0. || -1. |  0. |  0. |
|  0. |  0. |  1. ||  0. | -1. |  0. ||  0. |  1. | -1. |


state to eval, currenty is playerone turn=false

| -0. | -0. | -1. || -0. | -0. | -1. ||*-0. |* 1. |*-0. |
| -1. | -0. | -0. ||  1. | -0. | -0. ||*-0. |*-0. |* 1. |
| -1. | -0. | -0. || -0. | -0. |  1. ||* 1. |*-0. |*-0. |
|=====+=====+=====||=====+=====+=====||=====+=====+=====|
|  1. | -0. | -1. ||  1. | -1. | -1. || -0. | -0. | -0. |
|  1. | -1. | -0. || -0. |  1. |  1. || -1. | -1. |  1. |
|  1. | -0. | -0. || -0. | -0. | -0. || -1. | -0. | -1. |
|=====+=====+=====||=====+=====+=====||=====+=====+=====|
|  1. | -0. | -0. || -0. | -0. | -0. || -0. | -1. | -0. |
| -1. |  1. | -1. || -0. | -1. | -0. ||  1. | -0. | -0. |
| -0. | -0. | -1. || -0. |  1. | -0. || -0. | -1. |  1. |


current State

|  0. |  0. |  1. ||  0. |  0. |  1. ||* 0. |*-1. |*-1. |
|  1. |  0. |  0. || -1. |  0. |  0. ||* 0. |* 0. |*-1. |
|  1. |  0. |  0. ||  0. |  0. | -1. ||*-1. |* 0. |* 0. |
|=====+=====+=====||=====+=====+=====||=====+=====+=====|
| -1. |  0. |  1. || -1. |  1. |  1. ||  0. |  0. |  0. |
| -1. |  1. |  0. ||  0. | -1. | -1. ||  1. |  1. | -1. |
| -1. |  0. |  0. ||  0. |  0. |  0. ||  1. |  0. |  1. |
|=====+=====+=====||=====+=====+=====||=====+=====+=====|
| -1. |  0. |  0. ||  0. |  0. |  0. ||  0. |  1. |  0. |
|  1. | -1. |  1. ||  0. |  1. |  0. || -1. |  0. |  0. |
|  0. |  0. |  1. ||  0. | -1. |  0. ||  0. |  1. | -1. |


state to eval, currenty is playerone turn=true

|  0. |  0. |  1. ||  0. |  0. |  1. ||* 0. |*-1. |*-1. |
|  1. |  0. |  0. || -1. |  0. |  0. ||* 0. |* 0. |*-1. |
|  1. |  0. |  0. ||  0. |  0. | -1. ||*-1. |* 0. |* 0. |
|=====+=====+=====||=====+=====+=====||=====+=====+=====|
| -1. |  0. |  1. || -1. |  1. |  1. ||  0. |  0. |  0. |
| -1. |  1. |  0. ||  0. | -1. | -1. ||  1. |  1. | -1. |
| -1. |  0. |  0. ||  0. |  0. |  0. ||  1. |  0. |  1. |
|=====+=====+=====||=====+=====+=====||=====+=====+=====|
| -1. |  0. |  0. ||  0. |  0. |  0. ||  0. |  1. |  0. |
|  1. | -1. |  1. ||  0. |  1. |  0. || -1. |  0. |  0. |
|  0. |  0. |  1. ||  0. | -1. |  0. ||  0. |  1. | -1. |


current State

|  0. |  0. |  1. ||  0. |  0. |  1. ||  0. | -1. | -1. |
|  1. |  0. |  0. || -1. |  0. |  0. ||  0. |  1. | -1. |
|  1. |  0. |  0. ||  0. |  0. | -1. || -1. |  0. |  0. |
|=====+=====+=====||=====+=====+=====||=====+=====+=====|
| -1. |  0. |  1. ||*-1. |* 1. |* 1. ||  0. |  0. |  0. |
| -1. |  1. |  0. ||* 0. |*-1. |*-1. ||  1. |  1. | -1. |
| -1. |  0. |  0. ||* 0. |* 0. |* 0. ||  1. |  0. |  1. |
|=====+=====+=====||=====+=====+=====||=====+=====+=====|
| -1. |  0. |  0. ||  0. |  0. |  0. ||  0. |  1. |  0. |
|  1. | -1. |  1. ||  0. |  1. |  0. || -1. |  0. |  0. |
|  0. |  0. |  1. ||  0. | -1. |  0. ||  0. |  1. | -1. |


state to eval, currenty is playerone turn=false

| -0. | -0. | -1. || -0. | -0. | -1. || -0. |  1. |  1. |
| -1. | -0. | -0. ||  1. | -0. | -0. || -0. | -1. |  1. |
| -1. | -0. | -0. || -0. | -0. |  1. ||  1. | -0. | -0. |
|=====+=====+=====||=====+=====+=====||=====+=====+=====|
|  1. | -0. | -1. ||* 1. |*-1. |*-1. || -0. | -0. | -0. |
|  1. | -1. | -0. ||*-0. |* 1. |* 1. || -1. | -1. |  1. |
|  1. | -0. | -0. ||*-0. |*-0. |*-0. || -1. | -0. | -1. |
|=====+=====+=====||=====+=====+=====||=====+=====+=====|
|  1. | -0. | -0. || -0. | -0. | -0. || -0. | -1. | -0. |
| -1. |  1. | -1. || -0. | -1. | -0. ||  1. | -0. | -0. |
| -0. | -0. | -1. || -0. |  1. | -0. || -0. | -1. |  1. |


current State

|* 0. |* 0. |* 1. ||* 0. |* 0. |* 1. ||* 0. |*-1. |*-1. |
|* 1. |* 0. |* 0. ||*-1. |* 0. |* 0. ||* 0. |* 1. |*-1. |
|* 1. |* 0. |* 0. ||* 0. |* 0. |*-1. ||*-1. |* 0. |* 0. |
|=====+=====+=====||=====+=====+=====||=====+=====+=====|
| -1. |  0. |  1. || -1. |  1. |  1. ||* 0. |* 0. |* 0. |
| -1. |  1. |  0. || -1. | -1. | -1. ||* 1. |* 1. |*-1. |
| -1. |  0. |  0. ||  0. |  0. |  0. ||* 1. |* 0. |* 1. |
|=====+=====+=====||=====+=====+=====||=====+=====+=====|
|*-1. |* 0. |* 0. ||* 0. |* 0. |* 0. ||* 0. |* 1. |* 0. |
|* 1. |*-1. |* 1. ||* 0. |* 1. |* 0. ||*-1. |* 0. |* 0. |
|* 0. |* 0. |* 1. ||* 0. |*-1. |* 0. ||* 0. |* 1. |*-1. |


state to eval, currenty is playerone turn=true

|* 0. |* 0. |* 1. ||* 0. |* 0. |* 1. ||* 0. |*-1. |*-1. |
|* 1. |* 0. |* 0. ||*-1. |* 0. |* 0. ||* 0. |* 1. |*-1. |
|* 1. |* 0. |* 0. ||* 0. |* 0. |*-1. ||*-1. |* 0. |* 0. |
|=====+=====+=====||=====+=====+=====||=====+=====+=====|
| -1. |  0. |  1. || -1. |  1. |  1. ||* 0. |* 0. |* 0. |
| -1. |  1. |  0. || -1. | -1. | -1. ||* 1. |* 1. |*-1. |
| -1. |  0. |  0. ||  0. |  0. |  0. ||* 1. |* 0. |* 1. |
|=====+=====+=====||=====+=====+=====||=====+=====+=====|
|*-1. |* 0. |* 0. ||* 0. |* 0. |* 0. ||* 0. |* 1. |* 0. |
|* 1. |*-1. |* 1. ||* 0. |* 1. |* 0. ||*-1. |* 0. |* 0. |
|* 0. |* 0. |* 1. ||* 0. |*-1. |* 0. ||* 0. |* 1. |*-1. |


