Saving data to: W:\Labs\ME\ME187-Fall2024\StudentFiles\CALEBHOTTES\UTTTstuff\series1
Begin custom message: 
DataSeries: series1 game number: 73 

Description: RUCH 238 3.5-4GHz processor. 

Evaluator config=EvaluatorConfiguration{cValue=2.0, maxRolloutDepth=1000, computeTime=30, threads=1, stupidity=0, allowForcePlay=false, maxMyCPU=false}
End custom message
Inital State: 

|* 0. |* 0. |* 0. ||* 0. |* 0. |* 0. ||* 0. |* 0. |* 0. |
|* 0. |* 0. |* 0. ||* 0. |* 0. |* 0. ||* 0. |* 0. |* 0. |
|* 0. |* 0. |* 0. ||* 0. |* 0. |* 0. ||* 0. |* 0. |* 0. |
|=====+=====+=====||=====+=====+=====||=====+=====+=====|
|* 0. |* 0. |* 0. ||* 0. |* 0. |* 0. ||* 0. |* 0. |* 0. |
|* 0. |* 0. |* 0. ||* 0. |* 0. |* 0. ||* 0. |* 0. |* 0. |
|* 0. |* 0. |* 0. ||* 0. |* 0. |* 0. ||* 0. |* 0. |* 0. |
|=====+=====+=====||=====+=====+=====||=====+=====+=====|
|* 0. |* 0. |* 0. ||* 0. |* 0. |* 0. ||* 0. |* 0. |* 0. |
|* 0. |* 0. |* 0. ||* 0. |* 0. |* 0. ||* 0. |* 0. |* 0. |
|* 0. |* 0. |* 0. ||* 0. |* 0. |* 0. ||* 0. |* 0. |* 0. |


state to eval, currenty is playerone turn=true

|* 0. |* 0. |* 0. ||* 0. |* 0. |* 0. ||* 0. |* 0. |* 0. |
|* 0. |* 0. |* 0. ||* 0. |* 0. |* 0. ||* 0. |* 0. |* 0. |
|* 0. |* 0. |* 0. ||* 0. |* 0. |* 0. ||* 0. |* 0. |* 0. |
|=====+=====+=====||=====+=====+=====||=====+=====+=====|
|* 0. |* 0. |* 0. ||* 0. |* 0. |* 0. ||* 0. |* 0. |* 0. |
|* 0. |* 0. |* 0. ||* 0. |* 0. |* 0. ||* 0. |* 0. |* 0. |
|* 0. |* 0. |* 0. ||* 0. |* 0. |* 0. ||* 0. |* 0. |* 0. |
|=====+=====+=====||=====+=====+=====||=====+=====+=====|
|* 0. |* 0. |* 0. ||* 0. |* 0. |* 0. ||* 0. |* 0. |* 0. |
|* 0. |* 0. |* 0. ||* 0. |* 0. |* 0. ||* 0. |* 0. |* 0. |
|* 0. |* 0. |* 0. ||* 0. |* 0. |* 0. ||* 0. |* 0. |* 0. |


Determined best move using: 65705Iterations
Determined best move using: 133196Iterations
Determined best move using: 1553899Iterations
current State

|  0. |  0. |  0. ||* 0. |* 0. |* 0. ||  0. |  0. |  0. |
|  0. |  0. |  0. ||* 0. |* 0. |* 0. ||  0. |  0. |  0. |
|  0. |  0. |  0. ||* 0. |* 0. |* 0. ||  0. |  0. |  0. |
|=====+=====+=====||=====+=====+=====||=====+=====+=====|
|  0. |  0. |  0. ||  0. |  0. |  0. ||  0. |  0. |  0. |
|  0. |  0. |  0. ||  0. |  0. |  0. ||  0. |  0. |  0. |
|  0. |  0. |  0. ||  0. |  0. |  0. ||  0. |  0. |  0. |
|=====+=====+=====||=====+=====+=====||=====+=====+=====|
|  0. |  1. |  0. ||  0. |  0. |  0. ||  0. |  0. |  0. |
|  0. |  0. |  0. ||  0. |  0. |  0. ||  0. |  0. |  0. |
|  0. |  0. |  0. ||  0. |  0. |  0. ||  0. |  0. |  0. |


state to eval, currenty is playerone turn=false

| -0. | -0. | -0. ||*-0. |*-0. |*-0. || -0. | -0. | -0. |
| -0. | -0. | -0. ||*-0. |*-0. |*-0. || -0. | -0. | -0. |
| -0. | -0. | -0. ||*-0. |*-0. |*-0. || -0. | -0. | -0. |
|=====+=====+=====||=====+=====+=====||=====+=====+=====|
| -0. | -0. | -0. || -0. | -0. | -0. || -0. | -0. | -0. |
| -0. | -0. | -0. || -0. | -0. | -0. || -0. | -0. | -0. |
| -0. | -0. | -0. || -0. | -0. | -0. || -0. | -0. | -0. |
|=====+=====+=====||=====+=====+=====||=====+=====+=====|
| -0. | -1. | -0. || -0. | -0. | -0. || -0. | -0. | -0. |
| -0. | -0. | -0. || -0. | -0. | -0. || -0. | -0. | -0. |
| -0. | -0. | -0. || -0. | -0. | -0. || -0. | -0. | -0. |


Determined best move using: 68325Iterations
Determined best move using: 142782Iterations
Determined best move using: 1912291Iterations
current State

|  0. |  0. |  0. ||  0. |  0. |  0. ||  0. |  0. |  0. |
|  0. |  0. |  0. || -1. |  0. |  0. ||  0. |  0. |  0. |
|  0. |  0. |  0. ||  0. |  0. |  0. ||  0. |  0. |  0. |
|=====+=====+=====||=====+=====+=====||=====+=====+=====|
|* 0. |* 0. |* 0. ||  0. |  0. |  0. ||  0. |  0. |  0. |
|* 0. |* 0. |* 0. ||  0. |  0. |  0. ||  0. |  0. |  0. |
|* 0. |* 0. |* 0. ||  0. |  0. |  0. ||  0. |  0. |  0. |
|=====+=====+=====||=====+=====+=====||=====+=====+=====|
|  0. |  1. |  0. ||  0. |  0. |  0. ||  0. |  0. |  0. |
|  0. |  0. |  0. ||  0. |  0. |  0. ||  0. |  0. |  0. |
|  0. |  0. |  0. ||  0. |  0. |  0. ||  0. |  0. |  0. |


state to eval, currenty is playerone turn=true

|  0. |  0. |  0. ||  0. |  0. |  0. ||  0. |  0. |  0. |
|  0. |  0. |  0. || -1. |  0. |  0. ||  0. |  0. |  0. |
|  0. |  0. |  0. ||  0. |  0. |  0. ||  0. |  0. |  0. |
|=====+=====+=====||=====+=====+=====||=====+=====+=====|
|* 0. |* 0. |* 0. ||  0. |  0. |  0. ||  0. |  0. |  0. |
|* 0. |* 0. |* 0. ||  0. |  0. |  0. ||  0. |  0. |  0. |
|* 0. |* 0. |* 0. ||  0. |  0. |  0. ||  0. |  0. |  0. |
|=====+=====+=====||=====+=====+=====||=====+=====+=====|
|  0. |  1. |  0. ||  0. |  0. |  0. ||  0. |  0. |  0. |
|  0. |  0. |  0. ||  0. |  0. |  0. ||  0. |  0. |  0. |
|  0. |  0. |  0. ||  0. |  0. |  0. ||  0. |  0. |  0. |


Determined best move using: 152318Iterations
Determined best move using: 68348Iterations
current State

|* 0. |* 0. |* 0. ||  0. |  0. |  0. ||  0. |  0. |  0. |
|* 0. |* 0. |* 0. || -1. |  0. |  0. ||  0. |  0. |  0. |
|* 0. |* 0. |* 0. ||  0. |  0. |  0. ||  0. |  0. |  0. |
|=====+=====+=====||=====+=====+=====||=====+=====+=====|
|  1. |  0. |  0. ||  0. |  0. |  0. ||  0. |  0. |  0. |
|  0. |  0. |  0. ||  0. |  0. |  0. ||  0. |  0. |  0. |
|  0. |  0. |  0. ||  0. |  0. |  0. ||  0. |  0. |  0. |
|=====+=====+=====||=====+=====+=====||=====+=====+=====|
|  0. |  1. |  0. ||  0. |  0. |  0. ||  0. |  0. |  0. |
|  0. |  0. |  0. ||  0. |  0. |  0. ||  0. |  0. |  0. |
|  0. |  0. |  0. ||  0. |  0. |  0. ||  0. |  0. |  0. |


state to eval, currenty is playerone turn=false

|*-0. |*-0. |*-0. || -0. | -0. | -0. || -0. | -0. | -0. |
|*-0. |*-0. |*-0. ||  1. | -0. | -0. || -0. | -0. | -0. |
|*-0. |*-0. |*-0. || -0. | -0. | -0. || -0. | -0. | -0. |
|=====+=====+=====||=====+=====+=====||=====+=====+=====|
| -1. | -0. | -0. || -0. | -0. | -0. || -0. | -0. | -0. |
| -0. | -0. | -0. || -0. | -0. | -0. || -0. | -0. | -0. |
| -0. | -0. | -0. || -0. | -0. | -0. || -0. | -0. | -0. |
|=====+=====+=====||=====+=====+=====||=====+=====+=====|
| -0. | -1. | -0. || -0. | -0. | -0. || -0. | -0. | -0. |
| -0. | -0. | -0. || -0. | -0. | -0. || -0. | -0. | -0. |
| -0. | -0. | -0. || -0. | -0. | -0. || -0. | -0. | -0. |


current State

|  0. |  0. |  0. ||  0. |  0. |  0. ||  0. |  0. |  0. |
|  0. |  0. | -1. || -1. |  0. |  0. ||  0. |  0. |  0. |
|  0. |  0. |  0. ||  0. |  0. |  0. ||  0. |  0. |  0. |
|=====+=====+=====||=====+=====+=====||=====+=====+=====|
|  1. |  0. |  0. ||  0. |  0. |  0. ||* 0. |* 0. |* 0. |
|  0. |  0. |  0. ||  0. |  0. |  0. ||* 0. |* 0. |* 0. |
|  0. |  0. |  0. ||  0. |  0. |  0. ||* 0. |* 0. |* 0. |
|=====+=====+=====||=====+=====+=====||=====+=====+=====|
|  0. |  1. |  0. ||  0. |  0. |  0. ||  0. |  0. |  0. |
|  0. |  0. |  0. ||  0. |  0. |  0. ||  0. |  0. |  0. |
|  0. |  0. |  0. ||  0. |  0. |  0. ||  0. |  0. |  0. |


state to eval, currenty is playerone turn=true

|  0. |  0. |  0. ||  0. |  0. |  0. ||  0. |  0. |  0. |
|  0. |  0. | -1. || -1. |  0. |  0. ||  0. |  0. |  0. |
|  0. |  0. |  0. ||  0. |  0. |  0. ||  0. |  0. |  0. |
|=====+=====+=====||=====+=====+=====||=====+=====+=====|
|  1. |  0. |  0. ||  0. |  0. |  0. ||* 0. |* 0. |* 0. |
|  0. |  0. |  0. ||  0. |  0. |  0. ||* 0. |* 0. |* 0. |
|  0. |  0. |  0. ||  0. |  0. |  0. ||* 0. |* 0. |* 0. |
|=====+=====+=====||=====+=====+=====||=====+=====+=====|
|  0. |  1. |  0. ||  0. |  0. |  0. ||  0. |  0. |  0. |
|  0. |  0. |  0. ||  0. |  0. |  0. ||  0. |  0. |  0. |
|  0. |  0. |  0. ||  0. |  0. |  0. ||  0. |  0. |  0. |


Determined best move using: 1024783Iterations
Determined best move using: 224084Iterations
current State

|  0. |  0. |  0. ||  0. |  0. |  0. ||  0. |  0. |  0. |
|  0. |  0. | -1. || -1. |  0. |  0. ||  0. |  0. |  0. |
|  0. |  0. |  0. ||  0. |  0. |  0. ||  0. |  0. |  0. |
|=====+=====+=====||=====+=====+=====||=====+=====+=====|
|* 1. |* 0. |* 0. ||  0. |  0. |  0. ||  0. |  0. |  0. |
|* 0. |* 0. |* 0. ||  0. |  0. |  0. ||  1. |  0. |  0. |
|* 0. |* 0. |* 0. ||  0. |  0. |  0. ||  0. |  0. |  0. |
|=====+=====+=====||=====+=====+=====||=====+=====+=====|
|  0. |  1. |  0. ||  0. |  0. |  0. ||  0. |  0. |  0. |
|  0. |  0. |  0. ||  0. |  0. |  0. ||  0. |  0. |  0. |
|  0. |  0. |  0. ||  0. |  0. |  0. ||  0. |  0. |  0. |


state to eval, currenty is playerone turn=false

| -0. | -0. | -0. || -0. | -0. | -0. || -0. | -0. | -0. |
| -0. | -0. |  1. ||  1. | -0. | -0. || -0. | -0. | -0. |
| -0. | -0. | -0. || -0. | -0. | -0. || -0. | -0. | -0. |
|=====+=====+=====||=====+=====+=====||=====+=====+=====|
|*-1. |*-0. |*-0. || -0. | -0. | -0. || -0. | -0. | -0. |
|*-0. |*-0. |*-0. || -0. | -0. | -0. || -1. | -0. | -0. |
|*-0. |*-0. |*-0. || -0. | -0. | -0. || -0. | -0. | -0. |
|=====+=====+=====||=====+=====+=====||=====+=====+=====|
| -0. | -1. | -0. || -0. | -0. | -0. || -0. | -0. | -0. |
| -0. | -0. | -0. || -0. | -0. | -0. || -0. | -0. | -0. |
| -0. | -0. | -0. || -0. | -0. | -0. || -0. | -0. | -0. |


Determined best move using: 1237933Iterations
Determined best move using: 67082Iterations
Determined best move using: 510801Iterations
current State

|  0. |  0. |  0. ||  0. |  0. |  0. ||  0. |  0. |  0. |
|  0. |  0. | -1. || -1. |  0. |  0. ||  0. |  0. |  0. |
|  0. |  0. |  0. ||  0. |  0. |  0. ||  0. |  0. |  0. |
|=====+=====+=====||=====+=====+=====||=====+=====+=====|
|* 1. |* 0. |* 0. ||  0. |  0. |  0. ||  0. |  0. |  0. |
|*-1. |* 0. |* 0. ||  0. |  0. |  0. ||  1. |  0. |  0. |
|* 0. |* 0. |* 0. ||  0. |  0. |  0. ||  0. |  0. |  0. |
|=====+=====+=====||=====+=====+=====||=====+=====+=====|
|  0. |  1. |  0. ||  0. |  0. |  0. ||  0. |  0. |  0. |
|  0. |  0. |  0. ||  0. |  0. |  0. ||  0. |  0. |  0. |
|  0. |  0. |  0. ||  0. |  0. |  0. ||  0. |  0. |  0. |


state to eval, currenty is playerone turn=true

|  0. |  0. |  0. ||  0. |  0. |  0. ||  0. |  0. |  0. |
|  0. |  0. | -1. || -1. |  0. |  0. ||  0. |  0. |  0. |
|  0. |  0. |  0. ||  0. |  0. |  0. ||  0. |  0. |  0. |
|=====+=====+=====||=====+=====+=====||=====+=====+=====|
|* 1. |* 0. |* 0. ||  0. |  0. |  0. ||  0. |  0. |  0. |
|*-1. |* 0. |* 0. ||  0. |  0. |  0. ||  1. |  0. |  0. |
|* 0. |* 0. |* 0. ||  0. |  0. |  0. ||  0. |  0. |  0. |
|=====+=====+=====||=====+=====+=====||=====+=====+=====|
|  0. |  1. |  0. ||  0. |  0. |  0. ||  0. |  0. |  0. |
|  0. |  0. |  0. ||  0. |  0. |  0. ||  0. |  0. |  0. |
|  0. |  0. |  0. ||  0. |  0. |  0. ||  0. |  0. |  0. |


current State

|  0. |  0. |  0. ||  0. |  0. |  0. ||  0. |  0. |  0. |
|  0. |  0. | -1. || -1. |  0. |  0. ||  0. |  0. |  0. |
|  0. |  0. |  0. ||  0. |  0. |  0. ||  0. |  0. |  0. |
|=====+=====+=====||=====+=====+=====||=====+=====+=====|
|  1. |  0. |  0. ||  0. |  0. |  0. ||  0. |  0. |  0. |
| -1. |  0. |  0. ||  0. |  0. |  0. ||  1. |  0. |  0. |
|  1. |  0. |  0. ||  0. |  0. |  0. ||  0. |  0. |  0. |
|=====+=====+=====||=====+=====+=====||=====+=====+=====|
|* 0. |* 1. |* 0. ||  0. |  0. |  0. ||  0. |  0. |  0. |
|* 0. |* 0. |* 0. ||  0. |  0. |  0. ||  0. |  0. |  0. |
|* 0. |* 0. |* 0. ||  0. |  0. |  0. ||  0. |  0. |  0. |


state to eval, currenty is playerone turn=false

| -0. | -0. | -0. || -0. | -0. | -0. || -0. | -0. | -0. |
| -0. | -0. |  1. ||  1. | -0. | -0. || -0. | -0. | -0. |
| -0. | -0. | -0. || -0. | -0. | -0. || -0. | -0. | -0. |
|=====+=====+=====||=====+=====+=====||=====+=====+=====|
| -1. | -0. | -0. || -0. | -0. | -0. || -0. | -0. | -0. |
|  1. | -0. | -0. || -0. | -0. | -0. || -1. | -0. | -0. |
| -1. | -0. | -0. || -0. | -0. | -0. || -0. | -0. | -0. |
|=====+=====+=====||=====+=====+=====||=====+=====+=====|
|*-0. |*-1. |*-0. || -0. | -0. | -0. || -0. | -0. | -0. |
|*-0. |*-0. |*-0. || -0. | -0. | -0. || -0. | -0. | -0. |
|*-0. |*-0. |*-0. || -0. | -0. | -0. || -0. | -0. | -0. |


current State

|  0. |  0. |  0. ||  0. |  0. |  0. ||* 0. |* 0. |* 0. |
|  0. |  0. | -1. || -1. |  0. |  0. ||* 0. |* 0. |* 0. |
|  0. |  0. |  0. ||  0. |  0. |  0. ||* 0. |* 0. |* 0. |
|=====+=====+=====||=====+=====+=====||=====+=====+=====|
|  1. |  0. |  0. ||  0. |  0. |  0. ||  0. |  0. |  0. |
| -1. |  0. |  0. ||  0. |  0. |  0. ||  1. |  0. |  0. |
|  1. |  0. |  0. ||  0. |  0. |  0. ||  0. |  0. |  0. |
|=====+=====+=====||=====+=====+=====||=====+=====+=====|
|  0. |  1. | -1. ||  0. |  0. |  0. ||  0. |  0. |  0. |
|  0. |  0. |  0. ||  0. |  0. |  0. ||  0. |  0. |  0. |
|  0. |  0. |  0. ||  0. |  0. |  0. ||  0. |  0. |  0. |


state to eval, currenty is playerone turn=true

|  0. |  0. |  0. ||  0. |  0. |  0. ||* 0. |* 0. |* 0. |
|  0. |  0. | -1. || -1. |  0. |  0. ||* 0. |* 0. |* 0. |
|  0. |  0. |  0. ||  0. |  0. |  0. ||* 0. |* 0. |* 0. |
|=====+=====+=====||=====+=====+=====||=====+=====+=====|
|  1. |  0. |  0. ||  0. |  0. |  0. ||  0. |  0. |  0. |
| -1. |  0. |  0. ||  0. |  0. |  0. ||  1. |  0. |  0. |
|  1. |  0. |  0. ||  0. |  0. |  0. ||  0. |  0. |  0. |
|=====+=====+=====||=====+=====+=====||=====+=====+=====|
|  0. |  1. | -1. ||  0. |  0. |  0. ||  0. |  0. |  0. |
|  0. |  0. |  0. ||  0. |  0. |  0. ||  0. |  0. |  0. |
|  0. |  0. |  0. ||  0. |  0. |  0. ||  0. |  0. |  0. |


Determined best move using: 69987Iterations
current State

|  0. |  0. |  0. ||  0. |  0. |  0. ||  0. |  0. |  0. |
|  0. |  0. | -1. || -1. |  0. |  0. ||  0. |  0. |  0. |
|  0. |  0. |  0. ||  0. |  0. |  0. ||  0. |  0. |  1. |
|=====+=====+=====||=====+=====+=====||=====+=====+=====|
|  1. |  0. |  0. ||  0. |  0. |  0. ||  0. |  0. |  0. |
| -1. |  0. |  0. ||  0. |  0. |  0. ||  1. |  0. |  0. |
|  1. |  0. |  0. ||  0. |  0. |  0. ||  0. |  0. |  0. |
|=====+=====+=====||=====+=====+=====||=====+=====+=====|
|  0. |  1. | -1. ||  0. |  0. |  0. ||* 0. |* 0. |* 0. |
|  0. |  0. |  0. ||  0. |  0. |  0. ||* 0. |* 0. |* 0. |
|  0. |  0. |  0. ||  0. |  0. |  0. ||* 0. |* 0. |* 0. |


state to eval, currenty is playerone turn=false

| -0. | -0. | -0. || -0. | -0. | -0. || -0. | -0. | -0. |
| -0. | -0. |  1. ||  1. | -0. | -0. || -0. | -0. | -0. |
| -0. | -0. | -0. || -0. | -0. | -0. || -0. | -0. | -1. |
|=====+=====+=====||=====+=====+=====||=====+=====+=====|
| -1. | -0. | -0. || -0. | -0. | -0. || -0. | -0. | -0. |
|  1. | -0. | -0. || -0. | -0. | -0. || -1. | -0. | -0. |
| -1. | -0. | -0. || -0. | -0. | -0. || -0. | -0. | -0. |
|=====+=====+=====||=====+=====+=====||=====+=====+=====|
| -0. | -1. |  1. || -0. | -0. | -0. ||*-0. |*-0. |*-0. |
| -0. | -0. | -0. || -0. | -0. | -0. ||*-0. |*-0. |*-0. |
| -0. | -0. | -0. || -0. | -0. | -0. ||*-0. |*-0. |*-0. |


current State

|  0. |  0. |  0. ||  0. |  0. |  0. ||* 0. |* 0. |* 0. |
|  0. |  0. | -1. || -1. |  0. |  0. ||* 0. |* 0. |* 0. |
|  0. |  0. |  0. ||  0. |  0. |  0. ||* 0. |* 0. |* 1. |
|=====+=====+=====||=====+=====+=====||=====+=====+=====|
|  1. |  0. |  0. ||  0. |  0. |  0. ||  0. |  0. |  0. |
| -1. |  0. |  0. ||  0. |  0. |  0. ||  1. |  0. |  0. |
|  1. |  0. |  0. ||  0. |  0. |  0. ||  0. |  0. |  0. |
|=====+=====+=====||=====+=====+=====||=====+=====+=====|
|  0. |  1. | -1. ||  0. |  0. |  0. ||  0. |  0. | -1. |
|  0. |  0. |  0. ||  0. |  0. |  0. ||  0. |  0. |  0. |
|  0. |  0. |  0. ||  0. |  0. |  0. ||  0. |  0. |  0. |


state to eval, currenty is playerone turn=true

|  0. |  0. |  0. ||  0. |  0. |  0. ||* 0. |* 0. |* 0. |
|  0. |  0. | -1. || -1. |  0. |  0. ||* 0. |* 0. |* 0. |
|  0. |  0. |  0. ||  0. |  0. |  0. ||* 0. |* 0. |* 1. |
|=====+=====+=====||=====+=====+=====||=====+=====+=====|
|  1. |  0. |  0. ||  0. |  0. |  0. ||  0. |  0. |  0. |
| -1. |  0. |  0. ||  0. |  0. |  0. ||  1. |  0. |  0. |
|  1. |  0. |  0. ||  0. |  0. |  0. ||  0. |  0. |  0. |
|=====+=====+=====||=====+=====+=====||=====+=====+=====|
|  0. |  1. | -1. ||  0. |  0. |  0. ||  0. |  0. | -1. |
|  0. |  0. |  0. ||  0. |  0. |  0. ||  0. |  0. |  0. |
|  0. |  0. |  0. ||  0. |  0. |  0. ||  0. |  0. |  0. |


Determined best move using: 1703492Iterations
Determined best move using: 65938Iterations
current State

|  0. |  0. |  0. ||* 0. |* 0. |* 0. ||  0. |  1. |  0. |
|  0. |  0. | -1. ||*-1. |* 0. |* 0. ||  0. |  0. |  0. |
|  0. |  0. |  0. ||* 0. |* 0. |* 0. ||  0. |  0. |  1. |
|=====+=====+=====||=====+=====+=====||=====+=====+=====|
|  1. |  0. |  0. ||  0. |  0. |  0. ||  0. |  0. |  0. |
| -1. |  0. |  0. ||  0. |  0. |  0. ||  1. |  0. |  0. |
|  1. |  0. |  0. ||  0. |  0. |  0. ||  0. |  0. |  0. |
|=====+=====+=====||=====+=====+=====||=====+=====+=====|
|  0. |  1. | -1. ||  0. |  0. |  0. ||  0. |  0. | -1. |
|  0. |  0. |  0. ||  0. |  0. |  0. ||  0. |  0. |  0. |
|  0. |  0. |  0. ||  0. |  0. |  0. ||  0. |  0. |  0. |


state to eval, currenty is playerone turn=false

| -0. | -0. | -0. ||*-0. |*-0. |*-0. || -0. | -1. | -0. |
| -0. | -0. |  1. ||* 1. |*-0. |*-0. || -0. | -0. | -0. |
| -0. | -0. | -0. ||*-0. |*-0. |*-0. || -0. | -0. | -1. |
|=====+=====+=====||=====+=====+=====||=====+=====+=====|
| -1. | -0. | -0. || -0. | -0. | -0. || -0. | -0. | -0. |
|  1. | -0. | -0. || -0. | -0. | -0. || -1. | -0. | -0. |
| -1. | -0. | -0. || -0. | -0. | -0. || -0. | -0. | -0. |
|=====+=====+=====||=====+=====+=====||=====+=====+=====|
| -0. | -1. |  1. || -0. | -0. | -0. || -0. | -0. |  1. |
| -0. | -0. | -0. || -0. | -0. | -0. || -0. | -0. | -0. |
| -0. | -0. | -0. || -0. | -0. | -0. || -0. | -0. | -0. |


Determined best move using: 66248Iterations
Determined best move using: 51467Iterations
Determined best move using: 61780Iterations
current State

|  0. |  0. |  0. ||  0. |  0. |  0. ||  0. |  1. |  0. |
|  0. |  0. | -1. || -1. |  0. |  0. ||  0. |  0. |  0. |
|  0. |  0. |  0. ||  0. |  0. | -1. ||  0. |  0. |  1. |
|=====+=====+=====||=====+=====+=====||=====+=====+=====|
|  1. |  0. |  0. ||  0. |  0. |  0. ||  0. |  0. |  0. |
| -1. |  0. |  0. ||  0. |  0. |  0. ||  1. |  0. |  0. |
|  1. |  0. |  0. ||  0. |  0. |  0. ||  0. |  0. |  0. |
|=====+=====+=====||=====+=====+=====||=====+=====+=====|
|  0. |  1. | -1. ||  0. |  0. |  0. ||* 0. |* 0. |*-1. |
|  0. |  0. |  0. ||  0. |  0. |  0. ||* 0. |* 0. |* 0. |
|  0. |  0. |  0. ||  0. |  0. |  0. ||* 0. |* 0. |* 0. |


state to eval, currenty is playerone turn=true

|  0. |  0. |  0. ||  0. |  0. |  0. ||  0. |  1. |  0. |
|  0. |  0. | -1. || -1. |  0. |  0. ||  0. |  0. |  0. |
|  0. |  0. |  0. ||  0. |  0. | -1. ||  0. |  0. |  1. |
|=====+=====+=====||=====+=====+=====||=====+=====+=====|
|  1. |  0. |  0. ||  0. |  0. |  0. ||  0. |  0. |  0. |
| -1. |  0. |  0. ||  0. |  0. |  0. ||  1. |  0. |  0. |
|  1. |  0. |  0. ||  0. |  0. |  0. ||  0. |  0. |  0. |
|=====+=====+=====||=====+=====+=====||=====+=====+=====|
|  0. |  1. | -1. ||  0. |  0. |  0. ||* 0. |* 0. |*-1. |
|  0. |  0. |  0. ||  0. |  0. |  0. ||* 0. |* 0. |* 0. |
|  0. |  0. |  0. ||  0. |  0. |  0. ||* 0. |* 0. |* 0. |


Determined best move using: 63805Iterations
Determined best move using: 67732Iterations
Determined best move using: 53211Iterations
current State

|  0. |  0. |  0. ||  0. |  0. |  0. ||  0. |  1. |  0. |
|  0. |  0. | -1. || -1. |  0. |  0. ||  0. |  0. |  0. |
|  0. |  0. |  0. ||  0. |  0. | -1. ||  0. |  0. |  1. |
|=====+=====+=====||=====+=====+=====||=====+=====+=====|
|  1. |  0. |  0. ||* 0. |* 0. |* 0. ||  0. |  0. |  0. |
| -1. |  0. |  0. ||* 0. |* 0. |* 0. ||  1. |  0. |  0. |
|  1. |  0. |  0. ||* 0. |* 0. |* 0. ||  0. |  0. |  0. |
|=====+=====+=====||=====+=====+=====||=====+=====+=====|
|  0. |  1. | -1. ||  0. |  0. |  0. ||  0. |  0. | -1. |
|  0. |  0. |  0. ||  0. |  0. |  0. ||  0. |  1. |  0. |
|  0. |  0. |  0. ||  0. |  0. |  0. ||  0. |  0. |  0. |


state to eval, currenty is playerone turn=false

| -0. | -0. | -0. || -0. | -0. | -0. || -0. | -1. | -0. |
| -0. | -0. |  1. ||  1. | -0. | -0. || -0. | -0. | -0. |
| -0. | -0. | -0. || -0. | -0. |  1. || -0. | -0. | -1. |
|=====+=====+=====||=====+=====+=====||=====+=====+=====|
| -1. | -0. | -0. ||*-0. |*-0. |*-0. || -0. | -0. | -0. |
|  1. | -0. | -0. ||*-0. |*-0. |*-0. || -1. | -0. | -0. |
| -1. | -0. | -0. ||*-0. |*-0. |*-0. || -0. | -0. | -0. |
|=====+=====+=====||=====+=====+=====||=====+=====+=====|
| -0. | -1. |  1. || -0. | -0. | -0. || -0. | -0. |  1. |
| -0. | -0. | -0. || -0. | -0. | -0. || -0. | -1. | -0. |
| -0. | -0. | -0. || -0. | -0. | -0. || -0. | -0. | -0. |


Determined best move using: 67508Iterations
Determined best move using: 54681Iterations
current State

|* 0. |* 0. |* 0. ||  0. |  0. |  0. ||  0. |  1. |  0. |
|* 0. |* 0. |*-1. || -1. |  0. |  0. ||  0. |  0. |  0. |
|* 0. |* 0. |* 0. ||  0. |  0. | -1. ||  0. |  0. |  1. |
|=====+=====+=====||=====+=====+=====||=====+=====+=====|
|  1. |  0. |  0. || -1. |  0. |  0. ||  0. |  0. |  0. |
| -1. |  0. |  0. ||  0. |  0. |  0. ||  1. |  0. |  0. |
|  1. |  0. |  0. ||  0. |  0. |  0. ||  0. |  0. |  0. |
|=====+=====+=====||=====+=====+=====||=====+=====+=====|
|  0. |  1. | -1. ||  0. |  0. |  0. ||  0. |  0. | -1. |
|  0. |  0. |  0. ||  0. |  0. |  0. ||  0. |  1. |  0. |
|  0. |  0. |  0. ||  0. |  0. |  0. ||  0. |  0. |  0. |


state to eval, currenty is playerone turn=true

|* 0. |* 0. |* 0. ||  0. |  0. |  0. ||  0. |  1. |  0. |
|* 0. |* 0. |*-1. || -1. |  0. |  0. ||  0. |  0. |  0. |
|* 0. |* 0. |* 0. ||  0. |  0. | -1. ||  0. |  0. |  1. |
|=====+=====+=====||=====+=====+=====||=====+=====+=====|
|  1. |  0. |  0. || -1. |  0. |  0. ||  0. |  0. |  0. |
| -1. |  0. |  0. ||  0. |  0. |  0. ||  1. |  0. |  0. |
|  1. |  0. |  0. ||  0. |  0. |  0. ||  0. |  0. |  0. |
|=====+=====+=====||=====+=====+=====||=====+=====+=====|
|  0. |  1. | -1. ||  0. |  0. |  0. ||  0. |  0. | -1. |
|  0. |  0. |  0. ||  0. |  0. |  0. ||  0. |  1. |  0. |
|  0. |  0. |  0. ||  0. |  0. |  0. ||  0. |  0. |  0. |


Determined best move using: 55985Iterations
Determined best move using: 66676Iterations
current State

|  0. |  0. |  0. ||  0. |  0. |  0. ||  0. |  1. |  0. |
|  1. |  0. | -1. || -1. |  0. |  0. ||  0. |  0. |  0. |
|  0. |  0. |  0. ||  0. |  0. | -1. ||  0. |  0. |  1. |
|=====+=====+=====||=====+=====+=====||=====+=====+=====|
|* 1. |* 0. |* 0. || -1. |  0. |  0. ||  0. |  0. |  0. |
|*-1. |* 0. |* 0. ||  0. |  0. |  0. ||  1. |  0. |  0. |
|* 1. |* 0. |* 0. ||  0. |  0. |  0. ||  0. |  0. |  0. |
|=====+=====+=====||=====+=====+=====||=====+=====+=====|
|  0. |  1. | -1. ||  0. |  0. |  0. ||  0. |  0. | -1. |
|  0. |  0. |  0. ||  0. |  0. |  0. ||  0. |  1. |  0. |
|  0. |  0. |  0. ||  0. |  0. |  0. ||  0. |  0. |  0. |


state to eval, currenty is playerone turn=false

| -0. | -0. | -0. || -0. | -0. | -0. || -0. | -1. | -0. |
| -1. | -0. |  1. ||  1. | -0. | -0. || -0. | -0. | -0. |
| -0. | -0. | -0. || -0. | -0. |  1. || -0. | -0. | -1. |
|=====+=====+=====||=====+=====+=====||=====+=====+=====|
|*-1. |*-0. |*-0. ||  1. | -0. | -0. || -0. | -0. | -0. |
|* 1. |*-0. |*-0. || -0. | -0. | -0. || -1. | -0. | -0. |
|*-1. |*-0. |*-0. || -0. | -0. | -0. || -0. | -0. | -0. |
|=====+=====+=====||=====+=====+=====||=====+=====+=====|
| -0. | -1. |  1. || -0. | -0. | -0. || -0. | -0. |  1. |
| -0. | -0. | -0. || -0. | -0. | -0. || -0. | -1. | -0. |
| -0. | -0. | -0. || -0. | -0. | -0. || -0. | -0. | -0. |


Determined best move using: 72088Iterations
Determined best move using: 56329Iterations
Determined best move using: 69083Iterations
Determined best move using: 93840Iterations
current State

|  0. |  0. |  0. ||* 0. |* 0. |* 0. ||  0. |  1. |  0. |
|  1. |  0. | -1. ||*-1. |* 0. |* 0. ||  0. |  0. |  0. |
|  0. |  0. |  0. ||* 0. |* 0. |*-1. ||  0. |  0. |  1. |
|=====+=====+=====||=====+=====+=====||=====+=====+=====|
|  1. | -1. |  0. || -1. |  0. |  0. ||  0. |  0. |  0. |
| -1. |  0. |  0. ||  0. |  0. |  0. ||  1. |  0. |  0. |
|  1. |  0. |  0. ||  0. |  0. |  0. ||  0. |  0. |  0. |
|=====+=====+=====||=====+=====+=====||=====+=====+=====|
|  0. |  1. | -1. ||  0. |  0. |  0. ||  0. |  0. | -1. |
|  0. |  0. |  0. ||  0. |  0. |  0. ||  0. |  1. |  0. |
|  0. |  0. |  0. ||  0. |  0. |  0. ||  0. |  0. |  0. |


state to eval, currenty is playerone turn=true

|  0. |  0. |  0. ||* 0. |* 0. |* 0. ||  0. |  1. |  0. |
|  1. |  0. | -1. ||*-1. |* 0. |* 0. ||  0. |  0. |  0. |
|  0. |  0. |  0. ||* 0. |* 0. |*-1. ||  0. |  0. |  1. |
|=====+=====+=====||=====+=====+=====||=====+=====+=====|
|  1. | -1. |  0. || -1. |  0. |  0. ||  0. |  0. |  0. |
| -1. |  0. |  0. ||  0. |  0. |  0. ||  1. |  0. |  0. |
|  1. |  0. |  0. ||  0. |  0. |  0. ||  0. |  0. |  0. |
|=====+=====+=====||=====+=====+=====||=====+=====+=====|
|  0. |  1. | -1. ||  0. |  0. |  0. ||  0. |  0. | -1. |
|  0. |  0. |  0. ||  0. |  0. |  0. ||  0. |  1. |  0. |
|  0. |  0. |  0. ||  0. |  0. |  0. ||  0. |  0. |  0. |


Determined best move using: 71774Iterations
current State

|  0. |  0. |  0. ||  0. |  0. |  0. ||  0. |  1. |  0. |
|  1. |  0. | -1. || -1. |  0. |  1. ||  0. |  0. |  0. |
|  0. |  0. |  0. ||  0. |  0. | -1. ||  0. |  0. |  1. |
|=====+=====+=====||=====+=====+=====||=====+=====+=====|
|  1. | -1. |  0. || -1. |  0. |  0. ||* 0. |* 0. |* 0. |
| -1. |  0. |  0. ||  0. |  0. |  0. ||* 1. |* 0. |* 0. |
|  1. |  0. |  0. ||  0. |  0. |  0. ||* 0. |* 0. |* 0. |
|=====+=====+=====||=====+=====+=====||=====+=====+=====|
|  0. |  1. | -1. ||  0. |  0. |  0. ||  0. |  0. | -1. |
|  0. |  0. |  0. ||  0. |  0. |  0. ||  0. |  1. |  0. |
|  0. |  0. |  0. ||  0. |  0. |  0. ||  0. |  0. |  0. |


state to eval, currenty is playerone turn=false

| -0. | -0. | -0. || -0. | -0. | -0. || -0. | -1. | -0. |
| -1. | -0. |  1. ||  1. | -0. | -1. || -0. | -0. | -0. |
| -0. | -0. | -0. || -0. | -0. |  1. || -0. | -0. | -1. |
|=====+=====+=====||=====+=====+=====||=====+=====+=====|
| -1. |  1. | -0. ||  1. | -0. | -0. ||*-0. |*-0. |*-0. |
|  1. | -0. | -0. || -0. | -0. | -0. ||*-1. |*-0. |*-0. |
| -1. | -0. | -0. || -0. | -0. | -0. ||*-0. |*-0. |*-0. |
|=====+=====+=====||=====+=====+=====||=====+=====+=====|
| -0. | -1. |  1. || -0. | -0. | -0. || -0. | -0. |  1. |
| -0. | -0. | -0. || -0. | -0. | -0. || -0. | -1. | -0. |
| -0. | -0. | -0. || -0. | -0. | -0. || -0. | -0. | -0. |


Determined best move using: 72200Iterations
current State

|  0. |  0. |  0. ||  0. |  0. |  0. ||  0. |  1. |  0. |
|  1. |  0. | -1. || -1. |  0. |  1. ||  0. |  0. |  0. |
|  0. |  0. |  0. ||  0. |  0. | -1. ||  0. |  0. |  1. |
|=====+=====+=====||=====+=====+=====||=====+=====+=====|
|  1. | -1. |  0. ||*-1. |* 0. |* 0. ||  0. |  0. |  0. |
| -1. |  0. |  0. ||* 0. |* 0. |* 0. ||  1. | -1. |  0. |
|  1. |  0. |  0. ||* 0. |* 0. |* 0. ||  0. |  0. |  0. |
|=====+=====+=====||=====+=====+=====||=====+=====+=====|
|  0. |  1. | -1. ||  0. |  0. |  0. ||  0. |  0. | -1. |
|  0. |  0. |  0. ||  0. |  0. |  0. ||  0. |  1. |  0. |
|  0. |  0. |  0. ||  0. |  0. |  0. ||  0. |  0. |  0. |


state to eval, currenty is playerone turn=true

|  0. |  0. |  0. ||  0. |  0. |  0. ||  0. |  1. |  0. |
|  1. |  0. | -1. || -1. |  0. |  1. ||  0. |  0. |  0. |
|  0. |  0. |  0. ||  0. |  0. | -1. ||  0. |  0. |  1. |
|=====+=====+=====||=====+=====+=====||=====+=====+=====|
|  1. | -1. |  0. ||*-1. |* 0. |* 0. ||  0. |  0. |  0. |
| -1. |  0. |  0. ||* 0. |* 0. |* 0. ||  1. | -1. |  0. |
|  1. |  0. |  0. ||* 0. |* 0. |* 0. ||  0. |  0. |  0. |
|=====+=====+=====||=====+=====+=====||=====+=====+=====|
|  0. |  1. | -1. ||  0. |  0. |  0. ||  0. |  0. | -1. |
|  0. |  0. |  0. ||  0. |  0. |  0. ||  0. |  1. |  0. |
|  0. |  0. |  0. ||  0. |  0. |  0. ||  0. |  0. |  0. |


Determined best move using: 75946Iterations
current State

|  0. |  0. |  0. ||  0. |  0. |  0. ||  0. |  1. |  0. |
|  1. |  0. | -1. || -1. |  0. |  1. ||  0. |  0. |  0. |
|  0. |  0. |  0. ||  0. |  0. | -1. ||  0. |  0. |  1. |
|=====+=====+=====||=====+=====+=====||=====+=====+=====|
|  1. | -1. |  0. ||*-1. |* 0. |* 0. ||  0. |  0. |  0. |
| -1. |  0. |  0. ||* 0. |* 1. |* 0. ||  1. | -1. |  0. |
|  1. |  0. |  0. ||* 0. |* 0. |* 0. ||  0. |  0. |  0. |
|=====+=====+=====||=====+=====+=====||=====+=====+=====|
|  0. |  1. | -1. ||  0. |  0. |  0. ||  0. |  0. | -1. |
|  0. |  0. |  0. ||  0. |  0. |  0. ||  0. |  1. |  0. |
|  0. |  0. |  0. ||  0. |  0. |  0. ||  0. |  0. |  0. |


state to eval, currenty is playerone turn=false

| -0. | -0. | -0. || -0. | -0. | -0. || -0. | -1. | -0. |
| -1. | -0. |  1. ||  1. | -0. | -1. || -0. | -0. | -0. |
| -0. | -0. | -0. || -0. | -0. |  1. || -0. | -0. | -1. |
|=====+=====+=====||=====+=====+=====||=====+=====+=====|
| -1. |  1. | -0. ||* 1. |*-0. |*-0. || -0. | -0. | -0. |
|  1. | -0. | -0. ||*-0. |*-1. |*-0. || -1. |  1. | -0. |
| -1. | -0. | -0. ||*-0. |*-0. |*-0. || -0. | -0. | -0. |
|=====+=====+=====||=====+=====+=====||=====+=====+=====|
| -0. | -1. |  1. || -0. | -0. | -0. || -0. | -0. |  1. |
| -0. | -0. | -0. || -0. | -0. | -0. || -0. | -1. | -0. |
| -0. | -0. | -0. || -0. | -0. | -0. || -0. | -0. | -0. |


Determined best move using: 75049Iterations
current State

|  0. |  0. |  0. ||  0. |  0. |  0. ||  0. |  1. |  0. |
|  1. |  0. | -1. || -1. |  0. |  1. ||  0. |  0. |  0. |
|  0. |  0. |  0. ||  0. |  0. | -1. ||  0. |  0. |  1. |
|=====+=====+=====||=====+=====+=====||=====+=====+=====|
|  1. | -1. |  0. || -1. |  0. |  0. ||* 0. |* 0. |* 0. |
| -1. |  0. |  0. ||  0. |  1. | -1. ||* 1. |*-1. |* 0. |
|  1. |  0. |  0. ||  0. |  0. |  0. ||* 0. |* 0. |* 0. |
|=====+=====+=====||=====+=====+=====||=====+=====+=====|
|  0. |  1. | -1. ||  0. |  0. |  0. ||  0. |  0. | -1. |
|  0. |  0. |  0. ||  0. |  0. |  0. ||  0. |  1. |  0. |
|  0. |  0. |  0. ||  0. |  0. |  0. ||  0. |  0. |  0. |


state to eval, currenty is playerone turn=true

|  0. |  0. |  0. ||  0. |  0. |  0. ||  0. |  1. |  0. |
|  1. |  0. | -1. || -1. |  0. |  1. ||  0. |  0. |  0. |
|  0. |  0. |  0. ||  0. |  0. | -1. ||  0. |  0. |  1. |
|=====+=====+=====||=====+=====+=====||=====+=====+=====|
|  1. | -1. |  0. || -1. |  0. |  0. ||* 0. |* 0. |* 0. |
| -1. |  0. |  0. ||  0. |  1. | -1. ||* 1. |*-1. |* 0. |
|  1. |  0. |  0. ||  0. |  0. |  0. ||* 0. |* 0. |* 0. |
|=====+=====+=====||=====+=====+=====||=====+=====+=====|
|  0. |  1. | -1. ||  0. |  0. |  0. ||  0. |  0. | -1. |
|  0. |  0. |  0. ||  0. |  0. |  0. ||  0. |  1. |  0. |
|  0. |  0. |  0. ||  0. |  0. |  0. ||  0. |  0. |  0. |


current State

|  0. |  0. |  0. ||  0. |  0. |  0. ||  0. |  1. |  0. |
|  1. |  0. | -1. || -1. |  0. |  1. ||  0. |  0. |  0. |
|  0. |  0. |  0. ||  0. |  0. | -1. ||  0. |  0. |  1. |
|=====+=====+=====||=====+=====+=====||=====+=====+=====|
|  1. | -1. |  0. || -1. |  0. |  0. ||* 0. |* 0. |* 0. |
| -1. |  0. |  0. ||  0. |  1. | -1. ||* 1. |*-1. |* 1. |
|  1. |  0. |  0. ||  0. |  0. |  0. ||* 0. |* 0. |* 0. |
|=====+=====+=====||=====+=====+=====||=====+=====+=====|
|  0. |  1. | -1. ||  0. |  0. |  0. ||  0. |  0. | -1. |
|  0. |  0. |  0. ||  0. |  0. |  0. ||  0. |  1. |  0. |
|  0. |  0. |  0. ||  0. |  0. |  0. ||  0. |  0. |  0. |


state to eval, currenty is playerone turn=false

| -0. | -0. | -0. || -0. | -0. | -0. || -0. | -1. | -0. |
| -1. | -0. |  1. ||  1. | -0. | -1. || -0. | -0. | -0. |
| -0. | -0. | -0. || -0. | -0. |  1. || -0. | -0. | -1. |
|=====+=====+=====||=====+=====+=====||=====+=====+=====|
| -1. |  1. | -0. ||  1. | -0. | -0. ||*-0. |*-0. |*-0. |
|  1. | -0. | -0. || -0. | -1. |  1. ||*-1. |* 1. |*-1. |
| -1. | -0. | -0. || -0. | -0. | -0. ||*-0. |*-0. |*-0. |
|=====+=====+=====||=====+=====+=====||=====+=====+=====|
| -0. | -1. |  1. || -0. | -0. | -0. || -0. | -0. |  1. |
| -0. | -0. | -0. || -0. | -0. | -0. || -0. | -1. | -0. |
| -0. | -0. | -0. || -0. | -0. | -0. || -0. | -0. | -0. |


Determined best move using: 110198Iterations
current State

|  0. |  0. |  0. ||  0. |  0. |  0. ||  0. |  1. |  0. |
|  1. |  0. | -1. || -1. |  0. |  1. ||  0. |  0. |  0. |
|  0. |  0. |  0. ||  0. |  0. | -1. ||  0. |  0. |  1. |
|=====+=====+=====||=====+=====+=====||=====+=====+=====|
|  1. | -1. |  0. || -1. |  0. |  0. ||  0. |  0. |  0. |
| -1. |  0. |  0. ||  0. |  1. | -1. ||  1. | -1. |  1. |
|  1. |  0. |  0. ||  0. |  0. |  0. ||  0. |  0. | -1. |
|=====+=====+=====||=====+=====+=====||=====+=====+=====|
|  0. |  1. | -1. ||  0. |  0. |  0. ||* 0. |* 0. |*-1. |
|  0. |  0. |  0. ||  0. |  0. |  0. ||* 0. |* 1. |* 0. |
|  0. |  0. |  0. ||  0. |  0. |  0. ||* 0. |* 0. |* 0. |


state to eval, currenty is playerone turn=true

|  0. |  0. |  0. ||  0. |  0. |  0. ||  0. |  1. |  0. |
|  1. |  0. | -1. || -1. |  0. |  1. ||  0. |  0. |  0. |
|  0. |  0. |  0. ||  0. |  0. | -1. ||  0. |  0. |  1. |
|=====+=====+=====||=====+=====+=====||=====+=====+=====|
|  1. | -1. |  0. || -1. |  0. |  0. ||  0. |  0. |  0. |
| -1. |  0. |  0. ||  0. |  1. | -1. ||  1. | -1. |  1. |
|  1. |  0. |  0. ||  0. |  0. |  0. ||  0. |  0. | -1. |
|=====+=====+=====||=====+=====+=====||=====+=====+=====|
|  0. |  1. | -1. ||  0. |  0. |  0. ||* 0. |* 0. |*-1. |
|  0. |  0. |  0. ||  0. |  0. |  0. ||* 0. |* 1. |* 0. |
|  0. |  0. |  0. ||  0. |  0. |  0. ||* 0. |* 0. |* 0. |


Determined best move using: 117603Iterations
current State

|  0. |  0. |  0. ||  0. |  0. |  0. ||  0. |  1. |  0. |
|  1. |  0. | -1. || -1. |  0. |  1. ||  0. |  0. |  0. |
|  0. |  0. |  0. ||  0. |  0. | -1. ||  0. |  0. |  1. |
|=====+=====+=====||=====+=====+=====||=====+=====+=====|
|  1. | -1. |  0. || -1. |  0. |  0. ||* 0. |* 0. |* 0. |
| -1. |  0. |  0. ||  0. |  1. | -1. ||* 1. |*-1. |* 1. |
|  1. |  0. |  0. ||  0. |  0. |  0. ||* 0. |* 0. |*-1. |
|=====+=====+=====||=====+=====+=====||=====+=====+=====|
|  0. |  1. | -1. ||  0. |  0. |  0. ||  0. |  0. | -1. |
|  0. |  0. |  0. ||  0. |  0. |  0. ||  0. |  1. |  1. |
|  0. |  0. |  0. ||  0. |  0. |  0. ||  0. |  0. |  0. |


state to eval, currenty is playerone turn=false

| -0. | -0. | -0. || -0. | -0. | -0. || -0. | -1. | -0. |
| -1. | -0. |  1. ||  1. | -0. | -1. || -0. | -0. | -0. |
| -0. | -0. | -0. || -0. | -0. |  1. || -0. | -0. | -1. |
|=====+=====+=====||=====+=====+=====||=====+=====+=====|
| -1. |  1. | -0. ||  1. | -0. | -0. ||*-0. |*-0. |*-0. |
|  1. | -0. | -0. || -0. | -1. |  1. ||*-1. |* 1. |*-1. |
| -1. | -0. | -0. || -0. | -0. | -0. ||*-0. |*-0. |* 1. |
|=====+=====+=====||=====+=====+=====||=====+=====+=====|
| -0. | -1. |  1. || -0. | -0. | -0. || -0. | -0. |  1. |
| -0. | -0. | -0. || -0. | -0. | -0. || -0. | -1. | -1. |
| -0. | -0. | -0. || -0. | -0. | -0. || -0. | -0. | -0. |


Determined best move using: 121822Iterations
current State

|  0. |  0. |  0. ||  0. |  0. |  0. ||  0. |  1. |  0. |
|  1. |  0. | -1. || -1. |  0. |  1. ||  0. |  0. |  0. |
|  0. |  0. |  0. ||  0. |  0. | -1. ||  0. |  0. |  1. |
|=====+=====+=====||=====+=====+=====||=====+=====+=====|
|  1. | -1. |  0. || -1. |  0. |  0. ||  0. |  0. |  0. |
| -1. |  0. |  0. ||  0. |  1. | -1. ||  1. | -1. |  1. |
|  1. |  0. |  0. ||  0. |  0. |  0. ||  0. | -1. | -1. |
|=====+=====+=====||=====+=====+=====||=====+=====+=====|
|  0. |  1. | -1. ||* 0. |* 0. |* 0. ||  0. |  0. | -1. |
|  0. |  0. |  0. ||* 0. |* 0. |* 0. ||  0. |  1. |  1. |
|  0. |  0. |  0. ||* 0. |* 0. |* 0. ||  0. |  0. |  0. |


state to eval, currenty is playerone turn=true

|  0. |  0. |  0. ||  0. |  0. |  0. ||  0. |  1. |  0. |
|  1. |  0. | -1. || -1. |  0. |  1. ||  0. |  0. |  0. |
|  0. |  0. |  0. ||  0. |  0. | -1. ||  0. |  0. |  1. |
|=====+=====+=====||=====+=====+=====||=====+=====+=====|
|  1. | -1. |  0. || -1. |  0. |  0. ||  0. |  0. |  0. |
| -1. |  0. |  0. ||  0. |  1. | -1. ||  1. | -1. |  1. |
|  1. |  0. |  0. ||  0. |  0. |  0. ||  0. | -1. | -1. |
|=====+=====+=====||=====+=====+=====||=====+=====+=====|
|  0. |  1. | -1. ||* 0. |* 0. |* 0. ||  0. |  0. | -1. |
|  0. |  0. |  0. ||* 0. |* 0. |* 0. ||  0. |  1. |  1. |
|  0. |  0. |  0. ||* 0. |* 0. |* 0. ||  0. |  0. |  0. |


current State

|  0. |  0. |  0. ||  0. |  0. |  0. ||  0. |  1. |  0. |
|  1. |  0. | -1. || -1. |  0. |  1. ||  0. |  0. |  0. |
|  0. |  0. |  0. ||  0. |  0. | -1. ||  0. |  0. |  1. |
|=====+=====+=====||=====+=====+=====||=====+=====+=====|
|  1. | -1. |  0. || -1. |  0. |  0. ||  0. |  0. |  0. |
| -1. |  0. |  0. ||  0. |  1. | -1. ||  1. | -1. |  1. |
|  1. |  0. |  0. ||  0. |  0. |  0. ||  0. | -1. | -1. |
|=====+=====+=====||=====+=====+=====||=====+=====+=====|
|* 0. |* 1. |*-1. ||  0. |  0. |  0. ||  0. |  0. | -1. |
|* 0. |* 0. |* 0. ||  0. |  0. |  0. ||  0. |  1. |  1. |
|* 0. |* 0. |* 0. ||  1. |  0. |  0. ||  0. |  0. |  0. |


state to eval, currenty is playerone turn=false

| -0. | -0. | -0. || -0. | -0. | -0. || -0. | -1. | -0. |
| -1. | -0. |  1. ||  1. | -0. | -1. || -0. | -0. | -0. |
| -0. | -0. | -0. || -0. | -0. |  1. || -0. | -0. | -1. |
|=====+=====+=====||=====+=====+=====||=====+=====+=====|
| -1. |  1. | -0. ||  1. | -0. | -0. || -0. | -0. | -0. |
|  1. | -0. | -0. || -0. | -1. |  1. || -1. |  1. | -1. |
| -1. | -0. | -0. || -0. | -0. | -0. || -0. |  1. |  1. |
|=====+=====+=====||=====+=====+=====||=====+=====+=====|
|*-0. |*-1. |* 1. || -0. | -0. | -0. || -0. | -0. |  1. |
|*-0. |*-0. |*-0. || -0. | -0. | -0. || -0. | -1. | -1. |
|*-0. |*-0. |*-0. || -1. | -0. | -0. || -0. | -0. | -0. |


Determined best move using: 124987Iterations
Determined best move using: 84745Iterations
current State

|  0. |  0. |  0. ||  0. |  0. |  0. ||  0. |  1. |  0. |
|  1. |  0. | -1. || -1. |  0. |  1. ||  0. |  0. |  0. |
|  0. |  0. |  0. ||  0. |  0. | -1. ||  0. |  0. |  1. |
|=====+=====+=====||=====+=====+=====||=====+=====+=====|
|  1. | -1. |  0. || -1. |  0. |  0. ||  0. |  0. |  0. |
| -1. |  0. |  0. ||  0. |  1. | -1. ||  1. | -1. |  1. |
|  1. |  0. |  0. ||  0. |  0. |  0. ||  0. | -1. | -1. |
|=====+=====+=====||=====+=====+=====||=====+=====+=====|
|  0. |  1. | -1. ||* 0. |* 0. |* 0. ||  0. |  0. | -1. |
|  0. |  0. |  0. ||* 0. |* 0. |* 0. ||  0. |  1. |  1. |
|  0. | -1. |  0. ||* 1. |* 0. |* 0. ||  0. |  0. |  0. |


state to eval, currenty is playerone turn=true

|  0. |  0. |  0. ||  0. |  0. |  0. ||  0. |  1. |  0. |
|  1. |  0. | -1. || -1. |  0. |  1. ||  0. |  0. |  0. |
|  0. |  0. |  0. ||  0. |  0. | -1. ||  0. |  0. |  1. |
|=====+=====+=====||=====+=====+=====||=====+=====+=====|
|  1. | -1. |  0. || -1. |  0. |  0. ||  0. |  0. |  0. |
| -1. |  0. |  0. ||  0. |  1. | -1. ||  1. | -1. |  1. |
|  1. |  0. |  0. ||  0. |  0. |  0. ||  0. | -1. | -1. |
|=====+=====+=====||=====+=====+=====||=====+=====+=====|
|  0. |  1. | -1. ||* 0. |* 0. |* 0. ||  0. |  0. | -1. |
|  0. |  0. |  0. ||* 0. |* 0. |* 0. ||  0. |  1. |  1. |
|  0. | -1. |  0. ||* 1. |* 0. |* 0. ||  0. |  0. |  0. |


Determined best move using: 131658Iterations
Determined best move using: 85291Iterations
current State

|* 0. |* 0. |* 0. ||  0. |  0. |  0. ||  0. |  1. |  0. |
|* 1. |* 0. |*-1. || -1. |  0. |  1. ||  0. |  0. |  0. |
|* 0. |* 0. |* 0. ||  0. |  0. | -1. ||  0. |  0. |  1. |
|=====+=====+=====||=====+=====+=====||=====+=====+=====|
|  1. | -1. |  0. || -1. |  0. |  0. ||  0. |  0. |  0. |
| -1. |  0. |  0. ||  0. |  1. | -1. ||  1. | -1. |  1. |
|  1. |  0. |  0. ||  0. |  0. |  0. ||  0. | -1. | -1. |
|=====+=====+=====||=====+=====+=====||=====+=====+=====|
|  0. |  1. | -1. ||  1. |  0. |  0. ||  0. |  0. | -1. |
|  0. |  0. |  0. ||  0. |  0. |  0. ||  0. |  1. |  1. |
|  0. | -1. |  0. ||  1. |  0. |  0. ||  0. |  0. |  0. |


state to eval, currenty is playerone turn=false

|*-0. |*-0. |*-0. || -0. | -0. | -0. || -0. | -1. | -0. |
|*-1. |*-0. |* 1. ||  1. | -0. | -1. || -0. | -0. | -0. |
|*-0. |*-0. |*-0. || -0. | -0. |  1. || -0. | -0. | -1. |
|=====+=====+=====||=====+=====+=====||=====+=====+=====|
| -1. |  1. | -0. ||  1. | -0. | -0. || -0. | -0. | -0. |
|  1. | -0. | -0. || -0. | -1. |  1. || -1. |  1. | -1. |
| -1. | -0. | -0. || -0. | -0. | -0. || -0. |  1. |  1. |
|=====+=====+=====||=====+=====+=====||=====+=====+=====|
| -0. | -1. |  1. || -1. | -0. | -0. || -0. | -0. |  1. |
| -0. | -0. | -0. || -0. | -0. | -0. || -0. | -1. | -1. |
| -0. |  1. | -0. || -1. | -0. | -0. || -0. | -0. | -0. |


Determined best move using: 135756Iterations
Determined best move using: 86833Iterations
current State

|  0. | -1. |  0. ||* 0. |* 0. |* 0. ||  0. |  1. |  0. |
|  1. |  0. | -1. ||*-1. |* 0. |* 1. ||  0. |  0. |  0. |
|  0. |  0. |  0. ||* 0. |* 0. |*-1. ||  0. |  0. |  1. |
|=====+=====+=====||=====+=====+=====||=====+=====+=====|
|  1. | -1. |  0. || -1. |  0. |  0. ||  0. |  0. |  0. |
| -1. |  0. |  0. ||  0. |  1. | -1. ||  1. | -1. |  1. |
|  1. |  0. |  0. ||  0. |  0. |  0. ||  0. | -1. | -1. |
|=====+=====+=====||=====+=====+=====||=====+=====+=====|
|  0. |  1. | -1. ||  1. |  0. |  0. ||  0. |  0. | -1. |
|  0. |  0. |  0. ||  0. |  0. |  0. ||  0. |  1. |  1. |
|  0. | -1. |  0. ||  1. |  0. |  0. ||  0. |  0. |  0. |


state to eval, currenty is playerone turn=true

|  0. | -1. |  0. ||* 0. |* 0. |* 0. ||  0. |  1. |  0. |
|  1. |  0. | -1. ||*-1. |* 0. |* 1. ||  0. |  0. |  0. |
|  0. |  0. |  0. ||* 0. |* 0. |*-1. ||  0. |  0. |  1. |
|=====+=====+=====||=====+=====+=====||=====+=====+=====|
|  1. | -1. |  0. || -1. |  0. |  0. ||  0. |  0. |  0. |
| -1. |  0. |  0. ||  0. |  1. | -1. ||  1. | -1. |  1. |
|  1. |  0. |  0. ||  0. |  0. |  0. ||  0. | -1. | -1. |
|=====+=====+=====||=====+=====+=====||=====+=====+=====|
|  0. |  1. | -1. ||  1. |  0. |  0. ||  0. |  0. | -1. |
|  0. |  0. |  0. ||  0. |  0. |  0. ||  0. |  1. |  1. |
|  0. | -1. |  0. ||  1. |  0. |  0. ||  0. |  0. |  0. |


Determined best move using: 132433Iterations
Determined best move using: 88495Iterations
current State

|  0. | -1. |  0. ||  0. |  0. |  1. ||* 0. |* 1. |* 0. |
|  1. |  0. | -1. || -1. |  0. |  1. ||* 0. |* 0. |* 0. |
|  0. |  0. |  0. ||  0. |  0. | -1. ||* 0. |* 0. |* 1. |
|=====+=====+=====||=====+=====+=====||=====+=====+=====|
|  1. | -1. |  0. || -1. |  0. |  0. ||  0. |  0. |  0. |
| -1. |  0. |  0. ||  0. |  1. | -1. ||  1. | -1. |  1. |
|  1. |  0. |  0. ||  0. |  0. |  0. ||  0. | -1. | -1. |
|=====+=====+=====||=====+=====+=====||=====+=====+=====|
|  0. |  1. | -1. ||  1. |  0. |  0. ||  0. |  0. | -1. |
|  0. |  0. |  0. ||  0. |  0. |  0. ||  0. |  1. |  1. |
|  0. | -1. |  0. ||  1. |  0. |  0. ||  0. |  0. |  0. |


state to eval, currenty is playerone turn=false

| -0. |  1. | -0. || -0. | -0. | -1. ||*-0. |*-1. |*-0. |
| -1. | -0. |  1. ||  1. | -0. | -1. ||*-0. |*-0. |*-0. |
| -0. | -0. | -0. || -0. | -0. |  1. ||*-0. |*-0. |*-1. |
|=====+=====+=====||=====+=====+=====||=====+=====+=====|
| -1. |  1. | -0. ||  1. | -0. | -0. || -0. | -0. | -0. |
|  1. | -0. | -0. || -0. | -1. |  1. || -1. |  1. | -1. |
| -1. | -0. | -0. || -0. | -0. | -0. || -0. |  1. |  1. |
|=====+=====+=====||=====+=====+=====||=====+=====+=====|
| -0. | -1. |  1. || -1. | -0. | -0. || -0. | -0. |  1. |
| -0. | -0. | -0. || -0. | -0. | -0. || -0. | -1. | -1. |
| -0. |  1. | -0. || -1. | -0. | -0. || -0. | -0. | -0. |


current State

|  0. | -1. |  0. ||  0. |  0. |  1. ||  0. |  1. |  0. |
|  1. |  0. | -1. || -1. |  0. |  1. || -1. |  0. |  0. |
|  0. |  0. |  0. ||  0. |  0. | -1. ||  0. |  0. |  1. |
|=====+=====+=====||=====+=====+=====||=====+=====+=====|
|* 1. |*-1. |* 0. || -1. |  0. |  0. ||  0. |  0. |  0. |
|*-1. |* 0. |* 0. ||  0. |  1. | -1. ||  1. | -1. |  1. |
|* 1. |* 0. |* 0. ||  0. |  0. |  0. ||  0. | -1. | -1. |
|=====+=====+=====||=====+=====+=====||=====+=====+=====|
|  0. |  1. | -1. ||  1. |  0. |  0. ||  0. |  0. | -1. |
|  0. |  0. |  0. ||  0. |  0. |  0. ||  0. |  1. |  1. |
|  0. | -1. |  0. ||  1. |  0. |  0. ||  0. |  0. |  0. |


state to eval, currenty is playerone turn=true

|  0. | -1. |  0. ||  0. |  0. |  1. ||  0. |  1. |  0. |
|  1. |  0. | -1. || -1. |  0. |  1. || -1. |  0. |  0. |
|  0. |  0. |  0. ||  0. |  0. | -1. ||  0. |  0. |  1. |
|=====+=====+=====||=====+=====+=====||=====+=====+=====|
|* 1. |*-1. |* 0. || -1. |  0. |  0. ||  0. |  0. |  0. |
|*-1. |* 0. |* 0. ||  0. |  1. | -1. ||  1. | -1. |  1. |
|* 1. |* 0. |* 0. ||  0. |  0. |  0. ||  0. | -1. | -1. |
|=====+=====+=====||=====+=====+=====||=====+=====+=====|
|  0. |  1. | -1. ||  1. |  0. |  0. ||  0. |  0. | -1. |
|  0. |  0. |  0. ||  0. |  0. |  0. ||  0. |  1. |  1. |
|  0. | -1. |  0. ||  1. |  0. |  0. ||  0. |  0. |  0. |


current State

|  0. | -1. |  0. ||  0. |  0. |  1. ||  0. |  1. |  0. |
|  1. |  0. | -1. || -1. |  0. |  1. || -1. |  0. |  0. |
|  0. |  0. |  0. ||  0. |  0. | -1. ||  0. |  0. |  1. |
|=====+=====+=====||=====+=====+=====||=====+=====+=====|
|  1. | -1. |  0. || -1. |  0. |  0. ||* 0. |* 0. |* 0. |
| -1. |  0. |  1. ||  0. |  1. | -1. ||* 1. |*-1. |* 1. |
|  1. |  0. |  0. ||  0. |  0. |  0. ||* 0. |*-1. |*-1. |
|=====+=====+=====||=====+=====+=====||=====+=====+=====|
|  0. |  1. | -1. ||  1. |  0. |  0. ||  0. |  0. | -1. |
|  0. |  0. |  0. ||  0. |  0. |  0. ||  0. |  1. |  1. |
|  0. | -1. |  0. ||  1. |  0. |  0. ||  0. |  0. |  0. |


state to eval, currenty is playerone turn=false

| -0. |  1. | -0. || -0. | -0. | -1. || -0. | -1. | -0. |
| -1. | -0. |  1. ||  1. | -0. | -1. ||  1. | -0. | -0. |
| -0. | -0. | -0. || -0. | -0. |  1. || -0. | -0. | -1. |
|=====+=====+=====||=====+=====+=====||=====+=====+=====|
| -1. |  1. | -0. ||  1. | -0. | -0. ||*-0. |*-0. |*-0. |
|  1. | -0. | -1. || -0. | -1. |  1. ||*-1. |* 1. |*-1. |
| -1. | -0. | -0. || -0. | -0. | -0. ||*-0. |* 1. |* 1. |
|=====+=====+=====||=====+=====+=====||=====+=====+=====|
| -0. | -1. |  1. || -1. | -0. | -0. || -0. | -0. |  1. |
| -0. | -0. | -0. || -0. | -0. | -0. || -0. | -1. | -1. |
| -0. |  1. | -0. || -1. | -0. | -0. || -0. | -0. | -0. |


current State

|  0. | -1. |  0. ||* 0. |* 0. |* 1. ||  0. |  1. |  0. |
|  1. |  0. | -1. ||*-1. |* 0. |* 1. || -1. |  0. |  0. |
|  0. |  0. |  0. ||* 0. |* 0. |*-1. ||  0. |  0. |  1. |
|=====+=====+=====||=====+=====+=====||=====+=====+=====|
|  1. | -1. |  0. || -1. |  0. |  0. ||  0. | -1. |  0. |
| -1. |  0. |  1. ||  0. |  1. | -1. ||  1. | -1. |  1. |
|  1. |  0. |  0. ||  0. |  0. |  0. ||  0. | -1. | -1. |
|=====+=====+=====||=====+=====+=====||=====+=====+=====|
|  0. |  1. | -1. ||  1. |  0. |  0. ||  0. |  0. | -1. |
|  0. |  0. |  0. ||  0. |  0. |  0. ||  0. |  1. |  1. |
|  0. | -1. |  0. ||  1. |  0. |  0. ||  0. |  0. |  0. |


state to eval, currenty is playerone turn=true

|  0. | -1. |  0. ||* 0. |* 0. |* 1. ||  0. |  1. |  0. |
|  1. |  0. | -1. ||*-1. |* 0. |* 1. || -1. |  0. |  0. |
|  0. |  0. |  0. ||* 0. |* 0. |*-1. ||  0. |  0. |  1. |
|=====+=====+=====||=====+=====+=====||=====+=====+=====|
|  1. | -1. |  0. || -1. |  0. |  0. ||  0. | -1. |  0. |
| -1. |  0. |  1. ||  0. |  1. | -1. ||  1. | -1. |  1. |
|  1. |  0. |  0. ||  0. |  0. |  0. ||  0. | -1. | -1. |
|=====+=====+=====||=====+=====+=====||=====+=====+=====|
|  0. |  1. | -1. ||  1. |  0. |  0. ||  0. |  0. | -1. |
|  0. |  0. |  0. ||  0. |  0. |  0. ||  0. |  1. |  1. |
|  0. | -1. |  0. ||  1. |  0. |  0. ||  0. |  0. |  0. |


current State

|  0. | -1. |  0. ||* 0. |* 1. |* 1. ||  0. |  1. |  0. |
|  1. |  0. | -1. ||*-1. |* 0. |* 1. || -1. |  0. |  0. |
|  0. |  0. |  0. ||* 0. |* 0. |*-1. ||  0. |  0. |  1. |
|=====+=====+=====||=====+=====+=====||=====+=====+=====|
|  1. | -1. |  0. || -1. |  0. |  0. ||  0. | -1. |  0. |
| -1. |  0. |  1. ||  0. |  1. | -1. ||  1. | -1. |  1. |
|  1. |  0. |  0. ||  0. |  0. |  0. ||  0. | -1. | -1. |
|=====+=====+=====||=====+=====+=====||=====+=====+=====|
|  0. |  1. | -1. ||  1. |  0. |  0. ||  0. |  0. | -1. |
|  0. |  0. |  0. ||  0. |  0. |  0. ||  0. |  1. |  1. |
|  0. | -1. |  0. ||  1. |  0. |  0. ||  0. |  0. |  0. |


state to eval, currenty is playerone turn=false

| -0. |  1. | -0. ||*-0. |*-1. |*-1. || -0. | -1. | -0. |
| -1. | -0. |  1. ||* 1. |*-0. |*-1. ||  1. | -0. | -0. |
| -0. | -0. | -0. ||*-0. |*-0. |* 1. || -0. | -0. | -1. |
|=====+=====+=====||=====+=====+=====||=====+=====+=====|
| -1. |  1. | -0. ||  1. | -0. | -0. || -0. |  1. | -0. |
|  1. | -0. | -1. || -0. | -1. |  1. || -1. |  1. | -1. |
| -1. | -0. | -0. || -0. | -0. | -0. || -0. |  1. |  1. |
|=====+=====+=====||=====+=====+=====||=====+=====+=====|
| -0. | -1. |  1. || -1. | -0. | -0. || -0. | -0. |  1. |
| -0. | -0. | -0. || -0. | -0. | -0. || -0. | -1. | -1. |
| -0. |  1. | -0. || -1. | -0. | -0. || -0. | -0. | -0. |


Determined best move using: 93336Iterations
current State

|  0. | -1. |  0. ||  0. |  1. |  1. ||  0. |  1. |  0. |
|  1. |  0. | -1. || -1. | -1. |  1. || -1. |  0. |  0. |
|  0. |  0. |  0. ||  0. |  0. | -1. ||  0. |  0. |  1. |
|=====+=====+=====||=====+=====+=====||=====+=====+=====|
|  1. | -1. |  0. ||*-1. |* 0. |* 0. ||  0. | -1. |  0. |
| -1. |  0. |  1. ||* 0. |* 1. |*-1. ||  1. | -1. |  1. |
|  1. |  0. |  0. ||* 0. |* 0. |* 0. ||  0. | -1. | -1. |
|=====+=====+=====||=====+=====+=====||=====+=====+=====|
|  0. |  1. | -1. ||  1. |  0. |  0. ||  0. |  0. | -1. |
|  0. |  0. |  0. ||  0. |  0. |  0. ||  0. |  1. |  1. |
|  0. | -1. |  0. ||  1. |  0. |  0. ||  0. |  0. |  0. |


state to eval, currenty is playerone turn=true

|  0. | -1. |  0. ||  0. |  1. |  1. ||  0. |  1. |  0. |
|  1. |  0. | -1. || -1. | -1. |  1. || -1. |  0. |  0. |
|  0. |  0. |  0. ||  0. |  0. | -1. ||  0. |  0. |  1. |
|=====+=====+=====||=====+=====+=====||=====+=====+=====|
|  1. | -1. |  0. ||*-1. |* 0. |* 0. ||  0. | -1. |  0. |
| -1. |  0. |  1. ||* 0. |* 1. |*-1. ||  1. | -1. |  1. |
|  1. |  0. |  0. ||* 0. |* 0. |* 0. ||  0. | -1. | -1. |
|=====+=====+=====||=====+=====+=====||=====+=====+=====|
|  0. |  1. | -1. ||  1. |  0. |  0. ||  0. |  0. | -1. |
|  0. |  0. |  0. ||  0. |  0. |  0. ||  0. |  1. |  1. |
|  0. | -1. |  0. ||  1. |  0. |  0. ||  0. |  0. |  0. |


current State

|  0. | -1. |  0. ||  0. |  1. |  1. ||* 0. |* 1. |* 0. |
|  1. |  0. | -1. || -1. | -1. |  1. ||*-1. |* 0. |* 0. |
|  0. |  0. |  0. ||  0. |  0. | -1. ||* 0. |* 0. |* 1. |
|=====+=====+=====||=====+=====+=====||=====+=====+=====|
|  1. | -1. |  0. || -1. |  0. |  1. ||  0. | -1. |  0. |
| -1. |  0. |  1. ||  0. |  1. | -1. ||  1. | -1. |  1. |
|  1. |  0. |  0. ||  0. |  0. |  0. ||  0. | -1. | -1. |
|=====+=====+=====||=====+=====+=====||=====+=====+=====|
|  0. |  1. | -1. ||  1. |  0. |  0. ||  0. |  0. | -1. |
|  0. |  0. |  0. ||  0. |  0. |  0. ||  0. |  1. |  1. |
|  0. | -1. |  0. ||  1. |  0. |  0. ||  0. |  0. |  0. |


state to eval, currenty is playerone turn=false

| -0. |  1. | -0. || -0. | -1. | -1. ||*-0. |*-1. |*-0. |
| -1. | -0. |  1. ||  1. |  1. | -1. ||* 1. |*-0. |*-0. |
| -0. | -0. | -0. || -0. | -0. |  1. ||*-0. |*-0. |*-1. |
|=====+=====+=====||=====+=====+=====||=====+=====+=====|
| -1. |  1. | -0. ||  1. | -0. | -1. || -0. |  1. | -0. |
|  1. | -0. | -1. || -0. | -1. |  1. || -1. |  1. | -1. |
| -1. | -0. | -0. || -0. | -0. | -0. || -0. |  1. |  1. |
|=====+=====+=====||=====+=====+=====||=====+=====+=====|
| -0. | -1. |  1. || -1. | -0. | -0. || -0. | -0. |  1. |
| -0. | -0. | -0. || -0. | -0. | -0. || -0. | -1. | -1. |
| -0. |  1. | -0. || -1. | -0. | -0. || -0. | -0. | -0. |


Determined best move using: 81479Iterations
current State

|* 0. |*-1. |* 0. ||* 0. |* 1. |* 1. ||* 0. |* 1. |* 0. |
|* 1. |* 0. |*-1. ||*-1. |*-1. |* 1. ||*-1. |* 0. |*-1. |
|* 0. |* 0. |* 0. ||* 0. |* 0. |*-1. ||* 0. |* 0. |* 1. |
|=====+=====+=====||=====+=====+=====||=====+=====+=====|
|* 1. |*-1. |* 0. ||*-1. |* 0. |* 1. ||  0. | -1. |  0. |
|*-1. |* 0. |* 1. ||* 0. |* 1. |*-1. ||  1. | -1. |  1. |
|* 1. |* 0. |* 0. ||* 0. |* 0. |* 0. ||  0. | -1. | -1. |
|=====+=====+=====||=====+=====+=====||=====+=====+=====|
|* 0. |* 1. |*-1. ||* 1. |* 0. |* 0. ||* 0. |* 0. |*-1. |
|* 0. |* 0. |* 0. ||* 0. |* 0. |* 0. ||* 0. |* 1. |* 1. |
|* 0. |*-1. |* 0. ||* 1. |* 0. |* 0. ||* 0. |* 0. |* 0. |


state to eval, currenty is playerone turn=true

|* 0. |*-1. |* 0. ||* 0. |* 1. |* 1. ||* 0. |* 1. |* 0. |
|* 1. |* 0. |*-1. ||*-1. |*-1. |* 1. ||*-1. |* 0. |*-1. |
|* 0. |* 0. |* 0. ||* 0. |* 0. |*-1. ||* 0. |* 0. |* 1. |
|=====+=====+=====||=====+=====+=====||=====+=====+=====|
|* 1. |*-1. |* 0. ||*-1. |* 0. |* 1. ||  0. | -1. |  0. |
|*-1. |* 0. |* 1. ||* 0. |* 1. |*-1. ||  1. | -1. |  1. |
|* 1. |* 0. |* 0. ||* 0. |* 0. |* 0. ||  0. | -1. | -1. |
|=====+=====+=====||=====+=====+=====||=====+=====+=====|
|* 0. |* 1. |*-1. ||* 1. |* 0. |* 0. ||* 0. |* 0. |*-1. |
|* 0. |* 0. |* 0. ||* 0. |* 0. |* 0. ||* 0. |* 1. |* 1. |
|* 0. |*-1. |* 0. ||* 1. |* 0. |* 0. ||* 0. |* 0. |* 0. |


Determined best move using: 87814Iterations
current State

|  0. | -1. |  0. ||  0. |  1. |  1. ||  0. |  1. |  0. |
|  1. |  0. | -1. || -1. | -1. |  1. || -1. |  0. | -1. |
|  0. |  0. |  0. ||  0. |  0. | -1. ||  0. |  0. |  1. |
|=====+=====+=====||=====+=====+=====||=====+=====+=====|
|  1. | -1. |  0. || -1. |  0. |  1. ||  0. | -1. |  0. |
| -1. |  0. |  1. ||  0. |  1. | -1. ||  1. | -1. |  1. |
|  1. |  0. |  0. ||  0. |  0. |  0. ||  0. | -1. | -1. |
|=====+=====+=====||=====+=====+=====||=====+=====+=====|
|  0. |  1. | -1. ||  1. |  0. |  0. ||* 0. |* 0. |*-1. |
|  0. |  0. |  0. ||  0. |  0. |  0. ||* 0. |* 1. |* 1. |
|  0. | -1. |  0. ||  1. |  0. |  0. ||* 0. |* 0. |* 1. |


state to eval, currenty is playerone turn=false

| -0. |  1. | -0. || -0. | -1. | -1. || -0. | -1. | -0. |
| -1. | -0. |  1. ||  1. |  1. | -1. ||  1. | -0. |  1. |
| -0. | -0. | -0. || -0. | -0. |  1. || -0. | -0. | -1. |
|=====+=====+=====||=====+=====+=====||=====+=====+=====|
| -1. |  1. | -0. ||  1. | -0. | -1. || -0. |  1. | -0. |
|  1. | -0. | -1. || -0. | -1. |  1. || -1. |  1. | -1. |
| -1. | -0. | -0. || -0. | -0. | -0. || -0. |  1. |  1. |
|=====+=====+=====||=====+=====+=====||=====+=====+=====|
| -0. | -1. |  1. || -1. | -0. | -0. ||*-0. |*-0. |* 1. |
| -0. | -0. | -0. || -0. | -0. | -0. ||*-0. |*-1. |*-1. |
| -0. |  1. | -0. || -1. | -0. | -0. ||*-0. |*-0. |*-1. |


current State

|  0. | -1. |  0. ||* 0. |* 1. |* 1. ||  0. |  1. |  0. |
|  1. |  0. | -1. ||*-1. |*-1. |* 1. || -1. |  0. | -1. |
|  0. |  0. |  0. ||* 0. |* 0. |*-1. ||  0. |  0. |  1. |
|=====+=====+=====||=====+=====+=====||=====+=====+=====|
|  1. | -1. |  0. || -1. |  0. |  1. ||  0. | -1. |  0. |
| -1. |  0. |  1. ||  0. |  1. | -1. ||  1. | -1. |  1. |
|  1. |  0. |  0. ||  0. |  0. |  0. ||  0. | -1. | -1. |
|=====+=====+=====||=====+=====+=====||=====+=====+=====|
|  0. |  1. | -1. ||  1. |  0. |  0. ||  0. | -1. | -1. |
|  0. |  0. |  0. ||  0. |  0. |  0. ||  0. |  1. |  1. |
|  0. | -1. |  0. ||  1. |  0. |  0. ||  0. |  0. |  1. |


state to eval, currenty is playerone turn=true

|  0. | -1. |  0. ||* 0. |* 1. |* 1. ||  0. |  1. |  0. |
|  1. |  0. | -1. ||*-1. |*-1. |* 1. || -1. |  0. | -1. |
|  0. |  0. |  0. ||* 0. |* 0. |*-1. ||  0. |  0. |  1. |
|=====+=====+=====||=====+=====+=====||=====+=====+=====|
|  1. | -1. |  0. || -1. |  0. |  1. ||  0. | -1. |  0. |
| -1. |  0. |  1. ||  0. |  1. | -1. ||  1. | -1. |  1. |
|  1. |  0. |  0. ||  0. |  0. |  0. ||  0. | -1. | -1. |
|=====+=====+=====||=====+=====+=====||=====+=====+=====|
|  0. |  1. | -1. ||  1. |  0. |  0. ||  0. | -1. | -1. |
|  0. |  0. |  0. ||  0. |  0. |  0. ||  0. |  1. |  1. |
|  0. | -1. |  0. ||  1. |  0. |  0. ||  0. |  0. |  1. |


current State

|  0. | -1. |  0. ||  0. |  1. |  1. ||  0. |  1. |  0. |
|  1. |  0. | -1. || -1. | -1. |  1. || -1. |  0. | -1. |
|  0. |  0. |  0. ||  0. |  1. | -1. ||  0. |  0. |  1. |
|=====+=====+=====||=====+=====+=====||=====+=====+=====|
|  1. | -1. |  0. || -1. |  0. |  1. ||  0. | -1. |  0. |
| -1. |  0. |  1. ||  0. |  1. | -1. ||  1. | -1. |  1. |
|  1. |  0. |  0. ||  0. |  0. |  0. ||  0. | -1. | -1. |
|=====+=====+=====||=====+=====+=====||=====+=====+=====|
|  0. |  1. | -1. ||* 1. |* 0. |* 0. ||  0. | -1. | -1. |
|  0. |  0. |  0. ||* 0. |* 0. |* 0. ||  0. |  1. |  1. |
|  0. | -1. |  0. ||* 1. |* 0. |* 0. ||  0. |  0. |  1. |


state to eval, currenty is playerone turn=false

| -0. |  1. | -0. || -0. | -1. | -1. || -0. | -1. | -0. |
| -1. | -0. |  1. ||  1. |  1. | -1. ||  1. | -0. |  1. |
| -0. | -0. | -0. || -0. | -1. |  1. || -0. | -0. | -1. |
|=====+=====+=====||=====+=====+=====||=====+=====+=====|
| -1. |  1. | -0. ||  1. | -0. | -1. || -0. |  1. | -0. |
|  1. | -0. | -1. || -0. | -1. |  1. || -1. |  1. | -1. |
| -1. | -0. | -0. || -0. | -0. | -0. || -0. |  1. |  1. |
|=====+=====+=====||=====+=====+=====||=====+=====+=====|
| -0. | -1. |  1. ||*-1. |*-0. |*-0. || -0. |  1. |  1. |
| -0. | -0. | -0. ||*-0. |*-0. |*-0. || -0. | -1. | -1. |
| -0. |  1. | -0. ||*-1. |*-0. |*-0. || -0. | -0. | -1. |


Determined best move using: 108671Iterations
current State

|  0. | -1. |  0. ||* 0. |* 1. |* 1. ||  0. |  1. |  0. |
|  1. |  0. | -1. ||*-1. |*-1. |* 1. || -1. |  0. | -1. |
|  0. |  0. |  0. ||* 0. |* 1. |*-1. ||  0. |  0. |  1. |
|=====+=====+=====||=====+=====+=====||=====+=====+=====|
|  1. | -1. |  0. || -1. |  0. |  1. ||  0. | -1. |  0. |
| -1. |  0. |  1. ||  0. |  1. | -1. ||  1. | -1. |  1. |
|  1. |  0. |  0. ||  0. |  0. |  0. ||  0. | -1. | -1. |
|=====+=====+=====||=====+=====+=====||=====+=====+=====|
|  0. |  1. | -1. ||  1. | -1. |  0. ||  0. | -1. | -1. |
|  0. |  0. |  0. ||  0. |  0. |  0. ||  0. |  1. |  1. |
|  0. | -1. |  0. ||  1. |  0. |  0. ||  0. |  0. |  1. |


state to eval, currenty is playerone turn=true

|  0. | -1. |  0. ||* 0. |* 1. |* 1. ||  0. |  1. |  0. |
|  1. |  0. | -1. ||*-1. |*-1. |* 1. || -1. |  0. | -1. |
|  0. |  0. |  0. ||* 0. |* 1. |*-1. ||  0. |  0. |  1. |
|=====+=====+=====||=====+=====+=====||=====+=====+=====|
|  1. | -1. |  0. || -1. |  0. |  1. ||  0. | -1. |  0. |
| -1. |  0. |  1. ||  0. |  1. | -1. ||  1. | -1. |  1. |
|  1. |  0. |  0. ||  0. |  0. |  0. ||  0. | -1. | -1. |
|=====+=====+=====||=====+=====+=====||=====+=====+=====|
|  0. |  1. | -1. ||  1. | -1. |  0. ||  0. | -1. | -1. |
|  0. |  0. |  0. ||  0. |  0. |  0. ||  0. |  1. |  1. |
|  0. | -1. |  0. ||  1. |  0. |  0. ||  0. |  0. |  1. |


current State

|* 0. |*-1. |* 0. ||  1. |  1. |  1. ||  0. |  1. |  0. |
|* 1. |* 0. |*-1. || -1. | -1. |  1. || -1. |  0. | -1. |
|* 0. |* 0. |* 0. ||  0. |  1. | -1. ||  0. |  0. |  1. |
|=====+=====+=====||=====+=====+=====||=====+=====+=====|
|  1. | -1. |  0. || -1. |  0. |  1. ||  0. | -1. |  0. |
| -1. |  0. |  1. ||  0. |  1. | -1. ||  1. | -1. |  1. |
|  1. |  0. |  0. ||  0. |  0. |  0. ||  0. | -1. | -1. |
|=====+=====+=====||=====+=====+=====||=====+=====+=====|
|  0. |  1. | -1. ||  1. | -1. |  0. ||  0. | -1. | -1. |
|  0. |  0. |  0. ||  0. |  0. |  0. ||  0. |  1. |  1. |
|  0. | -1. |  0. ||  1. |  0. |  0. ||  0. |  0. |  1. |


state to eval, currenty is playerone turn=false

|*-0. |* 1. |*-0. || -1. | -1. | -1. || -0. | -1. | -0. |
|*-1. |*-0. |* 1. ||  1. |  1. | -1. ||  1. | -0. |  1. |
|*-0. |*-0. |*-0. || -0. | -1. |  1. || -0. | -0. | -1. |
|=====+=====+=====||=====+=====+=====||=====+=====+=====|
| -1. |  1. | -0. ||  1. | -0. | -1. || -0. |  1. | -0. |
|  1. | -0. | -1. || -0. | -1. |  1. || -1. |  1. | -1. |
| -1. | -0. | -0. || -0. | -0. | -0. || -0. |  1. |  1. |
|=====+=====+=====||=====+=====+=====||=====+=====+=====|
| -0. | -1. |  1. || -1. |  1. | -0. || -0. |  1. |  1. |
| -0. | -0. | -0. || -0. | -0. | -0. || -0. | -1. | -1. |
| -0. |  1. | -0. || -1. | -0. | -0. || -0. | -0. | -1. |


Determined best move using: 113501Iterations
Determined best move using: 115816Iterations
current State

|  0. | -1. |  0. ||  1. |  1. |  1. ||  0. |  1. |  0. |
|  1. |  0. | -1. || -1. | -1. |  1. || -1. |  0. | -1. |
|  0. | -1. |  0. ||  0. |  1. | -1. ||  0. |  0. |  1. |
|=====+=====+=====||=====+=====+=====||=====+=====+=====|
|  1. | -1. |  0. || -1. |  0. |  1. ||  0. | -1. |  0. |
| -1. |  0. |  1. ||  0. |  1. | -1. ||  1. | -1. |  1. |
|  1. |  0. |  0. ||  0. |  0. |  0. ||  0. | -1. | -1. |
|=====+=====+=====||=====+=====+=====||=====+=====+=====|
|  0. |  1. | -1. ||* 1. |*-1. |* 0. ||  0. | -1. | -1. |
|  0. |  0. |  0. ||* 0. |* 0. |* 0. ||  0. |  1. |  1. |
|  0. | -1. |  0. ||* 1. |* 0. |* 0. ||  0. |  0. |  1. |


state to eval, currenty is playerone turn=true

|  0. | -1. |  0. ||  1. |  1. |  1. ||  0. |  1. |  0. |
|  1. |  0. | -1. || -1. | -1. |  1. || -1. |  0. | -1. |
|  0. | -1. |  0. ||  0. |  1. | -1. ||  0. |  0. |  1. |
|=====+=====+=====||=====+=====+=====||=====+=====+=====|
|  1. | -1. |  0. || -1. |  0. |  1. ||  0. | -1. |  0. |
| -1. |  0. |  1. ||  0. |  1. | -1. ||  1. | -1. |  1. |
|  1. |  0. |  0. ||  0. |  0. |  0. ||  0. | -1. | -1. |
|=====+=====+=====||=====+=====+=====||=====+=====+=====|
|  0. |  1. | -1. ||* 1. |*-1. |* 0. ||  0. | -1. | -1. |
|  0. |  0. |  0. ||* 0. |* 0. |* 0. ||  0. |  1. |  1. |
|  0. | -1. |  0. ||* 1. |* 0. |* 0. ||  0. |  0. |  1. |


Determined best move using: 115416Iterations
Determined best move using: 119780Iterations
current State

|  0. | -1. |  0. ||  1. |  1. |  1. ||  0. |  1. |  0. |
|  1. |  0. | -1. || -1. | -1. |  1. || -1. |  0. | -1. |
|  0. | -1. |  0. ||  0. |  1. | -1. ||  0. |  0. |  1. |
|=====+=====+=====||=====+=====+=====||=====+=====+=====|
|* 1. |*-1. |* 0. || -1. |  0. |  1. ||  0. | -1. |  0. |
|*-1. |* 0. |* 1. ||  0. |  1. | -1. ||  1. | -1. |  1. |
|* 1. |* 0. |* 0. ||  0. |  0. |  0. ||  0. | -1. | -1. |
|=====+=====+=====||=====+=====+=====||=====+=====+=====|
|  0. |  1. | -1. ||  1. | -1. |  0. ||  0. | -1. | -1. |
|  0. |  0. |  0. ||  1. |  0. |  0. ||  0. |  1. |  1. |
|  0. | -1. |  0. ||  1. |  0. |  0. ||  0. |  0. |  1. |


state to eval, currenty is playerone turn=false

| -0. |  1. | -0. || -1. | -1. | -1. || -0. | -1. | -0. |
| -1. | -0. |  1. ||  1. |  1. | -1. ||  1. | -0. |  1. |
| -0. |  1. | -0. || -0. | -1. |  1. || -0. | -0. | -1. |
|=====+=====+=====||=====+=====+=====||=====+=====+=====|
|*-1. |* 1. |*-0. ||  1. | -0. | -1. || -0. |  1. | -0. |
|* 1. |*-0. |*-1. || -0. | -1. |  1. || -1. |  1. | -1. |
|*-1. |*-0. |*-0. || -0. | -0. | -0. || -0. |  1. |  1. |
|=====+=====+=====||=====+=====+=====||=====+=====+=====|
| -0. | -1. |  1. || -1. |  1. | -0. || -0. |  1. |  1. |
| -0. | -0. | -0. || -1. | -0. | -0. || -0. | -1. | -1. |
| -0. |  1. | -0. || -1. | -0. | -0. || -0. | -0. | -1. |


Determined best move using: 123076Iterations
current State

|  0. | -1. |  0. ||  1. |  1. |  1. ||  0. |  1. |  0. |
|  1. |  0. | -1. || -1. | -1. |  1. || -1. |  0. | -1. |
|  0. | -1. |  0. ||  0. |  1. | -1. ||  0. |  0. |  1. |
|=====+=====+=====||=====+=====+=====||=====+=====+=====|
|  1. | -1. |  0. ||*-1. |* 0. |* 1. ||  0. | -1. |  0. |
| -1. | -1. |  1. ||* 0. |* 1. |*-1. ||  1. | -1. |  1. |
|  1. |  0. |  0. ||* 0. |* 0. |* 0. ||  0. | -1. | -1. |
|=====+=====+=====||=====+=====+=====||=====+=====+=====|
|  0. |  1. | -1. ||  1. | -1. |  0. ||  0. | -1. | -1. |
|  0. |  0. |  0. ||  1. |  0. |  0. ||  0. |  1. |  1. |
|  0. | -1. |  0. ||  1. |  0. |  0. ||  0. |  0. |  1. |


state to eval, currenty is playerone turn=true

|  0. | -1. |  0. ||  1. |  1. |  1. ||  0. |  1. |  0. |
|  1. |  0. | -1. || -1. | -1. |  1. || -1. |  0. | -1. |
|  0. | -1. |  0. ||  0. |  1. | -1. ||  0. |  0. |  1. |
|=====+=====+=====||=====+=====+=====||=====+=====+=====|
|  1. | -1. |  0. ||*-1. |* 0. |* 1. ||  0. | -1. |  0. |
| -1. | -1. |  1. ||* 0. |* 1. |*-1. ||  1. | -1. |  1. |
|  1. |  0. |  0. ||* 0. |* 0. |* 0. ||  0. | -1. | -1. |
|=====+=====+=====||=====+=====+=====||=====+=====+=====|
|  0. |  1. | -1. ||  1. | -1. |  0. ||  0. | -1. | -1. |
|  0. |  0. |  0. ||  1. |  0. |  0. ||  0. |  1. |  1. |
|  0. | -1. |  0. ||  1. |  0. |  0. ||  0. |  0. |  1. |


