Saving data to: W:\Labs\ME\ME187-Fall2024\StudentFiles\CALEBHOTTES\UTTTstuff\series1
Begin custom message: 
DataSeries: series1 game number: 72 

Description: RUCH 238 3.5-4GHz processor. 

Evaluator config=EvaluatorConfiguration{cValue=2.0, maxRolloutDepth=1000, computeTime=30, threads=1, stupidity=0, allowForcePlay=false, maxMyCPU=false}
End custom message
Inital State: 

|* 0. |* 0. |* 0. ||* 0. |* 0. |* 0. ||* 0. |* 0. |* 0. |
|* 0. |* 0. |* 0. ||* 0. |* 0. |* 0. ||* 0. |* 0. |* 0. |
|* 0. |* 0. |* 0. ||* 0. |* 0. |* 0. ||* 0. |* 0. |* 0. |
|=====+=====+=====||=====+=====+=====||=====+=====+=====|
|* 0. |* 0. |* 0. ||* 0. |* 0. |* 0. ||* 0. |* 0. |* 0. |
|* 0. |* 0. |* 0. ||* 0. |* 0. |* 0. ||* 0. |* 0. |* 0. |
|* 0. |* 0. |* 0. ||* 0. |* 0. |* 0. ||* 0. |* 0. |* 0. |
|=====+=====+=====||=====+=====+=====||=====+=====+=====|
|* 0. |* 0. |* 0. ||* 0. |* 0. |* 0. ||* 0. |* 0. |* 0. |
|* 0. |* 0. |* 0. ||* 0. |* 0. |* 0. ||* 0. |* 0. |* 0. |
|* 0. |* 0. |* 0. ||* 0. |* 0. |* 0. ||* 0. |* 0. |* 0. |


state to eval, currenty is playerone turn=true

|* 0. |* 0. |* 0. ||* 0. |* 0. |* 0. ||* 0. |* 0. |* 0. |
|* 0. |* 0. |* 0. ||* 0. |* 0. |* 0. ||* 0. |* 0. |* 0. |
|* 0. |* 0. |* 0. ||* 0. |* 0. |* 0. ||* 0. |* 0. |* 0. |
|=====+=====+=====||=====+=====+=====||=====+=====+=====|
|* 0. |* 0. |* 0. ||* 0. |* 0. |* 0. ||* 0. |* 0. |* 0. |
|* 0. |* 0. |* 0. ||* 0. |* 0. |* 0. ||* 0. |* 0. |* 0. |
|* 0. |* 0. |* 0. ||* 0. |* 0. |* 0. ||* 0. |* 0. |* 0. |
|=====+=====+=====||=====+=====+=====||=====+=====+=====|
|* 0. |* 0. |* 0. ||* 0. |* 0. |* 0. ||* 0. |* 0. |* 0. |
|* 0. |* 0. |* 0. ||* 0. |* 0. |* 0. ||* 0. |* 0. |* 0. |
|* 0. |* 0. |* 0. ||* 0. |* 0. |* 0. ||* 0. |* 0. |* 0. |


Determined best move using: 158101Iterations
current State

|  0. |  0. |  0. ||  0. |  0. |  0. ||  0. |  0. |  0. |
|  0. |  0. |  0. ||  0. |  0. |  0. ||  0. |  0. |  0. |
|  0. |  0. |  0. ||  0. |  0. |  0. ||  0. |  0. |  0. |
|=====+=====+=====||=====+=====+=====||=====+=====+=====|
|  0. |  0. |  0. ||  0. |  0. |  0. ||  0. |  0. |  0. |
|  0. |  0. |  0. ||  0. |  0. |  0. ||  0. |  0. |  0. |
|  0. |  0. |  0. ||  0. |  0. |  0. ||  0. |  1. |  0. |
|=====+=====+=====||=====+=====+=====||=====+=====+=====|
|  0. |  0. |  0. ||* 0. |* 0. |* 0. ||  0. |  0. |  0. |
|  0. |  0. |  0. ||* 0. |* 0. |* 0. ||  0. |  0. |  0. |
|  0. |  0. |  0. ||* 0. |* 0. |* 0. ||  0. |  0. |  0. |


state to eval, currenty is playerone turn=false

| -0. | -0. | -0. || -0. | -0. | -0. || -0. | -0. | -0. |
| -0. | -0. | -0. || -0. | -0. | -0. || -0. | -0. | -0. |
| -0. | -0. | -0. || -0. | -0. | -0. || -0. | -0. | -0. |
|=====+=====+=====||=====+=====+=====||=====+=====+=====|
| -0. | -0. | -0. || -0. | -0. | -0. || -0. | -0. | -0. |
| -0. | -0. | -0. || -0. | -0. | -0. || -0. | -0. | -0. |
| -0. | -0. | -0. || -0. | -0. | -0. || -0. | -1. | -0. |
|=====+=====+=====||=====+=====+=====||=====+=====+=====|
| -0. | -0. | -0. ||*-0. |*-0. |*-0. || -0. | -0. | -0. |
| -0. | -0. | -0. ||*-0. |*-0. |*-0. || -0. | -0. | -0. |
| -0. | -0. | -0. ||*-0. |*-0. |*-0. || -0. | -0. | -0. |


current State

|  0. |  0. |  0. ||  0. |  0. |  0. ||  0. |  0. |  0. |
|  0. |  0. |  0. ||  0. |  0. |  0. ||  0. |  0. |  0. |
|  0. |  0. |  0. ||  0. |  0. |  0. ||  0. |  0. |  0. |
|=====+=====+=====||=====+=====+=====||=====+=====+=====|
|  0. |  0. |  0. ||  0. |  0. |  0. ||* 0. |* 0. |* 0. |
|  0. |  0. |  0. ||  0. |  0. |  0. ||* 0. |* 0. |* 0. |
|  0. |  0. |  0. ||  0. |  0. |  0. ||* 0. |* 1. |* 0. |
|=====+=====+=====||=====+=====+=====||=====+=====+=====|
|  0. |  0. |  0. ||  0. |  0. |  0. ||  0. |  0. |  0. |
|  0. |  0. |  0. ||  0. |  0. | -1. ||  0. |  0. |  0. |
|  0. |  0. |  0. ||  0. |  0. |  0. ||  0. |  0. |  0. |


state to eval, currenty is playerone turn=true

|  0. |  0. |  0. ||  0. |  0. |  0. ||  0. |  0. |  0. |
|  0. |  0. |  0. ||  0. |  0. |  0. ||  0. |  0. |  0. |
|  0. |  0. |  0. ||  0. |  0. |  0. ||  0. |  0. |  0. |
|=====+=====+=====||=====+=====+=====||=====+=====+=====|
|  0. |  0. |  0. ||  0. |  0. |  0. ||* 0. |* 0. |* 0. |
|  0. |  0. |  0. ||  0. |  0. |  0. ||* 0. |* 0. |* 0. |
|  0. |  0. |  0. ||  0. |  0. |  0. ||* 0. |* 1. |* 0. |
|=====+=====+=====||=====+=====+=====||=====+=====+=====|
|  0. |  0. |  0. ||  0. |  0. |  0. ||  0. |  0. |  0. |
|  0. |  0. |  0. ||  0. |  0. | -1. ||  0. |  0. |  0. |
|  0. |  0. |  0. ||  0. |  0. |  0. ||  0. |  0. |  0. |


current State

|  0. |  0. |  0. ||  0. |  0. |  0. ||  0. |  0. |  0. |
|  0. |  0. |  0. ||  0. |  0. |  0. ||  0. |  0. |  0. |
|  0. |  0. |  0. ||  0. |  0. |  0. ||  0. |  0. |  0. |
|=====+=====+=====||=====+=====+=====||=====+=====+=====|
|  0. |  0. |  0. ||  0. |  0. |  0. ||* 0. |* 0. |* 0. |
|  0. |  0. |  0. ||  0. |  0. |  0. ||* 0. |* 0. |* 1. |
|  0. |  0. |  0. ||  0. |  0. |  0. ||* 0. |* 1. |* 0. |
|=====+=====+=====||=====+=====+=====||=====+=====+=====|
|  0. |  0. |  0. ||  0. |  0. |  0. ||  0. |  0. |  0. |
|  0. |  0. |  0. ||  0. |  0. | -1. ||  0. |  0. |  0. |
|  0. |  0. |  0. ||  0. |  0. |  0. ||  0. |  0. |  0. |


state to eval, currenty is playerone turn=false

| -0. | -0. | -0. || -0. | -0. | -0. || -0. | -0. | -0. |
| -0. | -0. | -0. || -0. | -0. | -0. || -0. | -0. | -0. |
| -0. | -0. | -0. || -0. | -0. | -0. || -0. | -0. | -0. |
|=====+=====+=====||=====+=====+=====||=====+=====+=====|
| -0. | -0. | -0. || -0. | -0. | -0. ||*-0. |*-0. |*-0. |
| -0. | -0. | -0. || -0. | -0. | -0. ||*-0. |*-0. |*-1. |
| -0. | -0. | -0. || -0. | -0. | -0. ||*-0. |*-1. |*-0. |
|=====+=====+=====||=====+=====+=====||=====+=====+=====|
| -0. | -0. | -0. || -0. | -0. | -0. || -0. | -0. | -0. |
| -0. | -0. | -0. || -0. | -0. |  1. || -0. | -0. | -0. |
| -0. | -0. | -0. || -0. | -0. | -0. || -0. | -0. | -0. |


current State

|  0. |  0. |  0. ||  0. |  0. |  0. ||  0. |  0. |  0. |
|  0. |  0. |  0. ||  0. |  0. |  0. ||  0. |  0. |  0. |
|  0. |  0. |  0. ||  0. |  0. |  0. ||  0. |  0. |  0. |
|=====+=====+=====||=====+=====+=====||=====+=====+=====|
|  0. |  0. |  0. ||  0. |  0. |  0. ||  0. |  0. |  0. |
|  0. |  0. |  0. ||  0. |  0. |  0. ||  0. |  0. |  1. |
|  0. |  0. |  0. ||  0. |  0. |  0. || -1. |  1. |  0. |
|=====+=====+=====||=====+=====+=====||=====+=====+=====|
|* 0. |* 0. |* 0. ||  0. |  0. |  0. ||  0. |  0. |  0. |
|* 0. |* 0. |* 0. ||  0. |  0. | -1. ||  0. |  0. |  0. |
|* 0. |* 0. |* 0. ||  0. |  0. |  0. ||  0. |  0. |  0. |


state to eval, currenty is playerone turn=true

|  0. |  0. |  0. ||  0. |  0. |  0. ||  0. |  0. |  0. |
|  0. |  0. |  0. ||  0. |  0. |  0. ||  0. |  0. |  0. |
|  0. |  0. |  0. ||  0. |  0. |  0. ||  0. |  0. |  0. |
|=====+=====+=====||=====+=====+=====||=====+=====+=====|
|  0. |  0. |  0. ||  0. |  0. |  0. ||  0. |  0. |  0. |
|  0. |  0. |  0. ||  0. |  0. |  0. ||  0. |  0. |  1. |
|  0. |  0. |  0. ||  0. |  0. |  0. || -1. |  1. |  0. |
|=====+=====+=====||=====+=====+=====||=====+=====+=====|
|* 0. |* 0. |* 0. ||  0. |  0. |  0. ||  0. |  0. |  0. |
|* 0. |* 0. |* 0. ||  0. |  0. | -1. ||  0. |  0. |  0. |
|* 0. |* 0. |* 0. ||  0. |  0. |  0. ||  0. |  0. |  0. |


Determined best move using: 160983Iterations
Determined best move using: 65398Iterations
Determined best move using: 210307Iterations
current State

|  0. |  0. |  0. ||* 0. |* 0. |* 0. ||  0. |  0. |  0. |
|  0. |  0. |  0. ||* 0. |* 0. |* 0. ||  0. |  0. |  0. |
|  0. |  0. |  0. ||* 0. |* 0. |* 0. ||  0. |  0. |  0. |
|=====+=====+=====||=====+=====+=====||=====+=====+=====|
|  0. |  0. |  0. ||  0. |  0. |  0. ||  0. |  0. |  0. |
|  0. |  0. |  0. ||  0. |  0. |  0. ||  0. |  0. |  1. |
|  0. |  0. |  0. ||  0. |  0. |  0. || -1. |  1. |  0. |
|=====+=====+=====||=====+=====+=====||=====+=====+=====|
|  0. |  1. |  0. ||  0. |  0. |  0. ||  0. |  0. |  0. |
|  0. |  0. |  0. ||  0. |  0. | -1. ||  0. |  0. |  0. |
|  0. |  0. |  0. ||  0. |  0. |  0. ||  0. |  0. |  0. |


state to eval, currenty is playerone turn=false

| -0. | -0. | -0. ||*-0. |*-0. |*-0. || -0. | -0. | -0. |
| -0. | -0. | -0. ||*-0. |*-0. |*-0. || -0. | -0. | -0. |
| -0. | -0. | -0. ||*-0. |*-0. |*-0. || -0. | -0. | -0. |
|=====+=====+=====||=====+=====+=====||=====+=====+=====|
| -0. | -0. | -0. || -0. | -0. | -0. || -0. | -0. | -0. |
| -0. | -0. | -0. || -0. | -0. | -0. || -0. | -0. | -1. |
| -0. | -0. | -0. || -0. | -0. | -0. ||  1. | -1. | -0. |
|=====+=====+=====||=====+=====+=====||=====+=====+=====|
| -0. | -1. | -0. || -0. | -0. | -0. || -0. | -0. | -0. |
| -0. | -0. | -0. || -0. | -0. |  1. || -0. | -0. | -0. |
| -0. | -0. | -0. || -0. | -0. | -0. || -0. | -0. | -0. |


Determined best move using: 65086Iterations
current State

|  0. |  0. |  0. ||  0. |  0. |  0. ||  0. |  0. |  0. |
|  0. |  0. |  0. ||  0. |  0. |  0. ||  0. |  0. |  0. |
|  0. |  0. |  0. || -1. |  0. |  0. ||  0. |  0. |  0. |
|=====+=====+=====||=====+=====+=====||=====+=====+=====|
|  0. |  0. |  0. ||  0. |  0. |  0. ||  0. |  0. |  0. |
|  0. |  0. |  0. ||  0. |  0. |  0. ||  0. |  0. |  1. |
|  0. |  0. |  0. ||  0. |  0. |  0. || -1. |  1. |  0. |
|=====+=====+=====||=====+=====+=====||=====+=====+=====|
|* 0. |* 1. |* 0. ||  0. |  0. |  0. ||  0. |  0. |  0. |
|* 0. |* 0. |* 0. ||  0. |  0. | -1. ||  0. |  0. |  0. |
|* 0. |* 0. |* 0. ||  0. |  0. |  0. ||  0. |  0. |  0. |


state to eval, currenty is playerone turn=true

|  0. |  0. |  0. ||  0. |  0. |  0. ||  0. |  0. |  0. |
|  0. |  0. |  0. ||  0. |  0. |  0. ||  0. |  0. |  0. |
|  0. |  0. |  0. || -1. |  0. |  0. ||  0. |  0. |  0. |
|=====+=====+=====||=====+=====+=====||=====+=====+=====|
|  0. |  0. |  0. ||  0. |  0. |  0. ||  0. |  0. |  0. |
|  0. |  0. |  0. ||  0. |  0. |  0. ||  0. |  0. |  1. |
|  0. |  0. |  0. ||  0. |  0. |  0. || -1. |  1. |  0. |
|=====+=====+=====||=====+=====+=====||=====+=====+=====|
|* 0. |* 1. |* 0. ||  0. |  0. |  0. ||  0. |  0. |  0. |
|* 0. |* 0. |* 0. ||  0. |  0. | -1. ||  0. |  0. |  0. |
|* 0. |* 0. |* 0. ||  0. |  0. |  0. ||  0. |  0. |  0. |


Determined best move using: 62476Iterations
current State

|* 0. |* 0. |* 0. ||  0. |  0. |  0. ||  0. |  0. |  0. |
|* 0. |* 0. |* 0. ||  0. |  0. |  0. ||  0. |  0. |  0. |
|* 0. |* 0. |* 0. || -1. |  0. |  0. ||  0. |  0. |  0. |
|=====+=====+=====||=====+=====+=====||=====+=====+=====|
|  0. |  0. |  0. ||  0. |  0. |  0. ||  0. |  0. |  0. |
|  0. |  0. |  0. ||  0. |  0. |  0. ||  0. |  0. |  1. |
|  0. |  0. |  0. ||  0. |  0. |  0. || -1. |  1. |  0. |
|=====+=====+=====||=====+=====+=====||=====+=====+=====|
|  1. |  1. |  0. ||  0. |  0. |  0. ||  0. |  0. |  0. |
|  0. |  0. |  0. ||  0. |  0. | -1. ||  0. |  0. |  0. |
|  0. |  0. |  0. ||  0. |  0. |  0. ||  0. |  0. |  0. |


state to eval, currenty is playerone turn=false

|*-0. |*-0. |*-0. || -0. | -0. | -0. || -0. | -0. | -0. |
|*-0. |*-0. |*-0. || -0. | -0. | -0. || -0. | -0. | -0. |
|*-0. |*-0. |*-0. ||  1. | -0. | -0. || -0. | -0. | -0. |
|=====+=====+=====||=====+=====+=====||=====+=====+=====|
| -0. | -0. | -0. || -0. | -0. | -0. || -0. | -0. | -0. |
| -0. | -0. | -0. || -0. | -0. | -0. || -0. | -0. | -1. |
| -0. | -0. | -0. || -0. | -0. | -0. ||  1. | -1. | -0. |
|=====+=====+=====||=====+=====+=====||=====+=====+=====|
| -1. | -1. | -0. || -0. | -0. | -0. || -0. | -0. | -0. |
| -0. | -0. | -0. || -0. | -0. |  1. || -0. | -0. | -0. |
| -0. | -0. | -0. || -0. | -0. | -0. || -0. | -0. | -0. |


Determined best move using: 60606Iterations
Determined best move using: 60057Iterations
current State

|  0. |  0. |  0. ||  0. |  0. |  0. ||  0. |  0. |  0. |
|  0. | -1. |  0. ||  0. |  0. |  0. ||  0. |  0. |  0. |
|  0. |  0. |  0. || -1. |  0. |  0. ||  0. |  0. |  0. |
|=====+=====+=====||=====+=====+=====||=====+=====+=====|
|  0. |  0. |  0. ||* 0. |* 0. |* 0. ||  0. |  0. |  0. |
|  0. |  0. |  0. ||* 0. |* 0. |* 0. ||  0. |  0. |  1. |
|  0. |  0. |  0. ||* 0. |* 0. |* 0. || -1. |  1. |  0. |
|=====+=====+=====||=====+=====+=====||=====+=====+=====|
|  1. |  1. |  0. ||  0. |  0. |  0. ||  0. |  0. |  0. |
|  0. |  0. |  0. ||  0. |  0. | -1. ||  0. |  0. |  0. |
|  0. |  0. |  0. ||  0. |  0. |  0. ||  0. |  0. |  0. |


state to eval, currenty is playerone turn=true

|  0. |  0. |  0. ||  0. |  0. |  0. ||  0. |  0. |  0. |
|  0. | -1. |  0. ||  0. |  0. |  0. ||  0. |  0. |  0. |
|  0. |  0. |  0. || -1. |  0. |  0. ||  0. |  0. |  0. |
|=====+=====+=====||=====+=====+=====||=====+=====+=====|
|  0. |  0. |  0. ||* 0. |* 0. |* 0. ||  0. |  0. |  0. |
|  0. |  0. |  0. ||* 0. |* 0. |* 0. ||  0. |  0. |  1. |
|  0. |  0. |  0. ||* 0. |* 0. |* 0. || -1. |  1. |  0. |
|=====+=====+=====||=====+=====+=====||=====+=====+=====|
|  1. |  1. |  0. ||  0. |  0. |  0. ||  0. |  0. |  0. |
|  0. |  0. |  0. ||  0. |  0. | -1. ||  0. |  0. |  0. |
|  0. |  0. |  0. ||  0. |  0. |  0. ||  0. |  0. |  0. |


Determined best move using: 61771Iterations
Determined best move using: 65699Iterations
current State

|  0. |  0. |  0. ||  0. |  0. |  0. ||  0. |  0. |  0. |
|  0. | -1. |  0. ||  0. |  0. |  0. ||  0. |  0. |  0. |
|  0. |  0. |  0. || -1. |  0. |  0. ||  0. |  0. |  0. |
|=====+=====+=====||=====+=====+=====||=====+=====+=====|
|  0. |  0. |  0. ||  0. |  0. |  0. ||  0. |  0. |  0. |
|  0. |  0. |  0. ||  0. |  0. |  0. ||  0. |  0. |  1. |
|  0. |  0. |  0. ||  1. |  0. |  0. || -1. |  1. |  0. |
|=====+=====+=====||=====+=====+=====||=====+=====+=====|
|* 1. |* 1. |* 0. ||  0. |  0. |  0. ||  0. |  0. |  0. |
|* 0. |* 0. |* 0. ||  0. |  0. | -1. ||  0. |  0. |  0. |
|* 0. |* 0. |* 0. ||  0. |  0. |  0. ||  0. |  0. |  0. |


state to eval, currenty is playerone turn=false

| -0. | -0. | -0. || -0. | -0. | -0. || -0. | -0. | -0. |
| -0. |  1. | -0. || -0. | -0. | -0. || -0. | -0. | -0. |
| -0. | -0. | -0. ||  1. | -0. | -0. || -0. | -0. | -0. |
|=====+=====+=====||=====+=====+=====||=====+=====+=====|
| -0. | -0. | -0. || -0. | -0. | -0. || -0. | -0. | -0. |
| -0. | -0. | -0. || -0. | -0. | -0. || -0. | -0. | -1. |
| -0. | -0. | -0. || -1. | -0. | -0. ||  1. | -1. | -0. |
|=====+=====+=====||=====+=====+=====||=====+=====+=====|
|*-1. |*-1. |*-0. || -0. | -0. | -0. || -0. | -0. | -0. |
|*-0. |*-0. |*-0. || -0. | -0. |  1. || -0. | -0. | -0. |
|*-0. |*-0. |*-0. || -0. | -0. | -0. || -0. | -0. | -0. |


Determined best move using: 64153Iterations
Determined best move using: 1481093Iterations
Determined best move using: 62127Iterations
current State

|  0. |  0. |  0. ||  0. |  0. |  0. ||* 0. |* 0. |* 0. |
|  0. | -1. |  0. ||  0. |  0. |  0. ||* 0. |* 0. |* 0. |
|  0. |  0. |  0. || -1. |  0. |  0. ||* 0. |* 0. |* 0. |
|=====+=====+=====||=====+=====+=====||=====+=====+=====|
|  0. |  0. |  0. ||  0. |  0. |  0. ||  0. |  0. |  0. |
|  0. |  0. |  0. ||  0. |  0. |  0. ||  0. |  0. |  1. |
|  0. |  0. |  0. ||  1. |  0. |  0. || -1. |  1. |  0. |
|=====+=====+=====||=====+=====+=====||=====+=====+=====|
|  1. |  1. | -1. ||  0. |  0. |  0. ||  0. |  0. |  0. |
|  0. |  0. |  0. ||  0. |  0. | -1. ||  0. |  0. |  0. |
|  0. |  0. |  0. ||  0. |  0. |  0. ||  0. |  0. |  0. |


state to eval, currenty is playerone turn=true

|  0. |  0. |  0. ||  0. |  0. |  0. ||* 0. |* 0. |* 0. |
|  0. | -1. |  0. ||  0. |  0. |  0. ||* 0. |* 0. |* 0. |
|  0. |  0. |  0. || -1. |  0. |  0. ||* 0. |* 0. |* 0. |
|=====+=====+=====||=====+=====+=====||=====+=====+=====|
|  0. |  0. |  0. ||  0. |  0. |  0. ||  0. |  0. |  0. |
|  0. |  0. |  0. ||  0. |  0. |  0. ||  0. |  0. |  1. |
|  0. |  0. |  0. ||  1. |  0. |  0. || -1. |  1. |  0. |
|=====+=====+=====||=====+=====+=====||=====+=====+=====|
|  1. |  1. | -1. ||  0. |  0. |  0. ||  0. |  0. |  0. |
|  0. |  0. |  0. ||  0. |  0. | -1. ||  0. |  0. |  0. |
|  0. |  0. |  0. ||  0. |  0. |  0. ||  0. |  0. |  0. |


Determined best move using: 63703Iterations
Determined best move using: 68589Iterations
Determined best move using: 69248Iterations
current State

|  0. |  0. |  0. ||  0. |  0. |  0. ||* 0. |* 0. |* 1. |
|  0. | -1. |  0. ||  0. |  0. |  0. ||* 0. |* 0. |* 0. |
|  0. |  0. |  0. || -1. |  0. |  0. ||* 0. |* 0. |* 0. |
|=====+=====+=====||=====+=====+=====||=====+=====+=====|
|  0. |  0. |  0. ||  0. |  0. |  0. ||  0. |  0. |  0. |
|  0. |  0. |  0. ||  0. |  0. |  0. ||  0. |  0. |  1. |
|  0. |  0. |  0. ||  1. |  0. |  0. || -1. |  1. |  0. |
|=====+=====+=====||=====+=====+=====||=====+=====+=====|
|  1. |  1. | -1. ||  0. |  0. |  0. ||  0. |  0. |  0. |
|  0. |  0. |  0. ||  0. |  0. | -1. ||  0. |  0. |  0. |
|  0. |  0. |  0. ||  0. |  0. |  0. ||  0. |  0. |  0. |


state to eval, currenty is playerone turn=false

| -0. | -0. | -0. || -0. | -0. | -0. ||*-0. |*-0. |*-1. |
| -0. |  1. | -0. || -0. | -0. | -0. ||*-0. |*-0. |*-0. |
| -0. | -0. | -0. ||  1. | -0. | -0. ||*-0. |*-0. |*-0. |
|=====+=====+=====||=====+=====+=====||=====+=====+=====|
| -0. | -0. | -0. || -0. | -0. | -0. || -0. | -0. | -0. |
| -0. | -0. | -0. || -0. | -0. | -0. || -0. | -0. | -1. |
| -0. | -0. | -0. || -1. | -0. | -0. ||  1. | -1. | -0. |
|=====+=====+=====||=====+=====+=====||=====+=====+=====|
| -1. | -1. |  1. || -0. | -0. | -0. || -0. | -0. | -0. |
| -0. | -0. | -0. || -0. | -0. |  1. || -0. | -0. | -0. |
| -0. | -0. | -0. || -0. | -0. | -0. || -0. | -0. | -0. |


Determined best move using: 67118Iterations
Determined best move using: 70113Iterations
current State

|  0. |  0. |  0. ||  0. |  0. |  0. ||  0. |  0. |  1. |
|  0. | -1. |  0. ||  0. |  0. |  0. || -1. |  0. |  0. |
|  0. |  0. |  0. || -1. |  0. |  0. ||  0. |  0. |  0. |
|=====+=====+=====||=====+=====+=====||=====+=====+=====|
|* 0. |* 0. |* 0. ||  0. |  0. |  0. ||  0. |  0. |  0. |
|* 0. |* 0. |* 0. ||  0. |  0. |  0. ||  0. |  0. |  1. |
|* 0. |* 0. |* 0. ||  1. |  0. |  0. || -1. |  1. |  0. |
|=====+=====+=====||=====+=====+=====||=====+=====+=====|
|  1. |  1. | -1. ||  0. |  0. |  0. ||  0. |  0. |  0. |
|  0. |  0. |  0. ||  0. |  0. | -1. ||  0. |  0. |  0. |
|  0. |  0. |  0. ||  0. |  0. |  0. ||  0. |  0. |  0. |


state to eval, currenty is playerone turn=true

|  0. |  0. |  0. ||  0. |  0. |  0. ||  0. |  0. |  1. |
|  0. | -1. |  0. ||  0. |  0. |  0. || -1. |  0. |  0. |
|  0. |  0. |  0. || -1. |  0. |  0. ||  0. |  0. |  0. |
|=====+=====+=====||=====+=====+=====||=====+=====+=====|
|* 0. |* 0. |* 0. ||  0. |  0. |  0. ||  0. |  0. |  0. |
|* 0. |* 0. |* 0. ||  0. |  0. |  0. ||  0. |  0. |  1. |
|* 0. |* 0. |* 0. ||  1. |  0. |  0. || -1. |  1. |  0. |
|=====+=====+=====||=====+=====+=====||=====+=====+=====|
|  1. |  1. | -1. ||  0. |  0. |  0. ||  0. |  0. |  0. |
|  0. |  0. |  0. ||  0. |  0. | -1. ||  0. |  0. |  0. |
|  0. |  0. |  0. ||  0. |  0. |  0. ||  0. |  0. |  0. |


current State

|* 0. |* 0. |* 0. ||  0. |  0. |  0. ||  0. |  0. |  1. |
|* 0. |*-1. |* 0. ||  0. |  0. |  0. || -1. |  0. |  0. |
|* 0. |* 0. |* 0. || -1. |  0. |  0. ||  0. |  0. |  0. |
|=====+=====+=====||=====+=====+=====||=====+=====+=====|
|  1. |  0. |  0. ||  0. |  0. |  0. ||  0. |  0. |  0. |
|  0. |  0. |  0. ||  0. |  0. |  0. ||  0. |  0. |  1. |
|  0. |  0. |  0. ||  1. |  0. |  0. || -1. |  1. |  0. |
|=====+=====+=====||=====+=====+=====||=====+=====+=====|
|  1. |  1. | -1. ||  0. |  0. |  0. ||  0. |  0. |  0. |
|  0. |  0. |  0. ||  0. |  0. | -1. ||  0. |  0. |  0. |
|  0. |  0. |  0. ||  0. |  0. |  0. ||  0. |  0. |  0. |


state to eval, currenty is playerone turn=false

|*-0. |*-0. |*-0. || -0. | -0. | -0. || -0. | -0. | -1. |
|*-0. |* 1. |*-0. || -0. | -0. | -0. ||  1. | -0. | -0. |
|*-0. |*-0. |*-0. ||  1. | -0. | -0. || -0. | -0. | -0. |
|=====+=====+=====||=====+=====+=====||=====+=====+=====|
| -1. | -0. | -0. || -0. | -0. | -0. || -0. | -0. | -0. |
| -0. | -0. | -0. || -0. | -0. | -0. || -0. | -0. | -1. |
| -0. | -0. | -0. || -1. | -0. | -0. ||  1. | -1. | -0. |
|=====+=====+=====||=====+=====+=====||=====+=====+=====|
| -1. | -1. |  1. || -0. | -0. | -0. || -0. | -0. | -0. |
| -0. | -0. | -0. || -0. | -0. |  1. || -0. | -0. | -0. |
| -0. | -0. | -0. || -0. | -0. | -0. || -0. | -0. | -0. |


current State

|  0. |  0. |  0. ||  0. |  0. |  0. ||  0. |  0. |  1. |
|  0. | -1. |  0. ||  0. |  0. |  0. || -1. |  0. |  0. |
|  0. |  0. | -1. || -1. |  0. |  0. ||  0. |  0. |  0. |
|=====+=====+=====||=====+=====+=====||=====+=====+=====|
|  1. |  0. |  0. ||  0. |  0. |  0. ||  0. |  0. |  0. |
|  0. |  0. |  0. ||  0. |  0. |  0. ||  0. |  0. |  1. |
|  0. |  0. |  0. ||  1. |  0. |  0. || -1. |  1. |  0. |
|=====+=====+=====||=====+=====+=====||=====+=====+=====|
|  1. |  1. | -1. ||  0. |  0. |  0. ||* 0. |* 0. |* 0. |
|  0. |  0. |  0. ||  0. |  0. | -1. ||* 0. |* 0. |* 0. |
|  0. |  0. |  0. ||  0. |  0. |  0. ||* 0. |* 0. |* 0. |


state to eval, currenty is playerone turn=true

|  0. |  0. |  0. ||  0. |  0. |  0. ||  0. |  0. |  1. |
|  0. | -1. |  0. ||  0. |  0. |  0. || -1. |  0. |  0. |
|  0. |  0. | -1. || -1. |  0. |  0. ||  0. |  0. |  0. |
|=====+=====+=====||=====+=====+=====||=====+=====+=====|
|  1. |  0. |  0. ||  0. |  0. |  0. ||  0. |  0. |  0. |
|  0. |  0. |  0. ||  0. |  0. |  0. ||  0. |  0. |  1. |
|  0. |  0. |  0. ||  1. |  0. |  0. || -1. |  1. |  0. |
|=====+=====+=====||=====+=====+=====||=====+=====+=====|
|  1. |  1. | -1. ||  0. |  0. |  0. ||* 0. |* 0. |* 0. |
|  0. |  0. |  0. ||  0. |  0. | -1. ||* 0. |* 0. |* 0. |
|  0. |  0. |  0. ||  0. |  0. |  0. ||* 0. |* 0. |* 0. |


current State

|  0. |  0. |  0. ||  0. |  0. |  0. ||* 0. |* 0. |* 1. |
|  0. | -1. |  0. ||  0. |  0. |  0. ||*-1. |* 0. |* 0. |
|  0. |  0. | -1. || -1. |  0. |  0. ||* 0. |* 0. |* 0. |
|=====+=====+=====||=====+=====+=====||=====+=====+=====|
|  1. |  0. |  0. ||  0. |  0. |  0. ||  0. |  0. |  0. |
|  0. |  0. |  0. ||  0. |  0. |  0. ||  0. |  0. |  1. |
|  0. |  0. |  0. ||  1. |  0. |  0. || -1. |  1. |  0. |
|=====+=====+=====||=====+=====+=====||=====+=====+=====|
|  1. |  1. | -1. ||  0. |  0. |  0. ||  0. |  0. |  1. |
|  0. |  0. |  0. ||  0. |  0. | -1. ||  0. |  0. |  0. |
|  0. |  0. |  0. ||  0. |  0. |  0. ||  0. |  0. |  0. |


state to eval, currenty is playerone turn=false

| -0. | -0. | -0. || -0. | -0. | -0. ||*-0. |*-0. |*-1. |
| -0. |  1. | -0. || -0. | -0. | -0. ||* 1. |*-0. |*-0. |
| -0. | -0. |  1. ||  1. | -0. | -0. ||*-0. |*-0. |*-0. |
|=====+=====+=====||=====+=====+=====||=====+=====+=====|
| -1. | -0. | -0. || -0. | -0. | -0. || -0. | -0. | -0. |
| -0. | -0. | -0. || -0. | -0. | -0. || -0. | -0. | -1. |
| -0. | -0. | -0. || -1. | -0. | -0. ||  1. | -1. | -0. |
|=====+=====+=====||=====+=====+=====||=====+=====+=====|
| -1. | -1. |  1. || -0. | -0. | -0. || -0. | -0. | -1. |
| -0. | -0. | -0. || -0. | -0. |  1. || -0. | -0. | -0. |
| -0. | -0. | -0. || -0. | -0. | -0. || -0. | -0. | -0. |


current State

|  0. |  0. |  0. ||  0. |  0. |  0. ||  0. |  0. |  1. |
|  0. | -1. |  0. ||  0. |  0. |  0. || -1. |  0. |  0. |
|  0. |  0. | -1. || -1. |  0. |  0. ||  0. | -1. |  0. |
|=====+=====+=====||=====+=====+=====||=====+=====+=====|
|  1. |  0. |  0. ||  0. |  0. |  0. ||  0. |  0. |  0. |
|  0. |  0. |  0. ||  0. |  0. |  0. ||  0. |  0. |  1. |
|  0. |  0. |  0. ||  1. |  0. |  0. || -1. |  1. |  0. |
|=====+=====+=====||=====+=====+=====||=====+=====+=====|
|  1. |  1. | -1. ||* 0. |* 0. |* 0. ||  0. |  0. |  1. |
|  0. |  0. |  0. ||* 0. |* 0. |*-1. ||  0. |  0. |  0. |
|  0. |  0. |  0. ||* 0. |* 0. |* 0. ||  0. |  0. |  0. |


state to eval, currenty is playerone turn=true

|  0. |  0. |  0. ||  0. |  0. |  0. ||  0. |  0. |  1. |
|  0. | -1. |  0. ||  0. |  0. |  0. || -1. |  0. |  0. |
|  0. |  0. | -1. || -1. |  0. |  0. ||  0. | -1. |  0. |
|=====+=====+=====||=====+=====+=====||=====+=====+=====|
|  1. |  0. |  0. ||  0. |  0. |  0. ||  0. |  0. |  0. |
|  0. |  0. |  0. ||  0. |  0. |  0. ||  0. |  0. |  1. |
|  0. |  0. |  0. ||  1. |  0. |  0. || -1. |  1. |  0. |
|=====+=====+=====||=====+=====+=====||=====+=====+=====|
|  1. |  1. | -1. ||* 0. |* 0. |* 0. ||  0. |  0. |  1. |
|  0. |  0. |  0. ||* 0. |* 0. |*-1. ||  0. |  0. |  0. |
|  0. |  0. |  0. ||* 0. |* 0. |* 0. ||  0. |  0. |  0. |


current State

|  0. |  0. |  0. ||  0. |  0. |  0. ||  0. |  0. |  1. |
|  0. | -1. |  0. ||  0. |  0. |  0. || -1. |  0. |  0. |
|  0. |  0. | -1. || -1. |  0. |  0. ||  0. | -1. |  0. |
|=====+=====+=====||=====+=====+=====||=====+=====+=====|
|  1. |  0. |  0. ||* 0. |* 0. |* 0. ||  0. |  0. |  0. |
|  0. |  0. |  0. ||* 0. |* 0. |* 0. ||  0. |  0. |  1. |
|  0. |  0. |  0. ||* 1. |* 0. |* 0. || -1. |  1. |  0. |
|=====+=====+=====||=====+=====+=====||=====+=====+=====|
|  1. |  1. | -1. ||  0. |  0. |  0. ||  0. |  0. |  1. |
|  0. |  0. |  0. ||  0. |  1. | -1. ||  0. |  0. |  0. |
|  0. |  0. |  0. ||  0. |  0. |  0. ||  0. |  0. |  0. |


state to eval, currenty is playerone turn=false

| -0. | -0. | -0. || -0. | -0. | -0. || -0. | -0. | -1. |
| -0. |  1. | -0. || -0. | -0. | -0. ||  1. | -0. | -0. |
| -0. | -0. |  1. ||  1. | -0. | -0. || -0. |  1. | -0. |
|=====+=====+=====||=====+=====+=====||=====+=====+=====|
| -1. | -0. | -0. ||*-0. |*-0. |*-0. || -0. | -0. | -0. |
| -0. | -0. | -0. ||*-0. |*-0. |*-0. || -0. | -0. | -1. |
| -0. | -0. | -0. ||*-1. |*-0. |*-0. ||  1. | -1. | -0. |
|=====+=====+=====||=====+=====+=====||=====+=====+=====|
| -1. | -1. |  1. || -0. | -0. | -0. || -0. | -0. | -1. |
| -0. | -0. | -0. || -0. | -1. |  1. || -0. | -0. | -0. |
| -0. | -0. | -0. || -0. | -0. | -0. || -0. | -0. | -0. |


current State

|  0. |  0. |  0. ||  0. |  0. |  0. ||* 0. |* 0. |* 1. |
|  0. | -1. |  0. ||  0. |  0. |  0. ||*-1. |* 0. |* 0. |
|  0. |  0. | -1. || -1. |  0. |  0. ||* 0. |*-1. |* 0. |
|=====+=====+=====||=====+=====+=====||=====+=====+=====|
|  1. |  0. |  0. ||  0. |  0. | -1. ||  0. |  0. |  0. |
|  0. |  0. |  0. ||  0. |  0. |  0. ||  0. |  0. |  1. |
|  0. |  0. |  0. ||  1. |  0. |  0. || -1. |  1. |  0. |
|=====+=====+=====||=====+=====+=====||=====+=====+=====|
|  1. |  1. | -1. ||  0. |  0. |  0. ||  0. |  0. |  1. |
|  0. |  0. |  0. ||  0. |  1. | -1. ||  0. |  0. |  0. |
|  0. |  0. |  0. ||  0. |  0. |  0. ||  0. |  0. |  0. |


state to eval, currenty is playerone turn=true

|  0. |  0. |  0. ||  0. |  0. |  0. ||* 0. |* 0. |* 1. |
|  0. | -1. |  0. ||  0. |  0. |  0. ||*-1. |* 0. |* 0. |
|  0. |  0. | -1. || -1. |  0. |  0. ||* 0. |*-1. |* 0. |
|=====+=====+=====||=====+=====+=====||=====+=====+=====|
|  1. |  0. |  0. ||  0. |  0. | -1. ||  0. |  0. |  0. |
|  0. |  0. |  0. ||  0. |  0. |  0. ||  0. |  0. |  1. |
|  0. |  0. |  0. ||  1. |  0. |  0. || -1. |  1. |  0. |
|=====+=====+=====||=====+=====+=====||=====+=====+=====|
|  1. |  1. | -1. ||  0. |  0. |  0. ||  0. |  0. |  1. |
|  0. |  0. |  0. ||  0. |  1. | -1. ||  0. |  0. |  0. |
|  0. |  0. |  0. ||  0. |  0. |  0. ||  0. |  0. |  0. |


current State

|  0. |  0. |  0. ||  0. |  0. |  0. ||  0. |  0. |  1. |
|  0. | -1. |  0. ||  0. |  0. |  0. || -1. |  1. |  0. |
|  0. |  0. | -1. || -1. |  0. |  0. ||  0. | -1. |  0. |
|=====+=====+=====||=====+=====+=====||=====+=====+=====|
|  1. |  0. |  0. ||* 0. |* 0. |*-1. ||  0. |  0. |  0. |
|  0. |  0. |  0. ||* 0. |* 0. |* 0. ||  0. |  0. |  1. |
|  0. |  0. |  0. ||* 1. |* 0. |* 0. || -1. |  1. |  0. |
|=====+=====+=====||=====+=====+=====||=====+=====+=====|
|  1. |  1. | -1. ||  0. |  0. |  0. ||  0. |  0. |  1. |
|  0. |  0. |  0. ||  0. |  1. | -1. ||  0. |  0. |  0. |
|  0. |  0. |  0. ||  0. |  0. |  0. ||  0. |  0. |  0. |


state to eval, currenty is playerone turn=false

| -0. | -0. | -0. || -0. | -0. | -0. || -0. | -0. | -1. |
| -0. |  1. | -0. || -0. | -0. | -0. ||  1. | -1. | -0. |
| -0. | -0. |  1. ||  1. | -0. | -0. || -0. |  1. | -0. |
|=====+=====+=====||=====+=====+=====||=====+=====+=====|
| -1. | -0. | -0. ||*-0. |*-0. |* 1. || -0. | -0. | -0. |
| -0. | -0. | -0. ||*-0. |*-0. |*-0. || -0. | -0. | -1. |
| -0. | -0. | -0. ||*-1. |*-0. |*-0. ||  1. | -1. | -0. |
|=====+=====+=====||=====+=====+=====||=====+=====+=====|
| -1. | -1. |  1. || -0. | -0. | -0. || -0. | -0. | -1. |
| -0. | -0. | -0. || -0. | -1. |  1. || -0. | -0. | -0. |
| -0. | -0. | -0. || -0. | -0. | -0. || -0. | -0. | -0. |


current State

|  0. |  0. |  0. ||* 0. |* 0. |* 0. ||  0. |  0. |  1. |
|  0. | -1. |  0. ||* 0. |* 0. |* 0. || -1. |  1. |  0. |
|  0. |  0. | -1. ||*-1. |* 0. |* 0. ||  0. | -1. |  0. |
|=====+=====+=====||=====+=====+=====||=====+=====+=====|
|  1. |  0. |  0. ||  0. | -1. | -1. ||  0. |  0. |  0. |
|  0. |  0. |  0. ||  0. |  0. |  0. ||  0. |  0. |  1. |
|  0. |  0. |  0. ||  1. |  0. |  0. || -1. |  1. |  0. |
|=====+=====+=====||=====+=====+=====||=====+=====+=====|
|  1. |  1. | -1. ||  0. |  0. |  0. ||  0. |  0. |  1. |
|  0. |  0. |  0. ||  0. |  1. | -1. ||  0. |  0. |  0. |
|  0. |  0. |  0. ||  0. |  0. |  0. ||  0. |  0. |  0. |


state to eval, currenty is playerone turn=true

|  0. |  0. |  0. ||* 0. |* 0. |* 0. ||  0. |  0. |  1. |
|  0. | -1. |  0. ||* 0. |* 0. |* 0. || -1. |  1. |  0. |
|  0. |  0. | -1. ||*-1. |* 0. |* 0. ||  0. | -1. |  0. |
|=====+=====+=====||=====+=====+=====||=====+=====+=====|
|  1. |  0. |  0. ||  0. | -1. | -1. ||  0. |  0. |  0. |
|  0. |  0. |  0. ||  0. |  0. |  0. ||  0. |  0. |  1. |
|  0. |  0. |  0. ||  1. |  0. |  0. || -1. |  1. |  0. |
|=====+=====+=====||=====+=====+=====||=====+=====+=====|
|  1. |  1. | -1. ||  0. |  0. |  0. ||  0. |  0. |  1. |
|  0. |  0. |  0. ||  0. |  1. | -1. ||  0. |  0. |  0. |
|  0. |  0. |  0. ||  0. |  0. |  0. ||  0. |  0. |  0. |


Determined best move using: 78593Iterations
Determined best move using: 68615Iterations
current State

|  0. |  0. |  0. ||  0. |  0. |  0. ||  0. |  0. |  1. |
|  0. | -1. |  0. ||  0. |  0. |  0. || -1. |  1. |  0. |
|  0. |  0. | -1. || -1. |  0. |  1. ||  0. | -1. |  0. |
|=====+=====+=====||=====+=====+=====||=====+=====+=====|
|  1. |  0. |  0. ||  0. | -1. | -1. ||  0. |  0. |  0. |
|  0. |  0. |  0. ||  0. |  0. |  0. ||  0. |  0. |  1. |
|  0. |  0. |  0. ||  1. |  0. |  0. || -1. |  1. |  0. |
|=====+=====+=====||=====+=====+=====||=====+=====+=====|
|  1. |  1. | -1. ||  0. |  0. |  0. ||* 0. |* 0. |* 1. |
|  0. |  0. |  0. ||  0. |  1. | -1. ||* 0. |* 0. |* 0. |
|  0. |  0. |  0. ||  0. |  0. |  0. ||* 0. |* 0. |* 0. |


state to eval, currenty is playerone turn=false

| -0. | -0. | -0. || -0. | -0. | -0. || -0. | -0. | -1. |
| -0. |  1. | -0. || -0. | -0. | -0. ||  1. | -1. | -0. |
| -0. | -0. |  1. ||  1. | -0. | -1. || -0. |  1. | -0. |
|=====+=====+=====||=====+=====+=====||=====+=====+=====|
| -1. | -0. | -0. || -0. |  1. |  1. || -0. | -0. | -0. |
| -0. | -0. | -0. || -0. | -0. | -0. || -0. | -0. | -1. |
| -0. | -0. | -0. || -1. | -0. | -0. ||  1. | -1. | -0. |
|=====+=====+=====||=====+=====+=====||=====+=====+=====|
| -1. | -1. |  1. || -0. | -0. | -0. ||*-0. |*-0. |*-1. |
| -0. | -0. | -0. || -0. | -1. |  1. ||*-0. |*-0. |*-0. |
| -0. | -0. | -0. || -0. | -0. | -0. ||*-0. |*-0. |*-0. |


current State

|  0. |  0. |  0. ||  0. |  0. |  0. ||  0. |  0. |  1. |
|  0. | -1. |  0. ||  0. |  0. |  0. || -1. |  1. |  0. |
|  0. |  0. | -1. || -1. |  0. |  1. ||  0. | -1. |  0. |
|=====+=====+=====||=====+=====+=====||=====+=====+=====|
|  1. |  0. |  0. ||  0. | -1. | -1. ||  0. |  0. |  0. |
|  0. |  0. |  0. ||  0. |  0. |  0. ||  0. |  0. |  1. |
|  0. |  0. |  0. ||  1. |  0. |  0. || -1. |  1. |  0. |
|=====+=====+=====||=====+=====+=====||=====+=====+=====|
|  1. |  1. | -1. ||  0. |  0. |  0. ||* 0. |* 0. |* 1. |
|  0. |  0. |  0. ||  0. |  1. | -1. ||* 0. |* 0. |* 0. |
|  0. |  0. |  0. ||  0. |  0. |  0. ||* 0. |* 0. |*-1. |


state to eval, currenty is playerone turn=true

|  0. |  0. |  0. ||  0. |  0. |  0. ||  0. |  0. |  1. |
|  0. | -1. |  0. ||  0. |  0. |  0. || -1. |  1. |  0. |
|  0. |  0. | -1. || -1. |  0. |  1. ||  0. | -1. |  0. |
|=====+=====+=====||=====+=====+=====||=====+=====+=====|
|  1. |  0. |  0. ||  0. | -1. | -1. ||  0. |  0. |  0. |
|  0. |  0. |  0. ||  0. |  0. |  0. ||  0. |  0. |  1. |
|  0. |  0. |  0. ||  1. |  0. |  0. || -1. |  1. |  0. |
|=====+=====+=====||=====+=====+=====||=====+=====+=====|
|  1. |  1. | -1. ||  0. |  0. |  0. ||* 0. |* 0. |* 1. |
|  0. |  0. |  0. ||  0. |  1. | -1. ||* 0. |* 0. |* 0. |
|  0. |  0. |  0. ||  0. |  0. |  0. ||* 0. |* 0. |*-1. |


current State

|  0. |  0. |  0. ||  0. |  0. |  0. ||  0. |  0. |  1. |
|  0. | -1. |  0. ||  0. |  0. |  0. || -1. |  1. |  0. |
|  0. |  0. | -1. || -1. |  0. |  1. ||  0. | -1. |  0. |
|=====+=====+=====||=====+=====+=====||=====+=====+=====|
|  1. |  0. |  0. ||  0. | -1. | -1. ||  0. |  0. |  0. |
|  0. |  0. |  0. ||  0. |  0. |  0. ||  0. |  0. |  1. |
|  0. |  0. |  0. ||  1. |  0. |  0. || -1. |  1. |  0. |
|=====+=====+=====||=====+=====+=====||=====+=====+=====|
|* 1. |* 1. |*-1. ||  0. |  0. |  0. ||  0. |  0. |  1. |
|* 0. |* 0. |* 0. ||  0. |  1. | -1. ||  0. |  0. |  0. |
|* 0. |* 0. |* 0. ||  0. |  0. |  0. ||  1. |  0. | -1. |


state to eval, currenty is playerone turn=false

| -0. | -0. | -0. || -0. | -0. | -0. || -0. | -0. | -1. |
| -0. |  1. | -0. || -0. | -0. | -0. ||  1. | -1. | -0. |
| -0. | -0. |  1. ||  1. | -0. | -1. || -0. |  1. | -0. |
|=====+=====+=====||=====+=====+=====||=====+=====+=====|
| -1. | -0. | -0. || -0. |  1. |  1. || -0. | -0. | -0. |
| -0. | -0. | -0. || -0. | -0. | -0. || -0. | -0. | -1. |
| -0. | -0. | -0. || -1. | -0. | -0. ||  1. | -1. | -0. |
|=====+=====+=====||=====+=====+=====||=====+=====+=====|
|*-1. |*-1. |* 1. || -0. | -0. | -0. || -0. | -0. | -1. |
|*-0. |*-0. |*-0. || -0. | -1. |  1. || -0. | -0. | -0. |
|*-0. |*-0. |*-0. || -0. | -0. | -0. || -1. | -0. |  1. |


current State

|  0. |  0. |  0. ||  0. |  0. |  0. ||  0. |  0. |  1. |
|  0. | -1. |  0. ||  0. |  0. |  0. || -1. |  1. |  0. |
|  0. |  0. | -1. || -1. |  0. |  1. ||  0. | -1. |  0. |
|=====+=====+=====||=====+=====+=====||=====+=====+=====|
|* 1. |* 0. |* 0. ||  0. | -1. | -1. ||  0. |  0. |  0. |
|* 0. |* 0. |* 0. ||  0. |  0. |  0. ||  0. |  0. |  1. |
|* 0. |* 0. |* 0. ||  1. |  0. |  0. || -1. |  1. |  0. |
|=====+=====+=====||=====+=====+=====||=====+=====+=====|
|  1. |  1. | -1. ||  0. |  0. |  0. ||  0. |  0. |  1. |
| -1. |  0. |  0. ||  0. |  1. | -1. ||  0. |  0. |  0. |
|  0. |  0. |  0. ||  0. |  0. |  0. ||  1. |  0. | -1. |


state to eval, currenty is playerone turn=true

|  0. |  0. |  0. ||  0. |  0. |  0. ||  0. |  0. |  1. |
|  0. | -1. |  0. ||  0. |  0. |  0. || -1. |  1. |  0. |
|  0. |  0. | -1. || -1. |  0. |  1. ||  0. | -1. |  0. |
|=====+=====+=====||=====+=====+=====||=====+=====+=====|
|* 1. |* 0. |* 0. ||  0. | -1. | -1. ||  0. |  0. |  0. |
|* 0. |* 0. |* 0. ||  0. |  0. |  0. ||  0. |  0. |  1. |
|* 0. |* 0. |* 0. ||  1. |  0. |  0. || -1. |  1. |  0. |
|=====+=====+=====||=====+=====+=====||=====+=====+=====|
|  1. |  1. | -1. ||  0. |  0. |  0. ||  0. |  0. |  1. |
| -1. |  0. |  0. ||  0. |  1. | -1. ||  0. |  0. |  0. |
|  0. |  0. |  0. ||  0. |  0. |  0. ||  1. |  0. | -1. |


Determined best move using: 91562Iterations
current State

|  0. |  0. |  0. ||  0. |  0. |  0. ||  0. |  0. |  1. |
|  0. | -1. |  0. ||  0. |  0. |  0. || -1. |  1. |  0. |
|  0. |  0. | -1. || -1. |  0. |  1. ||  0. | -1. |  0. |
|=====+=====+=====||=====+=====+=====||=====+=====+=====|
|  1. |  0. |  0. ||* 0. |*-1. |*-1. ||  0. |  0. |  0. |
|  0. |  1. |  0. ||* 0. |* 0. |* 0. ||  0. |  0. |  1. |
|  0. |  0. |  0. ||* 1. |* 0. |* 0. || -1. |  1. |  0. |
|=====+=====+=====||=====+=====+=====||=====+=====+=====|
|  1. |  1. | -1. ||  0. |  0. |  0. ||  0. |  0. |  1. |
| -1. |  0. |  0. ||  0. |  1. | -1. ||  0. |  0. |  0. |
|  0. |  0. |  0. ||  0. |  0. |  0. ||  1. |  0. | -1. |


state to eval, currenty is playerone turn=false

| -0. | -0. | -0. || -0. | -0. | -0. || -0. | -0. | -1. |
| -0. |  1. | -0. || -0. | -0. | -0. ||  1. | -1. | -0. |
| -0. | -0. |  1. ||  1. | -0. | -1. || -0. |  1. | -0. |
|=====+=====+=====||=====+=====+=====||=====+=====+=====|
| -1. | -0. | -0. ||*-0. |* 1. |* 1. || -0. | -0. | -0. |
| -0. | -1. | -0. ||*-0. |*-0. |*-0. || -0. | -0. | -1. |
| -0. | -0. | -0. ||*-1. |*-0. |*-0. ||  1. | -1. | -0. |
|=====+=====+=====||=====+=====+=====||=====+=====+=====|
| -1. | -1. |  1. || -0. | -0. | -0. || -0. | -0. | -1. |
|  1. | -0. | -0. || -0. | -1. |  1. || -0. | -0. | -0. |
| -0. | -0. | -0. || -0. | -0. | -0. || -1. | -0. |  1. |


current State

|  0. |  0. |  0. ||  0. |  0. |  0. ||  0. |  0. |  1. |
|  0. | -1. |  0. ||  0. |  0. |  0. || -1. |  1. |  0. |
|  0. |  0. | -1. || -1. |  0. |  1. ||  0. | -1. |  0. |
|=====+=====+=====||=====+=====+=====||=====+=====+=====|
|  1. |  0. |  0. ||  0. | -1. | -1. ||  0. |  0. |  0. |
|  0. |  1. |  0. ||  0. |  0. |  0. ||  0. |  0. |  1. |
|  0. |  0. |  0. ||  1. |  0. | -1. || -1. |  1. |  0. |
|=====+=====+=====||=====+=====+=====||=====+=====+=====|
|  1. |  1. | -1. ||  0. |  0. |  0. ||* 0. |* 0. |* 1. |
| -1. |  0. |  0. ||  0. |  1. | -1. ||* 0. |* 0. |* 0. |
|  0. |  0. |  0. ||  0. |  0. |  0. ||* 1. |* 0. |*-1. |


state to eval, currenty is playerone turn=true

|  0. |  0. |  0. ||  0. |  0. |  0. ||  0. |  0. |  1. |
|  0. | -1. |  0. ||  0. |  0. |  0. || -1. |  1. |  0. |
|  0. |  0. | -1. || -1. |  0. |  1. ||  0. | -1. |  0. |
|=====+=====+=====||=====+=====+=====||=====+=====+=====|
|  1. |  0. |  0. ||  0. | -1. | -1. ||  0. |  0. |  0. |
|  0. |  1. |  0. ||  0. |  0. |  0. ||  0. |  0. |  1. |
|  0. |  0. |  0. ||  1. |  0. | -1. || -1. |  1. |  0. |
|=====+=====+=====||=====+=====+=====||=====+=====+=====|
|  1. |  1. | -1. ||  0. |  0. |  0. ||* 0. |* 0. |* 1. |
| -1. |  0. |  0. ||  0. |  1. | -1. ||* 0. |* 0. |* 0. |
|  0. |  0. |  0. ||  0. |  0. |  0. ||* 1. |* 0. |*-1. |


Determined best move using: 76450Iterations
Determined best move using: 92709Iterations
current State

|* 0. |* 0. |* 0. ||  0. |  0. |  0. ||  0. |  0. |  1. |
|* 0. |*-1. |* 0. ||  0. |  0. |  0. || -1. |  1. |  0. |
|* 0. |* 0. |*-1. || -1. |  0. |  1. ||  0. | -1. |  0. |
|=====+=====+=====||=====+=====+=====||=====+=====+=====|
|  1. |  0. |  0. ||  0. | -1. | -1. ||  0. |  0. |  0. |
|  0. |  1. |  0. ||  0. |  0. |  0. ||  0. |  0. |  1. |
|  0. |  0. |  0. ||  1. |  0. | -1. || -1. |  1. |  0. |
|=====+=====+=====||=====+=====+=====||=====+=====+=====|
|  1. |  1. | -1. ||  0. |  0. |  0. ||  1. |  0. |  1. |
| -1. |  0. |  0. ||  0. |  1. | -1. ||  0. |  0. |  0. |
|  0. |  0. |  0. ||  0. |  0. |  0. ||  1. |  0. | -1. |


state to eval, currenty is playerone turn=false

|*-0. |*-0. |*-0. || -0. | -0. | -0. || -0. | -0. | -1. |
|*-0. |* 1. |*-0. || -0. | -0. | -0. ||  1. | -1. | -0. |
|*-0. |*-0. |* 1. ||  1. | -0. | -1. || -0. |  1. | -0. |
|=====+=====+=====||=====+=====+=====||=====+=====+=====|
| -1. | -0. | -0. || -0. |  1. |  1. || -0. | -0. | -0. |
| -0. | -1. | -0. || -0. | -0. | -0. || -0. | -0. | -1. |
| -0. | -0. | -0. || -1. | -0. |  1. ||  1. | -1. | -0. |
|=====+=====+=====||=====+=====+=====||=====+=====+=====|
| -1. | -1. |  1. || -0. | -0. | -0. || -1. | -0. | -1. |
|  1. | -0. | -0. || -0. | -1. |  1. || -0. | -0. | -0. |
| -0. | -0. | -0. || -0. | -0. | -0. || -1. | -0. |  1. |


current State

|  0. | -1. |  0. ||* 0. |* 0. |* 0. ||  0. |  0. |  1. |
|  0. | -1. |  0. ||* 0. |* 0. |* 0. || -1. |  1. |  0. |
|  0. |  0. | -1. ||*-1. |* 0. |* 1. ||  0. | -1. |  0. |
|=====+=====+=====||=====+=====+=====||=====+=====+=====|
|  1. |  0. |  0. ||  0. | -1. | -1. ||  0. |  0. |  0. |
|  0. |  1. |  0. ||  0. |  0. |  0. ||  0. |  0. |  1. |
|  0. |  0. |  0. ||  1. |  0. | -1. || -1. |  1. |  0. |
|=====+=====+=====||=====+=====+=====||=====+=====+=====|
|  1. |  1. | -1. ||  0. |  0. |  0. ||  1. |  0. |  1. |
| -1. |  0. |  0. ||  0. |  1. | -1. ||  0. |  0. |  0. |
|  0. |  0. |  0. ||  0. |  0. |  0. ||  1. |  0. | -1. |


state to eval, currenty is playerone turn=true

|  0. | -1. |  0. ||* 0. |* 0. |* 0. ||  0. |  0. |  1. |
|  0. | -1. |  0. ||* 0. |* 0. |* 0. || -1. |  1. |  0. |
|  0. |  0. | -1. ||*-1. |* 0. |* 1. ||  0. | -1. |  0. |
|=====+=====+=====||=====+=====+=====||=====+=====+=====|
|  1. |  0. |  0. ||  0. | -1. | -1. ||  0. |  0. |  0. |
|  0. |  1. |  0. ||  0. |  0. |  0. ||  0. |  0. |  1. |
|  0. |  0. |  0. ||  1. |  0. | -1. || -1. |  1. |  0. |
|=====+=====+=====||=====+=====+=====||=====+=====+=====|
|  1. |  1. | -1. ||  0. |  0. |  0. ||  1. |  0. |  1. |
| -1. |  0. |  0. ||  0. |  1. | -1. ||  0. |  0. |  0. |
|  0. |  0. |  0. ||  0. |  0. |  0. ||  1. |  0. | -1. |


Determined best move using: 128115Iterations
Determined best move using: 98191Iterations
Determined best move using: 93840Iterations
current State

|* 0. |*-1. |* 0. ||  1. |  0. |  0. ||  0. |  0. |  1. |
|* 0. |*-1. |* 0. ||  0. |  0. |  0. || -1. |  1. |  0. |
|* 0. |* 0. |*-1. || -1. |  0. |  1. ||  0. | -1. |  0. |
|=====+=====+=====||=====+=====+=====||=====+=====+=====|
|  1. |  0. |  0. ||  0. | -1. | -1. ||  0. |  0. |  0. |
|  0. |  1. |  0. ||  0. |  0. |  0. ||  0. |  0. |  1. |
|  0. |  0. |  0. ||  1. |  0. | -1. || -1. |  1. |  0. |
|=====+=====+=====||=====+=====+=====||=====+=====+=====|
|  1. |  1. | -1. ||  0. |  0. |  0. ||  1. |  0. |  1. |
| -1. |  0. |  0. ||  0. |  1. | -1. ||  0. |  0. |  0. |
|  0. |  0. |  0. ||  0. |  0. |  0. ||  1. |  0. | -1. |


state to eval, currenty is playerone turn=false

|*-0. |* 1. |*-0. || -1. | -0. | -0. || -0. | -0. | -1. |
|*-0. |* 1. |*-0. || -0. | -0. | -0. ||  1. | -1. | -0. |
|*-0. |*-0. |* 1. ||  1. | -0. | -1. || -0. |  1. | -0. |
|=====+=====+=====||=====+=====+=====||=====+=====+=====|
| -1. | -0. | -0. || -0. |  1. |  1. || -0. | -0. | -0. |
| -0. | -1. | -0. || -0. | -0. | -0. || -0. | -0. | -1. |
| -0. | -0. | -0. || -1. | -0. |  1. ||  1. | -1. | -0. |
|=====+=====+=====||=====+=====+=====||=====+=====+=====|
| -1. | -1. |  1. || -0. | -0. | -0. || -1. | -0. | -1. |
|  1. | -0. | -0. || -0. | -1. |  1. || -0. | -0. | -0. |
| -0. | -0. | -0. || -0. | -0. | -0. || -1. | -0. |  1. |


Determined best move using: 81810Iterations
current State

|  0. | -1. |  0. ||  1. |  0. |  0. ||  0. |  0. |  1. |
| -1. | -1. |  0. ||  0. |  0. |  0. || -1. |  1. |  0. |
|  0. |  0. | -1. || -1. |  0. |  1. ||  0. | -1. |  0. |
|=====+=====+=====||=====+=====+=====||=====+=====+=====|
|* 1. |* 0. |* 0. ||  0. | -1. | -1. ||  0. |  0. |  0. |
|* 0. |* 1. |* 0. ||  0. |  0. |  0. ||  0. |  0. |  1. |
|* 0. |* 0. |* 0. ||  1. |  0. | -1. || -1. |  1. |  0. |
|=====+=====+=====||=====+=====+=====||=====+=====+=====|
|  1. |  1. | -1. ||  0. |  0. |  0. ||  1. |  0. |  1. |
| -1. |  0. |  0. ||  0. |  1. | -1. ||  0. |  0. |  0. |
|  0. |  0. |  0. ||  0. |  0. |  0. ||  1. |  0. | -1. |


state to eval, currenty is playerone turn=true

|  0. | -1. |  0. ||  1. |  0. |  0. ||  0. |  0. |  1. |
| -1. | -1. |  0. ||  0. |  0. |  0. || -1. |  1. |  0. |
|  0. |  0. | -1. || -1. |  0. |  1. ||  0. | -1. |  0. |
|=====+=====+=====||=====+=====+=====||=====+=====+=====|
|* 1. |* 0. |* 0. ||  0. | -1. | -1. ||  0. |  0. |  0. |
|* 0. |* 1. |* 0. ||  0. |  0. |  0. ||  0. |  0. |  1. |
|* 0. |* 0. |* 0. ||  1. |  0. | -1. || -1. |  1. |  0. |
|=====+=====+=====||=====+=====+=====||=====+=====+=====|
|  1. |  1. | -1. ||  0. |  0. |  0. ||  1. |  0. |  1. |
| -1. |  0. |  0. ||  0. |  1. | -1. ||  0. |  0. |  0. |
|  0. |  0. |  0. ||  0. |  0. |  0. ||  1. |  0. | -1. |


Determined best move using: 97253Iterations
Determined best move using: 81923Iterations
Determined best move using: 105648Iterations
current State

|  0. | -1. |  0. ||  1. |  0. |  0. ||  0. |  0. |  1. |
| -1. | -1. |  0. ||  0. |  0. |  0. || -1. |  1. |  0. |
|  0. |  0. | -1. || -1. |  0. |  1. ||  0. | -1. |  0. |
|=====+=====+=====||=====+=====+=====||=====+=====+=====|
|  1. |  0. |  0. ||  0. | -1. | -1. ||  0. |  0. |  0. |
|  0. |  1. |  0. ||  0. |  0. |  0. ||  0. |  0. |  1. |
|  1. |  0. |  0. ||  1. |  0. | -1. || -1. |  1. |  0. |
|=====+=====+=====||=====+=====+=====||=====+=====+=====|
|* 1. |* 1. |*-1. ||  0. |  0. |  0. ||  1. |  0. |  1. |
|*-1. |* 0. |* 0. ||  0. |  1. | -1. ||  0. |  0. |  0. |
|* 0. |* 0. |* 0. ||  0. |  0. |  0. ||  1. |  0. | -1. |


state to eval, currenty is playerone turn=false

| -0. |  1. | -0. || -1. | -0. | -0. || -0. | -0. | -1. |
|  1. |  1. | -0. || -0. | -0. | -0. ||  1. | -1. | -0. |
| -0. | -0. |  1. ||  1. | -0. | -1. || -0. |  1. | -0. |
|=====+=====+=====||=====+=====+=====||=====+=====+=====|
| -1. | -0. | -0. || -0. |  1. |  1. || -0. | -0. | -0. |
| -0. | -1. | -0. || -0. | -0. | -0. || -0. | -0. | -1. |
| -1. | -0. | -0. || -1. | -0. |  1. ||  1. | -1. | -0. |
|=====+=====+=====||=====+=====+=====||=====+=====+=====|
|*-1. |*-1. |* 1. || -0. | -0. | -0. || -1. | -0. | -1. |
|* 1. |*-0. |*-0. || -0. | -1. |  1. || -0. | -0. | -0. |
|*-0. |*-0. |*-0. || -0. | -0. | -0. || -1. | -0. |  1. |


current State

|  0. | -1. |  0. ||  1. |  0. |  0. ||  0. |  0. |  1. |
| -1. | -1. |  0. ||  0. |  0. |  0. || -1. |  1. |  0. |
|  0. |  0. | -1. || -1. |  0. |  1. ||  0. | -1. |  0. |
|=====+=====+=====||=====+=====+=====||=====+=====+=====|
|  1. |  0. |  0. ||* 0. |*-1. |*-1. ||  0. |  0. |  0. |
|  0. |  1. |  0. ||* 0. |* 0. |* 0. ||  0. |  0. |  1. |
|  1. |  0. |  0. ||* 1. |* 0. |*-1. || -1. |  1. |  0. |
|=====+=====+=====||=====+=====+=====||=====+=====+=====|
|  1. |  1. | -1. ||  0. |  0. |  0. ||  1. |  0. |  1. |
| -1. | -1. |  0. ||  0. |  1. | -1. ||  0. |  0. |  0. |
|  0. |  0. |  0. ||  0. |  0. |  0. ||  1. |  0. | -1. |


state to eval, currenty is playerone turn=true

|  0. | -1. |  0. ||  1. |  0. |  0. ||  0. |  0. |  1. |
| -1. | -1. |  0. ||  0. |  0. |  0. || -1. |  1. |  0. |
|  0. |  0. | -1. || -1. |  0. |  1. ||  0. | -1. |  0. |
|=====+=====+=====||=====+=====+=====||=====+=====+=====|
|  1. |  0. |  0. ||* 0. |*-1. |*-1. ||  0. |  0. |  0. |
|  0. |  1. |  0. ||* 0. |* 0. |* 0. ||  0. |  0. |  1. |
|  1. |  0. |  0. ||* 1. |* 0. |*-1. || -1. |  1. |  0. |
|=====+=====+=====||=====+=====+=====||=====+=====+=====|
|  1. |  1. | -1. ||  0. |  0. |  0. ||  1. |  0. |  1. |
| -1. | -1. |  0. ||  0. |  1. | -1. ||  0. |  0. |  0. |
|  0. |  0. |  0. ||  0. |  0. |  0. ||  1. |  0. | -1. |


current State

|  0. | -1. |  0. ||  1. |  0. |  0. ||  0. |  0. |  1. |
| -1. | -1. |  0. ||  0. |  0. |  0. || -1. |  1. |  0. |
|  0. |  0. | -1. || -1. |  0. |  1. ||  0. | -1. |  0. |
|=====+=====+=====||=====+=====+=====||=====+=====+=====|
|* 1. |* 0. |* 0. ||  0. | -1. | -1. ||  0. |  0. |  0. |
|* 0. |* 1. |* 0. ||  1. |  0. |  0. ||  0. |  0. |  1. |
|* 1. |* 0. |* 0. ||  1. |  0. | -1. || -1. |  1. |  0. |
|=====+=====+=====||=====+=====+=====||=====+=====+=====|
|  1. |  1. | -1. ||  0. |  0. |  0. ||  1. |  0. |  1. |
| -1. | -1. |  0. ||  0. |  1. | -1. ||  0. |  0. |  0. |
|  0. |  0. |  0. ||  0. |  0. |  0. ||  1. |  0. | -1. |


state to eval, currenty is playerone turn=false

| -0. |  1. | -0. || -1. | -0. | -0. || -0. | -0. | -1. |
|  1. |  1. | -0. || -0. | -0. | -0. ||  1. | -1. | -0. |
| -0. | -0. |  1. ||  1. | -0. | -1. || -0. |  1. | -0. |
|=====+=====+=====||=====+=====+=====||=====+=====+=====|
|*-1. |*-0. |*-0. || -0. |  1. |  1. || -0. | -0. | -0. |
|*-0. |*-1. |*-0. || -1. | -0. | -0. || -0. | -0. | -1. |
|*-1. |*-0. |*-0. || -1. | -0. |  1. ||  1. | -1. | -0. |
|=====+=====+=====||=====+=====+=====||=====+=====+=====|
| -1. | -1. |  1. || -0. | -0. | -0. || -1. | -0. | -1. |
|  1. |  1. | -0. || -0. | -1. |  1. || -0. | -0. | -0. |
| -0. | -0. | -0. || -0. | -0. | -0. || -1. | -0. |  1. |


current State

|  0. | -1. |  0. ||  1. |  0. |  0. ||  0. |  0. |  1. |
| -1. | -1. |  0. ||  0. |  0. |  0. || -1. |  1. |  0. |
|  0. |  0. | -1. || -1. |  0. |  1. ||  0. | -1. |  0. |
|=====+=====+=====||=====+=====+=====||=====+=====+=====|
|  1. |  0. |  0. ||  0. | -1. | -1. ||  0. |  0. |  0. |
|  0. |  1. |  0. ||  1. |  0. |  0. ||  0. |  0. |  1. |
|  1. | -1. |  0. ||  1. |  0. | -1. || -1. |  1. |  0. |
|=====+=====+=====||=====+=====+=====||=====+=====+=====|
|  1. |  1. | -1. ||* 0. |* 0. |* 0. ||  1. |  0. |  1. |
| -1. | -1. |  0. ||* 0. |* 1. |*-1. ||  0. |  0. |  0. |
|  0. |  0. |  0. ||* 0. |* 0. |* 0. ||  1. |  0. | -1. |


state to eval, currenty is playerone turn=true

|  0. | -1. |  0. ||  1. |  0. |  0. ||  0. |  0. |  1. |
| -1. | -1. |  0. ||  0. |  0. |  0. || -1. |  1. |  0. |
|  0. |  0. | -1. || -1. |  0. |  1. ||  0. | -1. |  0. |
|=====+=====+=====||=====+=====+=====||=====+=====+=====|
|  1. |  0. |  0. ||  0. | -1. | -1. ||  0. |  0. |  0. |
|  0. |  1. |  0. ||  1. |  0. |  0. ||  0. |  0. |  1. |
|  1. | -1. |  0. ||  1. |  0. | -1. || -1. |  1. |  0. |
|=====+=====+=====||=====+=====+=====||=====+=====+=====|
|  1. |  1. | -1. ||* 0. |* 0. |* 0. ||  1. |  0. |  1. |
| -1. | -1. |  0. ||* 0. |* 1. |*-1. ||  0. |  0. |  0. |
|  0. |  0. |  0. ||* 0. |* 0. |* 0. ||  1. |  0. | -1. |


current State

|  0. | -1. |  0. ||  1. |  0. |  0. ||  0. |  0. |  1. |
| -1. | -1. |  0. ||  0. |  0. |  0. || -1. |  1. |  0. |
|  0. |  0. | -1. || -1. |  0. |  1. ||  0. | -1. |  0. |
|=====+=====+=====||=====+=====+=====||=====+=====+=====|
|* 1. |* 0. |* 0. ||  0. | -1. | -1. ||  0. |  0. |  0. |
|* 0. |* 1. |* 0. ||  1. |  0. |  0. ||  0. |  0. |  1. |
|* 1. |*-1. |* 0. ||  1. |  0. | -1. || -1. |  1. |  0. |
|=====+=====+=====||=====+=====+=====||=====+=====+=====|
|  1. |  1. | -1. ||  0. |  0. |  0. ||  1. |  0. |  1. |
| -1. | -1. |  0. ||  1. |  1. | -1. ||  0. |  0. |  0. |
|  0. |  0. |  0. ||  0. |  0. |  0. ||  1. |  0. | -1. |


state to eval, currenty is playerone turn=false

| -0. |  1. | -0. || -1. | -0. | -0. || -0. | -0. | -1. |
|  1. |  1. | -0. || -0. | -0. | -0. ||  1. | -1. | -0. |
| -0. | -0. |  1. ||  1. | -0. | -1. || -0. |  1. | -0. |
|=====+=====+=====||=====+=====+=====||=====+=====+=====|
|*-1. |*-0. |*-0. || -0. |  1. |  1. || -0. | -0. | -0. |
|*-0. |*-1. |*-0. || -1. | -0. | -0. || -0. | -0. | -1. |
|*-1. |* 1. |*-0. || -1. | -0. |  1. ||  1. | -1. | -0. |
|=====+=====+=====||=====+=====+=====||=====+=====+=====|
| -1. | -1. |  1. || -0. | -0. | -0. || -1. | -0. | -1. |
|  1. |  1. | -0. || -1. | -1. |  1. || -0. | -0. | -0. |
| -0. | -0. | -0. || -0. | -0. | -0. || -1. | -0. |  1. |


current State

|  0. | -1. |  0. ||  1. |  0. |  0. ||* 0. |* 0. |* 1. |
| -1. | -1. |  0. ||  0. |  0. |  0. ||*-1. |* 1. |* 0. |
|  0. |  0. | -1. || -1. |  0. |  1. ||* 0. |*-1. |* 0. |
|=====+=====+=====||=====+=====+=====||=====+=====+=====|
|  1. |  0. | -1. ||  0. | -1. | -1. ||  0. |  0. |  0. |
|  0. |  1. |  0. ||  1. |  0. |  0. ||  0. |  0. |  1. |
|  1. | -1. |  0. ||  1. |  0. | -1. || -1. |  1. |  0. |
|=====+=====+=====||=====+=====+=====||=====+=====+=====|
|  1. |  1. | -1. ||  0. |  0. |  0. ||  1. |  0. |  1. |
| -1. | -1. |  0. ||  1. |  1. | -1. ||  0. |  0. |  0. |
|  0. |  0. |  0. ||  0. |  0. |  0. ||  1. |  0. | -1. |


state to eval, currenty is playerone turn=true

|  0. | -1. |  0. ||  1. |  0. |  0. ||* 0. |* 0. |* 1. |
| -1. | -1. |  0. ||  0. |  0. |  0. ||*-1. |* 1. |* 0. |
|  0. |  0. | -1. || -1. |  0. |  1. ||* 0. |*-1. |* 0. |
|=====+=====+=====||=====+=====+=====||=====+=====+=====|
|  1. |  0. | -1. ||  0. | -1. | -1. ||  0. |  0. |  0. |
|  0. |  1. |  0. ||  1. |  0. |  0. ||  0. |  0. |  1. |
|  1. | -1. |  0. ||  1. |  0. | -1. || -1. |  1. |  0. |
|=====+=====+=====||=====+=====+=====||=====+=====+=====|
|  1. |  1. | -1. ||  0. |  0. |  0. ||  1. |  0. |  1. |
| -1. | -1. |  0. ||  1. |  1. | -1. ||  0. |  0. |  0. |
|  0. |  0. |  0. ||  0. |  0. |  0. ||  1. |  0. | -1. |


current State

|  0. | -1. |  0. ||* 1. |* 0. |* 0. ||  0. |  1. |  1. |
| -1. | -1. |  0. ||* 0. |* 0. |* 0. || -1. |  1. |  0. |
|  0. |  0. | -1. ||*-1. |* 0. |* 1. ||  0. | -1. |  0. |
|=====+=====+=====||=====+=====+=====||=====+=====+=====|
|  1. |  0. | -1. ||  0. | -1. | -1. ||  0. |  0. |  0. |
|  0. |  1. |  0. ||  1. |  0. |  0. ||  0. |  0. |  1. |
|  1. | -1. |  0. ||  1. |  0. | -1. || -1. |  1. |  0. |
|=====+=====+=====||=====+=====+=====||=====+=====+=====|
|  1. |  1. | -1. ||  0. |  0. |  0. ||  1. |  0. |  1. |
| -1. | -1. |  0. ||  1. |  1. | -1. ||  0. |  0. |  0. |
|  0. |  0. |  0. ||  0. |  0. |  0. ||  1. |  0. | -1. |


state to eval, currenty is playerone turn=false

| -0. |  1. | -0. ||*-1. |*-0. |*-0. || -0. | -1. | -1. |
|  1. |  1. | -0. ||*-0. |*-0. |*-0. ||  1. | -1. | -0. |
| -0. | -0. |  1. ||* 1. |*-0. |*-1. || -0. |  1. | -0. |
|=====+=====+=====||=====+=====+=====||=====+=====+=====|
| -1. | -0. |  1. || -0. |  1. |  1. || -0. | -0. | -0. |
| -0. | -1. | -0. || -1. | -0. | -0. || -0. | -0. | -1. |
| -1. |  1. | -0. || -1. | -0. |  1. ||  1. | -1. | -0. |
|=====+=====+=====||=====+=====+=====||=====+=====+=====|
| -1. | -1. |  1. || -0. | -0. | -0. || -1. | -0. | -1. |
|  1. |  1. | -0. || -1. | -1. |  1. || -0. | -0. | -0. |
| -0. | -0. | -0. || -0. | -0. | -0. || -1. | -0. |  1. |


Determined best move using: 1371837Iterations
Determined best move using: 125885Iterations
Determined best move using: 106157Iterations
Determined best move using: 103497Iterations
current State

|  0. | -1. |  0. ||  1. |  0. |  0. ||  0. |  1. |  1. |
| -1. | -1. |  0. || -1. |  0. |  0. || -1. |  1. |  0. |
|  0. |  0. | -1. || -1. |  0. |  1. ||  0. | -1. |  0. |
|=====+=====+=====||=====+=====+=====||=====+=====+=====|
|* 1. |* 0. |*-1. ||  0. | -1. | -1. ||  0. |  0. |  0. |
|* 0. |* 1. |* 0. ||  1. |  0. |  0. ||  0. |  0. |  1. |
|* 1. |*-1. |* 0. ||  1. |  0. | -1. || -1. |  1. |  0. |
|=====+=====+=====||=====+=====+=====||=====+=====+=====|
|  1. |  1. | -1. ||  0. |  0. |  0. ||  1. |  0. |  1. |
| -1. | -1. |  0. ||  1. |  1. | -1. ||  0. |  0. |  0. |
|  0. |  0. |  0. ||  0. |  0. |  0. ||  1. |  0. | -1. |


state to eval, currenty is playerone turn=true

|  0. | -1. |  0. ||  1. |  0. |  0. ||  0. |  1. |  1. |
| -1. | -1. |  0. || -1. |  0. |  0. || -1. |  1. |  0. |
|  0. |  0. | -1. || -1. |  0. |  1. ||  0. | -1. |  0. |
|=====+=====+=====||=====+=====+=====||=====+=====+=====|
|* 1. |* 0. |*-1. ||  0. | -1. | -1. ||  0. |  0. |  0. |
|* 0. |* 1. |* 0. ||  1. |  0. |  0. ||  0. |  0. |  1. |
|* 1. |*-1. |* 0. ||  1. |  0. | -1. || -1. |  1. |  0. |
|=====+=====+=====||=====+=====+=====||=====+=====+=====|
|  1. |  1. | -1. ||  0. |  0. |  0. ||  1. |  0. |  1. |
| -1. | -1. |  0. ||  1. |  1. | -1. ||  0. |  0. |  0. |
|  0. |  0. |  0. ||  0. |  0. |  0. ||  1. |  0. | -1. |


Determined best move using: 108278Iterations
Determined best move using: 139949Iterations
Determined best move using: 106053Iterations
current State

|  0. | -1. |  0. ||  1. |  0. |  0. ||  0. |  1. |  1. |
| -1. | -1. |  0. || -1. |  0. |  0. || -1. |  1. |  0. |
|  0. |  0. | -1. || -1. |  0. |  1. ||  0. | -1. |  0. |
|=====+=====+=====||=====+=====+=====||=====+=====+=====|
|  1. |  0. | -1. ||  0. | -1. | -1. ||  0. |  0. |  0. |
|  0. |  1. |  0. ||  1. |  0. |  0. ||  0. |  0. |  1. |
|  1. | -1. |  1. ||  1. |  0. | -1. || -1. |  1. |  0. |
|=====+=====+=====||=====+=====+=====||=====+=====+=====|
|  1. |  1. | -1. ||  0. |  0. |  0. ||* 1. |* 0. |* 1. |
| -1. | -1. |  0. ||  1. |  1. | -1. ||* 0. |* 0. |* 0. |
|  0. |  0. |  0. ||  0. |  0. |  0. ||* 1. |* 0. |*-1. |


state to eval, currenty is playerone turn=false

| -0. |  1. | -0. || -1. | -0. | -0. || -0. | -1. | -1. |
|  1. |  1. | -0. ||  1. | -0. | -0. ||  1. | -1. | -0. |
| -0. | -0. |  1. ||  1. | -0. | -1. || -0. |  1. | -0. |
|=====+=====+=====||=====+=====+=====||=====+=====+=====|
| -1. | -0. |  1. || -0. |  1. |  1. || -0. | -0. | -0. |
| -0. | -1. | -0. || -1. | -0. | -0. || -0. | -0. | -1. |
| -1. |  1. | -1. || -1. | -0. |  1. ||  1. | -1. | -0. |
|=====+=====+=====||=====+=====+=====||=====+=====+=====|
| -1. | -1. |  1. || -0. | -0. | -0. ||*-1. |*-0. |*-1. |
|  1. |  1. | -0. || -1. | -1. |  1. ||*-0. |*-0. |*-0. |
| -0. | -0. | -0. || -0. | -0. | -0. ||*-1. |*-0. |* 1. |


current State

|* 0. |*-1. |* 0. ||* 1. |* 0. |* 0. ||* 0. |* 1. |* 1. |
|*-1. |*-1. |* 0. ||*-1. |* 0. |* 0. ||*-1. |* 1. |* 0. |
|* 0. |* 0. |*-1. ||*-1. |* 0. |* 1. ||* 0. |*-1. |* 0. |
|=====+=====+=====||=====+=====+=====||=====+=====+=====|
|  1. |  0. | -1. ||* 0. |*-1. |*-1. ||* 0. |* 0. |* 0. |
|  0. |  1. |  0. ||* 1. |* 0. |* 0. ||* 0. |* 0. |* 1. |
|  1. | -1. |  1. ||* 1. |* 0. |*-1. ||*-1. |* 1. |* 0. |
|=====+=====+=====||=====+=====+=====||=====+=====+=====|
|* 1. |* 1. |*-1. ||* 0. |* 0. |* 0. ||* 1. |* 0. |* 1. |
|*-1. |*-1. |* 0. ||* 1. |* 1. |*-1. ||*-1. |* 0. |* 0. |
|* 0. |* 0. |* 0. ||* 0. |* 0. |* 0. ||* 1. |* 0. |*-1. |


state to eval, currenty is playerone turn=true

|* 0. |*-1. |* 0. ||* 1. |* 0. |* 0. ||* 0. |* 1. |* 1. |
|*-1. |*-1. |* 0. ||*-1. |* 0. |* 0. ||*-1. |* 1. |* 0. |
|* 0. |* 0. |*-1. ||*-1. |* 0. |* 1. ||* 0. |*-1. |* 0. |
|=====+=====+=====||=====+=====+=====||=====+=====+=====|
|  1. |  0. | -1. ||* 0. |*-1. |*-1. ||* 0. |* 0. |* 0. |
|  0. |  1. |  0. ||* 1. |* 0. |* 0. ||* 0. |* 0. |* 1. |
|  1. | -1. |  1. ||* 1. |* 0. |*-1. ||*-1. |* 1. |* 0. |
|=====+=====+=====||=====+=====+=====||=====+=====+=====|
|* 1. |* 1. |*-1. ||* 0. |* 0. |* 0. ||* 1. |* 0. |* 1. |
|*-1. |*-1. |* 0. ||* 1. |* 1. |*-1. ||*-1. |* 0. |* 0. |
|* 0. |* 0. |* 0. ||* 0. |* 0. |* 0. ||* 1. |* 0. |*-1. |


Determined best move using: 162386Iterations
current State

|  0. | -1. |  0. ||  1. |  0. |  0. ||  0. |  1. |  1. |
| -1. | -1. |  0. || -1. |  0. |  0. || -1. |  1. |  0. |
|  0. |  0. | -1. || -1. |  0. |  1. ||  0. | -1. |  0. |
|=====+=====+=====||=====+=====+=====||=====+=====+=====|
|  1. |  0. | -1. ||  0. | -1. | -1. ||  0. |  0. |  0. |
|  0. |  1. |  0. ||  1. |  0. |  0. ||  0. |  0. |  1. |
|  1. | -1. |  1. ||  1. |  0. | -1. || -1. |  1. |  0. |
|=====+=====+=====||=====+=====+=====||=====+=====+=====|
|  1. |  1. | -1. ||* 0. |* 0. |* 0. ||  1. |  0. |  1. |
| -1. | -1. |  0. ||* 1. |* 1. |*-1. || -1. |  0. |  0. |
|  0. |  0. |  0. ||* 0. |* 1. |* 0. ||  1. |  0. | -1. |


state to eval, currenty is playerone turn=false

| -0. |  1. | -0. || -1. | -0. | -0. || -0. | -1. | -1. |
|  1. |  1. | -0. ||  1. | -0. | -0. ||  1. | -1. | -0. |
| -0. | -0. |  1. ||  1. | -0. | -1. || -0. |  1. | -0. |
|=====+=====+=====||=====+=====+=====||=====+=====+=====|
| -1. | -0. |  1. || -0. |  1. |  1. || -0. | -0. | -0. |
| -0. | -1. | -0. || -1. | -0. | -0. || -0. | -0. | -1. |
| -1. |  1. | -1. || -1. | -0. |  1. ||  1. | -1. | -0. |
|=====+=====+=====||=====+=====+=====||=====+=====+=====|
| -1. | -1. |  1. ||*-0. |*-0. |*-0. || -1. | -0. | -1. |
|  1. |  1. | -0. ||*-1. |*-1. |* 1. ||  1. | -0. | -0. |
| -0. | -0. | -0. ||*-0. |*-1. |*-0. || -1. | -0. |  1. |


Determined best move using: 112072Iterations
Determined best move using: 166063Iterations
Determined best move using: 129260Iterations
Determined best move using: 55030Iterations
current State

|  0. | -1. |  0. ||* 1. |* 0. |* 0. ||  0. |  1. |  1. |
| -1. | -1. |  0. ||*-1. |* 0. |* 0. || -1. |  1. |  0. |
|  0. |  0. | -1. ||*-1. |* 0. |* 1. ||  0. | -1. |  0. |
|=====+=====+=====||=====+=====+=====||=====+=====+=====|
|  1. |  0. | -1. ||  0. | -1. | -1. ||  0. |  0. |  0. |
|  0. |  1. |  0. ||  1. |  0. |  0. ||  0. |  0. |  1. |
|  1. | -1. |  1. ||  1. |  0. | -1. || -1. |  1. |  0. |
|=====+=====+=====||=====+=====+=====||=====+=====+=====|
|  1. |  1. | -1. ||  0. | -1. |  0. ||  1. |  0. |  1. |
| -1. | -1. |  0. ||  1. |  1. | -1. || -1. |  0. |  0. |
|  0. |  0. |  0. ||  0. |  1. |  0. ||  1. |  0. | -1. |


state to eval, currenty is playerone turn=true

|  0. | -1. |  0. ||* 1. |* 0. |* 0. ||  0. |  1. |  1. |
| -1. | -1. |  0. ||*-1. |* 0. |* 0. || -1. |  1. |  0. |
|  0. |  0. | -1. ||*-1. |* 0. |* 1. ||  0. | -1. |  0. |
|=====+=====+=====||=====+=====+=====||=====+=====+=====|
|  1. |  0. | -1. ||  0. | -1. | -1. ||  0. |  0. |  0. |
|  0. |  1. |  0. ||  1. |  0. |  0. ||  0. |  0. |  1. |
|  1. | -1. |  1. ||  1. |  0. | -1. || -1. |  1. |  0. |
|=====+=====+=====||=====+=====+=====||=====+=====+=====|
|  1. |  1. | -1. ||  0. | -1. |  0. ||  1. |  0. |  1. |
| -1. | -1. |  0. ||  1. |  1. | -1. || -1. |  0. |  0. |
|  0. |  0. |  0. ||  0. |  1. |  0. ||  1. |  0. | -1. |


current State

|  0. | -1. |  0. ||  1. |  0. |  1. ||* 0. |* 1. |* 1. |
| -1. | -1. |  0. || -1. |  0. |  0. ||*-1. |* 1. |* 0. |
|  0. |  0. | -1. || -1. |  0. |  1. ||* 0. |*-1. |* 0. |
|=====+=====+=====||=====+=====+=====||=====+=====+=====|
|  1. |  0. | -1. ||  0. | -1. | -1. ||  0. |  0. |  0. |
|  0. |  1. |  0. ||  1. |  0. |  0. ||  0. |  0. |  1. |
|  1. | -1. |  1. ||  1. |  0. | -1. || -1. |  1. |  0. |
|=====+=====+=====||=====+=====+=====||=====+=====+=====|
|  1. |  1. | -1. ||  0. | -1. |  0. ||  1. |  0. |  1. |
| -1. | -1. |  0. ||  1. |  1. | -1. || -1. |  0. |  0. |
|  0. |  0. |  0. ||  0. |  1. |  0. ||  1. |  0. | -1. |


state to eval, currenty is playerone turn=false

| -0. |  1. | -0. || -1. | -0. | -1. ||*-0. |*-1. |*-1. |
|  1. |  1. | -0. ||  1. | -0. | -0. ||* 1. |*-1. |*-0. |
| -0. | -0. |  1. ||  1. | -0. | -1. ||*-0. |* 1. |*-0. |
|=====+=====+=====||=====+=====+=====||=====+=====+=====|
| -1. | -0. |  1. || -0. |  1. |  1. || -0. | -0. | -0. |
| -0. | -1. | -0. || -1. | -0. | -0. || -0. | -0. | -1. |
| -1. |  1. | -1. || -1. | -0. |  1. ||  1. | -1. | -0. |
|=====+=====+=====||=====+=====+=====||=====+=====+=====|
| -1. | -1. |  1. || -0. |  1. | -0. || -1. | -0. | -1. |
|  1. |  1. | -0. || -1. | -1. |  1. ||  1. | -0. | -0. |
| -0. | -0. | -0. || -0. | -1. | -0. || -1. | -0. |  1. |


current State

|  0. | -1. |  0. ||  1. |  0. |  1. ||  0. |  1. |  1. |
| -1. | -1. |  0. || -1. |  0. |  0. || -1. |  1. | -1. |
|  0. |  0. | -1. || -1. |  0. |  1. ||  0. | -1. |  0. |
|=====+=====+=====||=====+=====+=====||=====+=====+=====|
|  1. |  0. | -1. ||  0. | -1. | -1. ||* 0. |* 0. |* 0. |
|  0. |  1. |  0. ||  1. |  0. |  0. ||* 0. |* 0. |* 1. |
|  1. | -1. |  1. ||  1. |  0. | -1. ||*-1. |* 1. |* 0. |
|=====+=====+=====||=====+=====+=====||=====+=====+=====|
|  1. |  1. | -1. ||  0. | -1. |  0. ||  1. |  0. |  1. |
| -1. | -1. |  0. ||  1. |  1. | -1. || -1. |  0. |  0. |
|  0. |  0. |  0. ||  0. |  1. |  0. ||  1. |  0. | -1. |


state to eval, currenty is playerone turn=true

|  0. | -1. |  0. ||  1. |  0. |  1. ||  0. |  1. |  1. |
| -1. | -1. |  0. || -1. |  0. |  0. || -1. |  1. | -1. |
|  0. |  0. | -1. || -1. |  0. |  1. ||  0. | -1. |  0. |
|=====+=====+=====||=====+=====+=====||=====+=====+=====|
|  1. |  0. | -1. ||  0. | -1. | -1. ||* 0. |* 0. |* 0. |
|  0. |  1. |  0. ||  1. |  0. |  0. ||* 0. |* 0. |* 1. |
|  1. | -1. |  1. ||  1. |  0. | -1. ||*-1. |* 1. |* 0. |
|=====+=====+=====||=====+=====+=====||=====+=====+=====|
|  1. |  1. | -1. ||  0. | -1. |  0. ||  1. |  0. |  1. |
| -1. | -1. |  0. ||  1. |  1. | -1. || -1. |  0. |  0. |
|  0. |  0. |  0. ||  0. |  1. |  0. ||  1. |  0. | -1. |


Determined best move using: 830725Iterations
Determined best move using: 113784Iterations
current State

|  0. | -1. |  0. ||* 1. |* 0. |* 1. ||  0. |  1. |  1. |
| -1. | -1. |  0. ||*-1. |* 0. |* 0. || -1. |  1. | -1. |
|  0. |  0. | -1. ||*-1. |* 0. |* 1. ||  0. | -1. |  0. |
|=====+=====+=====||=====+=====+=====||=====+=====+=====|
|  1. |  0. | -1. ||  0. | -1. | -1. ||  0. |  1. |  0. |
|  0. |  1. |  0. ||  1. |  0. |  0. ||  0. |  0. |  1. |
|  1. | -1. |  1. ||  1. |  0. | -1. || -1. |  1. |  0. |
|=====+=====+=====||=====+=====+=====||=====+=====+=====|
|  1. |  1. | -1. ||  0. | -1. |  0. ||  1. |  0. |  1. |
| -1. | -1. |  0. ||  1. |  1. | -1. || -1. |  0. |  0. |
|  0. |  0. |  0. ||  0. |  1. |  0. ||  1. |  0. | -1. |


state to eval, currenty is playerone turn=false

| -0. |  1. | -0. ||*-1. |*-0. |*-1. || -0. | -1. | -1. |
|  1. |  1. | -0. ||* 1. |*-0. |*-0. ||  1. | -1. |  1. |
| -0. | -0. |  1. ||* 1. |*-0. |*-1. || -0. |  1. | -0. |
|=====+=====+=====||=====+=====+=====||=====+=====+=====|
| -1. | -0. |  1. || -0. |  1. |  1. || -0. | -1. | -0. |
| -0. | -1. | -0. || -1. | -0. | -0. || -0. | -0. | -1. |
| -1. |  1. | -1. || -1. | -0. |  1. ||  1. | -1. | -0. |
|=====+=====+=====||=====+=====+=====||=====+=====+=====|
| -1. | -1. |  1. || -0. |  1. | -0. || -1. | -0. | -1. |
|  1. |  1. | -0. || -1. | -1. |  1. ||  1. | -0. | -0. |
| -0. | -0. | -0. || -0. | -1. | -0. || -1. | -0. |  1. |


