Saving data to: W:\Labs\ME\ME187-Fall2024\StudentFiles\CALEBHOTTES\UTTTstuff\data\series1
Begin custom message: 
DataSeries: series1 game number: 169 

Description: making data during matlab class 238. 

Evaluator config=EvaluatorConfiguration{cValue=2.0, maxRolloutDepth=1000, computeTime=35, threads=1, stupidity=0, allowForcePlay=false, maxMyCPU=false}
End custom message
Inital State: 

|* 0. |* 0. |* 0. ||* 0. |* 0. |* 0. ||* 0. |* 0. |* 0. |
|* 0. |* 0. |* 0. ||* 0. |* 0. |* 0. ||* 0. |* 0. |* 0. |
|* 0. |* 0. |* 0. ||* 0. |* 0. |* 0. ||* 0. |* 0. |* 0. |
|=====+=====+=====||=====+=====+=====||=====+=====+=====|
|* 0. |* 0. |* 0. ||* 0. |* 0. |* 0. ||* 0. |* 0. |* 0. |
|* 0. |* 0. |* 0. ||* 0. |* 0. |* 0. ||* 0. |* 0. |* 0. |
|* 0. |* 0. |* 0. ||* 0. |* 0. |* 0. ||* 0. |* 0. |* 0. |
|=====+=====+=====||=====+=====+=====||=====+=====+=====|
|* 0. |* 0. |* 0. ||* 0. |* 0. |* 0. ||* 0. |* 0. |* 0. |
|* 0. |* 0. |* 0. ||* 0. |* 0. |* 0. ||* 0. |* 0. |* 0. |
|* 0. |* 0. |* 0. ||* 0. |* 0. |* 0. ||* 0. |* 0. |* 0. |


state to eval, currenty is playerone turn=true

|* 0. |* 0. |* 0. ||* 0. |* 0. |* 0. ||* 0. |* 0. |* 0. |
|* 0. |* 0. |* 0. ||* 0. |* 0. |* 0. ||* 0. |* 0. |* 0. |
|* 0. |* 0. |* 0. ||* 0. |* 0. |* 0. ||* 0. |* 0. |* 0. |
|=====+=====+=====||=====+=====+=====||=====+=====+=====|
|* 0. |* 0. |* 0. ||* 0. |* 0. |* 0. ||* 0. |* 0. |* 0. |
|* 0. |* 0. |* 0. ||* 0. |* 0. |* 0. ||* 0. |* 0. |* 0. |
|* 0. |* 0. |* 0. ||* 0. |* 0. |* 0. ||* 0. |* 0. |* 0. |
|=====+=====+=====||=====+=====+=====||=====+=====+=====|
|* 0. |* 0. |* 0. ||* 0. |* 0. |* 0. ||* 0. |* 0. |* 0. |
|* 0. |* 0. |* 0. ||* 0. |* 0. |* 0. ||* 0. |* 0. |* 0. |
|* 0. |* 0. |* 0. ||* 0. |* 0. |* 0. ||* 0. |* 0. |* 0. |


Determined best move using: 78935Iterations
current State

|  0. |  0. |  0. ||  0. |  0. |  0. ||* 0. |* 0. |* 0. |
|  0. |  0. |  0. ||  0. |  0. |  0. ||* 0. |* 0. |* 0. |
|  0. |  0. |  0. ||  0. |  0. |  0. ||* 0. |* 0. |* 0. |
|=====+=====+=====||=====+=====+=====||=====+=====+=====|
|  0. |  0. |  1. ||  0. |  0. |  0. ||  0. |  0. |  0. |
|  0. |  0. |  0. ||  0. |  0. |  0. ||  0. |  0. |  0. |
|  0. |  0. |  0. ||  0. |  0. |  0. ||  0. |  0. |  0. |
|=====+=====+=====||=====+=====+=====||=====+=====+=====|
|  0. |  0. |  0. ||  0. |  0. |  0. ||  0. |  0. |  0. |
|  0. |  0. |  0. ||  0. |  0. |  0. ||  0. |  0. |  0. |
|  0. |  0. |  0. ||  0. |  0. |  0. ||  0. |  0. |  0. |


state to eval, currenty is playerone turn=false

| -0. | -0. | -0. || -0. | -0. | -0. ||*-0. |*-0. |*-0. |
| -0. | -0. | -0. || -0. | -0. | -0. ||*-0. |*-0. |*-0. |
| -0. | -0. | -0. || -0. | -0. | -0. ||*-0. |*-0. |*-0. |
|=====+=====+=====||=====+=====+=====||=====+=====+=====|
| -0. | -0. | -1. || -0. | -0. | -0. || -0. | -0. | -0. |
| -0. | -0. | -0. || -0. | -0. | -0. || -0. | -0. | -0. |
| -0. | -0. | -0. || -0. | -0. | -0. || -0. | -0. | -0. |
|=====+=====+=====||=====+=====+=====||=====+=====+=====|
| -0. | -0. | -0. || -0. | -0. | -0. || -0. | -0. | -0. |
| -0. | -0. | -0. || -0. | -0. | -0. || -0. | -0. | -0. |
| -0. | -0. | -0. || -0. | -0. | -0. || -0. | -0. | -0. |


Determined best move using: 82140Iterations
current State

|  0. |  0. |  0. ||  0. |  0. |  0. ||  0. |  0. |  0. |
|  0. |  0. |  0. ||  0. |  0. |  0. ||  0. |  0. |  0. |
|  0. |  0. |  0. ||  0. |  0. |  0. ||  0. |  0. | -1. |
|=====+=====+=====||=====+=====+=====||=====+=====+=====|
|  0. |  0. |  1. ||  0. |  0. |  0. ||  0. |  0. |  0. |
|  0. |  0. |  0. ||  0. |  0. |  0. ||  0. |  0. |  0. |
|  0. |  0. |  0. ||  0. |  0. |  0. ||  0. |  0. |  0. |
|=====+=====+=====||=====+=====+=====||=====+=====+=====|
|  0. |  0. |  0. ||  0. |  0. |  0. ||* 0. |* 0. |* 0. |
|  0. |  0. |  0. ||  0. |  0. |  0. ||* 0. |* 0. |* 0. |
|  0. |  0. |  0. ||  0. |  0. |  0. ||* 0. |* 0. |* 0. |


state to eval, currenty is playerone turn=true

|  0. |  0. |  0. ||  0. |  0. |  0. ||  0. |  0. |  0. |
|  0. |  0. |  0. ||  0. |  0. |  0. ||  0. |  0. |  0. |
|  0. |  0. |  0. ||  0. |  0. |  0. ||  0. |  0. | -1. |
|=====+=====+=====||=====+=====+=====||=====+=====+=====|
|  0. |  0. |  1. ||  0. |  0. |  0. ||  0. |  0. |  0. |
|  0. |  0. |  0. ||  0. |  0. |  0. ||  0. |  0. |  0. |
|  0. |  0. |  0. ||  0. |  0. |  0. ||  0. |  0. |  0. |
|=====+=====+=====||=====+=====+=====||=====+=====+=====|
|  0. |  0. |  0. ||  0. |  0. |  0. ||* 0. |* 0. |* 0. |
|  0. |  0. |  0. ||  0. |  0. |  0. ||* 0. |* 0. |* 0. |
|  0. |  0. |  0. ||  0. |  0. |  0. ||* 0. |* 0. |* 0. |


Determined best move using: 80758Iterations
current State

|  0. |  0. |  0. ||  0. |  0. |  0. ||  0. |  0. |  0. |
|  0. |  0. |  0. ||  0. |  0. |  0. ||  0. |  0. |  0. |
|  0. |  0. |  0. ||  0. |  0. |  0. ||  0. |  0. | -1. |
|=====+=====+=====||=====+=====+=====||=====+=====+=====|
|* 0. |* 0. |* 1. ||  0. |  0. |  0. ||  0. |  0. |  0. |
|* 0. |* 0. |* 0. ||  0. |  0. |  0. ||  0. |  0. |  0. |
|* 0. |* 0. |* 0. ||  0. |  0. |  0. ||  0. |  0. |  0. |
|=====+=====+=====||=====+=====+=====||=====+=====+=====|
|  0. |  0. |  0. ||  0. |  0. |  0. ||  0. |  0. |  0. |
|  0. |  0. |  0. ||  0. |  0. |  0. ||  1. |  0. |  0. |
|  0. |  0. |  0. ||  0. |  0. |  0. ||  0. |  0. |  0. |


state to eval, currenty is playerone turn=false

| -0. | -0. | -0. || -0. | -0. | -0. || -0. | -0. | -0. |
| -0. | -0. | -0. || -0. | -0. | -0. || -0. | -0. | -0. |
| -0. | -0. | -0. || -0. | -0. | -0. || -0. | -0. |  1. |
|=====+=====+=====||=====+=====+=====||=====+=====+=====|
|*-0. |*-0. |*-1. || -0. | -0. | -0. || -0. | -0. | -0. |
|*-0. |*-0. |*-0. || -0. | -0. | -0. || -0. | -0. | -0. |
|*-0. |*-0. |*-0. || -0. | -0. | -0. || -0. | -0. | -0. |
|=====+=====+=====||=====+=====+=====||=====+=====+=====|
| -0. | -0. | -0. || -0. | -0. | -0. || -0. | -0. | -0. |
| -0. | -0. | -0. || -0. | -0. | -0. || -1. | -0. | -0. |
| -0. | -0. | -0. || -0. | -0. | -0. || -0. | -0. | -0. |


Determined best move using: 83642Iterations
current State

|  0. |  0. |  0. ||  0. |  0. |  0. ||  0. |  0. |  0. |
|  0. |  0. |  0. ||  0. |  0. |  0. ||  0. |  0. |  0. |
|  0. |  0. |  0. ||  0. |  0. |  0. ||  0. |  0. | -1. |
|=====+=====+=====||=====+=====+=====||=====+=====+=====|
|* 0. |* 0. |* 1. ||  0. |  0. |  0. ||  0. |  0. |  0. |
|*-1. |* 0. |* 0. ||  0. |  0. |  0. ||  0. |  0. |  0. |
|* 0. |* 0. |* 0. ||  0. |  0. |  0. ||  0. |  0. |  0. |
|=====+=====+=====||=====+=====+=====||=====+=====+=====|
|  0. |  0. |  0. ||  0. |  0. |  0. ||  0. |  0. |  0. |
|  0. |  0. |  0. ||  0. |  0. |  0. ||  1. |  0. |  0. |
|  0. |  0. |  0. ||  0. |  0. |  0. ||  0. |  0. |  0. |


state to eval, currenty is playerone turn=true

|  0. |  0. |  0. ||  0. |  0. |  0. ||  0. |  0. |  0. |
|  0. |  0. |  0. ||  0. |  0. |  0. ||  0. |  0. |  0. |
|  0. |  0. |  0. ||  0. |  0. |  0. ||  0. |  0. | -1. |
|=====+=====+=====||=====+=====+=====||=====+=====+=====|
|* 0. |* 0. |* 1. ||  0. |  0. |  0. ||  0. |  0. |  0. |
|*-1. |* 0. |* 0. ||  0. |  0. |  0. ||  0. |  0. |  0. |
|* 0. |* 0. |* 0. ||  0. |  0. |  0. ||  0. |  0. |  0. |
|=====+=====+=====||=====+=====+=====||=====+=====+=====|
|  0. |  0. |  0. ||  0. |  0. |  0. ||  0. |  0. |  0. |
|  0. |  0. |  0. ||  0. |  0. |  0. ||  1. |  0. |  0. |
|  0. |  0. |  0. ||  0. |  0. |  0. ||  0. |  0. |  0. |


Determined best move using: 86499Iterations
current State

|  0. |  0. |  0. ||  0. |  0. |  0. ||  0. |  0. |  0. |
|  0. |  0. |  0. ||  0. |  0. |  0. ||  0. |  0. |  0. |
|  0. |  0. |  0. ||  0. |  0. |  0. ||  0. |  0. | -1. |
|=====+=====+=====||=====+=====+=====||=====+=====+=====|
|  0. |  0. |  1. ||  0. |  0. |  0. ||  0. |  0. |  0. |
| -1. |  0. |  0. ||  0. |  0. |  0. ||  0. |  0. |  0. |
|  0. |  1. |  0. ||  0. |  0. |  0. ||  0. |  0. |  0. |
|=====+=====+=====||=====+=====+=====||=====+=====+=====|
|  0. |  0. |  0. ||* 0. |* 0. |* 0. ||  0. |  0. |  0. |
|  0. |  0. |  0. ||* 0. |* 0. |* 0. ||  1. |  0. |  0. |
|  0. |  0. |  0. ||* 0. |* 0. |* 0. ||  0. |  0. |  0. |


state to eval, currenty is playerone turn=false

| -0. | -0. | -0. || -0. | -0. | -0. || -0. | -0. | -0. |
| -0. | -0. | -0. || -0. | -0. | -0. || -0. | -0. | -0. |
| -0. | -0. | -0. || -0. | -0. | -0. || -0. | -0. |  1. |
|=====+=====+=====||=====+=====+=====||=====+=====+=====|
| -0. | -0. | -1. || -0. | -0. | -0. || -0. | -0. | -0. |
|  1. | -0. | -0. || -0. | -0. | -0. || -0. | -0. | -0. |
| -0. | -1. | -0. || -0. | -0. | -0. || -0. | -0. | -0. |
|=====+=====+=====||=====+=====+=====||=====+=====+=====|
| -0. | -0. | -0. ||*-0. |*-0. |*-0. || -0. | -0. | -0. |
| -0. | -0. | -0. ||*-0. |*-0. |*-0. || -1. | -0. | -0. |
| -0. | -0. | -0. ||*-0. |*-0. |*-0. || -0. | -0. | -0. |


Determined best move using: 83875Iterations
current State

|* 0. |* 0. |* 0. ||  0. |  0. |  0. ||  0. |  0. |  0. |
|* 0. |* 0. |* 0. ||  0. |  0. |  0. ||  0. |  0. |  0. |
|* 0. |* 0. |* 0. ||  0. |  0. |  0. ||  0. |  0. | -1. |
|=====+=====+=====||=====+=====+=====||=====+=====+=====|
|  0. |  0. |  1. ||  0. |  0. |  0. ||  0. |  0. |  0. |
| -1. |  0. |  0. ||  0. |  0. |  0. ||  0. |  0. |  0. |
|  0. |  1. |  0. ||  0. |  0. |  0. ||  0. |  0. |  0. |
|=====+=====+=====||=====+=====+=====||=====+=====+=====|
|  0. |  0. |  0. || -1. |  0. |  0. ||  0. |  0. |  0. |
|  0. |  0. |  0. ||  0. |  0. |  0. ||  1. |  0. |  0. |
|  0. |  0. |  0. ||  0. |  0. |  0. ||  0. |  0. |  0. |


state to eval, currenty is playerone turn=true

|* 0. |* 0. |* 0. ||  0. |  0. |  0. ||  0. |  0. |  0. |
|* 0. |* 0. |* 0. ||  0. |  0. |  0. ||  0. |  0. |  0. |
|* 0. |* 0. |* 0. ||  0. |  0. |  0. ||  0. |  0. | -1. |
|=====+=====+=====||=====+=====+=====||=====+=====+=====|
|  0. |  0. |  1. ||  0. |  0. |  0. ||  0. |  0. |  0. |
| -1. |  0. |  0. ||  0. |  0. |  0. ||  0. |  0. |  0. |
|  0. |  1. |  0. ||  0. |  0. |  0. ||  0. |  0. |  0. |
|=====+=====+=====||=====+=====+=====||=====+=====+=====|
|  0. |  0. |  0. || -1. |  0. |  0. ||  0. |  0. |  0. |
|  0. |  0. |  0. ||  0. |  0. |  0. ||  1. |  0. |  0. |
|  0. |  0. |  0. ||  0. |  0. |  0. ||  0. |  0. |  0. |


Determined best move using: 84646Iterations
current State

|  0. |  1. |  0. ||* 0. |* 0. |* 0. ||  0. |  0. |  0. |
|  0. |  0. |  0. ||* 0. |* 0. |* 0. ||  0. |  0. |  0. |
|  0. |  0. |  0. ||* 0. |* 0. |* 0. ||  0. |  0. | -1. |
|=====+=====+=====||=====+=====+=====||=====+=====+=====|
|  0. |  0. |  1. ||  0. |  0. |  0. ||  0. |  0. |  0. |
| -1. |  0. |  0. ||  0. |  0. |  0. ||  0. |  0. |  0. |
|  0. |  1. |  0. ||  0. |  0. |  0. ||  0. |  0. |  0. |
|=====+=====+=====||=====+=====+=====||=====+=====+=====|
|  0. |  0. |  0. || -1. |  0. |  0. ||  0. |  0. |  0. |
|  0. |  0. |  0. ||  0. |  0. |  0. ||  1. |  0. |  0. |
|  0. |  0. |  0. ||  0. |  0. |  0. ||  0. |  0. |  0. |


state to eval, currenty is playerone turn=false

| -0. | -1. | -0. ||*-0. |*-0. |*-0. || -0. | -0. | -0. |
| -0. | -0. | -0. ||*-0. |*-0. |*-0. || -0. | -0. | -0. |
| -0. | -0. | -0. ||*-0. |*-0. |*-0. || -0. | -0. |  1. |
|=====+=====+=====||=====+=====+=====||=====+=====+=====|
| -0. | -0. | -1. || -0. | -0. | -0. || -0. | -0. | -0. |
|  1. | -0. | -0. || -0. | -0. | -0. || -0. | -0. | -0. |
| -0. | -1. | -0. || -0. | -0. | -0. || -0. | -0. | -0. |
|=====+=====+=====||=====+=====+=====||=====+=====+=====|
| -0. | -0. | -0. ||  1. | -0. | -0. || -0. | -0. | -0. |
| -0. | -0. | -0. || -0. | -0. | -0. || -1. | -0. | -0. |
| -0. | -0. | -0. || -0. | -0. | -0. || -0. | -0. | -0. |


current State

|  0. |  1. |  0. ||  0. |  0. |  0. ||  0. |  0. |  0. |
|  0. |  0. |  0. || -1. |  0. |  0. ||  0. |  0. |  0. |
|  0. |  0. |  0. ||  0. |  0. |  0. ||  0. |  0. | -1. |
|=====+=====+=====||=====+=====+=====||=====+=====+=====|
|* 0. |* 0. |* 1. ||  0. |  0. |  0. ||  0. |  0. |  0. |
|*-1. |* 0. |* 0. ||  0. |  0. |  0. ||  0. |  0. |  0. |
|* 0. |* 1. |* 0. ||  0. |  0. |  0. ||  0. |  0. |  0. |
|=====+=====+=====||=====+=====+=====||=====+=====+=====|
|  0. |  0. |  0. || -1. |  0. |  0. ||  0. |  0. |  0. |
|  0. |  0. |  0. ||  0. |  0. |  0. ||  1. |  0. |  0. |
|  0. |  0. |  0. ||  0. |  0. |  0. ||  0. |  0. |  0. |


state to eval, currenty is playerone turn=true

|  0. |  1. |  0. ||  0. |  0. |  0. ||  0. |  0. |  0. |
|  0. |  0. |  0. || -1. |  0. |  0. ||  0. |  0. |  0. |
|  0. |  0. |  0. ||  0. |  0. |  0. ||  0. |  0. | -1. |
|=====+=====+=====||=====+=====+=====||=====+=====+=====|
|* 0. |* 0. |* 1. ||  0. |  0. |  0. ||  0. |  0. |  0. |
|*-1. |* 0. |* 0. ||  0. |  0. |  0. ||  0. |  0. |  0. |
|* 0. |* 1. |* 0. ||  0. |  0. |  0. ||  0. |  0. |  0. |
|=====+=====+=====||=====+=====+=====||=====+=====+=====|
|  0. |  0. |  0. || -1. |  0. |  0. ||  0. |  0. |  0. |
|  0. |  0. |  0. ||  0. |  0. |  0. ||  1. |  0. |  0. |
|  0. |  0. |  0. ||  0. |  0. |  0. ||  0. |  0. |  0. |


Determined best move using: 190531Iterations
Determined best move using: 74109Iterations
Determined best move using: 93764Iterations
current State

|  0. |  1. |  0. ||* 0. |* 0. |* 0. ||  0. |  0. |  0. |
|  0. |  0. |  0. ||*-1. |* 0. |* 0. ||  0. |  0. |  0. |
|  0. |  0. |  0. ||* 0. |* 0. |* 0. ||  0. |  0. | -1. |
|=====+=====+=====||=====+=====+=====||=====+=====+=====|
|  0. |  1. |  1. ||  0. |  0. |  0. ||  0. |  0. |  0. |
| -1. |  0. |  0. ||  0. |  0. |  0. ||  0. |  0. |  0. |
|  0. |  1. |  0. ||  0. |  0. |  0. ||  0. |  0. |  0. |
|=====+=====+=====||=====+=====+=====||=====+=====+=====|
|  0. |  0. |  0. || -1. |  0. |  0. ||  0. |  0. |  0. |
|  0. |  0. |  0. ||  0. |  0. |  0. ||  1. |  0. |  0. |
|  0. |  0. |  0. ||  0. |  0. |  0. ||  0. |  0. |  0. |


state to eval, currenty is playerone turn=false

| -0. | -1. | -0. ||*-0. |*-0. |*-0. || -0. | -0. | -0. |
| -0. | -0. | -0. ||* 1. |*-0. |*-0. || -0. | -0. | -0. |
| -0. | -0. | -0. ||*-0. |*-0. |*-0. || -0. | -0. |  1. |
|=====+=====+=====||=====+=====+=====||=====+=====+=====|
| -0. | -1. | -1. || -0. | -0. | -0. || -0. | -0. | -0. |
|  1. | -0. | -0. || -0. | -0. | -0. || -0. | -0. | -0. |
| -0. | -1. | -0. || -0. | -0. | -0. || -0. | -0. | -0. |
|=====+=====+=====||=====+=====+=====||=====+=====+=====|
| -0. | -0. | -0. ||  1. | -0. | -0. || -0. | -0. | -0. |
| -0. | -0. | -0. || -0. | -0. | -0. || -1. | -0. | -0. |
| -0. | -0. | -0. || -0. | -0. | -0. || -0. | -0. | -0. |


Determined best move using: 74677Iterations
Determined best move using: 219473Iterations
Determined best move using: 98990Iterations
current State

|  0. |  1. |  0. ||* 0. |*-1. |* 0. ||  0. |  0. |  0. |
|  0. |  0. |  0. ||*-1. |* 0. |* 0. ||  0. |  0. |  0. |
|  0. |  0. |  0. ||* 0. |* 0. |* 0. ||  0. |  0. | -1. |
|=====+=====+=====||=====+=====+=====||=====+=====+=====|
|  0. |  1. |  1. ||  0. |  0. |  0. ||  0. |  0. |  0. |
| -1. |  0. |  0. ||  0. |  0. |  0. ||  0. |  0. |  0. |
|  0. |  1. |  0. ||  0. |  0. |  0. ||  0. |  0. |  0. |
|=====+=====+=====||=====+=====+=====||=====+=====+=====|
|  0. |  0. |  0. || -1. |  0. |  0. ||  0. |  0. |  0. |
|  0. |  0. |  0. ||  0. |  0. |  0. ||  1. |  0. |  0. |
|  0. |  0. |  0. ||  0. |  0. |  0. ||  0. |  0. |  0. |


state to eval, currenty is playerone turn=true

|  0. |  1. |  0. ||* 0. |*-1. |* 0. ||  0. |  0. |  0. |
|  0. |  0. |  0. ||*-1. |* 0. |* 0. ||  0. |  0. |  0. |
|  0. |  0. |  0. ||* 0. |* 0. |* 0. ||  0. |  0. | -1. |
|=====+=====+=====||=====+=====+=====||=====+=====+=====|
|  0. |  1. |  1. ||  0. |  0. |  0. ||  0. |  0. |  0. |
| -1. |  0. |  0. ||  0. |  0. |  0. ||  0. |  0. |  0. |
|  0. |  1. |  0. ||  0. |  0. |  0. ||  0. |  0. |  0. |
|=====+=====+=====||=====+=====+=====||=====+=====+=====|
|  0. |  0. |  0. || -1. |  0. |  0. ||  0. |  0. |  0. |
|  0. |  0. |  0. ||  0. |  0. |  0. ||  1. |  0. |  0. |
|  0. |  0. |  0. ||  0. |  0. |  0. ||  0. |  0. |  0. |


Determined best move using: 76107Iterations
current State

|  0. |  1. |  0. ||  0. | -1. |  0. ||  0. |  0. |  0. |
|  0. |  0. |  0. || -1. |  0. |  0. ||  0. |  0. |  0. |
|  0. |  0. |  0. ||  1. |  0. |  0. ||  0. |  0. | -1. |
|=====+=====+=====||=====+=====+=====||=====+=====+=====|
|  0. |  1. |  1. ||  0. |  0. |  0. ||  0. |  0. |  0. |
| -1. |  0. |  0. ||  0. |  0. |  0. ||  0. |  0. |  0. |
|  0. |  1. |  0. ||  0. |  0. |  0. ||  0. |  0. |  0. |
|=====+=====+=====||=====+=====+=====||=====+=====+=====|
|* 0. |* 0. |* 0. || -1. |  0. |  0. ||  0. |  0. |  0. |
|* 0. |* 0. |* 0. ||  0. |  0. |  0. ||  1. |  0. |  0. |
|* 0. |* 0. |* 0. ||  0. |  0. |  0. ||  0. |  0. |  0. |


state to eval, currenty is playerone turn=false

| -0. | -1. | -0. || -0. |  1. | -0. || -0. | -0. | -0. |
| -0. | -0. | -0. ||  1. | -0. | -0. || -0. | -0. | -0. |
| -0. | -0. | -0. || -1. | -0. | -0. || -0. | -0. |  1. |
|=====+=====+=====||=====+=====+=====||=====+=====+=====|
| -0. | -1. | -1. || -0. | -0. | -0. || -0. | -0. | -0. |
|  1. | -0. | -0. || -0. | -0. | -0. || -0. | -0. | -0. |
| -0. | -1. | -0. || -0. | -0. | -0. || -0. | -0. | -0. |
|=====+=====+=====||=====+=====+=====||=====+=====+=====|
|*-0. |*-0. |*-0. ||  1. | -0. | -0. || -0. | -0. | -0. |
|*-0. |*-0. |*-0. || -0. | -0. | -0. || -1. | -0. | -0. |
|*-0. |*-0. |*-0. || -0. | -0. | -0. || -0. | -0. | -0. |


Determined best move using: 77559Iterations
Determined best move using: 1728872Iterations
current State

|* 0. |* 1. |* 0. ||  0. | -1. |  0. ||  0. |  0. |  0. |
|* 0. |* 0. |* 0. || -1. |  0. |  0. ||  0. |  0. |  0. |
|* 0. |* 0. |* 0. ||  1. |  0. |  0. ||  0. |  0. | -1. |
|=====+=====+=====||=====+=====+=====||=====+=====+=====|
|  0. |  1. |  1. ||  0. |  0. |  0. ||  0. |  0. |  0. |
| -1. |  0. |  0. ||  0. |  0. |  0. ||  0. |  0. |  0. |
|  0. |  1. |  0. ||  0. |  0. |  0. ||  0. |  0. |  0. |
|=====+=====+=====||=====+=====+=====||=====+=====+=====|
| -1. |  0. |  0. || -1. |  0. |  0. ||  0. |  0. |  0. |
|  0. |  0. |  0. ||  0. |  0. |  0. ||  1. |  0. |  0. |
|  0. |  0. |  0. ||  0. |  0. |  0. ||  0. |  0. |  0. |


state to eval, currenty is playerone turn=true

|* 0. |* 1. |* 0. ||  0. | -1. |  0. ||  0. |  0. |  0. |
|* 0. |* 0. |* 0. || -1. |  0. |  0. ||  0. |  0. |  0. |
|* 0. |* 0. |* 0. ||  1. |  0. |  0. ||  0. |  0. | -1. |
|=====+=====+=====||=====+=====+=====||=====+=====+=====|
|  0. |  1. |  1. ||  0. |  0. |  0. ||  0. |  0. |  0. |
| -1. |  0. |  0. ||  0. |  0. |  0. ||  0. |  0. |  0. |
|  0. |  1. |  0. ||  0. |  0. |  0. ||  0. |  0. |  0. |
|=====+=====+=====||=====+=====+=====||=====+=====+=====|
| -1. |  0. |  0. || -1. |  0. |  0. ||  0. |  0. |  0. |
|  0. |  0. |  0. ||  0. |  0. |  0. ||  1. |  0. |  0. |
|  0. |  0. |  0. ||  0. |  0. |  0. ||  0. |  0. |  0. |


Determined best move using: 78072Iterations
Determined best move using: 1259577Iterations
current State

|  0. |  1. |  0. ||  0. | -1. |  0. ||  0. |  0. |  0. |
|  0. |  0. |  0. || -1. |  0. |  0. ||  0. |  0. |  0. |
|  0. |  0. |  1. ||  1. |  0. |  0. ||  0. |  0. | -1. |
|=====+=====+=====||=====+=====+=====||=====+=====+=====|
|  0. |  1. |  1. ||  0. |  0. |  0. ||  0. |  0. |  0. |
| -1. |  0. |  0. ||  0. |  0. |  0. ||  0. |  0. |  0. |
|  0. |  1. |  0. ||  0. |  0. |  0. ||  0. |  0. |  0. |
|=====+=====+=====||=====+=====+=====||=====+=====+=====|
| -1. |  0. |  0. || -1. |  0. |  0. ||* 0. |* 0. |* 0. |
|  0. |  0. |  0. ||  0. |  0. |  0. ||* 1. |* 0. |* 0. |
|  0. |  0. |  0. ||  0. |  0. |  0. ||* 0. |* 0. |* 0. |


state to eval, currenty is playerone turn=false

| -0. | -1. | -0. || -0. |  1. | -0. || -0. | -0. | -0. |
| -0. | -0. | -0. ||  1. | -0. | -0. || -0. | -0. | -0. |
| -0. | -0. | -1. || -1. | -0. | -0. || -0. | -0. |  1. |
|=====+=====+=====||=====+=====+=====||=====+=====+=====|
| -0. | -1. | -1. || -0. | -0. | -0. || -0. | -0. | -0. |
|  1. | -0. | -0. || -0. | -0. | -0. || -0. | -0. | -0. |
| -0. | -1. | -0. || -0. | -0. | -0. || -0. | -0. | -0. |
|=====+=====+=====||=====+=====+=====||=====+=====+=====|
|  1. | -0. | -0. ||  1. | -0. | -0. ||*-0. |*-0. |*-0. |
| -0. | -0. | -0. || -0. | -0. | -0. ||*-1. |*-0. |*-0. |
| -0. | -0. | -0. || -0. | -0. | -0. ||*-0. |*-0. |*-0. |


Determined best move using: 82030Iterations
Determined best move using: 1916643Iterations
current State

|  0. |  1. |  0. ||  0. | -1. |  0. ||  0. |  0. |  0. |
|  0. |  0. |  0. || -1. |  0. |  0. ||  0. |  0. |  0. |
|  0. |  0. |  1. ||  1. |  0. |  0. ||  0. |  0. | -1. |
|=====+=====+=====||=====+=====+=====||=====+=====+=====|
|  0. |  1. |  1. ||* 0. |* 0. |* 0. ||  0. |  0. |  0. |
| -1. |  0. |  0. ||* 0. |* 0. |* 0. ||  0. |  0. |  0. |
|  0. |  1. |  0. ||* 0. |* 0. |* 0. ||  0. |  0. |  0. |
|=====+=====+=====||=====+=====+=====||=====+=====+=====|
| -1. |  0. |  0. || -1. |  0. |  0. ||  0. |  0. |  0. |
|  0. |  0. |  0. ||  0. |  0. |  0. ||  1. | -1. |  0. |
|  0. |  0. |  0. ||  0. |  0. |  0. ||  0. |  0. |  0. |


state to eval, currenty is playerone turn=true

|  0. |  1. |  0. ||  0. | -1. |  0. ||  0. |  0. |  0. |
|  0. |  0. |  0. || -1. |  0. |  0. ||  0. |  0. |  0. |
|  0. |  0. |  1. ||  1. |  0. |  0. ||  0. |  0. | -1. |
|=====+=====+=====||=====+=====+=====||=====+=====+=====|
|  0. |  1. |  1. ||* 0. |* 0. |* 0. ||  0. |  0. |  0. |
| -1. |  0. |  0. ||* 0. |* 0. |* 0. ||  0. |  0. |  0. |
|  0. |  1. |  0. ||* 0. |* 0. |* 0. ||  0. |  0. |  0. |
|=====+=====+=====||=====+=====+=====||=====+=====+=====|
| -1. |  0. |  0. || -1. |  0. |  0. ||  0. |  0. |  0. |
|  0. |  0. |  0. ||  0. |  0. |  0. ||  1. | -1. |  0. |
|  0. |  0. |  0. ||  0. |  0. |  0. ||  0. |  0. |  0. |


Determined best move using: 81693Iterations
current State

|  0. |  1. |  0. ||  0. | -1. |  0. ||  0. |  0. |  0. |
|  0. |  0. |  0. || -1. |  0. |  0. ||  0. |  0. |  0. |
|  0. |  0. |  1. ||  1. |  0. |  0. ||  0. |  0. | -1. |
|=====+=====+=====||=====+=====+=====||=====+=====+=====|
|* 0. |* 1. |* 1. ||  0. |  0. |  0. ||  0. |  0. |  0. |
|*-1. |* 0. |* 0. ||  1. |  0. |  0. ||  0. |  0. |  0. |
|* 0. |* 1. |* 0. ||  0. |  0. |  0. ||  0. |  0. |  0. |
|=====+=====+=====||=====+=====+=====||=====+=====+=====|
| -1. |  0. |  0. || -1. |  0. |  0. ||  0. |  0. |  0. |
|  0. |  0. |  0. ||  0. |  0. |  0. ||  1. | -1. |  0. |
|  0. |  0. |  0. ||  0. |  0. |  0. ||  0. |  0. |  0. |


state to eval, currenty is playerone turn=false

| -0. | -1. | -0. || -0. |  1. | -0. || -0. | -0. | -0. |
| -0. | -0. | -0. ||  1. | -0. | -0. || -0. | -0. | -0. |
| -0. | -0. | -1. || -1. | -0. | -0. || -0. | -0. |  1. |
|=====+=====+=====||=====+=====+=====||=====+=====+=====|
|*-0. |*-1. |*-1. || -0. | -0. | -0. || -0. | -0. | -0. |
|* 1. |*-0. |*-0. || -1. | -0. | -0. || -0. | -0. | -0. |
|*-0. |*-1. |*-0. || -0. | -0. | -0. || -0. | -0. | -0. |
|=====+=====+=====||=====+=====+=====||=====+=====+=====|
|  1. | -0. | -0. ||  1. | -0. | -0. || -0. | -0. | -0. |
| -0. | -0. | -0. || -0. | -0. | -0. || -1. |  1. | -0. |
| -0. | -0. | -0. || -0. | -0. | -0. || -0. | -0. | -0. |


Determined best move using: 83265Iterations
Determined best move using: 115053Iterations
Determined best move using: 64173Iterations
Determined best move using: 144000Iterations
current State

|  0. |  1. |  0. ||  0. | -1. |  0. ||  0. |  0. |  0. |
|  0. |  0. |  0. || -1. |  0. |  0. ||  0. |  0. |  0. |
|  0. |  0. |  1. ||  1. |  0. |  0. ||  0. |  0. | -1. |
|=====+=====+=====||=====+=====+=====||=====+=====+=====|
|  0. |  1. |  1. ||* 0. |* 0. |* 0. ||  0. |  0. |  0. |
| -1. | -1. |  0. ||* 1. |* 0. |* 0. ||  0. |  0. |  0. |
|  0. |  1. |  0. ||* 0. |* 0. |* 0. ||  0. |  0. |  0. |
|=====+=====+=====||=====+=====+=====||=====+=====+=====|
| -1. |  0. |  0. || -1. |  0. |  0. ||  0. |  0. |  0. |
|  0. |  0. |  0. ||  0. |  0. |  0. ||  1. | -1. |  0. |
|  0. |  0. |  0. ||  0. |  0. |  0. ||  0. |  0. |  0. |


state to eval, currenty is playerone turn=true

|  0. |  1. |  0. ||  0. | -1. |  0. ||  0. |  0. |  0. |
|  0. |  0. |  0. || -1. |  0. |  0. ||  0. |  0. |  0. |
|  0. |  0. |  1. ||  1. |  0. |  0. ||  0. |  0. | -1. |
|=====+=====+=====||=====+=====+=====||=====+=====+=====|
|  0. |  1. |  1. ||* 0. |* 0. |* 0. ||  0. |  0. |  0. |
| -1. | -1. |  0. ||* 1. |* 0. |* 0. ||  0. |  0. |  0. |
|  0. |  1. |  0. ||* 0. |* 0. |* 0. ||  0. |  0. |  0. |
|=====+=====+=====||=====+=====+=====||=====+=====+=====|
| -1. |  0. |  0. || -1. |  0. |  0. ||  0. |  0. |  0. |
|  0. |  0. |  0. ||  0. |  0. |  0. ||  1. | -1. |  0. |
|  0. |  0. |  0. ||  0. |  0. |  0. ||  0. |  0. |  0. |


Determined best move using: 147912Iterations
Determined best move using: 84464Iterations
current State

|  0. |  1. |  0. ||* 0. |*-1. |* 0. ||  0. |  0. |  0. |
|  0. |  0. |  0. ||*-1. |* 0. |* 0. ||  0. |  0. |  0. |
|  0. |  0. |  1. ||* 1. |* 0. |* 0. ||  0. |  0. | -1. |
|=====+=====+=====||=====+=====+=====||=====+=====+=====|
|  0. |  1. |  1. ||  0. |  1. |  0. ||  0. |  0. |  0. |
| -1. | -1. |  0. ||  1. |  0. |  0. ||  0. |  0. |  0. |
|  0. |  1. |  0. ||  0. |  0. |  0. ||  0. |  0. |  0. |
|=====+=====+=====||=====+=====+=====||=====+=====+=====|
| -1. |  0. |  0. || -1. |  0. |  0. ||  0. |  0. |  0. |
|  0. |  0. |  0. ||  0. |  0. |  0. ||  1. | -1. |  0. |
|  0. |  0. |  0. ||  0. |  0. |  0. ||  0. |  0. |  0. |


state to eval, currenty is playerone turn=false

| -0. | -1. | -0. ||*-0. |* 1. |*-0. || -0. | -0. | -0. |
| -0. | -0. | -0. ||* 1. |*-0. |*-0. || -0. | -0. | -0. |
| -0. | -0. | -1. ||*-1. |*-0. |*-0. || -0. | -0. |  1. |
|=====+=====+=====||=====+=====+=====||=====+=====+=====|
| -0. | -1. | -1. || -0. | -1. | -0. || -0. | -0. | -0. |
|  1. |  1. | -0. || -1. | -0. | -0. || -0. | -0. | -0. |
| -0. | -1. | -0. || -0. | -0. | -0. || -0. | -0. | -0. |
|=====+=====+=====||=====+=====+=====||=====+=====+=====|
|  1. | -0. | -0. ||  1. | -0. | -0. || -0. | -0. | -0. |
| -0. | -0. | -0. || -0. | -0. | -0. || -1. |  1. | -0. |
| -0. | -0. | -0. || -0. | -0. | -0. || -0. | -0. | -0. |


Determined best move using: 85229Iterations
Determined best move using: 169602Iterations
current State

|* 0. |* 1. |* 0. || -1. | -1. |  0. ||  0. |  0. |  0. |
|* 0. |* 0. |* 0. || -1. |  0. |  0. ||  0. |  0. |  0. |
|* 0. |* 0. |* 1. ||  1. |  0. |  0. ||  0. |  0. | -1. |
|=====+=====+=====||=====+=====+=====||=====+=====+=====|
|  0. |  1. |  1. ||  0. |  1. |  0. ||  0. |  0. |  0. |
| -1. | -1. |  0. ||  1. |  0. |  0. ||  0. |  0. |  0. |
|  0. |  1. |  0. ||  0. |  0. |  0. ||  0. |  0. |  0. |
|=====+=====+=====||=====+=====+=====||=====+=====+=====|
| -1. |  0. |  0. || -1. |  0. |  0. ||  0. |  0. |  0. |
|  0. |  0. |  0. ||  0. |  0. |  0. ||  1. | -1. |  0. |
|  0. |  0. |  0. ||  0. |  0. |  0. ||  0. |  0. |  0. |


state to eval, currenty is playerone turn=true

|* 0. |* 1. |* 0. || -1. | -1. |  0. ||  0. |  0. |  0. |
|* 0. |* 0. |* 0. || -1. |  0. |  0. ||  0. |  0. |  0. |
|* 0. |* 0. |* 1. ||  1. |  0. |  0. ||  0. |  0. | -1. |
|=====+=====+=====||=====+=====+=====||=====+=====+=====|
|  0. |  1. |  1. ||  0. |  1. |  0. ||  0. |  0. |  0. |
| -1. | -1. |  0. ||  1. |  0. |  0. ||  0. |  0. |  0. |
|  0. |  1. |  0. ||  0. |  0. |  0. ||  0. |  0. |  0. |
|=====+=====+=====||=====+=====+=====||=====+=====+=====|
| -1. |  0. |  0. || -1. |  0. |  0. ||  0. |  0. |  0. |
|  0. |  0. |  0. ||  0. |  0. |  0. ||  1. | -1. |  0. |
|  0. |  0. |  0. ||  0. |  0. |  0. ||  0. |  0. |  0. |


Determined best move using: 86974Iterations
Determined best move using: 177676Iterations
Determined best move using: 67661Iterations
current State

|  0. |  1. |  0. || -1. | -1. |  0. ||  0. |  0. |  0. |
|  1. |  0. |  0. || -1. |  0. |  0. ||  0. |  0. |  0. |
|  0. |  0. |  1. ||  1. |  0. |  0. ||  0. |  0. | -1. |
|=====+=====+=====||=====+=====+=====||=====+=====+=====|
|* 0. |* 1. |* 1. ||  0. |  1. |  0. ||  0. |  0. |  0. |
|*-1. |*-1. |* 0. ||  1. |  0. |  0. ||  0. |  0. |  0. |
|* 0. |* 1. |* 0. ||  0. |  0. |  0. ||  0. |  0. |  0. |
|=====+=====+=====||=====+=====+=====||=====+=====+=====|
| -1. |  0. |  0. || -1. |  0. |  0. ||  0. |  0. |  0. |
|  0. |  0. |  0. ||  0. |  0. |  0. ||  1. | -1. |  0. |
|  0. |  0. |  0. ||  0. |  0. |  0. ||  0. |  0. |  0. |


state to eval, currenty is playerone turn=false

| -0. | -1. | -0. ||  1. |  1. | -0. || -0. | -0. | -0. |
| -1. | -0. | -0. ||  1. | -0. | -0. || -0. | -0. | -0. |
| -0. | -0. | -1. || -1. | -0. | -0. || -0. | -0. |  1. |
|=====+=====+=====||=====+=====+=====||=====+=====+=====|
|*-0. |*-1. |*-1. || -0. | -1. | -0. || -0. | -0. | -0. |
|* 1. |* 1. |*-0. || -1. | -0. | -0. || -0. | -0. | -0. |
|*-0. |*-1. |*-0. || -0. | -0. | -0. || -0. | -0. | -0. |
|=====+=====+=====||=====+=====+=====||=====+=====+=====|
|  1. | -0. | -0. ||  1. | -0. | -0. || -0. | -0. | -0. |
| -0. | -0. | -0. || -0. | -0. | -0. || -1. |  1. | -0. |
| -0. | -0. | -0. || -0. | -0. | -0. || -0. | -0. | -0. |


Determined best move using: 88773Iterations
Determined best move using: 195716Iterations
current State

|* 0. |* 1. |* 0. || -1. | -1. |  0. ||  0. |  0. |  0. |
|* 1. |* 0. |* 0. || -1. |  0. |  0. ||  0. |  0. |  0. |
|* 0. |* 0. |* 1. ||  1. |  0. |  0. ||  0. |  0. | -1. |
|=====+=====+=====||=====+=====+=====||=====+=====+=====|
| -1. |  1. |  1. ||  0. |  1. |  0. ||  0. |  0. |  0. |
| -1. | -1. |  0. ||  1. |  0. |  0. ||  0. |  0. |  0. |
|  0. |  1. |  0. ||  0. |  0. |  0. ||  0. |  0. |  0. |
|=====+=====+=====||=====+=====+=====||=====+=====+=====|
| -1. |  0. |  0. || -1. |  0. |  0. ||  0. |  0. |  0. |
|  0. |  0. |  0. ||  0. |  0. |  0. ||  1. | -1. |  0. |
|  0. |  0. |  0. ||  0. |  0. |  0. ||  0. |  0. |  0. |


state to eval, currenty is playerone turn=true

|* 0. |* 1. |* 0. || -1. | -1. |  0. ||  0. |  0. |  0. |
|* 1. |* 0. |* 0. || -1. |  0. |  0. ||  0. |  0. |  0. |
|* 0. |* 0. |* 1. ||  1. |  0. |  0. ||  0. |  0. | -1. |
|=====+=====+=====||=====+=====+=====||=====+=====+=====|
| -1. |  1. |  1. ||  0. |  1. |  0. ||  0. |  0. |  0. |
| -1. | -1. |  0. ||  1. |  0. |  0. ||  0. |  0. |  0. |
|  0. |  1. |  0. ||  0. |  0. |  0. ||  0. |  0. |  0. |
|=====+=====+=====||=====+=====+=====||=====+=====+=====|
| -1. |  0. |  0. || -1. |  0. |  0. ||  0. |  0. |  0. |
|  0. |  0. |  0. ||  0. |  0. |  0. ||  1. | -1. |  0. |
|  0. |  0. |  0. ||  0. |  0. |  0. ||  0. |  0. |  0. |


Determined best move using: 202189Iterations
current State

|  0. |  1. |  0. || -1. | -1. |  0. ||  0. |  0. |  0. |
|  1. |  1. |  0. || -1. |  0. |  0. ||  0. |  0. |  0. |
|  0. |  0. |  1. ||  1. |  0. |  0. ||  0. |  0. | -1. |
|=====+=====+=====||=====+=====+=====||=====+=====+=====|
| -1. |  1. |  1. ||* 0. |* 1. |* 0. ||  0. |  0. |  0. |
| -1. | -1. |  0. ||* 1. |* 0. |* 0. ||  0. |  0. |  0. |
|  0. |  1. |  0. ||* 0. |* 0. |* 0. ||  0. |  0. |  0. |
|=====+=====+=====||=====+=====+=====||=====+=====+=====|
| -1. |  0. |  0. || -1. |  0. |  0. ||  0. |  0. |  0. |
|  0. |  0. |  0. ||  0. |  0. |  0. ||  1. | -1. |  0. |
|  0. |  0. |  0. ||  0. |  0. |  0. ||  0. |  0. |  0. |


state to eval, currenty is playerone turn=false

| -0. | -1. | -0. ||  1. |  1. | -0. || -0. | -0. | -0. |
| -1. | -1. | -0. ||  1. | -0. | -0. || -0. | -0. | -0. |
| -0. | -0. | -1. || -1. | -0. | -0. || -0. | -0. |  1. |
|=====+=====+=====||=====+=====+=====||=====+=====+=====|
|  1. | -1. | -1. ||*-0. |*-1. |*-0. || -0. | -0. | -0. |
|  1. |  1. | -0. ||*-1. |*-0. |*-0. || -0. | -0. | -0. |
| -0. | -1. | -0. ||*-0. |*-0. |*-0. || -0. | -0. | -0. |
|=====+=====+=====||=====+=====+=====||=====+=====+=====|
|  1. | -0. | -0. ||  1. | -0. | -0. || -0. | -0. | -0. |
| -0. | -0. | -0. || -0. | -0. | -0. || -1. |  1. | -0. |
| -0. | -0. | -0. || -0. | -0. | -0. || -0. | -0. | -0. |


Determined best move using: 320349Iterations
Determined best move using: 137017Iterations
current State

|* 0. |* 1. |* 0. || -1. | -1. |  0. ||  0. |  0. |  0. |
|* 1. |* 1. |* 0. || -1. |  0. |  0. ||  0. |  0. |  0. |
|* 0. |* 0. |* 1. ||  1. |  0. |  0. ||  0. |  0. | -1. |
|=====+=====+=====||=====+=====+=====||=====+=====+=====|
| -1. |  1. |  1. || -1. |  1. |  0. ||  0. |  0. |  0. |
| -1. | -1. |  0. ||  1. |  0. |  0. ||  0. |  0. |  0. |
|  0. |  1. |  0. ||  0. |  0. |  0. ||  0. |  0. |  0. |
|=====+=====+=====||=====+=====+=====||=====+=====+=====|
| -1. |  0. |  0. || -1. |  0. |  0. ||  0. |  0. |  0. |
|  0. |  0. |  0. ||  0. |  0. |  0. ||  1. | -1. |  0. |
|  0. |  0. |  0. ||  0. |  0. |  0. ||  0. |  0. |  0. |


state to eval, currenty is playerone turn=true

|* 0. |* 1. |* 0. || -1. | -1. |  0. ||  0. |  0. |  0. |
|* 1. |* 1. |* 0. || -1. |  0. |  0. ||  0. |  0. |  0. |
|* 0. |* 0. |* 1. ||  1. |  0. |  0. ||  0. |  0. | -1. |
|=====+=====+=====||=====+=====+=====||=====+=====+=====|
| -1. |  1. |  1. || -1. |  1. |  0. ||  0. |  0. |  0. |
| -1. | -1. |  0. ||  1. |  0. |  0. ||  0. |  0. |  0. |
|  0. |  1. |  0. ||  0. |  0. |  0. ||  0. |  0. |  0. |
|=====+=====+=====||=====+=====+=====||=====+=====+=====|
| -1. |  0. |  0. || -1. |  0. |  0. ||  0. |  0. |  0. |
|  0. |  0. |  0. ||  0. |  0. |  0. ||  1. | -1. |  0. |
|  0. |  0. |  0. ||  0. |  0. |  0. ||  0. |  0. |  0. |


current State

|  0. |  1. |  0. || -1. | -1. |  0. ||  0. |  0. |  0. |
|  1. |  1. |  0. || -1. |  0. |  0. ||  0. |  0. |  0. |
|  1. |  0. |  1. ||  1. |  0. |  0. ||  0. |  0. | -1. |
|=====+=====+=====||=====+=====+=====||=====+=====+=====|
| -1. |  1. |  1. || -1. |  1. |  0. ||  0. |  0. |  0. |
| -1. | -1. |  0. ||  1. |  0. |  0. ||  0. |  0. |  0. |
|  0. |  1. |  0. ||  0. |  0. |  0. ||  0. |  0. |  0. |
|=====+=====+=====||=====+=====+=====||=====+=====+=====|
|*-1. |* 0. |* 0. || -1. |  0. |  0. ||  0. |  0. |  0. |
|* 0. |* 0. |* 0. ||  0. |  0. |  0. ||  1. | -1. |  0. |
|* 0. |* 0. |* 0. ||  0. |  0. |  0. ||  0. |  0. |  0. |


state to eval, currenty is playerone turn=false

| -0. | -1. | -0. ||  1. |  1. | -0. || -0. | -0. | -0. |
| -1. | -1. | -0. ||  1. | -0. | -0. || -0. | -0. | -0. |
| -1. | -0. | -1. || -1. | -0. | -0. || -0. | -0. |  1. |
|=====+=====+=====||=====+=====+=====||=====+=====+=====|
|  1. | -1. | -1. ||  1. | -1. | -0. || -0. | -0. | -0. |
|  1. |  1. | -0. || -1. | -0. | -0. || -0. | -0. | -0. |
| -0. | -1. | -0. || -0. | -0. | -0. || -0. | -0. | -0. |
|=====+=====+=====||=====+=====+=====||=====+=====+=====|
|* 1. |*-0. |*-0. ||  1. | -0. | -0. || -0. | -0. | -0. |
|*-0. |*-0. |*-0. || -0. | -0. | -0. || -1. |  1. | -0. |
|*-0. |*-0. |*-0. || -0. | -0. | -0. || -0. | -0. | -0. |


Determined best move using: 157704Iterations
current State

|  0. |  1. |  0. || -1. | -1. |  0. ||  0. |  0. |  0. |
|  1. |  1. |  0. || -1. |  0. |  0. ||  0. |  0. |  0. |
|  1. |  0. |  1. ||  1. |  0. |  0. ||  0. |  0. | -1. |
|=====+=====+=====||=====+=====+=====||=====+=====+=====|
| -1. |  1. |  1. ||*-1. |* 1. |* 0. ||  0. |  0. |  0. |
| -1. | -1. |  0. ||* 1. |* 0. |* 0. ||  0. |  0. |  0. |
|  0. |  1. |  0. ||* 0. |* 0. |* 0. ||  0. |  0. |  0. |
|=====+=====+=====||=====+=====+=====||=====+=====+=====|
| -1. |  0. |  0. || -1. |  0. |  0. ||  0. |  0. |  0. |
|  0. | -1. |  0. ||  0. |  0. |  0. ||  1. | -1. |  0. |
|  0. |  0. |  0. ||  0. |  0. |  0. ||  0. |  0. |  0. |


state to eval, currenty is playerone turn=true

|  0. |  1. |  0. || -1. | -1. |  0. ||  0. |  0. |  0. |
|  1. |  1. |  0. || -1. |  0. |  0. ||  0. |  0. |  0. |
|  1. |  0. |  1. ||  1. |  0. |  0. ||  0. |  0. | -1. |
|=====+=====+=====||=====+=====+=====||=====+=====+=====|
| -1. |  1. |  1. ||*-1. |* 1. |* 0. ||  0. |  0. |  0. |
| -1. | -1. |  0. ||* 1. |* 0. |* 0. ||  0. |  0. |  0. |
|  0. |  1. |  0. ||* 0. |* 0. |* 0. ||  0. |  0. |  0. |
|=====+=====+=====||=====+=====+=====||=====+=====+=====|
| -1. |  0. |  0. || -1. |  0. |  0. ||  0. |  0. |  0. |
|  0. | -1. |  0. ||  0. |  0. |  0. ||  1. | -1. |  0. |
|  0. |  0. |  0. ||  0. |  0. |  0. ||  0. |  0. |  0. |


current State

|  0. |  1. |  0. || -1. | -1. |  0. ||  0. |  0. |  0. |
|  1. |  1. |  0. || -1. |  0. |  0. ||  0. |  0. |  0. |
|  1. |  0. |  1. ||  1. |  0. |  0. ||  0. |  0. | -1. |
|=====+=====+=====||=====+=====+=====||=====+=====+=====|
| -1. |  1. |  1. || -1. |  1. |  0. ||* 0. |* 0. |* 0. |
| -1. | -1. |  0. ||  1. |  0. |  1. ||* 0. |* 0. |* 0. |
|  0. |  1. |  0. ||  0. |  0. |  0. ||* 0. |* 0. |* 0. |
|=====+=====+=====||=====+=====+=====||=====+=====+=====|
| -1. |  0. |  0. || -1. |  0. |  0. ||  0. |  0. |  0. |
|  0. | -1. |  0. ||  0. |  0. |  0. ||  1. | -1. |  0. |
|  0. |  0. |  0. ||  0. |  0. |  0. ||  0. |  0. |  0. |


state to eval, currenty is playerone turn=false

| -0. | -1. | -0. ||  1. |  1. | -0. || -0. | -0. | -0. |
| -1. | -1. | -0. ||  1. | -0. | -0. || -0. | -0. | -0. |
| -1. | -0. | -1. || -1. | -0. | -0. || -0. | -0. |  1. |
|=====+=====+=====||=====+=====+=====||=====+=====+=====|
|  1. | -1. | -1. ||  1. | -1. | -0. ||*-0. |*-0. |*-0. |
|  1. |  1. | -0. || -1. | -0. | -1. ||*-0. |*-0. |*-0. |
| -0. | -1. | -0. || -0. | -0. | -0. ||*-0. |*-0. |*-0. |
|=====+=====+=====||=====+=====+=====||=====+=====+=====|
|  1. | -0. | -0. ||  1. | -0. | -0. || -0. | -0. | -0. |
| -0. |  1. | -0. || -0. | -0. | -0. || -1. |  1. | -0. |
| -0. | -0. | -0. || -0. | -0. | -0. || -0. | -0. | -0. |


current State

|  0. |  1. |  0. || -1. | -1. |  0. ||  0. |  0. |  0. |
|  1. |  1. |  0. || -1. |  0. |  0. ||  0. |  0. |  0. |
|  1. |  0. |  1. ||  1. |  0. |  0. ||  0. |  0. | -1. |
|=====+=====+=====||=====+=====+=====||=====+=====+=====|
|*-1. |* 1. |* 1. || -1. |  1. |  0. ||  0. |  0. |  0. |
|*-1. |*-1. |* 0. ||  1. |  0. |  1. || -1. |  0. |  0. |
|* 0. |* 1. |* 0. ||  0. |  0. |  0. ||  0. |  0. |  0. |
|=====+=====+=====||=====+=====+=====||=====+=====+=====|
| -1. |  0. |  0. || -1. |  0. |  0. ||  0. |  0. |  0. |
|  0. | -1. |  0. ||  0. |  0. |  0. ||  1. | -1. |  0. |
|  0. |  0. |  0. ||  0. |  0. |  0. ||  0. |  0. |  0. |


state to eval, currenty is playerone turn=true

|  0. |  1. |  0. || -1. | -1. |  0. ||  0. |  0. |  0. |
|  1. |  1. |  0. || -1. |  0. |  0. ||  0. |  0. |  0. |
|  1. |  0. |  1. ||  1. |  0. |  0. ||  0. |  0. | -1. |
|=====+=====+=====||=====+=====+=====||=====+=====+=====|
|*-1. |* 1. |* 1. || -1. |  1. |  0. ||  0. |  0. |  0. |
|*-1. |*-1. |* 0. ||  1. |  0. |  1. || -1. |  0. |  0. |
|* 0. |* 1. |* 0. ||  0. |  0. |  0. ||  0. |  0. |  0. |
|=====+=====+=====||=====+=====+=====||=====+=====+=====|
| -1. |  0. |  0. || -1. |  0. |  0. ||  0. |  0. |  0. |
|  0. | -1. |  0. ||  0. |  0. |  0. ||  1. | -1. |  0. |
|  0. |  0. |  0. ||  0. |  0. |  0. ||  0. |  0. |  0. |


Determined best move using: 175993Iterations
current State

|  0. |  1. |  0. || -1. | -1. |  0. ||  0. |  0. |  0. |
|  1. |  1. |  0. || -1. |  0. |  0. ||  0. |  0. |  0. |
|  1. |  0. |  1. ||  1. |  0. |  0. ||  0. |  0. | -1. |
|=====+=====+=====||=====+=====+=====||=====+=====+=====|
| -1. |  1. |  1. || -1. |  1. |  0. ||  0. |  0. |  0. |
| -1. | -1. |  0. ||  1. |  0. |  1. || -1. |  0. |  0. |
|  0. |  1. |  1. ||  0. |  0. |  0. ||  0. |  0. |  0. |
|=====+=====+=====||=====+=====+=====||=====+=====+=====|
| -1. |  0. |  0. || -1. |  0. |  0. ||* 0. |* 0. |* 0. |
|  0. | -1. |  0. ||  0. |  0. |  0. ||* 1. |*-1. |* 0. |
|  0. |  0. |  0. ||  0. |  0. |  0. ||* 0. |* 0. |* 0. |


state to eval, currenty is playerone turn=false

| -0. | -1. | -0. ||  1. |  1. | -0. || -0. | -0. | -0. |
| -1. | -1. | -0. ||  1. | -0. | -0. || -0. | -0. | -0. |
| -1. | -0. | -1. || -1. | -0. | -0. || -0. | -0. |  1. |
|=====+=====+=====||=====+=====+=====||=====+=====+=====|
|  1. | -1. | -1. ||  1. | -1. | -0. || -0. | -0. | -0. |
|  1. |  1. | -0. || -1. | -0. | -1. ||  1. | -0. | -0. |
| -0. | -1. | -1. || -0. | -0. | -0. || -0. | -0. | -0. |
|=====+=====+=====||=====+=====+=====||=====+=====+=====|
|  1. | -0. | -0. ||  1. | -0. | -0. ||*-0. |*-0. |*-0. |
| -0. |  1. | -0. || -0. | -0. | -0. ||*-1. |* 1. |*-0. |
| -0. | -0. | -0. || -0. | -0. | -0. ||*-0. |*-0. |*-0. |


Determined best move using: 125870Iterations
Determined best move using: 131197Iterations
current State

|  0. |  1. |  0. || -1. | -1. |  0. ||* 0. |* 0. |* 0. |
|  1. |  1. |  0. || -1. |  0. |  0. ||* 0. |* 0. |* 0. |
|  1. |  0. |  1. ||  1. |  0. |  0. ||* 0. |* 0. |*-1. |
|=====+=====+=====||=====+=====+=====||=====+=====+=====|
| -1. |  1. |  1. || -1. |  1. |  0. ||  0. |  0. |  0. |
| -1. | -1. |  0. ||  1. |  0. |  1. || -1. |  0. |  0. |
|  0. |  1. |  1. ||  0. |  0. |  0. ||  0. |  0. |  0. |
|=====+=====+=====||=====+=====+=====||=====+=====+=====|
| -1. |  0. |  0. || -1. |  0. |  0. ||  0. |  0. | -1. |
|  0. | -1. |  0. ||  0. |  0. |  0. ||  1. | -1. |  0. |
|  0. |  0. |  0. ||  0. |  0. |  0. ||  0. |  0. |  0. |


state to eval, currenty is playerone turn=true

|  0. |  1. |  0. || -1. | -1. |  0. ||* 0. |* 0. |* 0. |
|  1. |  1. |  0. || -1. |  0. |  0. ||* 0. |* 0. |* 0. |
|  1. |  0. |  1. ||  1. |  0. |  0. ||* 0. |* 0. |*-1. |
|=====+=====+=====||=====+=====+=====||=====+=====+=====|
| -1. |  1. |  1. || -1. |  1. |  0. ||  0. |  0. |  0. |
| -1. | -1. |  0. ||  1. |  0. |  1. || -1. |  0. |  0. |
|  0. |  1. |  1. ||  0. |  0. |  0. ||  0. |  0. |  0. |
|=====+=====+=====||=====+=====+=====||=====+=====+=====|
| -1. |  0. |  0. || -1. |  0. |  0. ||  0. |  0. | -1. |
|  0. | -1. |  0. ||  0. |  0. |  0. ||  1. | -1. |  0. |
|  0. |  0. |  0. ||  0. |  0. |  0. ||  0. |  0. |  0. |


Determined best move using: 1382473Iterations
Determined best move using: 138902Iterations
Determined best move using: 129055Iterations
current State

|  0. |  1. |  0. || -1. | -1. |  0. ||  0. |  0. |  0. |
|  1. |  1. |  0. || -1. |  0. |  0. ||  0. |  0. |  1. |
|  1. |  0. |  1. ||  1. |  0. |  0. ||  0. |  0. | -1. |
|=====+=====+=====||=====+=====+=====||=====+=====+=====|
| -1. |  1. |  1. || -1. |  1. |  0. ||* 0. |* 0. |* 0. |
| -1. | -1. |  0. ||  1. |  0. |  1. ||*-1. |* 0. |* 0. |
|  0. |  1. |  1. ||  0. |  0. |  0. ||* 0. |* 0. |* 0. |
|=====+=====+=====||=====+=====+=====||=====+=====+=====|
| -1. |  0. |  0. || -1. |  0. |  0. ||  0. |  0. | -1. |
|  0. | -1. |  0. ||  0. |  0. |  0. ||  1. | -1. |  0. |
|  0. |  0. |  0. ||  0. |  0. |  0. ||  0. |  0. |  0. |


state to eval, currenty is playerone turn=false

| -0. | -1. | -0. ||  1. |  1. | -0. || -0. | -0. | -0. |
| -1. | -1. | -0. ||  1. | -0. | -0. || -0. | -0. | -1. |
| -1. | -0. | -1. || -1. | -0. | -0. || -0. | -0. |  1. |
|=====+=====+=====||=====+=====+=====||=====+=====+=====|
|  1. | -1. | -1. ||  1. | -1. | -0. ||*-0. |*-0. |*-0. |
|  1. |  1. | -0. || -1. | -0. | -1. ||* 1. |*-0. |*-0. |
| -0. | -1. | -1. || -0. | -0. | -0. ||*-0. |*-0. |*-0. |
|=====+=====+=====||=====+=====+=====||=====+=====+=====|
|  1. | -0. | -0. ||  1. | -0. | -0. || -0. | -0. |  1. |
| -0. |  1. | -0. || -0. | -0. | -0. || -1. |  1. | -0. |
| -0. | -0. | -0. || -0. | -0. | -0. || -0. | -0. | -0. |


Determined best move using: 138908Iterations
Determined best move using: 1010122Iterations
current State

|  0. |  1. |  0. || -1. | -1. |  0. ||  0. |  0. |  0. |
|  1. |  1. |  0. || -1. |  0. |  0. ||  0. |  0. |  1. |
|  1. |  0. |  1. ||  1. |  0. |  0. ||  0. |  0. | -1. |
|=====+=====+=====||=====+=====+=====||=====+=====+=====|
| -1. |  1. |  1. || -1. |  1. |  0. ||  0. |  0. |  0. |
| -1. | -1. |  0. ||  1. |  0. |  1. || -1. |  0. |  0. |
|  0. |  1. |  1. ||  0. |  0. |  0. ||  0. | -1. |  0. |
|=====+=====+=====||=====+=====+=====||=====+=====+=====|
| -1. |  0. |  0. ||*-1. |* 0. |* 0. ||  0. |  0. | -1. |
|  0. | -1. |  0. ||* 0. |* 0. |* 0. ||  1. | -1. |  0. |
|  0. |  0. |  0. ||* 0. |* 0. |* 0. ||  0. |  0. |  0. |


state to eval, currenty is playerone turn=true

|  0. |  1. |  0. || -1. | -1. |  0. ||  0. |  0. |  0. |
|  1. |  1. |  0. || -1. |  0. |  0. ||  0. |  0. |  1. |
|  1. |  0. |  1. ||  1. |  0. |  0. ||  0. |  0. | -1. |
|=====+=====+=====||=====+=====+=====||=====+=====+=====|
| -1. |  1. |  1. || -1. |  1. |  0. ||  0. |  0. |  0. |
| -1. | -1. |  0. ||  1. |  0. |  1. || -1. |  0. |  0. |
|  0. |  1. |  1. ||  0. |  0. |  0. ||  0. | -1. |  0. |
|=====+=====+=====||=====+=====+=====||=====+=====+=====|
| -1. |  0. |  0. ||*-1. |* 0. |* 0. ||  0. |  0. | -1. |
|  0. | -1. |  0. ||* 0. |* 0. |* 0. ||  1. | -1. |  0. |
|  0. |  0. |  0. ||* 0. |* 0. |* 0. ||  0. |  0. |  0. |


current State

|  0. |  1. |  0. || -1. | -1. |  0. ||* 0. |* 0. |* 0. |
|  1. |  1. |  0. || -1. |  0. |  0. ||* 0. |* 0. |* 1. |
|  1. |  0. |  1. ||  1. |  0. |  0. ||* 0. |* 0. |*-1. |
|=====+=====+=====||=====+=====+=====||=====+=====+=====|
| -1. |  1. |  1. || -1. |  1. |  0. ||  0. |  0. |  0. |
| -1. | -1. |  0. ||  1. |  0. |  1. || -1. |  0. |  0. |
|  0. |  1. |  1. ||  0. |  0. |  0. ||  0. | -1. |  0. |
|=====+=====+=====||=====+=====+=====||=====+=====+=====|
| -1. |  0. |  0. || -1. |  0. |  1. ||  0. |  0. | -1. |
|  0. | -1. |  0. ||  0. |  0. |  0. ||  1. | -1. |  0. |
|  0. |  0. |  0. ||  0. |  0. |  0. ||  0. |  0. |  0. |


state to eval, currenty is playerone turn=false

| -0. | -1. | -0. ||  1. |  1. | -0. ||*-0. |*-0. |*-0. |
| -1. | -1. | -0. ||  1. | -0. | -0. ||*-0. |*-0. |*-1. |
| -1. | -0. | -1. || -1. | -0. | -0. ||*-0. |*-0. |* 1. |
|=====+=====+=====||=====+=====+=====||=====+=====+=====|
|  1. | -1. | -1. ||  1. | -1. | -0. || -0. | -0. | -0. |
|  1. |  1. | -0. || -1. | -0. | -1. ||  1. | -0. | -0. |
| -0. | -1. | -1. || -0. | -0. | -0. || -0. |  1. | -0. |
|=====+=====+=====||=====+=====+=====||=====+=====+=====|
|  1. | -0. | -0. ||  1. | -0. | -1. || -0. | -0. |  1. |
| -0. |  1. | -0. || -0. | -0. | -0. || -1. |  1. | -0. |
| -0. | -0. | -0. || -0. | -0. | -0. || -0. | -0. | -0. |


Determined best move using: 240796Iterations
current State

|  0. |  1. |  0. || -1. | -1. |  0. ||  0. |  0. |  0. |
|  1. |  1. |  0. || -1. |  0. |  0. ||  0. |  0. |  1. |
|  1. |  0. |  1. ||  1. |  0. |  0. || -1. |  0. | -1. |
|=====+=====+=====||=====+=====+=====||=====+=====+=====|
| -1. |  1. |  1. || -1. |  1. |  0. ||  0. |  0. |  0. |
| -1. | -1. |  0. ||  1. |  0. |  1. || -1. |  0. |  0. |
|  0. |  1. |  1. ||  0. |  0. |  0. ||  0. | -1. |  0. |
|=====+=====+=====||=====+=====+=====||=====+=====+=====|
|*-1. |* 0. |* 0. || -1. |  0. |  1. ||  0. |  0. | -1. |
|* 0. |*-1. |* 0. ||  0. |  0. |  0. ||  1. | -1. |  0. |
|* 0. |* 0. |* 0. ||  0. |  0. |  0. ||  0. |  0. |  0. |


state to eval, currenty is playerone turn=true

|  0. |  1. |  0. || -1. | -1. |  0. ||  0. |  0. |  0. |
|  1. |  1. |  0. || -1. |  0. |  0. ||  0. |  0. |  1. |
|  1. |  0. |  1. ||  1. |  0. |  0. || -1. |  0. | -1. |
|=====+=====+=====||=====+=====+=====||=====+=====+=====|
| -1. |  1. |  1. || -1. |  1. |  0. ||  0. |  0. |  0. |
| -1. | -1. |  0. ||  1. |  0. |  1. || -1. |  0. |  0. |
|  0. |  1. |  1. ||  0. |  0. |  0. ||  0. | -1. |  0. |
|=====+=====+=====||=====+=====+=====||=====+=====+=====|
|*-1. |* 0. |* 0. || -1. |  0. |  1. ||  0. |  0. | -1. |
|* 0. |*-1. |* 0. ||  0. |  0. |  0. ||  1. | -1. |  0. |
|* 0. |* 0. |* 0. ||  0. |  0. |  0. ||  0. |  0. |  0. |


current State

|  0. |  1. |  0. || -1. | -1. |  0. ||* 0. |* 0. |* 0. |
|  1. |  1. |  0. || -1. |  0. |  0. ||* 0. |* 0. |* 1. |
|  1. |  0. |  1. ||  1. |  0. |  0. ||*-1. |* 0. |*-1. |
|=====+=====+=====||=====+=====+=====||=====+=====+=====|
| -1. |  1. |  1. || -1. |  1. |  0. ||  0. |  0. |  0. |
| -1. | -1. |  0. ||  1. |  0. |  1. || -1. |  0. |  0. |
|  0. |  1. |  1. ||  0. |  0. |  0. ||  0. | -1. |  0. |
|=====+=====+=====||=====+=====+=====||=====+=====+=====|
| -1. |  0. |  1. || -1. |  0. |  1. ||  0. |  0. | -1. |
|  0. | -1. |  0. ||  0. |  0. |  0. ||  1. | -1. |  0. |
|  0. |  0. |  0. ||  0. |  0. |  0. ||  0. |  0. |  0. |


state to eval, currenty is playerone turn=false

| -0. | -1. | -0. ||  1. |  1. | -0. ||*-0. |*-0. |*-0. |
| -1. | -1. | -0. ||  1. | -0. | -0. ||*-0. |*-0. |*-1. |
| -1. | -0. | -1. || -1. | -0. | -0. ||* 1. |*-0. |* 1. |
|=====+=====+=====||=====+=====+=====||=====+=====+=====|
|  1. | -1. | -1. ||  1. | -1. | -0. || -0. | -0. | -0. |
|  1. |  1. | -0. || -1. | -0. | -1. ||  1. | -0. | -0. |
| -0. | -1. | -1. || -0. | -0. | -0. || -0. |  1. | -0. |
|=====+=====+=====||=====+=====+=====||=====+=====+=====|
|  1. | -0. | -1. ||  1. | -0. | -1. || -0. | -0. |  1. |
| -0. |  1. | -0. || -0. | -0. | -0. || -1. |  1. | -0. |
| -0. | -0. | -0. || -0. | -0. | -0. || -0. | -0. | -0. |


Determined best move using: 161762Iterations
current State

|  0. |  1. |  0. || -1. | -1. |  0. ||  0. |  0. |  0. |
|  1. |  1. |  0. || -1. |  0. |  0. ||  0. |  0. |  1. |
|  1. |  0. |  1. ||  1. |  0. |  0. || -1. | -1. | -1. |
|=====+=====+=====||=====+=====+=====||=====+=====+=====|
| -1. |  1. |  1. || -1. |  1. |  0. ||  0. |  0. |  0. |
| -1. | -1. |  0. ||  1. |  0. |  1. || -1. |  0. |  0. |
|  0. |  1. |  1. ||  0. |  0. |  0. ||  0. | -1. |  0. |
|=====+=====+=====||=====+=====+=====||=====+=====+=====|
| -1. |  0. |  1. ||*-1. |* 0. |* 1. ||  0. |  0. | -1. |
|  0. | -1. |  0. ||* 0. |* 0. |* 0. ||  1. | -1. |  0. |
|  0. |  0. |  0. ||* 0. |* 0. |* 0. ||  0. |  0. |  0. |


state to eval, currenty is playerone turn=true

|  0. |  1. |  0. || -1. | -1. |  0. ||  0. |  0. |  0. |
|  1. |  1. |  0. || -1. |  0. |  0. ||  0. |  0. |  1. |
|  1. |  0. |  1. ||  1. |  0. |  0. || -1. | -1. | -1. |
|=====+=====+=====||=====+=====+=====||=====+=====+=====|
| -1. |  1. |  1. || -1. |  1. |  0. ||  0. |  0. |  0. |
| -1. | -1. |  0. ||  1. |  0. |  1. || -1. |  0. |  0. |
|  0. |  1. |  1. ||  0. |  0. |  0. ||  0. | -1. |  0. |
|=====+=====+=====||=====+=====+=====||=====+=====+=====|
| -1. |  0. |  1. ||*-1. |* 0. |* 1. ||  0. |  0. | -1. |
|  0. | -1. |  0. ||* 0. |* 0. |* 0. ||  1. | -1. |  0. |
|  0. |  0. |  0. ||* 0. |* 0. |* 0. ||  0. |  0. |  0. |


current State

|  0. |  1. |  0. || -1. | -1. |  0. ||  0. |  0. |  0. |
|  1. |  1. |  0. || -1. |  0. |  0. ||  0. |  0. |  1. |
|  1. |  0. |  1. ||  1. |  0. |  0. || -1. | -1. | -1. |
|=====+=====+=====||=====+=====+=====||=====+=====+=====|
|*-1. |* 1. |* 1. || -1. |  1. |  0. ||  0. |  0. |  0. |
|*-1. |*-1. |* 0. ||  1. |  0. |  1. || -1. |  0. |  0. |
|* 0. |* 1. |* 1. ||  0. |  0. |  0. ||  0. | -1. |  0. |
|=====+=====+=====||=====+=====+=====||=====+=====+=====|
| -1. |  0. |  1. || -1. |  0. |  1. ||  0. |  0. | -1. |
|  0. | -1. |  0. ||  1. |  0. |  0. ||  1. | -1. |  0. |
|  0. |  0. |  0. ||  0. |  0. |  0. ||  0. |  0. |  0. |


state to eval, currenty is playerone turn=false

| -0. | -1. | -0. ||  1. |  1. | -0. || -0. | -0. | -0. |
| -1. | -1. | -0. ||  1. | -0. | -0. || -0. | -0. | -1. |
| -1. | -0. | -1. || -1. | -0. | -0. ||  1. |  1. |  1. |
|=====+=====+=====||=====+=====+=====||=====+=====+=====|
|* 1. |*-1. |*-1. ||  1. | -1. | -0. || -0. | -0. | -0. |
|* 1. |* 1. |*-0. || -1. | -0. | -1. ||  1. | -0. | -0. |
|*-0. |*-1. |*-1. || -0. | -0. | -0. || -0. |  1. | -0. |
|=====+=====+=====||=====+=====+=====||=====+=====+=====|
|  1. | -0. | -1. ||  1. | -0. | -1. || -0. | -0. |  1. |
| -0. |  1. | -0. || -1. | -0. | -0. || -1. |  1. | -0. |
| -0. | -0. | -0. || -0. | -0. | -0. || -0. | -0. | -0. |


Determined best move using: 210224Iterations
current State

|  0. |  1. |  0. || -1. | -1. |  0. ||  0. |  0. |  0. |
|  1. |  1. |  0. || -1. |  0. |  0. ||  0. |  0. |  1. |
|  1. |  0. |  1. ||  1. |  0. |  0. || -1. | -1. | -1. |
|=====+=====+=====||=====+=====+=====||=====+=====+=====|
| -1. |  1. |  1. || -1. |  1. |  0. ||* 0. |* 0. |* 0. |
| -1. | -1. | -1. ||  1. |  0. |  1. ||*-1. |* 0. |* 0. |
|  0. |  1. |  1. ||  0. |  0. |  0. ||* 0. |*-1. |* 0. |
|=====+=====+=====||=====+=====+=====||=====+=====+=====|
| -1. |  0. |  1. || -1. |  0. |  1. ||  0. |  0. | -1. |
|  0. | -1. |  0. ||  1. |  0. |  0. ||  1. | -1. |  0. |
|  0. |  0. |  0. ||  0. |  0. |  0. ||  0. |  0. |  0. |


state to eval, currenty is playerone turn=true

|  0. |  1. |  0. || -1. | -1. |  0. ||  0. |  0. |  0. |
|  1. |  1. |  0. || -1. |  0. |  0. ||  0. |  0. |  1. |
|  1. |  0. |  1. ||  1. |  0. |  0. || -1. | -1. | -1. |
|=====+=====+=====||=====+=====+=====||=====+=====+=====|
| -1. |  1. |  1. || -1. |  1. |  0. ||* 0. |* 0. |* 0. |
| -1. | -1. | -1. ||  1. |  0. |  1. ||*-1. |* 0. |* 0. |
|  0. |  1. |  1. ||  0. |  0. |  0. ||* 0. |*-1. |* 0. |
|=====+=====+=====||=====+=====+=====||=====+=====+=====|
| -1. |  0. |  1. || -1. |  0. |  1. ||  0. |  0. | -1. |
|  0. | -1. |  0. ||  1. |  0. |  0. ||  1. | -1. |  0. |
|  0. |  0. |  0. ||  0. |  0. |  0. ||  0. |  0. |  0. |


Determined best move using: 1045624Iterations
current State

|  0. |  1. |  0. || -1. | -1. |  0. ||  0. |  0. |  0. |
|  1. |  1. |  0. || -1. |  0. |  0. ||  0. |  0. |  1. |
|  1. |  0. |  1. ||  1. |  0. |  0. || -1. | -1. | -1. |
|=====+=====+=====||=====+=====+=====||=====+=====+=====|
| -1. |  1. |  1. ||*-1. |* 1. |* 0. ||  0. |  0. |  0. |
| -1. | -1. | -1. ||* 1. |* 0. |* 1. || -1. |  1. |  0. |
|  0. |  1. |  1. ||* 0. |* 0. |* 0. ||  0. | -1. |  0. |
|=====+=====+=====||=====+=====+=====||=====+=====+=====|
| -1. |  0. |  1. || -1. |  0. |  1. ||  0. |  0. | -1. |
|  0. | -1. |  0. ||  1. |  0. |  0. ||  1. | -1. |  0. |
|  0. |  0. |  0. ||  0. |  0. |  0. ||  0. |  0. |  0. |


state to eval, currenty is playerone turn=false

| -0. | -1. | -0. ||  1. |  1. | -0. || -0. | -0. | -0. |
| -1. | -1. | -0. ||  1. | -0. | -0. || -0. | -0. | -1. |
| -1. | -0. | -1. || -1. | -0. | -0. ||  1. |  1. |  1. |
|=====+=====+=====||=====+=====+=====||=====+=====+=====|
|  1. | -1. | -1. ||* 1. |*-1. |*-0. || -0. | -0. | -0. |
|  1. |  1. |  1. ||*-1. |*-0. |*-1. ||  1. | -1. | -0. |
| -0. | -1. | -1. ||*-0. |*-0. |*-0. || -0. |  1. | -0. |
|=====+=====+=====||=====+=====+=====||=====+=====+=====|
|  1. | -0. | -1. ||  1. | -0. | -1. || -0. | -0. |  1. |
| -0. |  1. | -0. || -1. | -0. | -0. || -1. |  1. | -0. |
| -0. | -0. | -0. || -0. | -0. | -0. || -0. | -0. | -0. |


Determined best move using: 237847Iterations
current State

|  0. |  1. |  0. || -1. | -1. |  0. ||  0. |  0. |  0. |
|  1. |  1. |  0. || -1. |  0. |  0. ||  0. |  0. |  1. |
|  1. |  0. |  1. ||  1. |  0. |  0. || -1. | -1. | -1. |
|=====+=====+=====||=====+=====+=====||=====+=====+=====|
| -1. |  1. |  1. || -1. |  1. |  0. ||  0. |  0. |  0. |
| -1. | -1. | -1. ||  1. |  0. |  1. || -1. |  1. |  0. |
|  0. |  1. |  1. || -1. |  0. |  0. ||  0. | -1. |  0. |
|=====+=====+=====||=====+=====+=====||=====+=====+=====|
|*-1. |* 0. |* 1. || -1. |  0. |  1. ||  0. |  0. | -1. |
|* 0. |*-1. |* 0. ||  1. |  0. |  0. ||  1. | -1. |  0. |
|* 0. |* 0. |* 0. ||  0. |  0. |  0. ||  0. |  0. |  0. |


state to eval, currenty is playerone turn=true

|  0. |  1. |  0. || -1. | -1. |  0. ||  0. |  0. |  0. |
|  1. |  1. |  0. || -1. |  0. |  0. ||  0. |  0. |  1. |
|  1. |  0. |  1. ||  1. |  0. |  0. || -1. | -1. | -1. |
|=====+=====+=====||=====+=====+=====||=====+=====+=====|
| -1. |  1. |  1. || -1. |  1. |  0. ||  0. |  0. |  0. |
| -1. | -1. | -1. ||  1. |  0. |  1. || -1. |  1. |  0. |
|  0. |  1. |  1. || -1. |  0. |  0. ||  0. | -1. |  0. |
|=====+=====+=====||=====+=====+=====||=====+=====+=====|
|*-1. |* 0. |* 1. || -1. |  0. |  1. ||  0. |  0. | -1. |
|* 0. |*-1. |* 0. ||  1. |  0. |  0. ||  1. | -1. |  0. |
|* 0. |* 0. |* 0. ||  0. |  0. |  0. ||  0. |  0. |  0. |


current State

|* 0. |* 1. |* 0. ||*-1. |*-1. |* 0. ||  0. |  0. |  0. |
|* 1. |* 1. |* 0. ||*-1. |* 0. |* 0. ||  0. |  0. |  1. |
|* 1. |* 0. |* 1. ||* 1. |* 0. |* 0. || -1. | -1. | -1. |
|=====+=====+=====||=====+=====+=====||=====+=====+=====|
| -1. |  1. |  1. ||*-1. |* 1. |* 0. ||* 0. |* 0. |* 0. |
| -1. | -1. | -1. ||* 1. |* 0. |* 1. ||*-1. |* 1. |* 0. |
|  0. |  1. |  1. ||*-1. |* 0. |* 0. ||* 0. |*-1. |* 0. |
|=====+=====+=====||=====+=====+=====||=====+=====+=====|
|*-1. |* 0. |* 1. ||*-1. |* 0. |* 1. ||* 0. |* 0. |*-1. |
|* 1. |*-1. |* 0. ||* 1. |* 0. |* 0. ||* 1. |*-1. |* 0. |
|* 0. |* 0. |* 0. ||* 0. |* 0. |* 0. ||* 0. |* 0. |* 0. |


state to eval, currenty is playerone turn=false

|*-0. |*-1. |*-0. ||* 1. |* 1. |*-0. || -0. | -0. | -0. |
|*-1. |*-1. |*-0. ||* 1. |*-0. |*-0. || -0. | -0. | -1. |
|*-1. |*-0. |*-1. ||*-1. |*-0. |*-0. ||  1. |  1. |  1. |
|=====+=====+=====||=====+=====+=====||=====+=====+=====|
|  1. | -1. | -1. ||* 1. |*-1. |*-0. ||*-0. |*-0. |*-0. |
|  1. |  1. |  1. ||*-1. |*-0. |*-1. ||* 1. |*-1. |*-0. |
| -0. | -1. | -1. ||* 1. |*-0. |*-0. ||*-0. |* 1. |*-0. |
|=====+=====+=====||=====+=====+=====||=====+=====+=====|
|* 1. |*-0. |*-1. ||* 1. |*-0. |*-1. ||*-0. |*-0. |* 1. |
|*-1. |* 1. |*-0. ||*-1. |*-0. |*-0. ||*-1. |* 1. |*-0. |
|*-0. |*-0. |*-0. ||*-0. |*-0. |*-0. ||*-0. |*-0. |*-0. |


Determined best move using: 121990Iterations
current State

|  0. |  1. |  0. ||*-1. |*-1. |* 0. ||  0. |  0. |  0. |
|  1. |  1. |  0. ||*-1. |* 0. |* 0. ||  0. |  0. |  1. |
|  1. |  0. |  1. ||* 1. |* 0. |* 0. || -1. | -1. | -1. |
|=====+=====+=====||=====+=====+=====||=====+=====+=====|
| -1. |  1. |  1. || -1. |  1. |  0. ||  0. |  0. |  0. |
| -1. | -1. | -1. ||  1. |  0. |  1. || -1. |  1. |  0. |
|  0. |  1. |  1. || -1. |  0. |  0. ||  0. | -1. |  0. |
|=====+=====+=====||=====+=====+=====||=====+=====+=====|
| -1. |  0. |  1. || -1. | -1. |  1. ||  0. |  0. | -1. |
|  1. | -1. |  0. ||  1. |  0. |  0. ||  1. | -1. |  0. |
|  0. |  0. |  0. ||  0. |  0. |  0. ||  0. |  0. |  0. |


state to eval, currenty is playerone turn=true

|  0. |  1. |  0. ||*-1. |*-1. |* 0. ||  0. |  0. |  0. |
|  1. |  1. |  0. ||*-1. |* 0. |* 0. ||  0. |  0. |  1. |
|  1. |  0. |  1. ||* 1. |* 0. |* 0. || -1. | -1. | -1. |
|=====+=====+=====||=====+=====+=====||=====+=====+=====|
| -1. |  1. |  1. || -1. |  1. |  0. ||  0. |  0. |  0. |
| -1. | -1. | -1. ||  1. |  0. |  1. || -1. |  1. |  0. |
|  0. |  1. |  1. || -1. |  0. |  0. ||  0. | -1. |  0. |
|=====+=====+=====||=====+=====+=====||=====+=====+=====|
| -1. |  0. |  1. || -1. | -1. |  1. ||  0. |  0. | -1. |
|  1. | -1. |  0. ||  1. |  0. |  0. ||  1. | -1. |  0. |
|  0. |  0. |  0. ||  0. |  0. |  0. ||  0. |  0. |  0. |


Determined best move using: 129195Iterations
Determined best move using: 76875Iterations
current State

|  0. |  1. |  0. || -1. | -1. |  0. ||  0. |  0. |  0. |
|  1. |  1. |  0. || -1. |  0. |  0. ||  0. |  0. |  1. |
|  1. |  0. |  1. ||  1. |  1. |  0. || -1. | -1. | -1. |
|=====+=====+=====||=====+=====+=====||=====+=====+=====|
| -1. |  1. |  1. || -1. |  1. |  0. ||  0. |  0. |  0. |
| -1. | -1. | -1. ||  1. |  0. |  1. || -1. |  1. |  0. |
|  0. |  1. |  1. || -1. |  0. |  0. ||  0. | -1. |  0. |
|=====+=====+=====||=====+=====+=====||=====+=====+=====|
| -1. |  0. |  1. ||*-1. |*-1. |* 1. ||  0. |  0. | -1. |
|  1. | -1. |  0. ||* 1. |* 0. |* 0. ||  1. | -1. |  0. |
|  0. |  0. |  0. ||* 0. |* 0. |* 0. ||  0. |  0. |  0. |


state to eval, currenty is playerone turn=false

| -0. | -1. | -0. ||  1. |  1. | -0. || -0. | -0. | -0. |
| -1. | -1. | -0. ||  1. | -0. | -0. || -0. | -0. | -1. |
| -1. | -0. | -1. || -1. | -1. | -0. ||  1. |  1. |  1. |
|=====+=====+=====||=====+=====+=====||=====+=====+=====|
|  1. | -1. | -1. ||  1. | -1. | -0. || -0. | -0. | -0. |
|  1. |  1. |  1. || -1. | -0. | -1. ||  1. | -1. | -0. |
| -0. | -1. | -1. ||  1. | -0. | -0. || -0. |  1. | -0. |
|=====+=====+=====||=====+=====+=====||=====+=====+=====|
|  1. | -0. | -1. ||* 1. |* 1. |*-1. || -0. | -0. |  1. |
| -1. |  1. | -0. ||*-1. |*-0. |*-0. || -1. |  1. | -0. |
| -0. | -0. | -0. ||*-0. |*-0. |*-0. || -0. | -0. | -0. |


Determined best move using: 130882Iterations
Determined best move using: 76772Iterations
current State

|  0. |  1. |  0. || -1. | -1. |  0. ||  0. |  0. |  0. |
|  1. |  1. |  0. || -1. |  0. |  0. ||  0. |  0. |  1. |
|  1. |  0. |  1. ||  1. |  1. |  0. || -1. | -1. | -1. |
|=====+=====+=====||=====+=====+=====||=====+=====+=====|
| -1. |  1. |  1. || -1. |  1. |  0. ||  0. |  0. |  0. |
| -1. | -1. | -1. ||  1. |  0. |  1. || -1. |  1. |  0. |
|  0. |  1. |  1. || -1. |  0. |  0. ||  0. | -1. |  0. |
|=====+=====+=====||=====+=====+=====||=====+=====+=====|
| -1. |  0. |  1. || -1. | -1. |  1. ||* 0. |* 0. |*-1. |
|  1. | -1. |  0. ||  1. |  0. |  0. ||* 1. |*-1. |* 0. |
|  0. |  0. |  0. ||  0. |  0. | -1. ||* 0. |* 0. |* 0. |


state to eval, currenty is playerone turn=true

|  0. |  1. |  0. || -1. | -1. |  0. ||  0. |  0. |  0. |
|  1. |  1. |  0. || -1. |  0. |  0. ||  0. |  0. |  1. |
|  1. |  0. |  1. ||  1. |  1. |  0. || -1. | -1. | -1. |
|=====+=====+=====||=====+=====+=====||=====+=====+=====|
| -1. |  1. |  1. || -1. |  1. |  0. ||  0. |  0. |  0. |
| -1. | -1. | -1. ||  1. |  0. |  1. || -1. |  1. |  0. |
|  0. |  1. |  1. || -1. |  0. |  0. ||  0. | -1. |  0. |
|=====+=====+=====||=====+=====+=====||=====+=====+=====|
| -1. |  0. |  1. || -1. | -1. |  1. ||* 0. |* 0. |*-1. |
|  1. | -1. |  0. ||  1. |  0. |  0. ||* 1. |*-1. |* 0. |
|  0. |  0. |  0. ||  0. |  0. | -1. ||* 0. |* 0. |* 0. |


Determined best move using: 78108Iterations
current State

|  0. |  1. |  0. || -1. | -1. |  0. ||  0. |  0. |  0. |
|  1. |  1. |  0. || -1. |  0. |  0. ||  0. |  0. |  1. |
|  1. |  0. |  1. ||  1. |  1. |  0. || -1. | -1. | -1. |
|=====+=====+=====||=====+=====+=====||=====+=====+=====|
| -1. |  1. |  1. || -1. |  1. |  0. ||  0. |  0. |  0. |
| -1. | -1. | -1. ||  1. |  0. |  1. || -1. |  1. |  0. |
|  0. |  1. |  1. || -1. |  0. |  0. ||  0. | -1. |  0. |
|=====+=====+=====||=====+=====+=====||=====+=====+=====|
| -1. |  0. |  1. || -1. | -1. |  1. ||* 0. |* 0. |*-1. |
|  1. | -1. |  0. ||  1. |  0. |  0. ||* 1. |*-1. |* 0. |
|  0. |  0. |  0. ||  0. |  0. | -1. ||* 0. |* 0. |* 1. |


state to eval, currenty is playerone turn=false

| -0. | -1. | -0. ||  1. |  1. | -0. || -0. | -0. | -0. |
| -1. | -1. | -0. ||  1. | -0. | -0. || -0. | -0. | -1. |
| -1. | -0. | -1. || -1. | -1. | -0. ||  1. |  1. |  1. |
|=====+=====+=====||=====+=====+=====||=====+=====+=====|
|  1. | -1. | -1. ||  1. | -1. | -0. || -0. | -0. | -0. |
|  1. |  1. |  1. || -1. | -0. | -1. ||  1. | -1. | -0. |
| -0. | -1. | -1. ||  1. | -0. | -0. || -0. |  1. | -0. |
|=====+=====+=====||=====+=====+=====||=====+=====+=====|
|  1. | -0. | -1. ||  1. |  1. | -1. ||*-0. |*-0. |* 1. |
| -1. |  1. | -0. || -1. | -0. | -0. ||*-1. |* 1. |*-0. |
| -0. | -0. | -0. || -0. | -0. |  1. ||*-0. |*-0. |*-1. |


current State

|  0. |  1. |  0. || -1. | -1. |  0. ||  0. |  0. |  0. |
|  1. |  1. |  0. || -1. |  0. |  0. ||  0. |  0. |  1. |
|  1. |  0. |  1. ||  1. |  1. |  0. || -1. | -1. | -1. |
|=====+=====+=====||=====+=====+=====||=====+=====+=====|
| -1. |  1. |  1. || -1. |  1. |  0. ||  0. |  0. |  0. |
| -1. | -1. | -1. ||  1. |  0. |  1. || -1. |  1. |  0. |
|  0. |  1. |  1. || -1. |  0. |  0. ||  0. | -1. |  0. |
|=====+=====+=====||=====+=====+=====||=====+=====+=====|
|*-1. |* 0. |* 1. || -1. | -1. |  1. ||  0. |  0. | -1. |
|* 1. |*-1. |* 0. ||  1. |  0. |  0. ||  1. | -1. |  0. |
|* 0. |* 0. |* 0. ||  0. |  0. | -1. || -1. |  0. |  1. |


state to eval, currenty is playerone turn=true

|  0. |  1. |  0. || -1. | -1. |  0. ||  0. |  0. |  0. |
|  1. |  1. |  0. || -1. |  0. |  0. ||  0. |  0. |  1. |
|  1. |  0. |  1. ||  1. |  1. |  0. || -1. | -1. | -1. |
|=====+=====+=====||=====+=====+=====||=====+=====+=====|
| -1. |  1. |  1. || -1. |  1. |  0. ||  0. |  0. |  0. |
| -1. | -1. | -1. ||  1. |  0. |  1. || -1. |  1. |  0. |
|  0. |  1. |  1. || -1. |  0. |  0. ||  0. | -1. |  0. |
|=====+=====+=====||=====+=====+=====||=====+=====+=====|
|*-1. |* 0. |* 1. || -1. | -1. |  1. ||  0. |  0. | -1. |
|* 1. |*-1. |* 0. ||  1. |  0. |  0. ||  1. | -1. |  0. |
|* 0. |* 0. |* 0. ||  0. |  0. | -1. || -1. |  0. |  1. |


current State

|  0. |  1. |  0. ||*-1. |*-1. |* 0. ||  0. |  0. |  0. |
|  1. |  1. |  0. ||*-1. |* 0. |* 0. ||  0. |  0. |  1. |
|  1. |  0. |  1. ||* 1. |* 1. |* 0. || -1. | -1. | -1. |
|=====+=====+=====||=====+=====+=====||=====+=====+=====|
| -1. |  1. |  1. || -1. |  1. |  0. ||  0. |  0. |  0. |
| -1. | -1. | -1. ||  1. |  0. |  1. || -1. |  1. |  0. |
|  0. |  1. |  1. || -1. |  0. |  0. ||  0. | -1. |  0. |
|=====+=====+=====||=====+=====+=====||=====+=====+=====|
| -1. |  1. |  1. || -1. | -1. |  1. ||  0. |  0. | -1. |
|  1. | -1. |  0. ||  1. |  0. |  0. ||  1. | -1. |  0. |
|  0. |  0. |  0. ||  0. |  0. | -1. || -1. |  0. |  1. |


state to eval, currenty is playerone turn=false

| -0. | -1. | -0. ||* 1. |* 1. |*-0. || -0. | -0. | -0. |
| -1. | -1. | -0. ||* 1. |*-0. |*-0. || -0. | -0. | -1. |
| -1. | -0. | -1. ||*-1. |*-1. |*-0. ||  1. |  1. |  1. |
|=====+=====+=====||=====+=====+=====||=====+=====+=====|
|  1. | -1. | -1. ||  1. | -1. | -0. || -0. | -0. | -0. |
|  1. |  1. |  1. || -1. | -0. | -1. ||  1. | -1. | -0. |
| -0. | -1. | -1. ||  1. | -0. | -0. || -0. |  1. | -0. |
|=====+=====+=====||=====+=====+=====||=====+=====+=====|
|  1. | -1. | -1. ||  1. |  1. | -1. || -0. | -0. |  1. |
| -1. |  1. | -0. || -1. | -0. | -0. || -1. |  1. | -0. |
| -0. | -0. | -0. || -0. | -0. |  1. ||  1. | -0. | -1. |


current State

|  0. |  1. |  0. || -1. | -1. |  0. ||  0. |  0. |  0. |
|  1. |  1. |  0. || -1. | -1. |  0. ||  0. |  0. |  1. |
|  1. |  0. |  1. ||  1. |  1. |  0. || -1. | -1. | -1. |
|=====+=====+=====||=====+=====+=====||=====+=====+=====|
| -1. |  1. |  1. ||*-1. |* 1. |* 0. ||  0. |  0. |  0. |
| -1. | -1. | -1. ||* 1. |* 0. |* 1. || -1. |  1. |  0. |
|  0. |  1. |  1. ||*-1. |* 0. |* 0. ||  0. | -1. |  0. |
|=====+=====+=====||=====+=====+=====||=====+=====+=====|
| -1. |  1. |  1. || -1. | -1. |  1. ||  0. |  0. | -1. |
|  1. | -1. |  0. ||  1. |  0. |  0. ||  1. | -1. |  0. |
|  0. |  0. |  0. ||  0. |  0. | -1. || -1. |  0. |  1. |


state to eval, currenty is playerone turn=true

|  0. |  1. |  0. || -1. | -1. |  0. ||  0. |  0. |  0. |
|  1. |  1. |  0. || -1. | -1. |  0. ||  0. |  0. |  1. |
|  1. |  0. |  1. ||  1. |  1. |  0. || -1. | -1. | -1. |
|=====+=====+=====||=====+=====+=====||=====+=====+=====|
| -1. |  1. |  1. ||*-1. |* 1. |* 0. ||  0. |  0. |  0. |
| -1. | -1. | -1. ||* 1. |* 0. |* 1. || -1. |  1. |  0. |
|  0. |  1. |  1. ||*-1. |* 0. |* 0. ||  0. | -1. |  0. |
|=====+=====+=====||=====+=====+=====||=====+=====+=====|
| -1. |  1. |  1. || -1. | -1. |  1. ||  0. |  0. | -1. |
|  1. | -1. |  0. ||  1. |  0. |  0. ||  1. | -1. |  0. |
|  0. |  0. |  0. ||  0. |  0. | -1. || -1. |  0. |  1. |


Determined best move using: 235169Iterations
