beginning training
See web UI at http://localhost:9000/train/overview
Validation Stats for Epoch 0: 
Column    MSE            MAE            RMSE           RSE            PC             R^2            
col_0     1.02822e+00    1.00221e+00    1.01401e+00    1.02838e+00    -8.71315e-03   -2.83765e-02   

Validation Stats for Epoch 2: 
Column    MSE            MAE            RMSE           RSE            PC             R^2            
col_0     1.00351e+00    9.99717e-01    1.00176e+00    1.00366e+00    2.74324e-02    -3.66414e-03   

Validation Stats for Epoch 4: 
Column    MSE            MAE            RMSE           RSE            PC             R^2            
col_0     1.00038e+00    9.98343e-01    1.00019e+00    1.00053e+00    3.55944e-02    -5.26695e-04   

Validation Stats for Epoch 6: 
Column    MSE            MAE            RMSE           RSE            PC             R^2            
col_0     9.99605e-01    9.97151e-01    9.99803e-01    9.99753e-01    7.62707e-02    2.46057e-04    

Validation Stats for Epoch 8: 
Column    MSE            MAE            RMSE           RSE            PC             R^2            
col_0     9.94129e-01    9.96185e-01    9.97060e-01    9.94278e-01    1.29145e-01    5.72313e-03    

Validation Stats for Epoch 10: 
Column    MSE            MAE            RMSE           RSE            PC             R^2            
col_0     9.90792e-01    9.94848e-01    9.95386e-01    9.90940e-01    1.64108e-01    9.06000e-03    

Validation Stats for Epoch 12: 
Column    MSE            MAE            RMSE           RSE            PC             R^2            
col_0     9.87259e-01    9.92346e-01    9.93609e-01    9.87407e-01    1.92163e-01    1.25936e-02    

Validation Stats for Epoch 14: 
Column    MSE            MAE            RMSE           RSE            PC             R^2            
col_0     9.79406e-01    9.88175e-01    9.89649e-01    9.79551e-01    2.15203e-01    2.04486e-02    

Validation Stats for Epoch 16: 
Column    MSE            MAE            RMSE           RSE            PC             R^2            
col_0     9.71378e-01    9.81654e-01    9.85585e-01    9.71523e-01    2.33056e-01    2.84769e-02    

Validation Stats for Epoch 18: 
Column    MSE            MAE            RMSE           RSE            PC             R^2            
col_0     9.56514e-01    9.72114e-01    9.78016e-01    9.56656e-01    2.53924e-01    4.33432e-02    

Validation Stats for Epoch 20: 
Column    MSE            MAE            RMSE           RSE            PC             R^2            
col_0     9.38708e-01    9.57212e-01    9.68869e-01    9.38847e-01    2.76718e-01    6.11522e-02    

Validation Stats for Epoch 22: 
Column    MSE            MAE            RMSE           RSE            PC             R^2            
col_0     9.19013e-01    9.34549e-01    9.58651e-01    9.19149e-01    2.96769e-01    8.08506e-02    

Validation Stats for Epoch 24: 
Column    MSE            MAE            RMSE           RSE            PC             R^2            
col_0     9.02757e-01    9.07414e-01    9.50135e-01    9.02892e-01    3.18527e-01    9.71085e-02    

Validation Stats for Epoch 26: 
Column    MSE            MAE            RMSE           RSE            PC             R^2            
col_0     8.81609e-01    8.81287e-01    9.38941e-01    8.81740e-01    3.44196e-01    1.18259e-01    

Validation Stats for Epoch 28: 
Column    MSE            MAE            RMSE           RSE            PC             R^2            
col_0     8.59934e-01    8.56624e-01    9.27326e-01    8.60063e-01    3.74728e-01    1.39938e-01    

Validation Stats for Epoch 30: 
Column    MSE            MAE            RMSE           RSE            PC             R^2            
col_0     9.18056e-01    8.50548e-01    9.58152e-01    9.18193e-01    4.03179e-01    8.18074e-02    

Validation Stats for Epoch 32: 
Column    MSE            MAE            RMSE           RSE            PC             R^2            
col_0     8.53533e-01    8.35334e-01    9.23869e-01    8.53661e-01    4.20610e-01    1.46340e-01    

Validation Stats for Epoch 34: 
Column    MSE            MAE            RMSE           RSE            PC             R^2            
col_0     8.42832e-01    8.38960e-01    9.18059e-01    8.42958e-01    4.42308e-01    1.57042e-01    

Validation Stats for Epoch 36: 
Column    MSE            MAE            RMSE           RSE            PC             R^2            
col_0     8.22358e-01    8.26021e-01    9.06840e-01    8.22480e-01    4.59193e-01    1.77519e-01    

Validation Stats for Epoch 38: 
Column    MSE            MAE            RMSE           RSE            PC             R^2            
col_0     7.83923e-01    8.15399e-01    8.85394e-01    7.84040e-01    4.74706e-01    2.15960e-01    

Validation Stats for Epoch 40: 
Column    MSE            MAE            RMSE           RSE            PC             R^2            
col_0     7.66951e-01    7.98565e-01    8.75758e-01    7.67066e-01    4.88821e-01    2.32935e-01    

Validation Stats for Epoch 42: 
Column    MSE            MAE            RMSE           RSE            PC             R^2            
col_0     7.61723e-01    7.83778e-01    8.72768e-01    7.61836e-01    5.03356e-01    2.38163e-01    

Validation Stats for Epoch 44: 
Column    MSE            MAE            RMSE           RSE            PC             R^2            
col_0     7.47718e-01    7.69095e-01    8.64707e-01    7.47830e-01    5.18919e-01    2.52170e-01    

Validation Stats for Epoch 46: 
Column    MSE            MAE            RMSE           RSE            PC             R^2            
col_0     7.29507e-01    7.54961e-01    8.54112e-01    7.29615e-01    5.37653e-01    2.70384e-01    

Validation Stats for Epoch 48: 
Column    MSE            MAE            RMSE           RSE            PC             R^2            
col_0     7.04619e-01    7.38311e-01    8.39416e-01    7.04724e-01    5.57461e-01    2.95276e-01    

Validation Stats for Epoch 50: 
Column    MSE            MAE            RMSE           RSE            PC             R^2            
col_0     6.83800e-01    7.24200e-01    8.26922e-01    6.83901e-01    5.76741e-01    3.16098e-01    

overfitting detected
training MSE=0.5912223693532083

Column    MSE            MAE            RMSE           RSE            PC             R^2            
col_0     6.83800e-01    7.24200e-01    8.26922e-01    6.83901e-01    5.76741e-01    3.16098e-01    

TestDataLabels: 
[[-1.0000], 
 [-1.0000], 
 [-1.0000], 
  ..., 
 [-1.0000], 
 [1.0000], 
 [1.0000]]
Actual labels: 
[[0.1700], 
 [0.4996], 
 [-0.5112], 
  ..., 
 [-0.8703], 
 [0.6519], 
 [0.2311]]
Trained for: 51epochs
Trained on dataset: C:\Users\Caleb\IdeaProjects\UltimateTickTacToe\data\series1DataCombined.bin
Saving model
Model Saved


Configuration



{
  "backpropType" : "Standard",
  "cacheMode" : "NONE",
  "confs" : [ {
    "cacheMode" : "NONE",
    "dataType" : "FLOAT",
    "epochCount" : 0,
    "iterationCount" : 0,
    "layer" : {
      "@class" : "org.deeplearning4j.nn.conf.layers.Convolution3D",
      "activationFn" : {
        "@class" : "org.nd4j.linalg.activations.impl.ActivationIdentity"
      },
      "biasInit" : 0.0,
      "biasUpdater" : null,
      "cnn2dDataFormat" : "NCHW",
      "constraints" : null,
      "convolutionMode" : "Truncate",
      "cudnnAlgoMode" : "PREFER_FASTEST",
      "cudnnAllowFallback" : true,
      "cudnnBwdDataAlgo" : null,
      "cudnnBwdFilterAlgo" : null,
      "cudnnFwdAlgo" : null,
      "dataFormat" : "NDHWC",
      "dilation" : [ 1, 1, 1 ],
      "gainInit" : 1.0,
      "gradientNormalization" : "None",
      "gradientNormalizationThreshold" : 1.0,
      "hasBias" : true,
      "idropout" : null,
      "iupdater" : {
        "@class" : "org.nd4j.linalg.learning.config.Adam",
        "beta1" : 0.9,
        "beta2" : 0.999,
        "epsilon" : 1.0E-8,
        "learningRate" : 0.001
      },
      "kernelSize" : [ 3, 3, 3 ],
      "layerName" : "layer0",
      "mode" : "Same",
      "nin" : 4,
      "nout" : 4,
      "padding" : [ 1, 1, 1 ],
      "regularization" : [ ],
      "regularizationBias" : [ ],
      "stride" : [ 1, 1, 1 ],
      "timeDistributedFormat" : null,
      "weightInitFn" : {
        "@class" : "org.deeplearning4j.nn.weights.WeightInitXavier"
      },
      "weightNoise" : null
    },
    "maxNumLineSearchIterations" : 5,
    "miniBatch" : true,
    "minimize" : true,
    "optimizationAlgo" : "STOCHASTIC_GRADIENT_DESCENT",
    "seed" : 2039402,
    "stepFunction" : null,
    "variables" : [ "W", "b" ]
  }, {
    "cacheMode" : "NONE",
    "dataType" : "FLOAT",
    "epochCount" : 0,
    "iterationCount" : 0,
    "layer" : {
      "@class" : "org.deeplearning4j.nn.conf.layers.Convolution3D",
      "activationFn" : {
        "@class" : "org.nd4j.linalg.activations.impl.ActivationReLU",
        "max" : null,
        "negativeSlope" : null,
        "threshold" : null
      },
      "biasInit" : 0.0,
      "biasUpdater" : null,
      "cnn2dDataFormat" : "NCHW",
      "constraints" : null,
      "convolutionMode" : "Truncate",
      "cudnnAlgoMode" : "PREFER_FASTEST",
      "cudnnAllowFallback" : true,
      "cudnnBwdDataAlgo" : null,
      "cudnnBwdFilterAlgo" : null,
      "cudnnFwdAlgo" : null,
      "dataFormat" : "NDHWC",
      "dilation" : [ 1, 1, 1 ],
      "gainInit" : 1.0,
      "gradientNormalization" : "None",
      "gradientNormalizationThreshold" : 1.0,
      "hasBias" : true,
      "idropout" : null,
      "iupdater" : {
        "@class" : "org.nd4j.linalg.learning.config.Adam",
        "beta1" : 0.9,
        "beta2" : 0.999,
        "epsilon" : 1.0E-8,
        "learningRate" : 0.001
      },
      "kernelSize" : [ 3, 3, 3 ],
      "layerName" : "layer1",
      "mode" : "Same",
      "nin" : 4,
      "nout" : 4,
      "padding" : [ 1, 1, 1 ],
      "regularization" : [ ],
      "regularizationBias" : [ ],
      "stride" : [ 1, 1, 1 ],
      "timeDistributedFormat" : null,
      "weightInitFn" : {
        "@class" : "org.deeplearning4j.nn.weights.WeightInitXavier"
      },
      "weightNoise" : null
    },
    "maxNumLineSearchIterations" : 5,
    "miniBatch" : true,
    "minimize" : true,
    "optimizationAlgo" : "STOCHASTIC_GRADIENT_DESCENT",
    "seed" : 2039402,
    "stepFunction" : null,
    "variables" : [ "W", "b" ]
  }, {
    "cacheMode" : "NONE",
    "dataType" : "FLOAT",
    "epochCount" : 0,
    "iterationCount" : 0,
    "layer" : {
      "@class" : "org.deeplearning4j.nn.conf.layers.Convolution3D",
      "activationFn" : {
        "@class" : "org.nd4j.linalg.activations.impl.ActivationReLU",
        "max" : null,
        "negativeSlope" : null,
        "threshold" : null
      },
      "biasInit" : 0.0,
      "biasUpdater" : null,
      "cnn2dDataFormat" : "NCHW",
      "constraints" : null,
      "convolutionMode" : "Truncate",
      "cudnnAlgoMode" : "PREFER_FASTEST",
      "cudnnAllowFallback" : true,
      "cudnnBwdDataAlgo" : null,
      "cudnnBwdFilterAlgo" : null,
      "cudnnFwdAlgo" : null,
      "dataFormat" : "NDHWC",
      "dilation" : [ 1, 1, 1 ],
      "gainInit" : 1.0,
      "gradientNormalization" : "None",
      "gradientNormalizationThreshold" : 1.0,
      "hasBias" : true,
      "idropout" : null,
      "iupdater" : {
        "@class" : "org.nd4j.linalg.learning.config.Adam",
        "beta1" : 0.9,
        "beta2" : 0.999,
        "epsilon" : 1.0E-8,
        "learningRate" : 0.001
      },
      "kernelSize" : [ 3, 3, 3 ],
      "layerName" : "layer2",
      "mode" : "Same",
      "nin" : 4,
      "nout" : 4,
      "padding" : [ 1, 1, 1 ],
      "regularization" : [ ],
      "regularizationBias" : [ ],
      "stride" : [ 1, 1, 1 ],
      "timeDistributedFormat" : null,
      "weightInitFn" : {
        "@class" : "org.deeplearning4j.nn.weights.WeightInitXavier"
      },
      "weightNoise" : null
    },
    "maxNumLineSearchIterations" : 5,
    "miniBatch" : true,
    "minimize" : true,
    "optimizationAlgo" : "STOCHASTIC_GRADIENT_DESCENT",
    "seed" : 2039402,
    "stepFunction" : null,
    "variables" : [ "W", "b" ]
  }, {
    "cacheMode" : "NONE",
    "dataType" : "FLOAT",
    "epochCount" : 0,
    "iterationCount" : 0,
    "layer" : {
      "@class" : "org.deeplearning4j.nn.conf.layers.DenseLayer",
      "activationFn" : {
        "@class" : "org.nd4j.linalg.activations.impl.ActivationReLU",
        "max" : null,
        "negativeSlope" : null,
        "threshold" : null
      },
      "biasInit" : 0.0,
      "biasUpdater" : null,
      "constraints" : null,
      "gainInit" : 1.0,
      "gradientNormalization" : "None",
      "gradientNormalizationThreshold" : 1.0,
      "hasBias" : true,
      "hasLayerNorm" : false,
      "idropout" : null,
      "iupdater" : {
        "@class" : "org.nd4j.linalg.learning.config.Adam",
        "beta1" : 0.9,
        "beta2" : 0.999,
        "epsilon" : 1.0E-8,
        "learningRate" : 0.001
      },
      "layerName" : "layer3",
      "nin" : 324,
      "nout" : 150,
      "regularization" : [ ],
      "regularizationBias" : [ ],
      "timeDistributedFormat" : null,
      "weightInitFn" : {
        "@class" : "org.deeplearning4j.nn.weights.WeightInitXavier"
      },
      "weightNoise" : null
    },
    "maxNumLineSearchIterations" : 5,
    "miniBatch" : true,
    "minimize" : true,
    "optimizationAlgo" : "STOCHASTIC_GRADIENT_DESCENT",
    "seed" : 2039402,
    "stepFunction" : null,
    "variables" : [ "W", "b" ]
  }, {
    "cacheMode" : "NONE",
    "dataType" : "FLOAT",
    "epochCount" : 0,
    "iterationCount" : 0,
    "layer" : {
      "@class" : "org.deeplearning4j.nn.conf.layers.DenseLayer",
      "activationFn" : {
        "@class" : "org.nd4j.linalg.activations.impl.ActivationReLU",
        "max" : null,
        "negativeSlope" : null,
        "threshold" : null
      },
      "biasInit" : 0.0,
      "biasUpdater" : null,
      "constraints" : null,
      "gainInit" : 1.0,
      "gradientNormalization" : "None",
      "gradientNormalizationThreshold" : 1.0,
      "hasBias" : true,
      "hasLayerNorm" : false,
      "idropout" : null,
      "iupdater" : {
        "@class" : "org.nd4j.linalg.learning.config.Adam",
        "beta1" : 0.9,
        "beta2" : 0.999,
        "epsilon" : 1.0E-8,
        "learningRate" : 0.001
      },
      "layerName" : "layer4",
      "nin" : 150,
      "nout" : 150,
      "regularization" : [ ],
      "regularizationBias" : [ ],
      "timeDistributedFormat" : null,
      "weightInitFn" : {
        "@class" : "org.deeplearning4j.nn.weights.WeightInitXavier"
      },
      "weightNoise" : null
    },
    "maxNumLineSearchIterations" : 5,
    "miniBatch" : true,
    "minimize" : true,
    "optimizationAlgo" : "STOCHASTIC_GRADIENT_DESCENT",
    "seed" : 2039402,
    "stepFunction" : null,
    "variables" : [ "W", "b" ]
  }, {
    "cacheMode" : "NONE",
    "dataType" : "FLOAT",
    "epochCount" : 0,
    "iterationCount" : 0,
    "layer" : {
      "@class" : "org.deeplearning4j.nn.conf.layers.DenseLayer",
      "activationFn" : {
        "@class" : "org.nd4j.linalg.activations.impl.ActivationReLU",
        "max" : null,
        "negativeSlope" : null,
        "threshold" : null
      },
      "biasInit" : 0.0,
      "biasUpdater" : null,
      "constraints" : null,
      "gainInit" : 1.0,
      "gradientNormalization" : "None",
      "gradientNormalizationThreshold" : 1.0,
      "hasBias" : true,
      "hasLayerNorm" : false,
      "idropout" : null,
      "iupdater" : {
        "@class" : "org.nd4j.linalg.learning.config.Adam",
        "beta1" : 0.9,
        "beta2" : 0.999,
        "epsilon" : 1.0E-8,
        "learningRate" : 0.001
      },
      "layerName" : "layer5",
      "nin" : 150,
      "nout" : 150,
      "regularization" : [ ],
      "regularizationBias" : [ ],
      "timeDistributedFormat" : null,
      "weightInitFn" : {
        "@class" : "org.deeplearning4j.nn.weights.WeightInitXavier"
      },
      "weightNoise" : null
    },
    "maxNumLineSearchIterations" : 5,
    "miniBatch" : true,
    "minimize" : true,
    "optimizationAlgo" : "STOCHASTIC_GRADIENT_DESCENT",
    "seed" : 2039402,
    "stepFunction" : null,
    "variables" : [ "W", "b" ]
  }, {
    "cacheMode" : "NONE",
    "dataType" : "FLOAT",
    "epochCount" : 0,
    "iterationCount" : 0,
    "layer" : {
      "@class" : "org.deeplearning4j.nn.conf.layers.OutputLayer",
      "activationFn" : {
        "@class" : "org.nd4j.linalg.activations.impl.ActivationIdentity"
      },
      "biasInit" : 0.0,
      "biasUpdater" : null,
      "constraints" : null,
      "gainInit" : 1.0,
      "gradientNormalization" : "None",
      "gradientNormalizationThreshold" : 1.0,
      "hasBias" : true,
      "idropout" : null,
      "iupdater" : {
        "@class" : "org.nd4j.linalg.learning.config.Adam",
        "beta1" : 0.9,
        "beta2" : 0.999,
        "epsilon" : 1.0E-8,
        "learningRate" : 0.001
      },
      "layerName" : "layer6",
      "lossFn" : {
        "@class" : "org.nd4j.linalg.lossfunctions.impl.LossMSE"
      },
      "nin" : 150,
      "nout" : 1,
      "regularization" : [ ],
      "regularizationBias" : [ ],
      "timeDistributedFormat" : null,
      "weightInitFn" : {
        "@class" : "org.deeplearning4j.nn.weights.WeightInitXavier"
      },
      "weightNoise" : null
    },
    "maxNumLineSearchIterations" : 5,
    "miniBatch" : true,
    "minimize" : true,
    "optimizationAlgo" : "STOCHASTIC_GRADIENT_DESCENT",
    "seed" : 2039402,
    "stepFunction" : null,
    "variables" : [ "W", "b" ]
  } ],
  "dataType" : "FLOAT",
  "epochCount" : 0,
  "inferenceWorkspaceMode" : "ENABLED",
  "inputPreProcessors" : {
    "3" : {
      "@class" : "org.deeplearning4j.nn.conf.preprocessor.Cnn3DToFeedForwardPreProcessor",
      "inputDepth" : 9,
      "inputHeight" : 3,
      "inputWidth" : 3,
      "numChannels" : 4,
      "ncdhw" : false
    }
  },
  "iterationCount" : 51,
  "tbpttBackLength" : 20,
  "tbpttFwdLength" : 20,
  "trainingWorkspaceMode" : "ENABLED",
  "validateOutputLayerConfig" : true
}
