beginning training
See web UI at http://localhost:9000/train/overview

Validation Stats for Epoch 0: 
0.019598294881367734
TrainTestDifference: 0.07877290800979914 %

Validation Stats for Epoch 2: 
0.0032787523293718
TrainTestDifference: 0.14017932342070955 %

Validation Stats for Epoch 4: 
0.0030964905089080163
TrainTestDifference: 0.09978263080731578 %

Validation Stats for Epoch 6: 
0.0030659117743941883
TrainTestDifference: 0.08462985942622211 %

Validation Stats for Epoch 8: 
0.0030270014906795184
TrainTestDifference: 0.10460595772724163 %

Validation Stats for Epoch 10: 
0.002990165419304186
TrainTestDifference: 0.11677807026279872 %

Validation Stats for Epoch 12: 
0.002962823197999118
TrainTestDifference: 0.12239772285986329 %

Validation Stats for Epoch 14: 
0.0029462495330221856
TrainTestDifference: 0.13828068881851632 %

Validation Stats for Epoch 16: 
0.002937245123827315
TrainTestDifference: 0.1478438120807798 %

Validation Stats for Epoch 18: 
0.002930265483865459
TrainTestDifference: 0.14574661493743332 %

Validation Stats for Epoch 20: 
0.002924620501231221
TrainTestDifference: 0.14062132276393183 %

Validation Stats for Epoch 22: 
0.002919104072758747
TrainTestDifference: 0.14285328459009508 %

Validation Stats for Epoch 24: 
0.002913581023372625
TrainTestDifference: 0.15296972510110857 %

Validation Stats for Epoch 26: 
0.0029078085667760753
TrainTestDifference: 0.15773659223983813 %

Validation Stats for Epoch 28: 
0.0029005082931702407
TrainTestDifference: 0.1711597898363505 %

Validation Stats for Epoch 30: 
0.0028905118959435504
TrainTestDifference: 0.19757967434939597 %

Validation Stats for Epoch 32: 
0.0028792503870491287
TrainTestDifference: 0.20723175477249295 %

Validation Stats for Epoch 34: 
0.0028638726801215454
TrainTestDifference: 0.19874130469830206 %

Validation Stats for Epoch 36: 
0.0028456877746233697
TrainTestDifference: 0.1736031978426142 %

Validation Stats for Epoch 38: 
0.002826055654180252
TrainTestDifference: 0.16211044987697806 %

Validation Stats for Epoch 40: 
0.002802607677029622
TrainTestDifference: 0.16033148976155642 %

Validation Stats for Epoch 42: 
0.0027744970085054055
TrainTestDifference: 0.17606017117242886 %

Validation Stats for Epoch 44: 
0.002741948532370946
TrainTestDifference: 0.16160112437105525 %

Validation Stats for Epoch 46: 
0.0027122470970672797
TrainTestDifference: 0.20052036063543419 %

Validation Stats for Epoch 48: 
0.0026787610599391717
TrainTestDifference: 0.18991654101541564 %

Validation Stats for Epoch 50: 
0.002634044537328398
TrainTestDifference: 0.2375330473304421 %

Validation Stats for Epoch 52: 
0.0025965983576231224
TrainTestDifference: 0.1962287596176632 %

Validation Stats for Epoch 54: 
0.0025563661297777025
TrainTestDifference: 0.2820573348695603 %

Validation Stats for Epoch 56: 
0.002521362831566254
TrainTestDifference: 0.28877458179639093 %

Validation Stats for Epoch 58: 
0.0024885316716136427
TrainTestDifference: 0.3480392118295409 %

Validation Stats for Epoch 60: 
0.0024571504771524633
TrainTestDifference: 0.3672535841000134 %

Validation Stats for Epoch 62: 
0.002427448411037338
TrainTestDifference: 0.3912038898355832 %

Validation Stats for Epoch 64: 
0.002394331576907465
TrainTestDifference: 0.4062535731403621 %

Validation Stats for Epoch 66: 
0.0023595764117715673
TrainTestDifference: 0.4247943488352483 %

Validation Stats for Epoch 68: 
0.0023215007990098077
TrainTestDifference: 0.4493526829603712 %

Validation Stats for Epoch 70: 
0.0022781529256015796
TrainTestDifference: 0.48429964354444255 %

Validation Stats for Epoch 72: 
0.0022312997403171535
TrainTestDifference: 0.4843743645642045 %

Validation Stats for Epoch 74: 
0.0021793435197257666
TrainTestDifference: 0.5152195606813853 %

Validation Stats for Epoch 76: 
0.002124272736899016
TrainTestDifference: 0.5083671571534142 %

Validation Stats for Epoch 78: 
0.0020692185564042346
TrainTestDifference: 0.5037577612450627 %

Validation Stats for Epoch 80: 
0.002019575349388814
TrainTestDifference: 0.5190391896912074 %

Validation Stats for Epoch 82: 
0.001977396512456649
TrainTestDifference: 0.5529990438855839 %

Validation Stats for Epoch 84: 
0.0019400983544845883
TrainTestDifference: 0.5436746638492512 %

Validation Stats for Epoch 86: 
0.0019070080623984638
TrainTestDifference: 0.5706797735635601 %

Validation Stats for Epoch 88: 
0.0018769380695053091
TrainTestDifference: 0.6107241422921036 %

Validation Stats for Epoch 90: 
0.0018517121497397654
TrainTestDifference: 0.5965731214160525 %

Validation Stats for Epoch 92: 
0.001835139478421212
TrainTestDifference: 0.5923591189177779 %

Validation Stats for Epoch 94: 
0.0018185678216143088
TrainTestDifference: 0.5853587732721645 %

Validation Stats for Epoch 96: 
0.001805871806801155
TrainTestDifference: 0.620396066011833 %

Validation Stats for Epoch 98: 
0.0017967991166973056
TrainTestDifference: 0.5902960135625998 %

Validation Stats for Epoch 100: 
0.0017894098903346225
TrainTestDifference: 0.6104463086271527 %

Validation Stats for Epoch 102: 
0.0017861576516739529
TrainTestDifference: 0.5939923077411081 %

Validation Stats for Epoch 104: 
0.0017842888784651088
TrainTestDifference: 0.5779054702842791 %

Validation Stats for Epoch 106: 
0.001781347312883371
TrainTestDifference: 0.5811587792741945 %

Validation Stats for Epoch 108: 
0.0017791835440849808
TrainTestDifference: 0.5769821165415792 %

Validation Stats for Epoch 110: 
0.0017775323591225083
TrainTestDifference: 0.5694311931623792 %

Validation Stats for Epoch 112: 
0.0017758297072437304
TrainTestDifference: 0.5646410983970066 %

Validation Stats for Epoch 114: 
0.0017745659166307373
TrainTestDifference: 0.5600117313676513 %

Validation Stats for Epoch 116: 
0.0017733291122361725
TrainTestDifference: 0.5568077401977817 %

Validation Stats for Epoch 118: 
0.0017723105477527048
TrainTestDifference: 0.5517412544676111 %

Validation Stats for Epoch 120: 
0.0017712741088877196
TrainTestDifference: 0.5485286579993848 %

Validation Stats for Epoch 122: 
0.0017704906212466238
TrainTestDifference: 0.5368460246662213 %

Validation Stats for Epoch 124: 
0.0017696239759727853
TrainTestDifference: 0.5340111196844937 %

Validation Stats for Epoch 126: 
0.0017689768510009054
TrainTestDifference: 0.5312889800008184 %

Validation Stats for Epoch 128: 
0.0017684538780652125
TrainTestDifference: 0.5258684031845318 %

Validation Stats for Epoch 130: 
0.0017679612299566871
TrainTestDifference: 0.5204189537915686 %

Validation Stats for Epoch 132: 
0.0017675297309383451
TrainTestDifference: 0.5129506466414068 %

Validation Stats for Epoch 134: 
0.0017671943123249896
TrainTestDifference: 0.503086982811238 %

Validation Stats for Epoch 136: 
0.0017668722022693983
TrainTestDifference: 0.49643896976778623 %

Validation Stats for Epoch 138: 
0.0017665840402968677
TrainTestDifference: 0.48926497439692307 %

Validation Stats for Epoch 140: 
0.0017662160436603782
TrainTestDifference: 0.4868390047900347 %

Validation Stats for Epoch 142: 
0.0017659516971663687
TrainTestDifference: 0.4816173299541474 %

Validation Stats for Epoch 144: 
0.0017657142805869554
TrainTestDifference: 0.4743442188031681 %

Validation Stats for Epoch 146: 
0.0017655054684398224
TrainTestDifference: 0.4670901261320384 %

Validation Stats for Epoch 148: 
0.001765245193547041
TrainTestDifference: 0.4625943836092311 %

Validation Stats for Epoch 150: 
0.0017650327716986426
TrainTestDifference: 0.45543231800259765 %

Validation Stats for Epoch 152: 
0.001764820901419271
TrainTestDifference: 0.4480423132979674 %

Validation Stats for Epoch 154: 
0.00176459161031703
TrainTestDifference: 0.44124504985742835 %

Validation Stats for Epoch 156: 
0.0017643423490795013
TrainTestDifference: 0.4348061507902893 %

Validation Stats for Epoch 158: 
0.0017640827519180373
TrainTestDifference: 0.429492936674625 %

Validation Stats for Epoch 160: 
0.001763838418308523
TrainTestDifference: 0.42246705221162834 %

Validation Stats for Epoch 162: 
0.001763573095881415
TrainTestDifference: 0.41582478338430306 %

Validation Stats for Epoch 164: 
0.001763305250208476
TrainTestDifference: 0.4087007429910423 %

Validation Stats for Epoch 166: 
0.0017629932769280786
TrainTestDifference: 0.40439005232603453 %

Validation Stats for Epoch 168: 
0.0017628193105973385
TrainTestDifference: 0.4008876233630747 %

Validation Stats for Epoch 170: 
0.0017638492505403153
TrainTestDifference: 0.401819255972669 %

Validation Stats for Epoch 172: 
0.0017656748480935347
TrainTestDifference: 0.40023044302978233 %

Validation Stats for Epoch 174: 
0.0017618392099728395
TrainTestDifference: 0.3817494296735689 %

Validation Stats for Epoch 176: 
0.0017634061487618047
TrainTestDifference: 0.37839824931092736 %

Validation Stats for Epoch 178: 
0.001761698621388191
TrainTestDifference: 0.3757900254257808 %

Validation Stats for Epoch 180: 
0.0017611050517877393
TrainTestDifference: 0.3806912710383843 %

Validation Stats for Epoch 182: 
0.00176152374272683
TrainTestDifference: 0.3639296440702664 %

Validation Stats for Epoch 184: 
0.0017606924635585016
TrainTestDifference: 0.3515530341165544 %

Validation Stats for Epoch 186: 
0.0017603383614566994
TrainTestDifference: 0.3589537876781531 %

Validation Stats for Epoch 188: 
0.0017604152912599617
TrainTestDifference: 0.33880666926680564 %

Validation Stats for Epoch 190: 
0.001760074466436015
TrainTestDifference: 0.3245526999827246 %

Validation Stats for Epoch 192: 
0.0017598294842897625
TrainTestDifference: 0.31610842830187963 %

Validation Stats for Epoch 194: 
0.001759652410821594
TrainTestDifference: 0.31342454954997456 %

Validation Stats for Epoch 196: 
0.001759370144068868
TrainTestDifference: 0.2949704384210541 %

Validation Stats for Epoch 198: 
0.0017594754374491287
TrainTestDifference: 0.2767071034959233 %

Validation Stats for Epoch 200: 
0.0017591975644806722
TrainTestDifference: 0.2657255474983763 %

Validation Stats for Epoch 202: 
0.0017591478586231305
TrainTestDifference: 0.2552955445094521 %

Validation Stats for Epoch 204: 
0.0017594826109744663
TrainTestDifference: 0.2377895773599771 %

Validation Stats for Epoch 206: 
0.0017596082821714706
TrainTestDifference: 0.22806529482132318 %

Validation Stats for Epoch 208: 
0.0017585722937371443
TrainTestDifference: 0.2243664446001489 %

Validation Stats for Epoch 210: 
0.0017585893246038404
TrainTestDifference: 0.22375377672704277 %

Validation Stats for Epoch 212: 
0.0017585692022396705
TrainTestDifference: 0.22159166726293508 %

Validation Stats for Epoch 214: 
0.0017581206462880439
TrainTestDifference: 0.19424253487804027 %

Validation Stats for Epoch 216: 
0.0017581978565678054
TrainTestDifference: 0.1746388832239191 %
