beginning training
See web UI at http://localhost:9000/train/overview
Validation Stats for Epoch 0: 
Column    MSE            MAE            RMSE           RSE            PC             R^2            
col_0     1.00150e+00    9.99451e-01    1.00075e+00    1.00165e+00    7.41795e-03    -1.64499e-03   

Validation Stats for Epoch 2: 
Column    MSE            MAE            RMSE           RSE            PC             R^2            
col_0     9.98919e-01    9.97729e-01    9.99459e-01    9.99067e-01    4.38466e-02    9.32408e-04    

Validation Stats for Epoch 4: 
Column    MSE            MAE            RMSE           RSE            PC             R^2            
col_0     9.93734e-01    9.96197e-01    9.96862e-01    9.93882e-01    1.05984e-01    6.11822e-03    

Validation Stats for Epoch 6: 
Column    MSE            MAE            RMSE           RSE            PC             R^2            
col_0     9.91484e-01    9.93856e-01    9.95733e-01    9.91632e-01    1.42501e-01    8.36808e-03    

Validation Stats for Epoch 8: 
Column    MSE            MAE            RMSE           RSE            PC             R^2            
col_0     9.85527e-01    9.90857e-01    9.92737e-01    9.85675e-01    1.65891e-01    1.43258e-02    

Validation Stats for Epoch 10: 
Column    MSE            MAE            RMSE           RSE            PC             R^2            
col_0     9.79748e-01    9.87601e-01    9.89822e-01    9.79895e-01    1.84595e-01    2.01060e-02    

Validation Stats for Epoch 12: 
Column    MSE            MAE            RMSE           RSE            PC             R^2            
col_0     9.72019e-01    9.82024e-01    9.85910e-01    9.72164e-01    2.01442e-01    2.78364e-02    

Validation Stats for Epoch 14: 
Column    MSE            MAE            RMSE           RSE            PC             R^2            
col_0     9.62896e-01    9.74274e-01    9.81273e-01    9.63039e-01    2.19967e-01    3.69605e-02    

Validation Stats for Epoch 16: 
Column    MSE            MAE            RMSE           RSE            PC             R^2            
col_0     9.50369e-01    9.64692e-01    9.74869e-01    9.50511e-01    2.43460e-01    4.94892e-02    

Validation Stats for Epoch 18: 
Column    MSE            MAE            RMSE           RSE            PC             R^2            
col_0     9.34158e-01    9.48422e-01    9.66518e-01    9.34298e-01    2.67130e-01    6.57029e-02    

Validation Stats for Epoch 20: 
Column    MSE            MAE            RMSE           RSE            PC             R^2            
col_0     9.17757e-01    9.27188e-01    9.57997e-01    9.17894e-01    2.91770e-01    8.21060e-02    

Validation Stats for Epoch 22: 
Column    MSE            MAE            RMSE           RSE            PC             R^2            
col_0     9.00608e-01    9.06268e-01    9.49004e-01    9.00742e-01    3.22632e-01    9.92581e-02    

Validation Stats for Epoch 24: 
Column    MSE            MAE            RMSE           RSE            PC             R^2            
col_0     8.79796e-01    8.89716e-01    9.37974e-01    8.79927e-01    3.47553e-01    1.20073e-01    

Validation Stats for Epoch 26: 
Column    MSE            MAE            RMSE           RSE            PC             R^2            
col_0     8.69120e-01    8.72102e-01    9.32266e-01    8.69250e-01    3.67673e-01    1.30751e-01    

Validation Stats for Epoch 28: 
Column    MSE            MAE            RMSE           RSE            PC             R^2            
col_0     8.47292e-01    8.53048e-01    9.20485e-01    8.47417e-01    3.90936e-01    1.52582e-01    

Validation Stats for Epoch 30: 
Column    MSE            MAE            RMSE           RSE            PC             R^2            
col_0     8.29574e-01    8.34698e-01    9.10810e-01    8.29698e-01    4.15772e-01    1.70302e-01    

Validation Stats for Epoch 32: 
Column    MSE            MAE            RMSE           RSE            PC             R^2            
col_0     8.06486e-01    8.17431e-01    8.98046e-01    8.06607e-01    4.39873e-01    1.93394e-01    

Validation Stats for Epoch 34: 
Column    MSE            MAE            RMSE           RSE            PC             R^2            
col_0     7.91086e-01    8.01378e-01    8.89430e-01    7.91204e-01    4.61384e-01    2.08796e-01    

Validation Stats for Epoch 36: 
Column    MSE            MAE            RMSE           RSE            PC             R^2            
col_0     7.68274e-01    7.86496e-01    8.76513e-01    7.68389e-01    4.84871e-01    2.31611e-01    

Validation Stats for Epoch 38: 
Column    MSE            MAE            RMSE           RSE            PC             R^2            
col_0     7.43571e-01    7.70652e-01    8.62306e-01    7.43682e-01    5.07389e-01    2.56318e-01    

Validation Stats for Epoch 40: 
Column    MSE            MAE            RMSE           RSE            PC             R^2            
col_0     7.26986e-01    7.53880e-01    8.52635e-01    7.27096e-01    5.27305e-01    2.72905e-01    

Validation Stats for Epoch 42: 
Column    MSE            MAE            RMSE           RSE            PC             R^2            
col_0     7.00052e-01    7.34553e-01    8.36691e-01    7.00156e-01    5.48692e-01    2.99844e-01    

Validation Stats for Epoch 44: 
Column    MSE            MAE            RMSE           RSE            PC             R^2            
col_0     6.79253e-01    7.13337e-01    8.24168e-01    6.79355e-01    5.69880e-01    3.20646e-01    

overfitting detected
training MSE=0.588949398448893

Column    MSE            MAE            RMSE           RSE            PC             R^2            
col_0     6.79253e-01    7.13337e-01    8.24168e-01    6.79355e-01    5.69880e-01    3.20646e-01    

TestDataLabels: 
[[-1.0000], 
 [-1.0000], 
 [-1.0000], 
  ..., 
 [-1.0000], 
 [1.0000], 
 [1.0000]]
Actual labels: 
[[0.0460], 
 [0.2793], 
 [-0.5218], 
  ..., 
 [-0.7226], 
 [0.2943], 
 [0.4226]]
Trained for: 45epochs
Trained on dataset: C:\Users\Caleb\IdeaProjects\UltimateTickTacToe\data\series1DataCombined.bin
Saving model
Model Saved


Configuration



{
  "backpropType" : "Standard",
  "cacheMode" : "NONE",
  "confs" : [ {
    "cacheMode" : "NONE",
    "dataType" : "FLOAT",
    "epochCount" : 0,
    "iterationCount" : 0,
    "layer" : {
      "@class" : "org.deeplearning4j.nn.conf.layers.Convolution3D",
      "activationFn" : {
        "@class" : "org.nd4j.linalg.activations.impl.ActivationIdentity"
      },
      "biasInit" : 0.0,
      "biasUpdater" : null,
      "cnn2dDataFormat" : "NCHW",
      "constraints" : null,
      "convolutionMode" : "Truncate",
      "cudnnAlgoMode" : "PREFER_FASTEST",
      "cudnnAllowFallback" : true,
      "cudnnBwdDataAlgo" : null,
      "cudnnBwdFilterAlgo" : null,
      "cudnnFwdAlgo" : null,
      "dataFormat" : "NDHWC",
      "dilation" : [ 1, 1, 1 ],
      "gainInit" : 1.0,
      "gradientNormalization" : "None",
      "gradientNormalizationThreshold" : 1.0,
      "hasBias" : true,
      "idropout" : null,
      "iupdater" : {
        "@class" : "org.nd4j.linalg.learning.config.Adam",
        "beta1" : 0.9,
        "beta2" : 0.999,
        "epsilon" : 1.0E-8,
        "learningRate" : 0.001
      },
      "kernelSize" : [ 3, 3, 3 ],
      "layerName" : "layer0",
      "mode" : "Same",
      "nin" : 4,
      "nout" : 4,
      "padding" : [ 1, 1, 1 ],
      "regularization" : [ ],
      "regularizationBias" : [ ],
      "stride" : [ 1, 1, 1 ],
      "timeDistributedFormat" : null,
      "weightInitFn" : {
        "@class" : "org.deeplearning4j.nn.weights.WeightInitXavier"
      },
      "weightNoise" : null
    },
    "maxNumLineSearchIterations" : 5,
    "miniBatch" : true,
    "minimize" : true,
    "optimizationAlgo" : "STOCHASTIC_GRADIENT_DESCENT",
    "seed" : 2039402,
    "stepFunction" : null,
    "variables" : [ "W", "b" ]
  }, {
    "cacheMode" : "NONE",
    "dataType" : "FLOAT",
    "epochCount" : 0,
    "iterationCount" : 0,
    "layer" : {
      "@class" : "org.deeplearning4j.nn.conf.layers.Convolution3D",
      "activationFn" : {
        "@class" : "org.nd4j.linalg.activations.impl.ActivationReLU",
        "max" : null,
        "negativeSlope" : null,
        "threshold" : null
      },
      "biasInit" : 0.0,
      "biasUpdater" : null,
      "cnn2dDataFormat" : "NCHW",
      "constraints" : null,
      "convolutionMode" : "Truncate",
      "cudnnAlgoMode" : "PREFER_FASTEST",
      "cudnnAllowFallback" : true,
      "cudnnBwdDataAlgo" : null,
      "cudnnBwdFilterAlgo" : null,
      "cudnnFwdAlgo" : null,
      "dataFormat" : "NDHWC",
      "dilation" : [ 1, 1, 1 ],
      "gainInit" : 1.0,
      "gradientNormalization" : "None",
      "gradientNormalizationThreshold" : 1.0,
      "hasBias" : true,
      "idropout" : null,
      "iupdater" : {
        "@class" : "org.nd4j.linalg.learning.config.Adam",
        "beta1" : 0.9,
        "beta2" : 0.999,
        "epsilon" : 1.0E-8,
        "learningRate" : 0.001
      },
      "kernelSize" : [ 3, 3, 3 ],
      "layerName" : "layer1",
      "mode" : "Same",
      "nin" : 4,
      "nout" : 4,
      "padding" : [ 1, 1, 1 ],
      "regularization" : [ ],
      "regularizationBias" : [ ],
      "stride" : [ 1, 1, 1 ],
      "timeDistributedFormat" : null,
      "weightInitFn" : {
        "@class" : "org.deeplearning4j.nn.weights.WeightInitXavier"
      },
      "weightNoise" : null
    },
    "maxNumLineSearchIterations" : 5,
    "miniBatch" : true,
    "minimize" : true,
    "optimizationAlgo" : "STOCHASTIC_GRADIENT_DESCENT",
    "seed" : 2039402,
    "stepFunction" : null,
    "variables" : [ "W", "b" ]
  }, {
    "cacheMode" : "NONE",
    "dataType" : "FLOAT",
    "epochCount" : 0,
    "iterationCount" : 0,
    "layer" : {
      "@class" : "org.deeplearning4j.nn.conf.layers.DenseLayer",
      "activationFn" : {
        "@class" : "org.nd4j.linalg.activations.impl.ActivationReLU",
        "max" : null,
        "negativeSlope" : null,
        "threshold" : null
      },
      "biasInit" : 0.0,
      "biasUpdater" : null,
      "constraints" : null,
      "gainInit" : 1.0,
      "gradientNormalization" : "None",
      "gradientNormalizationThreshold" : 1.0,
      "hasBias" : true,
      "hasLayerNorm" : false,
      "idropout" : null,
      "iupdater" : {
        "@class" : "org.nd4j.linalg.learning.config.Adam",
        "beta1" : 0.9,
        "beta2" : 0.999,
        "epsilon" : 1.0E-8,
        "learningRate" : 0.001
      },
      "layerName" : "layer2",
      "nin" : 324,
      "nout" : 50,
      "regularization" : [ ],
      "regularizationBias" : [ ],
      "timeDistributedFormat" : null,
      "weightInitFn" : {
        "@class" : "org.deeplearning4j.nn.weights.WeightInitXavier"
      },
      "weightNoise" : null
    },
    "maxNumLineSearchIterations" : 5,
    "miniBatch" : true,
    "minimize" : true,
    "optimizationAlgo" : "STOCHASTIC_GRADIENT_DESCENT",
    "seed" : 2039402,
    "stepFunction" : null,
    "variables" : [ "W", "b" ]
  }, {
    "cacheMode" : "NONE",
    "dataType" : "FLOAT",
    "epochCount" : 0,
    "iterationCount" : 0,
    "layer" : {
      "@class" : "org.deeplearning4j.nn.conf.layers.DenseLayer",
      "activationFn" : {
        "@class" : "org.nd4j.linalg.activations.impl.ActivationReLU",
        "max" : null,
        "negativeSlope" : null,
        "threshold" : null
      },
      "biasInit" : 0.0,
      "biasUpdater" : null,
      "constraints" : null,
      "gainInit" : 1.0,
      "gradientNormalization" : "None",
      "gradientNormalizationThreshold" : 1.0,
      "hasBias" : true,
      "hasLayerNorm" : false,
      "idropout" : null,
      "iupdater" : {
        "@class" : "org.nd4j.linalg.learning.config.Adam",
        "beta1" : 0.9,
        "beta2" : 0.999,
        "epsilon" : 1.0E-8,
        "learningRate" : 0.001
      },
      "layerName" : "layer3",
      "nin" : 50,
      "nout" : 50,
      "regularization" : [ ],
      "regularizationBias" : [ ],
      "timeDistributedFormat" : null,
      "weightInitFn" : {
        "@class" : "org.deeplearning4j.nn.weights.WeightInitXavier"
      },
      "weightNoise" : null
    },
    "maxNumLineSearchIterations" : 5,
    "miniBatch" : true,
    "minimize" : true,
    "optimizationAlgo" : "STOCHASTIC_GRADIENT_DESCENT",
    "seed" : 2039402,
    "stepFunction" : null,
    "variables" : [ "W", "b" ]
  }, {
    "cacheMode" : "NONE",
    "dataType" : "FLOAT",
    "epochCount" : 0,
    "iterationCount" : 0,
    "layer" : {
      "@class" : "org.deeplearning4j.nn.conf.layers.DenseLayer",
      "activationFn" : {
        "@class" : "org.nd4j.linalg.activations.impl.ActivationReLU",
        "max" : null,
        "negativeSlope" : null,
        "threshold" : null
      },
      "biasInit" : 0.0,
      "biasUpdater" : null,
      "constraints" : null,
      "gainInit" : 1.0,
      "gradientNormalization" : "None",
      "gradientNormalizationThreshold" : 1.0,
      "hasBias" : true,
      "hasLayerNorm" : false,
      "idropout" : null,
      "iupdater" : {
        "@class" : "org.nd4j.linalg.learning.config.Adam",
        "beta1" : 0.9,
        "beta2" : 0.999,
        "epsilon" : 1.0E-8,
        "learningRate" : 0.001
      },
      "layerName" : "layer4",
      "nin" : 50,
      "nout" : 50,
      "regularization" : [ ],
      "regularizationBias" : [ ],
      "timeDistributedFormat" : null,
      "weightInitFn" : {
        "@class" : "org.deeplearning4j.nn.weights.WeightInitXavier"
      },
      "weightNoise" : null
    },
    "maxNumLineSearchIterations" : 5,
    "miniBatch" : true,
    "minimize" : true,
    "optimizationAlgo" : "STOCHASTIC_GRADIENT_DESCENT",
    "seed" : 2039402,
    "stepFunction" : null,
    "variables" : [ "W", "b" ]
  }, {
    "cacheMode" : "NONE",
    "dataType" : "FLOAT",
    "epochCount" : 0,
    "iterationCount" : 0,
    "layer" : {
      "@class" : "org.deeplearning4j.nn.conf.layers.DenseLayer",
      "activationFn" : {
        "@class" : "org.nd4j.linalg.activations.impl.ActivationReLU",
        "max" : null,
        "negativeSlope" : null,
        "threshold" : null
      },
      "biasInit" : 0.0,
      "biasUpdater" : null,
      "constraints" : null,
      "gainInit" : 1.0,
      "gradientNormalization" : "None",
      "gradientNormalizationThreshold" : 1.0,
      "hasBias" : true,
      "hasLayerNorm" : false,
      "idropout" : null,
      "iupdater" : {
        "@class" : "org.nd4j.linalg.learning.config.Adam",
        "beta1" : 0.9,
        "beta2" : 0.999,
        "epsilon" : 1.0E-8,
        "learningRate" : 0.001
      },
      "layerName" : "layer5",
      "nin" : 50,
      "nout" : 50,
      "regularization" : [ ],
      "regularizationBias" : [ ],
      "timeDistributedFormat" : null,
      "weightInitFn" : {
        "@class" : "org.deeplearning4j.nn.weights.WeightInitXavier"
      },
      "weightNoise" : null
    },
    "maxNumLineSearchIterations" : 5,
    "miniBatch" : true,
    "minimize" : true,
    "optimizationAlgo" : "STOCHASTIC_GRADIENT_DESCENT",
    "seed" : 2039402,
    "stepFunction" : null,
    "variables" : [ "W", "b" ]
  }, {
    "cacheMode" : "NONE",
    "dataType" : "FLOAT",
    "epochCount" : 0,
    "iterationCount" : 0,
    "layer" : {
      "@class" : "org.deeplearning4j.nn.conf.layers.OutputLayer",
      "activationFn" : {
        "@class" : "org.nd4j.linalg.activations.impl.ActivationIdentity"
      },
      "biasInit" : 0.0,
      "biasUpdater" : null,
      "constraints" : null,
      "gainInit" : 1.0,
      "gradientNormalization" : "None",
      "gradientNormalizationThreshold" : 1.0,
      "hasBias" : true,
      "idropout" : null,
      "iupdater" : {
        "@class" : "org.nd4j.linalg.learning.config.Adam",
        "beta1" : 0.9,
        "beta2" : 0.999,
        "epsilon" : 1.0E-8,
        "learningRate" : 0.001
      },
      "layerName" : "layer6",
      "lossFn" : {
        "@class" : "org.nd4j.linalg.lossfunctions.impl.LossMSE"
      },
      "nin" : 50,
      "nout" : 1,
      "regularization" : [ ],
      "regularizationBias" : [ ],
      "timeDistributedFormat" : null,
      "weightInitFn" : {
        "@class" : "org.deeplearning4j.nn.weights.WeightInitXavier"
      },
      "weightNoise" : null
    },
    "maxNumLineSearchIterations" : 5,
    "miniBatch" : true,
    "minimize" : true,
    "optimizationAlgo" : "STOCHASTIC_GRADIENT_DESCENT",
    "seed" : 2039402,
    "stepFunction" : null,
    "variables" : [ "W", "b" ]
  } ],
  "dataType" : "FLOAT",
  "epochCount" : 0,
  "inferenceWorkspaceMode" : "ENABLED",
  "inputPreProcessors" : {
    "2" : {
      "@class" : "org.deeplearning4j.nn.conf.preprocessor.Cnn3DToFeedForwardPreProcessor",
      "inputDepth" : 9,
      "inputHeight" : 3,
      "inputWidth" : 3,
      "numChannels" : 4,
      "ncdhw" : false
    }
  },
  "iterationCount" : 45,
  "tbpttBackLength" : 20,
  "tbpttFwdLength" : 20,
  "trainingWorkspaceMode" : "ENABLED",
  "validateOutputLayerConfig" : true
}
